{
  "status": "PASS",
  "independent_valid": true,
  "lifecycles": 64,
  "fixed_source_parents": 4,
  "canonical_rows": 131276,
  "fresh_actor_raw_tiles": 8388608,
  "fresh_warmup_raw_tiles": 32636,
  "fit_games": 10388,
  "heldout_games": 2630,
  "heldout_samples_per_arm": 1690777,
  "processed_training_samples": {
    "SOURCE": 0,
    "MC": 6648428,
    "LOCAL_RISK": 6648428
  },
  "excluded_tail_raw_tiles": 20065,
  "evaluation_games": 6144,
  "evaluation_cutoffs": 0,
  "economic_training_raw_tiles_per_arm": 19700836,
  "actual_parameter_writes": {
    "SOURCE": 0,
    "MC": 106687581,
    "LOCAL_RISK": 213375162
  },
  "independent_local_learning_confirmed": true,
  "primary_utility": {
    "mean": 0.3872518539428711,
    "ci95": [
      0.011185121536254897,
      0.7627191543579099
    ],
    "lifecycle_deltas": {
      "0": 1.47808837890625,
      "1": 1.02508544921875,
      "2": -2.08087158203125,
      "3": -2.11334228515625,
      "4": -1.2161865234375,
      "5": -1.63372802734375,
      "6": -1.19830322265625,
      "7": 0.737060546875,
      "8": -1.03546142578125,
      "9": 0.9224853515625,
      "10": 1.17498779296875,
      "11": -2.59344482421875,
      "12": 1.9189453125,
      "13": 0.882080078125,
      "14": -1.54498291015625,
      "15": 0.240966796875,
      "16": 0.88714599609375,
      "17": 1.7896728515625,
      "18": 1.68585205078125,
      "19": -0.3013916015625,
      "20": -2.61529541015625,
      "21": 1.66607666015625,
      "22": 3.5006103515625,
      "23": 0.3388671875,
      "24": 1.1593017578125,
      "25": -1.0286865234375,
      "26": -1.23663330078125,
      "27": 0.6505126953125,
      "28": 1.13037109375,
      "29": -0.615234375,
      "30": 0.49932861328125,
      "31": 0.27459716796875,
      "32": 0.54248046875,
      "33": 1.14825439453125,
      "34": 1.51116943359375,
      "35": 3.1046142578125,
      "36": 0.67120361328125,
      "37": 2.81787109375,
      "38": -2.179931640625,
      "39": 1.94921875,
      "40": -0.955322265625,
      "41": 0.4185791015625,
      "42": 1.89556884765625,
      "43": 1.028564453125,
      "44": 2.88323974609375,
      "45": -1.4969482421875,
      "46": -1.51031494140625,
      "47": 0.518310546875,
      "48": 1.74688720703125,
      "49": 0.34771728515625,
      "50": 1.05145263671875,
      "51": 0.95819091796875,
      "52": -2.81427001953125,
      "53": -0.98138427734375,
      "54": -0.8494873046875,
      "55": 2.50042724609375,
      "56": -1.25,
      "57": -0.14447021484375,
      "58": -0.70294189453125,
      "59": 1.9244384765625,
      "60": 1.457275390625,
      "61": 2.35980224609375,
      "62": 2.8167724609375,
      "63": 1.2686767578125
    },
    "parent_mean_deltas": {
      "0": 0.24927520751953125,
      "1": 0.46732330322265625,
      "2": 0.1770172119140625,
      "3": 0.6553916931152344
    },
    "interval_scope": "CONDITIONAL_ON_FOUR_FROZEN_PARENTS",
    "improved_equal_worse": [
      41,
      0,
      23
    ],
    "adverse_lifecycles": [
      2,
      3,
      4,
      5,
      6,
      8,
      11,
      14,
      19,
      20,
      25,
      26,
      29,
      38,
      40,
      45,
      46,
      52,
      53,
      54,
      56,
      57,
      58
    ]
  },
  "contrasts": {
    "LOCAL_RISK_minus_SOURCE": {
      "mean": 0.3872518539428711,
      "ci95": [
        0.011185121536254897,
        0.7627191543579099
      ],
      "improved_equal_worse": [
        41,
        0,
        23
      ],
      "adverse_lifecycles": [
        2,
        3,
        4,
        5,
        6,
        8,
        11,
        14,
        19,
        20,
        25,
        26,
        29,
        38,
        40,
        45,
        46,
        52,
        53,
        54,
        56,
        57,
        58
      ]
    },
    "MC_minus_SOURCE": {
      "mean": -1.4149894714355469,
      "ci95": [
        -1.7935744285583497,
        -1.0311523914337162
      ],
      "improved_equal_worse": [
        14,
        0,
        50
      ],
      "adverse_lifecycles": [
        1,
        2,
        3,
        4,
        5,
        6,
        7,
        8,
        9,
        10,
        11,
        13,
        14,
        15,
        16,
        17,
        19,
        20,
        21,
        24,
        25,
        26,
        27,
        28,
        29,
        30,
        31,
        32,
        33,
        36,
        38,
        40,
        41,
        42,
        43,
        44,
        45,
        46,
        49,
        50,
        51,
        52,
        53,
        54,
        56,
        57,
        58,
        59,
        60,
        61
      ]
    },
    "LOCAL_RISK_minus_MC": {
      "mean": 1.802241325378418,
      "ci95": [
        1.4880428791046143,
        2.10797746181488
      ],
      "improved_equal_worse": [
        57,
        0,
        7
      ],
      "adverse_lifecycles": [
        3,
        5,
        6,
        11,
        14,
        37,
        47
      ]
    }
  },
  "method": "Once-read new canonical warmup and every training raw/action/score receipt; independent observed Beta/router and fit-prefix reconstruction, fresh complete-game factual suffixes, original SOURCE and normalized MC inventory, unchanged local Bernoulli/reward game-start fit, heldout component identities, new paired terminal outcomes, signed equal-game/life endpoints, fresh input and actual work accounting.",
  "limitations": "No world sampling, source-weight replay, new fitting or bootstrap regeneration. Canonical producer reconstructs boards; audit checks new raw, scores, terminals and memory independently. Intervals are checked for fixed-parent scope and feasible range. Confirmation is conditional on four original source models; it establishes neither fresh-source, continual-retention nor cross-task transfer performance.",
  "errors": []
}
