{"event": "local_risk_arm_complete", "lifecycle": 2, "arm": "SOURCE", "samples": 0, "heldout": {"bias": -0.7120699391486306, "mse": 24.449326436040046, "mae": 3.781209964216411}, "mean_utility": 6.41497802734375}
{"event": "local_risk_arm_complete", "lifecycle": 1, "arm": "SOURCE", "samples": 0, "heldout": {"bias": -0.09191341632606786, "mse": 25.08825495939774, "mae": 4.042882519299163}, "mean_utility": 4.029296875}
{"event": "local_risk_arm_complete", "lifecycle": 3, "arm": "SOURCE", "samples": 0, "heldout": {"bias": -0.03668078582779693, "mse": 23.077614410502186, "mae": 3.7778033183541337}, "mean_utility": 6.41046142578125}
{"event": "local_risk_arm_complete", "lifecycle": 0, "arm": "SOURCE", "samples": 0, "heldout": {"bias": 0.09981108350033174, "mse": 21.653712997981646, "mae": 3.6171622798198855}, "mean_utility": 3.96636962890625}
{"event": "local_risk_arm_complete", "lifecycle": 2, "arm": "MC", "samples": 102980, "heldout": {"bias": -0.22825739286514235, "mse": 23.21005137576096, "mae": 3.8269384191901787}, "mean_utility": 3.5853271484375}
{"event": "local_risk_arm_complete", "lifecycle": 3, "arm": "MC", "samples": 105108, "heldout": {"bias": 0.5529419185294294, "mse": 23.169252153061993, "mae": 4.034347988486361}, "mean_utility": 4.34002685546875}
{"event": "local_risk_arm_complete", "lifecycle": 1, "arm": "MC", "samples": 104738, "heldout": {"bias": 0.668307358741891, "mse": 25.453017876310273, "mae": 4.372320571322932}, "mean_utility": 3.36785888671875}
{"event": "local_risk_arm_complete", "lifecycle": 0, "arm": "MC", "samples": 104544, "heldout": {"bias": 1.2487250110538486, "mse": 22.846832870494367, "mae": 4.171743636035941}, "mean_utility": 4.50433349609375}
{"event": "local_risk_arm_complete", "lifecycle": 2, "arm": "LOCAL_RISK", "samples": 102980, "heldout": {"bias": 0.3598757299182971, "mse": 23.070680206121917, "mae": 4.064388652515072}, "mean_utility": 4.3341064453125}
{"event": "local_risk_arm_complete", "lifecycle": 3, "arm": "LOCAL_RISK", "samples": 105108, "heldout": {"bias": 1.206497239022546, "mse": 24.004446676299633, "mae": 4.376572385195556}, "mean_utility": 4.297119140625}
{"event": "local_risk_arm_complete", "lifecycle": 1, "arm": "LOCAL_RISK", "samples": 104738, "heldout": {"bias": 1.2236158322381858, "mse": 26.418940641332576, "mae": 4.651882325488833}, "mean_utility": 5.05438232421875}
{"event": "local_risk_arm_complete", "lifecycle": 0, "arm": "LOCAL_RISK", "samples": 104544, "heldout": {"bias": 1.5634093231808375, "mse": 23.55488347486327, "mae": 4.347993516036398}, "mean_utility": 5.4444580078125}
{"event": "local_risk_arm_complete", "lifecycle": 6, "arm": "SOURCE", "samples": 0, "heldout": {"bias": 0.30500050439343784, "mse": 19.232409881101184, "mae": 3.390837900944101}, "mean_utility": 4.9552001953125}
{"event": "local_risk_arm_complete", "lifecycle": 7, "arm": "SOURCE", "samples": 0, "heldout": {"bias": -0.3877943751249494, "mse": 25.717608921700837, "mae": 3.95973892991861}, "mean_utility": 5.58209228515625}
{"event": "local_risk_arm_complete", "lifecycle": 5, "arm": "SOURCE", "samples": 0, "heldout": {"bias": 0.19446554977441116, "mse": 23.8861800069212, "mae": 3.9532961498111967}, "mean_utility": 6.5164794921875}
{"event": "local_risk_arm_complete", "lifecycle": 4, "arm": "SOURCE", "samples": 0, "heldout": {"bias": -0.013166550950466769, "mse": 23.239618092535608, "mae": 3.795318974246659}, "mean_utility": 6.144775390625}
{"event": "local_risk_arm_complete", "lifecycle": 6, "arm": "MC", "samples": 103990, "heldout": {"bias": 1.0045967228568413, "mse": 19.468156004697995, "mae": 3.666307639754904}, "mean_utility": 3.82489013671875}
{"event": "local_risk_arm_complete", "lifecycle": 7, "arm": "MC", "samples": 103736, "heldout": {"bias": 1.2723767536109456, "mse": 26.975993929825684, "mae": 4.678263480838108}, "mean_utility": 5.0283203125}
{"event": "local_risk_arm_complete", "lifecycle": 5, "arm": "MC", "samples": 104638, "heldout": {"bias": 0.6029283254253434, "mse": 24.110220636514065, "mae": 4.128446344454241}, "mean_utility": 5.4346923828125}
{"event": "local_risk_arm_complete", "lifecycle": 4, "arm": "MC", "samples": 104114, "heldout": {"bias": 1.0161636284812314, "mse": 24.12012889956252, "mae": 4.276693127305343}, "mean_utility": 4.43121337890625}
{"event": "local_risk_arm_complete", "lifecycle": 6, "arm": "LOCAL_RISK", "samples": 103990, "heldout": {"bias": 1.6001479741328832, "mse": 20.827116040288512, "mae": 4.032337595775928}, "mean_utility": 3.75689697265625}
{"event": "local_risk_arm_complete", "lifecycle": 7, "arm": "LOCAL_RISK", "samples": 103736, "heldout": {"bias": 1.2463147072777252, "mse": 26.78990171583918, "mae": 4.663803600521136}, "mean_utility": 6.31915283203125}
{"event": "local_risk_arm_complete", "lifecycle": 4, "arm": "LOCAL_RISK", "samples": 104114, "heldout": {"bias": 1.3108951330705745, "mse": 24.585256777375363, "mae": 4.424550808329478}, "mean_utility": 4.9285888671875}
{"event": "local_risk_arm_complete", "lifecycle": 5, "arm": "LOCAL_RISK", "samples": 104638, "heldout": {"bias": 1.2016970419736837, "mse": 25.04587783370166, "mae": 4.43551789424}, "mean_utility": 4.88275146484375}
{"event": "local_risk_arm_complete", "lifecycle": 10, "arm": "SOURCE", "samples": 0, "heldout": {"bias": -0.8776935345895819, "mse": 29.50606623791315, "mae": 4.396198219775131}, "mean_utility": 4.95074462890625}
{"event": "local_risk_arm_complete", "lifecycle": 11, "arm": "SOURCE", "samples": 0, "heldout": {"bias": -0.3151832906898133, "mse": 24.109691220081938, "mae": 3.907765191608076}, "mean_utility": 7.28057861328125}
{"event": "local_risk_arm_complete", "lifecycle": 8, "arm": "SOURCE", "samples": 0, "heldout": {"bias": 0.08446470000730895, "mse": 20.61603404524238, "mae": 3.4913068793792483}, "mean_utility": 4.428466796875}
{"event": "local_risk_arm_complete", "lifecycle": 9, "arm": "SOURCE", "samples": 0, "heldout": {"bias": -0.5715339211739606, "mse": 23.838015862796617, "mae": 3.7875724029127054}, "mean_utility": 6.35516357421875}
{"event": "local_risk_arm_complete", "lifecycle": 10, "arm": "MC", "samples": 104487, "heldout": {"bias": -0.2357184500661174, "mse": 28.57843527697173, "mae": 4.571192086516837}, "mean_utility": 4.45135498046875}
{"event": "local_risk_arm_complete", "lifecycle": 11, "arm": "MC", "samples": 103982, "heldout": {"bias": 0.8309819055780642, "mse": 23.899431048371287, "mae": 4.309405737387584}, "mean_utility": 5.02044677734375}
{"event": "local_risk_arm_complete", "lifecycle": 8, "arm": "MC", "samples": 103352, "heldout": {"bias": 0.12297697088918327, "mse": 20.2100594677644, "mae": 3.466413342176944}, "mean_utility": 1.4339599609375}
{"event": "local_risk_arm_complete", "lifecycle": 9, "arm": "MC", "samples": 102531, "heldout": {"bias": -0.05571980602189738, "mse": 22.322223032089898, "mae": 3.8144977815545698}, "mean_utility": 3.977294921875}
{"event": "local_risk_arm_complete", "lifecycle": 10, "arm": "LOCAL_RISK", "samples": 104487, "heldout": {"bias": 0.494141465626779, "mse": 28.723096603565985, "mae": 4.837952804702736}, "mean_utility": 6.125732421875}
{"event": "local_risk_arm_complete", "lifecycle": 11, "arm": "LOCAL_RISK", "samples": 103982, "heldout": {"bias": 0.9993403673133614, "mse": 24.135133327916478, "mae": 4.386315678537853}, "mean_utility": 4.6871337890625}
{"event": "local_risk_arm_complete", "lifecycle": 8, "arm": "LOCAL_RISK", "samples": 103352, "heldout": {"bias": 0.8902296386130605, "mse": 20.70367574009822, "mae": 3.83309214256034}, "mean_utility": 3.39300537109375}
{"event": "local_risk_arm_complete", "lifecycle": 9, "arm": "LOCAL_RISK", "samples": 102531, "heldout": {"bias": 0.3151742244349396, "mse": 22.60604441683504, "mae": 3.98414705437698}, "mean_utility": 7.27764892578125}
{"event": "local_risk_arm_complete", "lifecycle": 14, "arm": "SOURCE", "samples": 0, "heldout": {"bias": -1.7293208317000488, "mse": 32.68963519116519, "mae": 4.592376832083218}, "mean_utility": 6.45843505859375}
{"event": "local_risk_arm_complete", "lifecycle": 15, "arm": "SOURCE", "samples": 0, "heldout": {"bias": -0.6125552584610516, "mse": 26.33504339010894, "mae": 4.071949931586411}, "mean_utility": 5.07855224609375}
{"event": "local_risk_arm_complete", "lifecycle": 12, "arm": "SOURCE", "samples": 0, "heldout": {"bias": -0.3036387633185307, "mse": 24.774381985070903, "mae": 3.9109581173290033}, "mean_utility": 3.1572265625}
{"event": "local_risk_arm_complete", "lifecycle": 13, "arm": "SOURCE", "samples": 0, "heldout": {"bias": -0.8590384030293935, "mse": 27.04686966965275, "mae": 4.099571696098453}, "mean_utility": 5.97406005859375}
{"event": "local_risk_arm_complete", "lifecycle": 14, "arm": "MC", "samples": 102859, "heldout": {"bias": -0.5122231000938654, "mse": 29.060290775083836, "mae": 4.778255423579796}, "mean_utility": 5.26373291015625}
{"event": "local_risk_arm_complete", "lifecycle": 15, "arm": "MC", "samples": 103714, "heldout": {"bias": -0.6935807708878831, "mse": 26.357172961756483, "mae": 4.036946119417255}, "mean_utility": 1.78887939453125}
{"event": "local_risk_arm_complete", "lifecycle": 12, "arm": "MC", "samples": 103828, "heldout": {"bias": 0.19404674669337552, "mse": 24.57342913914394, "mae": 4.121046655066912}, "mean_utility": 3.51025390625}
{"event": "local_risk_arm_complete", "lifecycle": 13, "arm": "MC", "samples": 102967, "heldout": {"bias": -0.866623061717917, "mse": 26.91172283163587, "mae": 4.077523564400739}, "mean_utility": 3.3043212890625}
{"event": "local_risk_arm_complete", "lifecycle": 14, "arm": "LOCAL_RISK", "samples": 102859, "heldout": {"bias": -0.2831081566746161, "mse": 28.885869890514204, "mae": 4.851880667691352}, "mean_utility": 4.9134521484375}
{"event": "local_risk_arm_complete", "lifecycle": 15, "arm": "LOCAL_RISK", "samples": 103714, "heldout": {"bias": 0.14054632883534873, "mse": 25.462624594605202, "mae": 4.288769651197117}, "mean_utility": 5.31951904296875}
{"event": "local_risk_arm_complete", "lifecycle": 12, "arm": "LOCAL_RISK", "samples": 103828, "heldout": {"bias": 0.803375054199495, "mse": 25.015996615079978, "mae": 4.399070452260243}, "mean_utility": 5.076171875}
{"event": "local_risk_arm_complete", "lifecycle": 13, "arm": "LOCAL_RISK", "samples": 102967, "heldout": {"bias": -0.08659782655200733, "mse": 25.824732446091048, "mae": 4.287697087037296}, "mean_utility": 6.85614013671875}
{"event": "local_risk_arm_complete", "lifecycle": 18, "arm": "SOURCE", "samples": 0, "heldout": {"bias": -1.0409618846534614, "mse": 29.693678999617365, "mae": 4.4227158002253715}, "mean_utility": 4.3138427734375}
{"event": "local_risk_arm_complete", "lifecycle": 19, "arm": "SOURCE", "samples": 0, "heldout": {"bias": 0.6492500709453346, "mse": 18.199011289313198, "mae": 3.2855869243295537}, "mean_utility": 6.30340576171875}
{"event": "local_risk_arm_complete", "lifecycle": 17, "arm": "SOURCE", "samples": 0, "heldout": {"bias": -0.2651835987086266, "mse": 22.218383248869024, "mae": 3.6184600326511167}, "mean_utility": 5.44476318359375}
{"event": "local_risk_arm_complete", "lifecycle": 16, "arm": "SOURCE", "samples": 0, "heldout": {"bias": -1.3061887469144822, "mse": 31.823573449821385, "mae": 4.582676791357102}, "mean_utility": 5.01409912109375}
{"event": "local_risk_arm_complete", "lifecycle": 19, "arm": "MC", "samples": 104358, "heldout": {"bias": 1.2188113923646047, "mse": 18.65468140056025, "mae": 3.5360102428083318}, "mean_utility": 4.01397705078125}
{"event": "local_risk_arm_complete", "lifecycle": 18, "arm": "MC", "samples": 104230, "heldout": {"bias": 0.3054114453185016, "mse": 28.182491642176423, "mae": 4.8045775564904}, "mean_utility": 5.41485595703125}
{"event": "local_risk_arm_complete", "lifecycle": 16, "arm": "MC", "samples": 104030, "heldout": {"bias": -0.5109822374824623, "mse": 30.32989479690685, "mae": 4.783853694860189}, "mean_utility": 3.1976318359375}
{"event": "local_risk_arm_complete", "lifecycle": 17, "arm": "MC", "samples": 103597, "heldout": {"bias": 0.5728873736710711, "mse": 21.428825597233466, "mae": 3.9061019965596464}, "mean_utility": 4.5185546875}
{"event": "local_risk_arm_complete", "lifecycle": 19, "arm": "LOCAL_RISK", "samples": 104358, "heldout": {"bias": 2.0628049632203056, "mse": 21.245918219550358, "mae": 4.111049470945509}, "mean_utility": 6.00201416015625}
{"event": "local_risk_arm_complete", "lifecycle": 18, "arm": "LOCAL_RISK", "samples": 104230, "heldout": {"bias": 0.6667557461842413, "mse": 28.482196934006, "mae": 4.941993834814434}, "mean_utility": 5.99969482421875}
{"event": "local_risk_arm_complete", "lifecycle": 16, "arm": "LOCAL_RISK", "samples": 104030, "heldout": {"bias": -0.04676737018776232, "mse": 29.972016794332355, "mae": 4.922476957557054}, "mean_utility": 5.9012451171875}
{"event": "local_risk_arm_complete", "lifecycle": 17, "arm": "LOCAL_RISK", "samples": 103597, "heldout": {"bias": 1.1205763804933357, "mse": 22.23823470919479, "mae": 4.19265653336671}, "mean_utility": 7.23443603515625}
{"event": "local_risk_arm_complete", "lifecycle": 23, "arm": "SOURCE", "samples": 0, "heldout": {"bias": -0.5892597544834282, "mse": 26.148851078070855, "mae": 4.0191085965734015}, "mean_utility": 5.98724365234375}
{"event": "local_risk_arm_complete", "lifecycle": 22, "arm": "SOURCE", "samples": 0, "heldout": {"bias": -0.6875895278936349, "mse": 28.931414016057694, "mae": 4.3768812200474825}, "mean_utility": 4.4691162109375}
{"event": "local_risk_arm_complete", "lifecycle": 21, "arm": "SOURCE", "samples": 0, "heldout": {"bias": -0.8555636698855535, "mse": 27.67342817522485, "mae": 4.189865783921358}, "mean_utility": 4.9136962890625}
{"event": "local_risk_arm_complete", "lifecycle": 20, "arm": "SOURCE", "samples": 0, "heldout": {"bias": -0.5990750523712153, "mse": 26.410392123238076, "mae": 4.0817381848288266}, "mean_utility": 7.800537109375}
{"event": "local_risk_arm_complete", "lifecycle": 23, "arm": "MC", "samples": 103303, "heldout": {"bias": 0.5559277374542607, "mse": 25.407700010657408, "mae": 4.382514209519786}, "mean_utility": 6.1072998046875}
{"event": "local_risk_arm_complete", "lifecycle": 22, "arm": "MC", "samples": 104656, "heldout": {"bias": 0.5748134140560271, "mse": 28.473844194972383, "mae": 4.7737847837274865}, "mean_utility": 4.78594970703125}
{"event": "local_risk_arm_complete", "lifecycle": 21, "arm": "MC", "samples": 103664, "heldout": {"bias": 0.07809225629274527, "mse": 26.55393479312831, "mae": 4.470762430901719}, "mean_utility": 3.04638671875}
{"event": "local_risk_arm_complete", "lifecycle": 20, "arm": "MC", "samples": 103663, "heldout": {"bias": 0.3886746944105021, "mse": 25.47202010243202, "mae": 4.390275931293326}, "mean_utility": 2.61029052734375}
{"event": "local_risk_arm_complete", "lifecycle": 23, "arm": "LOCAL_RISK", "samples": 103303, "heldout": {"bias": 0.9228284779551662, "mse": 25.91945601915407, "mae": 4.562598697161663}, "mean_utility": 6.32611083984375}
{"event": "local_risk_arm_complete", "lifecycle": 22, "arm": "LOCAL_RISK", "samples": 104656, "heldout": {"bias": 0.7530170593179581, "mse": 28.616336240148147, "mae": 4.848200484096505}, "mean_utility": 7.9697265625}
{"event": "local_risk_arm_complete", "lifecycle": 21, "arm": "LOCAL_RISK", "samples": 103664, "heldout": {"bias": 0.7048076829579283, "mse": 26.887822603807578, "mae": 4.716360888420844}, "mean_utility": 6.57977294921875}
{"event": "local_risk_arm_complete", "lifecycle": 20, "arm": "LOCAL_RISK", "samples": 103663, "heldout": {"bias": 0.9804689181109602, "mse": 26.166058589666356, "mae": 4.654749819375783}, "mean_utility": 5.18524169921875}
{"event": "local_risk_arm_complete", "lifecycle": 27, "arm": "SOURCE", "samples": 0, "heldout": {"bias": -0.9536307591105484, "mse": 28.76918344936059, "mae": 4.269296864204235}, "mean_utility": 5.12725830078125}
{"event": "local_risk_arm_complete", "lifecycle": 26, "arm": "SOURCE", "samples": 0, "heldout": {"bias": -1.368912446779706, "mse": 29.411081964170716, "mae": 4.247002251117637}, "mean_utility": 6.0595703125}
{"event": "local_risk_arm_complete", "lifecycle": 27, "arm": "MC", "samples": 104426, "heldout": {"bias": -0.42506464917912445, "mse": 27.565795872321637, "mae": 4.391634550698572}, "mean_utility": 3.2247314453125}
{"event": "local_risk_arm_complete", "lifecycle": 24, "arm": "SOURCE", "samples": 0, "heldout": {"bias": 0.270560046572966, "mse": 19.388778852746853, "mae": 3.3777585890635353}, "mean_utility": 5.87969970703125}
{"event": "local_risk_arm_complete", "lifecycle": 25, "arm": "SOURCE", "samples": 0, "heldout": {"bias": 0.8849993640342201, "mse": 16.859013144819315, "mae": 3.1933727542764494}, "mean_utility": 5.4493408203125}
{"event": "local_risk_arm_complete", "lifecycle": 26, "arm": "MC", "samples": 103788, "heldout": {"bias": -0.7212597811565533, "mse": 27.39999128805669, "mae": 4.372691698363218}, "mean_utility": 3.09442138671875}
{"event": "local_risk_arm_complete", "lifecycle": 24, "arm": "MC", "samples": 103904, "heldout": {"bias": 0.7265073630709143, "mse": 19.28338101166356, "mae": 3.5205189638266905}, "mean_utility": 4.728515625}
{"event": "local_risk_arm_complete", "lifecycle": 25, "arm": "MC", "samples": 104588, "heldout": {"bias": 1.9128135187286643, "mse": 19.22204209732466, "mae": 3.7976758226559766}, "mean_utility": 4.18853759765625}
{"event": "local_risk_arm_complete", "lifecycle": 27, "arm": "LOCAL_RISK", "samples": 104426, "heldout": {"bias": 0.20625918603852753, "mse": 27.23651482789583, "mae": 4.612903770280324}, "mean_utility": 5.77777099609375}
{"event": "local_risk_arm_complete", "lifecycle": 26, "arm": "LOCAL_RISK", "samples": 103788, "heldout": {"bias": 0.0529003472491262, "mse": 26.692788856652385, "mae": 4.635280455260526}, "mean_utility": 4.82293701171875}
{"event": "local_risk_arm_complete", "lifecycle": 25, "arm": "LOCAL_RISK", "samples": 104588, "heldout": {"bias": 2.4102190842523843, "mse": 21.25574182066502, "mae": 4.157492523382213}, "mean_utility": 4.420654296875}
{"event": "local_risk_arm_complete", "lifecycle": 24, "arm": "LOCAL_RISK", "samples": 103904, "heldout": {"bias": 1.4953476951496785, "mse": 20.690406534062745, "mae": 3.9768057152710643}, "mean_utility": 7.03900146484375}
{"event": "local_risk_arm_complete", "lifecycle": 31, "arm": "SOURCE", "samples": 0, "heldout": {"bias": 0.23248041119378116, "mse": 18.748435857605966, "mae": 3.2955998460890368}, "mean_utility": 6.2064208984375}
{"event": "local_risk_arm_complete", "lifecycle": 30, "arm": "SOURCE", "samples": 0, "heldout": {"bias": 0.10689875182687955, "mse": 23.87140448849879, "mae": 3.912175079322589}, "mean_utility": 5.21368408203125}
{"event": "local_risk_arm_complete", "lifecycle": 31, "arm": "MC", "samples": 103474, "heldout": {"bias": 0.9896848030620025, "mse": 18.671001279100455, "mae": 3.573965078092498}, "mean_utility": 3.10076904296875}
{"event": "local_risk_arm_complete", "lifecycle": 29, "arm": "SOURCE", "samples": 0, "heldout": {"bias": -0.34610563883494044, "mse": 24.05407608678807, "mae": 3.8623935754429426}, "mean_utility": 5.489013671875}
{"event": "local_risk_arm_complete", "lifecycle": 28, "arm": "SOURCE", "samples": 0, "heldout": {"bias": 0.3855569107301656, "mse": 19.529835695967943, "mae": 3.447239699811016}, "mean_utility": 5.839599609375}
{"event": "local_risk_arm_complete", "lifecycle": 30, "arm": "MC", "samples": 104017, "heldout": {"bias": 0.027494122014995487, "mse": 23.669408127564513, "mae": 3.8555862434602286}, "mean_utility": 2.38714599609375}
{"event": "local_risk_arm_complete", "lifecycle": 31, "arm": "LOCAL_RISK", "samples": 103474, "heldout": {"bias": 1.566557765189544, "mse": 19.93799165837396, "mae": 3.927005884168732}, "mean_utility": 6.48101806640625}
{"event": "local_risk_arm_complete", "lifecycle": 29, "arm": "MC", "samples": 104424, "heldout": {"bias": 0.2035505248461438, "mse": 23.443219614168385, "mae": 4.045665492874828}, "mean_utility": 2.804443359375}
{"event": "local_risk_arm_complete", "lifecycle": 28, "arm": "MC", "samples": 104605, "heldout": {"bias": 1.8544813494742438, "mse": 22.18926944665344, "mae": 4.227595702648511}, "mean_utility": 3.539306640625}
{"event": "local_risk_arm_complete", "lifecycle": 30, "arm": "LOCAL_RISK", "samples": 104017, "heldout": {"bias": 0.9614814252231663, "mse": 24.38380963542291, "mae": 4.258609831012619}, "mean_utility": 5.7130126953125}
{"event": "local_risk_arm_complete", "lifecycle": 29, "arm": "LOCAL_RISK", "samples": 104424, "heldout": {"bias": 0.8232210823487366, "mse": 23.90056591929437, "mae": 4.332978293081648}, "mean_utility": 4.873779296875}
{"event": "local_risk_arm_complete", "lifecycle": 28, "arm": "LOCAL_RISK", "samples": 104605, "heldout": {"bias": 2.098319680405534, "mse": 23.033737228963943, "mae": 4.383697149845501}, "mean_utility": 6.969970703125}
{"event": "local_risk_arm_complete", "lifecycle": 35, "arm": "SOURCE", "samples": 0, "heldout": {"bias": -1.4303380468029345, "mse": 29.211369518316964, "mae": 4.282246140397055}, "mean_utility": 3.484619140625}
{"event": "local_risk_arm_complete", "lifecycle": 34, "arm": "SOURCE", "samples": 0, "heldout": {"bias": -1.0218037478885502, "mse": 28.2856840392827, "mae": 4.18302991020132}, "mean_utility": 4.248291015625}
{"event": "local_risk_arm_complete", "lifecycle": 35, "arm": "MC", "samples": 103286, "heldout": {"bias": 0.17342998763759263, "mse": 26.18048372033373, "mae": 4.576722567239047}, "mean_utility": 3.77923583984375}
{"event": "local_risk_arm_complete", "lifecycle": 33, "arm": "SOURCE", "samples": 0, "heldout": {"bias": -1.235741423893418, "mse": 31.77541544174115, "mae": 4.624064330014049}, "mean_utility": 3.8734130859375}
{"event": "local_risk_arm_complete", "lifecycle": 32, "arm": "SOURCE", "samples": 0, "heldout": {"bias": 0.6279763767695904, "mse": 17.82691799397305, "mae": 3.306567571273194}, "mean_utility": 5.4072265625}
{"event": "local_risk_arm_complete", "lifecycle": 34, "arm": "MC", "samples": 104290, "heldout": {"bias": 0.09145211693887548, "mse": 26.432056431982524, "mae": 4.502010263600445}, "mean_utility": 4.54443359375}
{"event": "local_risk_arm_complete", "lifecycle": 35, "arm": "LOCAL_RISK", "samples": 103286, "heldout": {"bias": 0.44090822625330095, "mse": 26.21507030314292, "mae": 4.669402294087976}, "mean_utility": 6.5892333984375}
{"event": "local_risk_arm_complete", "lifecycle": 33, "arm": "MC", "samples": 104771, "heldout": {"bias": -0.6026324772257353, "mse": 30.09927084022819, "mae": 4.704192962539484}, "mean_utility": 2.26953125}
{"event": "local_risk_arm_complete", "lifecycle": 32, "arm": "MC", "samples": 103866, "heldout": {"bias": 0.5351310891421965, "mse": 17.286065722329646, "mae": 3.201268662488281}, "mean_utility": 2.3807373046875}
{"event": "local_risk_arm_complete", "lifecycle": 34, "arm": "LOCAL_RISK", "samples": 104290, "heldout": {"bias": 0.4296319530101541, "mse": 26.544243382742945, "mae": 4.641868686427679}, "mean_utility": 5.75946044921875}
{"event": "local_risk_arm_complete", "lifecycle": 33, "arm": "LOCAL_RISK", "samples": 104771, "heldout": {"bias": -0.18845155849055856, "mse": 29.54608011994158, "mae": 4.800614850095561}, "mean_utility": 5.02166748046875}
{"event": "local_risk_arm_complete", "lifecycle": 32, "arm": "LOCAL_RISK", "samples": 103866, "heldout": {"bias": 1.3179877971270624, "mse": 18.505894507676615, "mae": 3.5837351515959814}, "mean_utility": 5.94970703125}
{"event": "local_risk_arm_complete", "lifecycle": 39, "arm": "SOURCE", "samples": 0, "heldout": {"bias": -1.0026237754851006, "mse": 29.543623728386216, "mae": 4.403469167096958}, "mean_utility": 4.11700439453125}
{"event": "local_risk_arm_complete", "lifecycle": 38, "arm": "SOURCE", "samples": 0, "heldout": {"bias": -0.37831370701909045, "mse": 24.036904660876157, "mae": 3.8832639265784104}, "mean_utility": 5.9273681640625}
{"event": "local_risk_arm_complete", "lifecycle": 39, "arm": "MC", "samples": 104699, "heldout": {"bias": 0.4111778813599197, "mse": 27.766047613730844, "mae": 4.763154478144023}, "mean_utility": 4.44903564453125}
{"event": "local_risk_arm_complete", "lifecycle": 37, "arm": "SOURCE", "samples": 0, "heldout": {"bias": -0.37615731368071254, "mse": 25.005059327340742, "mae": 3.8992877456309563}, "mean_utility": 3.56427001953125}
{"event": "local_risk_arm_complete", "lifecycle": 36, "arm": "SOURCE", "samples": 0, "heldout": {"bias": 0.14840534835690994, "mse": 21.696918487654074, "mae": 3.6586035336057052}, "mean_utility": 6.405517578125}
{"event": "local_risk_arm_complete", "lifecycle": 38, "arm": "MC", "samples": 103466, "heldout": {"bias": -0.19478452868755655, "mse": 23.720648277521406, "mae": 3.9167600474048365}, "mean_utility": 3.47125244140625}
{"event": "local_risk_arm_complete", "lifecycle": 39, "arm": "LOCAL_RISK", "samples": 104699, "heldout": {"bias": 0.6585944898061233, "mse": 28.02649125917295, "mae": 4.86672566197156}, "mean_utility": 6.06622314453125}
{"event": "local_risk_arm_complete", "lifecycle": 37, "arm": "MC", "samples": 104325, "heldout": {"bias": 1.066416493847238, "mse": 25.700576887596615, "mae": 4.547739042644426}, "mean_utility": 6.90106201171875}
{"event": "local_risk_arm_complete", "lifecycle": 36, "arm": "MC", "samples": 103727, "heldout": {"bias": 2.2347488671078817, "mse": 26.560902700336605, "mae": 4.77253283498248}, "mean_utility": 5.49066162109375}
{"event": "local_risk_arm_complete", "lifecycle": 38, "arm": "LOCAL_RISK", "samples": 103466, "heldout": {"bias": 0.482998401274763, "mse": 23.652059619378115, "mae": 4.164115975815105}, "mean_utility": 3.7474365234375}
{"event": "local_risk_arm_complete", "lifecycle": 37, "arm": "LOCAL_RISK", "samples": 104325, "heldout": {"bias": 1.2719002942194324, "mse": 25.992736948116445, "mae": 4.648001060963267}, "mean_utility": 6.38214111328125}
{"event": "local_risk_arm_complete", "lifecycle": 36, "arm": "LOCAL_RISK", "samples": 103727, "heldout": {"bias": 2.0041993654386743, "mse": 25.17873890590212, "mae": 4.621795202594422}, "mean_utility": 7.07672119140625}
{"event": "local_risk_arm_complete", "lifecycle": 43, "arm": "SOURCE", "samples": 0, "heldout": {"bias": 0.10043813901676449, "mse": 18.853960209977547, "mae": 3.298150517409016}, "mean_utility": 4.2479248046875}
{"event": "local_risk_arm_complete", "lifecycle": 42, "arm": "SOURCE", "samples": 0, "heldout": {"bias": 0.16097035379712366, "mse": 21.450428596656003, "mae": 3.6088000738558876}, "mean_utility": 5.58929443359375}
{"event": "local_risk_arm_complete", "lifecycle": 43, "arm": "MC", "samples": 102323, "heldout": {"bias": 0.5435670343695763, "mse": 18.202678062817053, "mae": 3.350385380013384}, "mean_utility": 4.012939453125}
{"event": "local_risk_arm_complete", "lifecycle": 41, "arm": "SOURCE", "samples": 0, "heldout": {"bias": -0.7856477978766587, "mse": 25.960320935579052, "mae": 4.03173196171543}, "mean_utility": 5.93505859375}
{"event": "local_risk_arm_complete", "lifecycle": 42, "arm": "MC", "samples": 104804, "heldout": {"bias": 2.2924260522980857, "mse": 26.078807179560393, "mae": 4.719681560118428}, "mean_utility": 3.83367919921875}
{"event": "local_risk_arm_complete", "lifecycle": 40, "arm": "SOURCE", "samples": 0, "heldout": {"bias": -1.6744612825651208, "mse": 32.755502288548556, "mae": 4.6178776598964}, "mean_utility": 6.0252685546875}
{"event": "local_risk_arm_complete", "lifecycle": 43, "arm": "LOCAL_RISK", "samples": 102323, "heldout": {"bias": 1.1706449778947312, "mse": 19.027538128299394, "mae": 3.6843097860073906}, "mean_utility": 5.2764892578125}
{"event": "local_risk_arm_complete", "lifecycle": 41, "arm": "MC", "samples": 104280, "heldout": {"bias": -0.27920671471736985, "mse": 24.92625682419149, "mae": 4.113439755224699}, "mean_utility": 2.67327880859375}
{"event": "local_risk_arm_complete", "lifecycle": 40, "arm": "MC", "samples": 103317, "heldout": {"bias": -0.9461888068643235, "mse": 30.341929965359707, "mae": 4.742864745963233}, "mean_utility": 4.00543212890625}
{"event": "local_risk_arm_complete", "lifecycle": 42, "arm": "LOCAL_RISK", "samples": 104804, "heldout": {"bias": 2.1830449283205744, "mse": 25.39370715478187, "mae": 4.667325778320075}, "mean_utility": 7.48486328125}
{"event": "local_risk_arm_complete", "lifecycle": 41, "arm": "LOCAL_RISK", "samples": 104280, "heldout": {"bias": 0.5561576761363, "mse": 24.83375684622642, "mae": 4.419388806911373}, "mean_utility": 6.3536376953125}
{"event": "local_risk_arm_complete", "lifecycle": 40, "arm": "LOCAL_RISK", "samples": 103317, "heldout": {"bias": -0.504600492319504, "mse": 29.569928086167295, "mae": 4.832502780268834}, "mean_utility": 5.0699462890625}
{"event": "local_risk_arm_complete", "lifecycle": 47, "arm": "SOURCE", "samples": 0, "heldout": {"bias": 0.1642591889545157, "mse": 21.698625698504774, "mae": 3.6526005796471877}, "mean_utility": 4.349365234375}
{"event": "local_risk_arm_complete", "lifecycle": 47, "arm": "MC", "samples": 104436, "heldout": {"bias": 1.263602858770264, "mse": 22.498080287276448, "mae": 4.129594788488866}, "mean_utility": 6.7562255859375}
{"event": "local_risk_arm_complete", "lifecycle": 46, "arm": "SOURCE", "samples": 0, "heldout": {"bias": -0.6494518527259072, "mse": 25.415250282076734, "mae": 3.9303701551148387}, "mean_utility": 6.7366943359375}
{"event": "local_risk_arm_complete", "lifecycle": 45, "arm": "SOURCE", "samples": 0, "heldout": {"bias": -0.5643048807054389, "mse": 23.92033406940777, "mae": 3.7477067589957307}, "mean_utility": 6.4998779296875}
{"event": "local_risk_arm_complete", "lifecycle": 47, "arm": "LOCAL_RISK", "samples": 104436, "heldout": {"bias": 1.663227602748595, "mse": 23.603427746098028, "mae": 4.371300517061532}, "mean_utility": 4.86767578125}
{"event": "local_risk_arm_complete", "lifecycle": 46, "arm": "MC", "samples": 103097, "heldout": {"bias": 0.017904668561873956, "mse": 24.506300896897432, "mae": 4.145466107463933}, "mean_utility": 4.45928955078125}
{"event": "local_risk_arm_complete", "lifecycle": 45, "arm": "MC", "samples": 102680, "heldout": {"bias": -0.15288412177854172, "mse": 22.912725312684195, "mae": 3.822664058641895}, "mean_utility": 3.56634521484375}
{"event": "local_risk_arm_complete", "lifecycle": 44, "arm": "SOURCE", "samples": 0, "heldout": {"bias": 0.4934964518854779, "mse": 17.805554262368073, "mae": 3.2501680253288625}, "mean_utility": 4.0767822265625}
{"event": "local_risk_arm_complete", "lifecycle": 44, "arm": "MC", "samples": 103326, "heldout": {"bias": 1.087437135824854, "mse": 18.10867351507794, "mae": 3.4556016553660616}, "mean_utility": 3.1461181640625}
{"event": "local_risk_arm_complete", "lifecycle": 46, "arm": "LOCAL_RISK", "samples": 103097, "heldout": {"bias": 0.4886238562724585, "mse": 24.52995262094711, "mae": 4.337463550032668}, "mean_utility": 5.22637939453125}
{"event": "local_risk_arm_complete", "lifecycle": 45, "arm": "LOCAL_RISK", "samples": 102680, "heldout": {"bias": 0.35764883462770697, "mse": 22.90163610361022, "mae": 4.036861477302847}, "mean_utility": 5.0029296875}
{"event": "local_risk_arm_complete", "lifecycle": 44, "arm": "LOCAL_RISK", "samples": 103326, "heldout": {"bias": 1.6200783419559055, "mse": 19.304808470468842, "mae": 3.769332299949745}, "mean_utility": 6.96002197265625}
{"event": "local_risk_arm_complete", "lifecycle": 51, "arm": "SOURCE", "samples": 0, "heldout": {"bias": -1.6770042371687064, "mse": 33.52212158612092, "mae": 4.7087986557800825}, "mean_utility": 3.98529052734375}
{"event": "local_risk_arm_complete", "lifecycle": 51, "arm": "MC", "samples": 103655, "heldout": {"bias": -0.9227741018074874, "mse": 31.227021401371758, "mae": 4.777812006525611}, "mean_utility": 3.061279296875}
{"event": "local_risk_arm_complete", "lifecycle": 50, "arm": "SOURCE", "samples": 0, "heldout": {"bias": -0.503987506775891, "mse": 26.669963559034457, "mae": 4.100102295347286}, "mean_utility": 4.88714599609375}
{"event": "local_risk_arm_complete", "lifecycle": 49, "arm": "SOURCE", "samples": 0, "heldout": {"bias": -1.648838699984797, "mse": 32.40824117741233, "mae": 4.579637798023789}, "mean_utility": 5.7860107421875}
{"event": "local_risk_arm_complete", "lifecycle": 51, "arm": "LOCAL_RISK", "samples": 103655, "heldout": {"bias": -0.3405976878271394, "mse": 30.302435297817098, "mae": 4.907020226011535}, "mean_utility": 4.9434814453125}
{"event": "local_risk_arm_complete", "lifecycle": 50, "arm": "MC", "samples": 103568, "heldout": {"bias": 0.17284705344204623, "mse": 26.118252027929376, "mae": 4.320190990577454}, "mean_utility": 3.8441162109375}
{"event": "local_risk_arm_complete", "lifecycle": 49, "arm": "MC", "samples": 103136, "heldout": {"bias": -1.2915767925225563, "mse": 30.711099039341274, "mae": 4.5870609557755495}, "mean_utility": 4.36767578125}
{"event": "local_risk_arm_complete", "lifecycle": 48, "arm": "SOURCE", "samples": 0, "heldout": {"bias": -0.8899394443615976, "mse": 26.562604871968585, "mae": 3.9956956274237934}, "mean_utility": 4.602783203125}
{"event": "local_risk_arm_complete", "lifecycle": 50, "arm": "LOCAL_RISK", "samples": 103568, "heldout": {"bias": 0.7128352250134556, "mse": 26.406335940598524, "mae": 4.554136182404689}, "mean_utility": 5.9385986328125}
{"event": "local_risk_arm_complete", "lifecycle": 48, "arm": "MC", "samples": 103005, "heldout": {"bias": -0.03613937203290988, "mse": 24.970529004207712, "mae": 4.169973598084827}, "mean_utility": 4.69757080078125}
{"event": "local_risk_arm_complete", "lifecycle": 49, "arm": "LOCAL_RISK", "samples": 103136, "heldout": {"bias": -0.6045971826633044, "mse": 29.11907312764971, "mae": 4.7415335406708135}, "mean_utility": 6.13372802734375}
{"event": "local_risk_arm_complete", "lifecycle": 48, "arm": "LOCAL_RISK", "samples": 103005, "heldout": {"bias": 0.5446774387883117, "mse": 25.05476916308554, "mae": 4.407991963056516}, "mean_utility": 6.34967041015625}
{"event": "local_risk_arm_complete", "lifecycle": 55, "arm": "SOURCE", "samples": 0, "heldout": {"bias": -0.8064460498216778, "mse": 27.32231216696998, "mae": 4.1559139534715275}, "mean_utility": 4.46820068359375}
{"event": "local_risk_arm_complete", "lifecycle": 55, "arm": "MC", "samples": 103117, "heldout": {"bias": 1.0448211760622765, "mse": 27.260055038973384, "mae": 4.780642854485007}, "mean_utility": 5.7760009765625}
{"event": "local_risk_arm_complete", "lifecycle": 54, "arm": "SOURCE", "samples": 0, "heldout": {"bias": -0.6984154430139969, "mse": 26.60234586180971, "mae": 4.105329216720488}, "mean_utility": 6.2803955078125}
{"event": "local_risk_arm_complete", "lifecycle": 53, "arm": "SOURCE", "samples": 0, "heldout": {"bias": 0.43425415732338457, "mse": 19.26542022043349, "mae": 3.4030185713647096}, "mean_utility": 6.12896728515625}
{"event": "local_risk_arm_complete", "lifecycle": 55, "arm": "LOCAL_RISK", "samples": 103117, "heldout": {"bias": 0.9037176271942036, "mse": 26.835107232324038, "mae": 4.733379750545196}, "mean_utility": 6.9686279296875}
{"event": "local_risk_arm_complete", "lifecycle": 54, "arm": "MC", "samples": 104492, "heldout": {"bias": 0.12430261004319462, "mse": 25.447400434641295, "mae": 4.321461453749593}, "mean_utility": 3.7177734375}
{"event": "local_risk_arm_complete", "lifecycle": 53, "arm": "MC", "samples": 105154, "heldout": {"bias": 0.40138642830659926, "mse": 18.918982013929217, "mae": 3.361049180251451}, "mean_utility": 1.72894287109375}
{"event": "local_risk_arm_complete", "lifecycle": 52, "arm": "SOURCE", "samples": 0, "heldout": {"bias": -0.12048931133484436, "mse": 22.168577111839134, "mae": 3.6507268748897816}, "mean_utility": 6.1407470703125}
{"event": "local_risk_arm_complete", "lifecycle": 54, "arm": "LOCAL_RISK", "samples": 104492, "heldout": {"bias": 0.8162684259948352, "mse": 25.829581207748646, "mae": 4.596092981609448}, "mean_utility": 5.430908203125}
{"event": "local_risk_arm_complete", "lifecycle": 52, "arm": "MC", "samples": 103332, "heldout": {"bias": -0.14516802818157104, "mse": 21.67445985767558, "mae": 3.5840561154756756}, "mean_utility": 1.3277587890625}
{"event": "local_risk_arm_complete", "lifecycle": 53, "arm": "LOCAL_RISK", "samples": 105154, "heldout": {"bias": 1.2298296880546191, "mse": 19.96457233241043, "mae": 3.836252913949484}, "mean_utility": 5.1475830078125}
{"event": "local_risk_arm_complete", "lifecycle": 52, "arm": "LOCAL_RISK", "samples": 103332, "heldout": {"bias": 0.4980823159383746, "mse": 21.721986615023074, "mae": 3.8515648218937533}, "mean_utility": 3.32647705078125}
{"event": "local_risk_arm_complete", "lifecycle": 59, "arm": "SOURCE", "samples": 0, "heldout": {"bias": -0.9829066038211867, "mse": 30.247733588255674, "mae": 4.484116490318434}, "mean_utility": 4.83544921875}
{"event": "local_risk_arm_complete", "lifecycle": 59, "arm": "MC", "samples": 104621, "heldout": {"bias": 0.01750286762916, "mse": 28.98350574692465, "mae": 4.770395333084253}, "mean_utility": 2.8292236328125}
{"event": "local_risk_arm_complete", "lifecycle": 57, "arm": "SOURCE", "samples": 0, "heldout": {"bias": -0.6336994186464914, "mse": 25.67416293005204, "mae": 3.987798121835807}, "mean_utility": 7.01715087890625}
{"event": "local_risk_arm_complete", "lifecycle": 58, "arm": "SOURCE", "samples": 0, "heldout": {"bias": -1.7276930879458972, "mse": 32.60702030921585, "mae": 4.5725468123103585}, "mean_utility": 6.5093994140625}
{"event": "local_risk_arm_complete", "lifecycle": 59, "arm": "LOCAL_RISK", "samples": 104621, "heldout": {"bias": 0.49845814554029005, "mse": 29.087943967567178, "mae": 4.937237486974687}, "mean_utility": 6.7598876953125}
{"event": "local_risk_arm_complete", "lifecycle": 57, "arm": "MC", "samples": 104181, "heldout": {"bias": -0.16871036266227657, "mse": 24.707732640673193, "mae": 4.102833842126501}, "mean_utility": 3.631103515625}
{"event": "local_risk_arm_complete", "lifecycle": 58, "arm": "MC", "samples": 103549, "heldout": {"bias": -1.0006606658206958, "mse": 29.798568460452877, "mae": 4.642651645727578}, "mean_utility": 4.78173828125}
{"event": "local_risk_arm_complete", "lifecycle": 56, "arm": "SOURCE", "samples": 0, "heldout": {"bias": -0.9129184048074158, "mse": 27.72129162787959, "mae": 4.165030119096113}, "mean_utility": 5.59423828125}
{"event": "local_risk_arm_complete", "lifecycle": 58, "arm": "LOCAL_RISK", "samples": 103549, "heldout": {"bias": -0.6463156203193706, "mse": 29.294176243666957, "mae": 4.74284292657596}, "mean_utility": 5.80645751953125}
{"event": "local_risk_arm_complete", "lifecycle": 57, "arm": "LOCAL_RISK", "samples": 104181, "heldout": {"bias": 0.535880943400536, "mse": 24.776919674342405, "mae": 4.392370654780363}, "mean_utility": 6.8726806640625}
{"event": "local_risk_arm_complete", "lifecycle": 56, "arm": "MC", "samples": 103826, "heldout": {"bias": -0.18219756626088143, "mse": 26.588472932046265, "mae": 4.382971558720702}, "mean_utility": 2.879638671875}
{"event": "local_risk_arm_complete", "lifecycle": 56, "arm": "LOCAL_RISK", "samples": 103826, "heldout": {"bias": 0.2698605831849872, "mse": 26.387347736259255, "mae": 4.543283190850376}, "mean_utility": 4.34423828125}
{"event": "local_risk_arm_complete", "lifecycle": 63, "arm": "SOURCE", "samples": 0, "heldout": {"bias": 0.3607454908561926, "mse": 19.776846303586773, "mae": 3.4562721011564173}, "mean_utility": 5.45562744140625}
{"event": "local_risk_arm_complete", "lifecycle": 63, "arm": "MC", "samples": 104328, "heldout": {"bias": 2.0622641383744904, "mse": 23.077083013702385, "mae": 4.375575197832601}, "mean_utility": 6.51531982421875}
{"event": "local_risk_arm_complete", "lifecycle": 62, "arm": "SOURCE", "samples": 0, "heldout": {"bias": -1.5640494333274737, "mse": 31.824684639115247, "mae": 4.527274589193699}, "mean_utility": 3.69342041015625}
{"event": "local_risk_arm_complete", "lifecycle": 61, "arm": "SOURCE", "samples": 0, "heldout": {"bias": 1.354130415228458, "mse": 12.512587542933003, "mae": 2.768859718695491}, "mean_utility": 4.91790771484375}
{"event": "local_risk_arm_complete", "lifecycle": 63, "arm": "LOCAL_RISK", "samples": 104328, "heldout": {"bias": 2.2208200891481424, "mse": 23.61917588261511, "mae": 4.482430627273445}, "mean_utility": 6.72430419921875}
{"event": "local_risk_arm_complete", "lifecycle": 62, "arm": "MC", "samples": 103961, "heldout": {"bias": -0.426938771046568, "mse": 28.84932284236364, "mae": 4.709752740652999}, "mean_utility": 4.34674072265625}
{"event": "local_risk_arm_complete", "lifecycle": 61, "arm": "MC", "samples": 104645, "heldout": {"bias": 3.118939193591434, "mse": 19.860431563291108, "mae": 4.101919818996143}, "mean_utility": 4.84576416015625}
{"event": "local_risk_arm_complete", "lifecycle": 60, "arm": "SOURCE", "samples": 0, "heldout": {"bias": -1.53402590165628, "mse": 30.476812445833243, "mae": 4.351903193473849}, "mean_utility": 5.94775390625}
{"event": "local_risk_arm_complete", "lifecycle": 62, "arm": "LOCAL_RISK", "samples": 103961, "heldout": {"bias": -0.03981645346946876, "mse": 28.57316814739678, "mae": 4.819689777777848}, "mean_utility": 6.51019287109375}
{"event": "local_risk_arm_complete", "lifecycle": 60, "arm": "MC", "samples": 102870, "heldout": {"bias": 0.10466945885260376, "mse": 27.06574873653964, "mae": 4.705818338657267}, "mean_utility": 5.273681640625}
{"event": "local_risk_arm_complete", "lifecycle": 61, "arm": "LOCAL_RISK", "samples": 104645, "heldout": {"bias": 3.18607380776035, "mse": 20.077400788951792, "mae": 4.152544922704333}, "mean_utility": 7.2777099609375}
{"event": "local_risk_arm_complete", "lifecycle": 60, "arm": "LOCAL_RISK", "samples": 102870, "heldout": {"bias": 0.3570831370947459, "mse": 27.028049265084984, "mae": 4.7942203474894916}, "mean_utility": 7.405029296875}
{"event": "local_risk_complete", "status": "EXPERIMENT_COMPLETE", "independent_local_learning_confirmed": true, "utility_primary": {"mean": 0.3872518539428711, "ci95": [0.011185121536254897, 0.7627191543579099], "lifecycle_deltas": {"0": 1.47808837890625, "1": 1.02508544921875, "2": -2.08087158203125, "3": -2.11334228515625, "4": -1.2161865234375, "5": -1.63372802734375, "6": -1.19830322265625, "7": 0.737060546875, "8": -1.03546142578125, "9": 0.9224853515625, "10": 1.17498779296875, "11": -2.59344482421875, "12": 1.9189453125, "13": 0.882080078125, "14": -1.54498291015625, "15": 0.240966796875, "16": 0.88714599609375, "17": 1.7896728515625, "18": 1.68585205078125, "19": -0.3013916015625, "20": -2.61529541015625, "21": 1.66607666015625, "22": 3.5006103515625, "23": 0.3388671875, "24": 1.1593017578125, "25": -1.0286865234375, "26": -1.23663330078125, "27": 0.6505126953125, "28": 1.13037109375, "29": -0.615234375, "30": 0.49932861328125, "31": 0.27459716796875, "32": 0.54248046875, "33": 1.14825439453125, "34": 1.51116943359375, "35": 3.1046142578125, "36": 0.67120361328125, "37": 2.81787109375, "38": -2.179931640625, "39": 1.94921875, "40": -0.955322265625, "41": 0.4185791015625, "42": 1.89556884765625, "43": 1.028564453125, "44": 2.88323974609375, "45": -1.4969482421875, "46": -1.51031494140625, "47": 0.518310546875, "48": 1.74688720703125, "49": 0.34771728515625, "50": 1.05145263671875, "51": 0.95819091796875, "52": -2.81427001953125, "53": -0.98138427734375, "54": -0.8494873046875, "55": 2.50042724609375, "56": -1.25, "57": -0.14447021484375, "58": -0.70294189453125, "59": 1.9244384765625, "60": 1.457275390625, "61": 2.35980224609375, "62": 2.8167724609375, "63": 1.2686767578125}, "parent_mean_deltas": {"0": 0.24927520751953125, "1": 0.46732330322265625, "2": 0.1770172119140625, "3": 0.6553916931152344}, "interval_scope": "CONDITIONAL_ON_FOUR_FROZEN_PARENTS", "improved_equal_worse": [41, 0, 23], "adverse_lifecycles": [2, 3, 4, 5, 6, 8, 11, 14, 19, 20, 25, 26, 29, 38, 40, 45, 46, 52, 53, 54, 56, 57, 58]}}
