{"event": "linear_contribution_stage_complete", "lifecycle": 0, "stage": "A1", "context": 0, "created": true, "contexts": 1, "raw": 131702}
{"event": "linear_contribution_stage_complete", "lifecycle": 1, "stage": "A1", "context": 0, "created": true, "contexts": 1, "raw": 132281}
{"event": "linear_contribution_stage_complete", "lifecycle": 2, "stage": "A1", "context": 0, "created": true, "contexts": 1, "raw": 131917}
{"event": "linear_contribution_stage_complete", "lifecycle": 3, "stage": "A1", "context": 0, "created": true, "contexts": 1, "raw": 131667}
{"event": "linear_contribution_stage_complete", "lifecycle": 0, "stage": "B1", "context": 1, "created": true, "contexts": 2, "raw": 131628}
{"event": "linear_contribution_stage_complete", "lifecycle": 2, "stage": "B1", "context": 1, "created": true, "contexts": 2, "raw": 131608}
{"event": "linear_contribution_stage_complete", "lifecycle": 3, "stage": "B1", "context": 1, "created": true, "contexts": 2, "raw": 131426}
{"event": "linear_contribution_stage_complete", "lifecycle": 1, "stage": "B1", "context": 1, "created": true, "contexts": 2, "raw": 131507}
{"event": "linear_contribution_stage_complete", "lifecycle": 3, "stage": "A2", "context": 0, "created": false, "contexts": 2, "raw": 985}
{"event": "linear_contribution_stage_complete", "lifecycle": 0, "stage": "A2", "context": 0, "created": false, "contexts": 2, "raw": 366}
{"event": "linear_contribution_stage_complete", "lifecycle": 2, "stage": "A2", "context": 0, "created": false, "contexts": 2, "raw": 899}
{"event": "linear_contribution_stage_complete", "lifecycle": 1, "stage": "A2", "context": 0, "created": false, "contexts": 2, "raw": 1032}
{"event": "linear_contribution_stage_complete", "lifecycle": 3, "stage": "B2", "context": 1, "created": false, "contexts": 2, "raw": 650}
{"event": "linear_contribution_stage_complete", "lifecycle": 1, "stage": "B2", "context": 1, "created": false, "contexts": 2, "raw": 334}
{"event": "linear_contribution_stage_complete", "lifecycle": 2, "stage": "B2", "context": 1, "created": false, "contexts": 2, "raw": 553}
{"event": "linear_contribution_stage_complete", "lifecycle": 0, "stage": "B2", "context": 1, "created": false, "contexts": 2, "raw": 526}
{"event": "linear_contribution_stage_complete", "lifecycle": 2, "stage": "A3", "context": 0, "created": false, "contexts": 2, "raw": 1087}
{"event": "linear_contribution_stage_complete", "lifecycle": 0, "stage": "A3", "context": 0, "created": false, "contexts": 2, "raw": 879}
{"event": "linear_contribution_stage_complete", "lifecycle": 3, "stage": "A3", "context": 0, "created": false, "contexts": 2, "raw": 769}
{"event": "linear_contribution_stage_complete", "lifecycle": 1, "stage": "A3", "context": 0, "created": false, "contexts": 2, "raw": 939}
{"event": "linear_contribution_stage_complete", "lifecycle": 6, "stage": "A1", "context": 0, "created": true, "contexts": 1, "raw": 131742}
{"event": "linear_contribution_stage_complete", "lifecycle": 4, "stage": "A1", "context": 0, "created": true, "contexts": 1, "raw": 131695}
{"event": "linear_contribution_stage_complete", "lifecycle": 7, "stage": "A1", "context": 0, "created": true, "contexts": 1, "raw": 131742}
{"event": "linear_contribution_stage_complete", "lifecycle": 5, "stage": "A1", "context": 0, "created": true, "contexts": 1, "raw": 131821}
{"event": "linear_contribution_stage_complete", "lifecycle": 6, "stage": "B1", "context": 1, "created": true, "contexts": 2, "raw": 131493}
{"event": "linear_contribution_stage_complete", "lifecycle": 5, "stage": "B1", "context": 1, "created": true, "contexts": 2, "raw": 131695}
{"event": "linear_contribution_stage_complete", "lifecycle": 4, "stage": "B1", "context": 1, "created": true, "contexts": 2, "raw": 131622}
{"event": "linear_contribution_stage_complete", "lifecycle": 7, "stage": "B1", "context": 1, "created": true, "contexts": 2, "raw": 131552}
{"event": "linear_contribution_stage_complete", "lifecycle": 6, "stage": "A2", "context": 0, "created": false, "contexts": 2, "raw": 606}
{"event": "linear_contribution_stage_complete", "lifecycle": 5, "stage": "A2", "context": 0, "created": false, "contexts": 2, "raw": 1274}
{"event": "linear_contribution_stage_complete", "lifecycle": 4, "stage": "A2", "context": 0, "created": false, "contexts": 2, "raw": 1027}
{"event": "linear_contribution_stage_complete", "lifecycle": 7, "stage": "A2", "context": 0, "created": false, "contexts": 2, "raw": 655}
{"event": "linear_contribution_stage_complete", "lifecycle": 6, "stage": "B2", "context": 1, "created": false, "contexts": 2, "raw": 640}
{"event": "linear_contribution_stage_complete", "lifecycle": 4, "stage": "B2", "context": 1, "created": false, "contexts": 2, "raw": 333}
{"event": "linear_contribution_stage_complete", "lifecycle": 5, "stage": "B2", "context": 1, "created": false, "contexts": 2, "raw": 392}
{"event": "linear_contribution_stage_complete", "lifecycle": 7, "stage": "B2", "context": 1, "created": false, "contexts": 2, "raw": 443}
{"event": "linear_contribution_stage_complete", "lifecycle": 6, "stage": "A3", "context": 0, "created": false, "contexts": 2, "raw": 657}
{"event": "linear_contribution_stage_complete", "lifecycle": 4, "stage": "A3", "context": 0, "created": false, "contexts": 2, "raw": 1018}
{"event": "linear_contribution_stage_complete", "lifecycle": 5, "stage": "A3", "context": 0, "created": false, "contexts": 2, "raw": 289}
{"event": "linear_contribution_stage_complete", "lifecycle": 7, "stage": "A3", "context": 0, "created": false, "contexts": 2, "raw": 932}
{"event": "linear_contribution_stage_complete", "lifecycle": 10, "stage": "A1", "context": 0, "created": true, "contexts": 1, "raw": 131973}
{"event": "linear_contribution_stage_complete", "lifecycle": 8, "stage": "A1", "context": 0, "created": true, "contexts": 1, "raw": 131804}
{"event": "linear_contribution_stage_complete", "lifecycle": 11, "stage": "A1", "context": 0, "created": true, "contexts": 1, "raw": 132384}
{"event": "linear_contribution_stage_complete", "lifecycle": 9, "stage": "A1", "context": 0, "created": true, "contexts": 1, "raw": 132230}
{"event": "linear_contribution_stage_complete", "lifecycle": 10, "stage": "B1", "context": 1, "created": true, "contexts": 2, "raw": 131482}
{"event": "linear_contribution_stage_complete", "lifecycle": 11, "stage": "B1", "context": 1, "created": true, "contexts": 2, "raw": 131604}
{"event": "linear_contribution_stage_complete", "lifecycle": 8, "stage": "B1", "context": 1, "created": true, "contexts": 2, "raw": 131339}
{"event": "linear_contribution_stage_complete", "lifecycle": 9, "stage": "B1", "context": 1, "created": true, "contexts": 2, "raw": 131699}
{"event": "linear_contribution_stage_complete", "lifecycle": 10, "stage": "A2", "context": 0, "created": false, "contexts": 2, "raw": 766}
{"event": "linear_contribution_stage_complete", "lifecycle": 11, "stage": "A2", "context": 0, "created": false, "contexts": 2, "raw": 570}
{"event": "linear_contribution_stage_complete", "lifecycle": 8, "stage": "A2", "context": 0, "created": false, "contexts": 2, "raw": 413}
{"event": "linear_contribution_stage_complete", "lifecycle": 9, "stage": "A2", "context": 0, "created": false, "contexts": 2, "raw": 962}
{"event": "linear_contribution_stage_complete", "lifecycle": 10, "stage": "B2", "context": 1, "created": false, "contexts": 2, "raw": 371}
{"event": "linear_contribution_stage_complete", "lifecycle": 11, "stage": "B2", "context": 1, "created": false, "contexts": 2, "raw": 731}
{"event": "linear_contribution_stage_complete", "lifecycle": 8, "stage": "B2", "context": 1, "created": false, "contexts": 2, "raw": 737}
{"event": "linear_contribution_stage_complete", "lifecycle": 9, "stage": "B2", "context": 1, "created": false, "contexts": 2, "raw": 631}
{"event": "linear_contribution_stage_complete", "lifecycle": 10, "stage": "A3", "context": 0, "created": false, "contexts": 2, "raw": 906}
{"event": "linear_contribution_stage_complete", "lifecycle": 11, "stage": "A3", "context": 0, "created": false, "contexts": 2, "raw": 570}
{"event": "linear_contribution_stage_complete", "lifecycle": 8, "stage": "A3", "context": 0, "created": false, "contexts": 2, "raw": 450}
{"event": "linear_contribution_stage_complete", "lifecycle": 9, "stage": "A3", "context": 0, "created": false, "contexts": 2, "raw": 373}
{"event": "linear_contribution_stage_complete", "lifecycle": 14, "stage": "A1", "context": 0, "created": true, "contexts": 1, "raw": 132084}
{"event": "linear_contribution_stage_complete", "lifecycle": 15, "stage": "A1", "context": 0, "created": true, "contexts": 1, "raw": 131914}
{"event": "linear_contribution_stage_complete", "lifecycle": 12, "stage": "A1", "context": 0, "created": true, "contexts": 1, "raw": 131702}
{"event": "linear_contribution_stage_complete", "lifecycle": 13, "stage": "A1", "context": 0, "created": true, "contexts": 1, "raw": 131886}
{"event": "linear_contribution_stage_complete", "lifecycle": 14, "stage": "B1", "context": 1, "created": true, "contexts": 2, "raw": 131976}
{"event": "linear_contribution_stage_complete", "lifecycle": 15, "stage": "B1", "context": 1, "created": true, "contexts": 2, "raw": 131537}
{"event": "linear_contribution_stage_complete", "lifecycle": 12, "stage": "B1", "context": 1, "created": true, "contexts": 2, "raw": 131395}
{"event": "linear_contribution_stage_complete", "lifecycle": 13, "stage": "B1", "context": 1, "created": true, "contexts": 2, "raw": 131458}
{"event": "linear_contribution_stage_complete", "lifecycle": 14, "stage": "A2", "context": 0, "created": false, "contexts": 2, "raw": 693}
{"event": "linear_contribution_stage_complete", "lifecycle": 15, "stage": "A2", "context": 0, "created": false, "contexts": 2, "raw": 647}
{"event": "linear_contribution_stage_complete", "lifecycle": 12, "stage": "A2", "context": 0, "created": false, "contexts": 2, "raw": 726}
{"event": "linear_contribution_stage_complete", "lifecycle": 13, "stage": "A2", "context": 0, "created": false, "contexts": 2, "raw": 997}
{"event": "linear_contribution_stage_complete", "lifecycle": 14, "stage": "B2", "context": 1, "created": false, "contexts": 2, "raw": 523}
{"event": "linear_contribution_stage_complete", "lifecycle": 15, "stage": "B2", "context": 1, "created": false, "contexts": 2, "raw": 504}
{"event": "linear_contribution_stage_complete", "lifecycle": 12, "stage": "B2", "context": 1, "created": false, "contexts": 2, "raw": 397}
{"event": "linear_contribution_stage_complete", "lifecycle": 13, "stage": "B2", "context": 1, "created": false, "contexts": 2, "raw": 407}
{"event": "linear_contribution_stage_complete", "lifecycle": 14, "stage": "A3", "context": 0, "created": false, "contexts": 2, "raw": 1024}
{"event": "linear_contribution_stage_complete", "lifecycle": 15, "stage": "A3", "context": 0, "created": false, "contexts": 2, "raw": 668}
{"event": "linear_contribution_stage_complete", "lifecycle": 12, "stage": "A3", "context": 0, "created": false, "contexts": 2, "raw": 729}
{"event": "linear_contribution_stage_complete", "lifecycle": 13, "stage": "A3", "context": 0, "created": false, "contexts": 2, "raw": 565}
{"event": "linear_contribution_stage_complete", "lifecycle": 18, "stage": "A1", "context": 0, "created": true, "contexts": 1, "raw": 131854}
{"event": "linear_contribution_stage_complete", "lifecycle": 19, "stage": "A1", "context": 0, "created": true, "contexts": 1, "raw": 132108}
{"event": "linear_contribution_stage_complete", "lifecycle": 16, "stage": "A1", "context": 0, "created": true, "contexts": 1, "raw": 131886}
{"event": "linear_contribution_stage_complete", "lifecycle": 17, "stage": "A1", "context": 0, "created": true, "contexts": 1, "raw": 131905}
{"event": "linear_contribution_stage_complete", "lifecycle": 18, "stage": "B1", "context": 1, "created": true, "contexts": 2, "raw": 131574}
{"event": "linear_contribution_stage_complete", "lifecycle": 19, "stage": "B1", "context": 1, "created": true, "contexts": 2, "raw": 131774}
{"event": "linear_contribution_stage_complete", "lifecycle": 16, "stage": "B1", "context": 1, "created": true, "contexts": 2, "raw": 131702}
{"event": "linear_contribution_stage_complete", "lifecycle": 17, "stage": "B1", "context": 1, "created": true, "contexts": 2, "raw": 131598}
{"event": "linear_contribution_stage_complete", "lifecycle": 18, "stage": "A2", "context": 0, "created": false, "contexts": 2, "raw": 572}
{"event": "linear_contribution_stage_complete", "lifecycle": 16, "stage": "A2", "context": 0, "created": false, "contexts": 2, "raw": 736}
{"event": "linear_contribution_stage_complete", "lifecycle": 19, "stage": "A2", "context": 0, "created": false, "contexts": 2, "raw": 574}
{"event": "linear_contribution_stage_complete", "lifecycle": 17, "stage": "A2", "context": 0, "created": false, "contexts": 2, "raw": 1110}
{"event": "linear_contribution_stage_complete", "lifecycle": 18, "stage": "B2", "context": 1, "created": false, "contexts": 2, "raw": 581}
{"event": "linear_contribution_stage_complete", "lifecycle": 16, "stage": "B2", "context": 1, "created": false, "contexts": 2, "raw": 732}
{"event": "linear_contribution_stage_complete", "lifecycle": 19, "stage": "B2", "context": 1, "created": false, "contexts": 2, "raw": 1798}
{"event": "linear_contribution_stage_complete", "lifecycle": 17, "stage": "B2", "context": 1, "created": false, "contexts": 2, "raw": 621}
{"event": "linear_contribution_stage_complete", "lifecycle": 18, "stage": "A3", "context": 0, "created": false, "contexts": 2, "raw": 641}
{"event": "linear_contribution_stage_complete", "lifecycle": 16, "stage": "A3", "context": 0, "created": false, "contexts": 2, "raw": 615}
{"event": "linear_contribution_stage_complete", "lifecycle": 19, "stage": "A3", "context": 0, "created": false, "contexts": 2, "raw": 1014}
{"event": "linear_contribution_stage_complete", "lifecycle": 17, "stage": "A3", "context": 0, "created": false, "contexts": 2, "raw": 793}
{"event": "linear_contribution_stage_complete", "lifecycle": 22, "stage": "A1", "context": 0, "created": true, "contexts": 1, "raw": 131951}
{"event": "linear_contribution_stage_complete", "lifecycle": 20, "stage": "A1", "context": 0, "created": true, "contexts": 1, "raw": 132250}
{"event": "linear_contribution_stage_complete", "lifecycle": 23, "stage": "A1", "context": 0, "created": true, "contexts": 1, "raw": 131757}
{"event": "linear_contribution_stage_complete", "lifecycle": 21, "stage": "A1", "context": 0, "created": true, "contexts": 1, "raw": 131656}
{"event": "linear_contribution_stage_complete", "lifecycle": 22, "stage": "B1", "context": 1, "created": true, "contexts": 2, "raw": 131762}
{"event": "linear_contribution_stage_complete", "lifecycle": 20, "stage": "B1", "context": 1, "created": true, "contexts": 2, "raw": 131488}
{"event": "linear_contribution_stage_complete", "lifecycle": 23, "stage": "B1", "context": 1, "created": true, "contexts": 2, "raw": 131384}
{"event": "linear_contribution_stage_complete", "lifecycle": 21, "stage": "B1", "context": 1, "created": true, "contexts": 2, "raw": 131853}
{"event": "linear_contribution_stage_complete", "lifecycle": 22, "stage": "A2", "context": 0, "created": false, "contexts": 2, "raw": 849}
{"event": "linear_contribution_stage_complete", "lifecycle": 20, "stage": "A2", "context": 0, "created": false, "contexts": 2, "raw": 802}
{"event": "linear_contribution_stage_complete", "lifecycle": 23, "stage": "A2", "context": 0, "created": false, "contexts": 2, "raw": 887}
{"event": "linear_contribution_stage_complete", "lifecycle": 21, "stage": "A2", "context": 0, "created": false, "contexts": 2, "raw": 1004}
{"event": "linear_contribution_stage_complete", "lifecycle": 22, "stage": "B2", "context": 1, "created": false, "contexts": 2, "raw": 495}
{"event": "linear_contribution_stage_complete", "lifecycle": 20, "stage": "B2", "context": 1, "created": false, "contexts": 2, "raw": 530}
{"event": "linear_contribution_stage_complete", "lifecycle": 23, "stage": "B2", "context": 1, "created": false, "contexts": 2, "raw": 355}
{"event": "linear_contribution_stage_complete", "lifecycle": 21, "stage": "B2", "context": 1, "created": false, "contexts": 2, "raw": 292}
{"event": "linear_contribution_stage_complete", "lifecycle": 22, "stage": "A3", "context": 0, "created": false, "contexts": 2, "raw": 633}
{"event": "linear_contribution_stage_complete", "lifecycle": 20, "stage": "A3", "context": 0, "created": false, "contexts": 2, "raw": 677}
{"event": "linear_contribution_stage_complete", "lifecycle": 23, "stage": "A3", "context": 0, "created": false, "contexts": 2, "raw": 1000}
{"event": "linear_contribution_stage_complete", "lifecycle": 21, "stage": "A3", "context": 0, "created": false, "contexts": 2, "raw": 553}
{"event": "linear_contribution_stage_complete", "lifecycle": 26, "stage": "A1", "context": 0, "created": true, "contexts": 1, "raw": 131446}
{"event": "linear_contribution_stage_complete", "lifecycle": 27, "stage": "A1", "context": 0, "created": true, "contexts": 1, "raw": 131551}
{"event": "linear_contribution_stage_complete", "lifecycle": 24, "stage": "A1", "context": 0, "created": true, "contexts": 1, "raw": 132006}
{"event": "linear_contribution_stage_complete", "lifecycle": 25, "stage": "A1", "context": 0, "created": true, "contexts": 1, "raw": 131700}
{"event": "linear_contribution_stage_complete", "lifecycle": 26, "stage": "B1", "context": 1, "created": true, "contexts": 2, "raw": 131520}
{"event": "linear_contribution_stage_complete", "lifecycle": 27, "stage": "B1", "context": 1, "created": true, "contexts": 2, "raw": 131568}
{"event": "linear_contribution_stage_complete", "lifecycle": 24, "stage": "B1", "context": 1, "created": true, "contexts": 2, "raw": 131425}
{"event": "linear_contribution_stage_complete", "lifecycle": 26, "stage": "A2", "context": 0, "created": false, "contexts": 2, "raw": 997}
{"event": "linear_contribution_stage_complete", "lifecycle": 25, "stage": "B1", "context": 1, "created": true, "contexts": 2, "raw": 131467}
{"event": "linear_contribution_stage_complete", "lifecycle": 27, "stage": "A2", "context": 0, "created": false, "contexts": 2, "raw": 702}
{"event": "linear_contribution_stage_complete", "lifecycle": 24, "stage": "A2", "context": 0, "created": false, "contexts": 2, "raw": 1218}
{"event": "linear_contribution_stage_complete", "lifecycle": 25, "stage": "A2", "context": 0, "created": false, "contexts": 2, "raw": 626}
{"event": "linear_contribution_stage_complete", "lifecycle": 26, "stage": "B2", "context": 1, "created": false, "contexts": 2, "raw": 4361}
{"event": "linear_contribution_stage_complete", "lifecycle": 27, "stage": "B2", "context": 1, "created": false, "contexts": 2, "raw": 400}
{"event": "linear_contribution_stage_complete", "lifecycle": 24, "stage": "B2", "context": 1, "created": false, "contexts": 2, "raw": 341}
{"event": "linear_contribution_stage_complete", "lifecycle": 25, "stage": "B2", "context": 1, "created": false, "contexts": 2, "raw": 504}
{"event": "linear_contribution_stage_complete", "lifecycle": 26, "stage": "A3", "context": 0, "created": false, "contexts": 2, "raw": 341}
{"event": "linear_contribution_stage_complete", "lifecycle": 27, "stage": "A3", "context": 0, "created": false, "contexts": 2, "raw": 3595}
{"event": "linear_contribution_stage_complete", "lifecycle": 24, "stage": "A3", "context": 0, "created": false, "contexts": 2, "raw": 887}
{"event": "linear_contribution_stage_complete", "lifecycle": 25, "stage": "A3", "context": 0, "created": false, "contexts": 2, "raw": 279}
{"event": "linear_contribution_stage_complete", "lifecycle": 30, "stage": "A1", "context": 0, "created": true, "contexts": 1, "raw": 131614}
{"event": "linear_contribution_stage_complete", "lifecycle": 31, "stage": "A1", "context": 0, "created": true, "contexts": 1, "raw": 132036}
{"event": "linear_contribution_stage_complete", "lifecycle": 28, "stage": "A1", "context": 0, "created": true, "contexts": 1, "raw": 132138}
{"event": "linear_contribution_stage_complete", "lifecycle": 29, "stage": "A1", "context": 0, "created": true, "contexts": 1, "raw": 131864}
{"event": "linear_contribution_stage_complete", "lifecycle": 30, "stage": "B1", "context": 1, "created": true, "contexts": 2, "raw": 131450}
{"event": "linear_contribution_stage_complete", "lifecycle": 31, "stage": "B1", "context": 1, "created": true, "contexts": 2, "raw": 132033}
{"event": "linear_contribution_stage_complete", "lifecycle": 28, "stage": "B1", "context": 1, "created": true, "contexts": 2, "raw": 131686}
{"event": "linear_contribution_stage_complete", "lifecycle": 29, "stage": "B1", "context": 1, "created": true, "contexts": 2, "raw": 131637}
{"event": "linear_contribution_stage_complete", "lifecycle": 30, "stage": "A2", "context": 0, "created": false, "contexts": 2, "raw": 739}
{"event": "linear_contribution_stage_complete", "lifecycle": 31, "stage": "A2", "context": 0, "created": false, "contexts": 2, "raw": 742}
{"event": "linear_contribution_stage_complete", "lifecycle": 28, "stage": "A2", "context": 0, "created": false, "contexts": 2, "raw": 637}
{"event": "linear_contribution_stage_complete", "lifecycle": 29, "stage": "A2", "context": 0, "created": false, "contexts": 2, "raw": 515}
{"event": "linear_contribution_stage_complete", "lifecycle": 30, "stage": "B2", "context": 1, "created": false, "contexts": 2, "raw": 767}
{"event": "linear_contribution_stage_complete", "lifecycle": 31, "stage": "B2", "context": 1, "created": false, "contexts": 2, "raw": 758}
{"event": "linear_contribution_stage_complete", "lifecycle": 28, "stage": "B2", "context": 1, "created": false, "contexts": 2, "raw": 372}
{"event": "linear_contribution_stage_complete", "lifecycle": 29, "stage": "B2", "context": 1, "created": false, "contexts": 2, "raw": 743}
{"event": "linear_contribution_stage_complete", "lifecycle": 30, "stage": "A3", "context": 0, "created": false, "contexts": 2, "raw": 911}
{"event": "linear_contribution_stage_complete", "lifecycle": 31, "stage": "A3", "context": 0, "created": false, "contexts": 2, "raw": 1071}
{"event": "linear_contribution_stage_complete", "lifecycle": 28, "stage": "A3", "context": 0, "created": false, "contexts": 2, "raw": 1112}
{"event": "linear_contribution_stage_complete", "lifecycle": 29, "stage": "A3", "context": 0, "created": false, "contexts": 2, "raw": 870}
{"event": "linear_contribution_stage_complete", "lifecycle": 34, "stage": "A1", "context": 0, "created": true, "contexts": 1, "raw": 131648}
{"event": "linear_contribution_stage_complete", "lifecycle": 35, "stage": "A1", "context": 0, "created": true, "contexts": 1, "raw": 131980}
{"event": "linear_contribution_stage_complete", "lifecycle": 32, "stage": "A1", "context": 0, "created": true, "contexts": 1, "raw": 131980}
{"event": "linear_contribution_stage_complete", "lifecycle": 33, "stage": "A1", "context": 0, "created": true, "contexts": 1, "raw": 131542}
{"event": "linear_contribution_stage_complete", "lifecycle": 34, "stage": "B1", "context": 1, "created": true, "contexts": 2, "raw": 131712}
{"event": "linear_contribution_stage_complete", "lifecycle": 35, "stage": "B1", "context": 1, "created": true, "contexts": 2, "raw": 131937}
{"event": "linear_contribution_stage_complete", "lifecycle": 32, "stage": "B1", "context": 1, "created": true, "contexts": 2, "raw": 131457}
{"event": "linear_contribution_stage_complete", "lifecycle": 33, "stage": "B1", "context": 1, "created": true, "contexts": 2, "raw": 131522}
{"event": "linear_contribution_stage_complete", "lifecycle": 34, "stage": "A2", "context": 0, "created": false, "contexts": 2, "raw": 1025}
{"event": "linear_contribution_stage_complete", "lifecycle": 32, "stage": "A2", "context": 0, "created": false, "contexts": 2, "raw": 950}
{"event": "linear_contribution_stage_complete", "lifecycle": 35, "stage": "A2", "context": 0, "created": false, "contexts": 2, "raw": 1079}
{"event": "linear_contribution_stage_complete", "lifecycle": 33, "stage": "A2", "context": 0, "created": false, "contexts": 2, "raw": 711}
{"event": "linear_contribution_stage_complete", "lifecycle": 34, "stage": "B2", "context": 1, "created": false, "contexts": 2, "raw": 661}
{"event": "linear_contribution_stage_complete", "lifecycle": 32, "stage": "B2", "context": 1, "created": false, "contexts": 2, "raw": 291}
{"event": "linear_contribution_stage_complete", "lifecycle": 35, "stage": "B2", "context": 1, "created": false, "contexts": 2, "raw": 532}
{"event": "linear_contribution_stage_complete", "lifecycle": 33, "stage": "B2", "context": 1, "created": false, "contexts": 2, "raw": 374}
{"event": "linear_contribution_stage_complete", "lifecycle": 34, "stage": "A3", "context": 0, "created": false, "contexts": 2, "raw": 588}
{"event": "linear_contribution_stage_complete", "lifecycle": 32, "stage": "A3", "context": 0, "created": false, "contexts": 2, "raw": 1014}
{"event": "linear_contribution_stage_complete", "lifecycle": 35, "stage": "A3", "context": 0, "created": false, "contexts": 2, "raw": 1014}
{"event": "linear_contribution_stage_complete", "lifecycle": 33, "stage": "A3", "context": 0, "created": false, "contexts": 2, "raw": 650}
{"event": "linear_contribution_stage_complete", "lifecycle": 38, "stage": "A1", "context": 0, "created": true, "contexts": 1, "raw": 132128}
{"event": "linear_contribution_stage_complete", "lifecycle": 36, "stage": "A1", "context": 0, "created": true, "contexts": 1, "raw": 131836}
{"event": "linear_contribution_stage_complete", "lifecycle": 39, "stage": "A1", "context": 0, "created": true, "contexts": 1, "raw": 132046}
{"event": "linear_contribution_stage_complete", "lifecycle": 37, "stage": "A1", "context": 0, "created": true, "contexts": 1, "raw": 132061}
{"event": "linear_contribution_stage_complete", "lifecycle": 38, "stage": "B1", "context": 1, "created": true, "contexts": 2, "raw": 131414}
{"event": "linear_contribution_stage_complete", "lifecycle": 36, "stage": "B1", "context": 1, "created": true, "contexts": 2, "raw": 131753}
{"event": "linear_contribution_stage_complete", "lifecycle": 39, "stage": "B1", "context": 1, "created": true, "contexts": 2, "raw": 131425}
{"event": "linear_contribution_stage_complete", "lifecycle": 37, "stage": "B1", "context": 1, "created": true, "contexts": 2, "raw": 131706}
{"event": "linear_contribution_stage_complete", "lifecycle": 38, "stage": "A2", "context": 0, "created": false, "contexts": 2, "raw": 1001}
{"event": "linear_contribution_stage_complete", "lifecycle": 39, "stage": "A2", "context": 0, "created": false, "contexts": 2, "raw": 416}
{"event": "linear_contribution_stage_complete", "lifecycle": 36, "stage": "A2", "context": 0, "created": false, "contexts": 2, "raw": 866}
{"event": "linear_contribution_stage_complete", "lifecycle": 37, "stage": "A2", "context": 0, "created": false, "contexts": 2, "raw": 845}
{"event": "linear_contribution_stage_complete", "lifecycle": 38, "stage": "B2", "context": 1, "created": false, "contexts": 2, "raw": 403}
{"event": "linear_contribution_stage_complete", "lifecycle": 39, "stage": "B2", "context": 1, "created": false, "contexts": 2, "raw": 433}
{"event": "linear_contribution_stage_complete", "lifecycle": 37, "stage": "B2", "context": 1, "created": false, "contexts": 2, "raw": 409}
{"event": "linear_contribution_stage_complete", "lifecycle": 36, "stage": "B2", "context": 1, "created": false, "contexts": 2, "raw": 451}
{"event": "linear_contribution_stage_complete", "lifecycle": 38, "stage": "A3", "context": 0, "created": false, "contexts": 2, "raw": 432}
{"event": "linear_contribution_stage_complete", "lifecycle": 39, "stage": "A3", "context": 0, "created": false, "contexts": 2, "raw": 572}
{"event": "linear_contribution_stage_complete", "lifecycle": 37, "stage": "A3", "context": 0, "created": false, "contexts": 2, "raw": 991}
{"event": "linear_contribution_stage_complete", "lifecycle": 36, "stage": "A3", "context": 0, "created": false, "contexts": 2, "raw": 938}
{"event": "linear_contribution_stage_complete", "lifecycle": 42, "stage": "A1", "context": 0, "created": true, "contexts": 1, "raw": 131689}
{"event": "linear_contribution_stage_complete", "lifecycle": 43, "stage": "A1", "context": 0, "created": true, "contexts": 1, "raw": 132257}
{"event": "linear_contribution_stage_complete", "lifecycle": 41, "stage": "A1", "context": 0, "created": true, "contexts": 1, "raw": 131723}
{"event": "linear_contribution_stage_complete", "lifecycle": 40, "stage": "A1", "context": 0, "created": true, "contexts": 1, "raw": 131785}
{"event": "linear_contribution_stage_complete", "lifecycle": 42, "stage": "B1", "context": 1, "created": true, "contexts": 2, "raw": 131562}
{"event": "linear_contribution_stage_complete", "lifecycle": 43, "stage": "B1", "context": 1, "created": true, "contexts": 2, "raw": 131586}
{"event": "linear_contribution_stage_complete", "lifecycle": 41, "stage": "B1", "context": 1, "created": true, "contexts": 2, "raw": 131724}
{"event": "linear_contribution_stage_complete", "lifecycle": 40, "stage": "B1", "context": 1, "created": true, "contexts": 2, "raw": 131810}
{"event": "linear_contribution_stage_complete", "lifecycle": 42, "stage": "A2", "context": 0, "created": false, "contexts": 2, "raw": 647}
{"event": "linear_contribution_stage_complete", "lifecycle": 43, "stage": "A2", "context": 0, "created": false, "contexts": 2, "raw": 994}
{"event": "linear_contribution_stage_complete", "lifecycle": 41, "stage": "A2", "context": 0, "created": false, "contexts": 2, "raw": 825}
{"event": "linear_contribution_stage_complete", "lifecycle": 40, "stage": "A2", "context": 0, "created": false, "contexts": 2, "raw": 662}
{"event": "linear_contribution_stage_complete", "lifecycle": 42, "stage": "B2", "context": 1, "created": false, "contexts": 2, "raw": 554}
{"event": "linear_contribution_stage_complete", "lifecycle": 43, "stage": "B2", "context": 1, "created": false, "contexts": 2, "raw": 489}
{"event": "linear_contribution_stage_complete", "lifecycle": 40, "stage": "B2", "context": 1, "created": false, "contexts": 2, "raw": 395}
{"event": "linear_contribution_stage_complete", "lifecycle": 41, "stage": "B2", "context": 1, "created": false, "contexts": 2, "raw": 562}
{"event": "linear_contribution_stage_complete", "lifecycle": 42, "stage": "A3", "context": 0, "created": false, "contexts": 2, "raw": 1019}
{"event": "linear_contribution_stage_complete", "lifecycle": 43, "stage": "A3", "context": 0, "created": false, "contexts": 2, "raw": 1011}
{"event": "linear_contribution_stage_complete", "lifecycle": 40, "stage": "A3", "context": 0, "created": false, "contexts": 2, "raw": 604}
{"event": "linear_contribution_stage_complete", "lifecycle": 41, "stage": "A3", "context": 0, "created": false, "contexts": 2, "raw": 885}
{"event": "linear_contribution_stage_complete", "lifecycle": 46, "stage": "A1", "context": 0, "created": true, "contexts": 1, "raw": 132033}
{"event": "linear_contribution_stage_complete", "lifecycle": 47, "stage": "A1", "context": 0, "created": true, "contexts": 1, "raw": 132040}
{"event": "linear_contribution_stage_complete", "lifecycle": 44, "stage": "A1", "context": 0, "created": true, "contexts": 1, "raw": 132125}
{"event": "linear_contribution_stage_complete", "lifecycle": 45, "stage": "A1", "context": 0, "created": true, "contexts": 1, "raw": 131657}
{"event": "linear_contribution_stage_complete", "lifecycle": 46, "stage": "B1", "context": 1, "created": true, "contexts": 2, "raw": 131522}
{"event": "linear_contribution_stage_complete", "lifecycle": 47, "stage": "B1", "context": 1, "created": true, "contexts": 2, "raw": 131790}
{"event": "linear_contribution_stage_complete", "lifecycle": 44, "stage": "B1", "context": 1, "created": true, "contexts": 2, "raw": 131764}
{"event": "linear_contribution_stage_complete", "lifecycle": 45, "stage": "B1", "context": 1, "created": true, "contexts": 2, "raw": 131614}
{"event": "linear_contribution_stage_complete", "lifecycle": 46, "stage": "A2", "context": 0, "created": false, "contexts": 2, "raw": 1172}
{"event": "linear_contribution_stage_complete", "lifecycle": 47, "stage": "A2", "context": 0, "created": false, "contexts": 2, "raw": 976}
{"event": "linear_contribution_stage_complete", "lifecycle": 44, "stage": "A2", "context": 0, "created": false, "contexts": 2, "raw": 562}
{"event": "linear_contribution_stage_complete", "lifecycle": 45, "stage": "A2", "context": 0, "created": false, "contexts": 2, "raw": 1032}
{"event": "linear_contribution_stage_complete", "lifecycle": 46, "stage": "B2", "context": 1, "created": false, "contexts": 2, "raw": 470}
{"event": "linear_contribution_stage_complete", "lifecycle": 47, "stage": "B2", "context": 1, "created": false, "contexts": 2, "raw": 504}
{"event": "linear_contribution_stage_complete", "lifecycle": 45, "stage": "B2", "context": 1, "created": false, "contexts": 2, "raw": 432}
{"event": "linear_contribution_stage_complete", "lifecycle": 44, "stage": "B2", "context": 1, "created": false, "contexts": 2, "raw": 511}
{"event": "linear_contribution_stage_complete", "lifecycle": 46, "stage": "A3", "context": 0, "created": false, "contexts": 2, "raw": 740}
{"event": "linear_contribution_stage_complete", "lifecycle": 47, "stage": "A3", "context": 0, "created": false, "contexts": 2, "raw": 958}
{"event": "linear_contribution_stage_complete", "lifecycle": 45, "stage": "A3", "context": 0, "created": false, "contexts": 2, "raw": 510}
{"event": "linear_contribution_stage_complete", "lifecycle": 44, "stage": "A3", "context": 0, "created": false, "contexts": 2, "raw": 886}
{"event": "linear_contribution_stage_complete", "lifecycle": 50, "stage": "A1", "context": 0, "created": true, "contexts": 1, "raw": 132236}
{"event": "linear_contribution_stage_complete", "lifecycle": 51, "stage": "A1", "context": 0, "created": true, "contexts": 1, "raw": 132217}
{"event": "linear_contribution_stage_complete", "lifecycle": 49, "stage": "A1", "context": 0, "created": true, "contexts": 1, "raw": 131648}
{"event": "linear_contribution_stage_complete", "lifecycle": 48, "stage": "A1", "context": 0, "created": true, "contexts": 1, "raw": 131476}
{"event": "linear_contribution_stage_complete", "lifecycle": 50, "stage": "B1", "context": 1, "created": true, "contexts": 2, "raw": 131851}
{"event": "linear_contribution_stage_complete", "lifecycle": 51, "stage": "B1", "context": 1, "created": true, "contexts": 2, "raw": 131340}
{"event": "linear_contribution_stage_complete", "lifecycle": 49, "stage": "B1", "context": 1, "created": true, "contexts": 2, "raw": 131388}
{"event": "linear_contribution_stage_complete", "lifecycle": 48, "stage": "B1", "context": 1, "created": true, "contexts": 2, "raw": 131427}
{"event": "linear_contribution_stage_complete", "lifecycle": 50, "stage": "A2", "context": 0, "created": false, "contexts": 2, "raw": 714}
{"event": "linear_contribution_stage_complete", "lifecycle": 49, "stage": "A2", "context": 0, "created": false, "contexts": 2, "raw": 963}
{"event": "linear_contribution_stage_complete", "lifecycle": 51, "stage": "A2", "context": 0, "created": false, "contexts": 2, "raw": 941}
{"event": "linear_contribution_stage_complete", "lifecycle": 48, "stage": "A2", "context": 0, "created": false, "contexts": 2, "raw": 745}
{"event": "linear_contribution_stage_complete", "lifecycle": 50, "stage": "B2", "context": 1, "created": false, "contexts": 2, "raw": 338}
{"event": "linear_contribution_stage_complete", "lifecycle": 51, "stage": "B2", "context": 1, "created": false, "contexts": 2, "raw": 399}
{"event": "linear_contribution_stage_complete", "lifecycle": 49, "stage": "B2", "context": 1, "created": false, "contexts": 2, "raw": 880}
{"event": "linear_contribution_stage_complete", "lifecycle": 48, "stage": "B2", "context": 1, "created": false, "contexts": 2, "raw": 397}
{"event": "linear_contribution_stage_complete", "lifecycle": 50, "stage": "A3", "context": 0, "created": false, "contexts": 2, "raw": 1008}
{"event": "linear_contribution_stage_complete", "lifecycle": 51, "stage": "A3", "context": 0, "created": false, "contexts": 2, "raw": 1059}
{"event": "linear_contribution_stage_complete", "lifecycle": 49, "stage": "A3", "context": 0, "created": false, "contexts": 2, "raw": 760}
{"event": "linear_contribution_stage_complete", "lifecycle": 48, "stage": "A3", "context": 0, "created": false, "contexts": 2, "raw": 981}
{"event": "linear_contribution_stage_complete", "lifecycle": 54, "stage": "A1", "context": 0, "created": true, "contexts": 1, "raw": 132013}
{"event": "linear_contribution_stage_complete", "lifecycle": 55, "stage": "A1", "context": 0, "created": true, "contexts": 1, "raw": 131640}
{"event": "linear_contribution_stage_complete", "lifecycle": 53, "stage": "A1", "context": 0, "created": true, "contexts": 1, "raw": 132005}
{"event": "linear_contribution_stage_complete", "lifecycle": 52, "stage": "A1", "context": 0, "created": true, "contexts": 1, "raw": 131718}
{"event": "linear_contribution_stage_complete", "lifecycle": 54, "stage": "B1", "context": 1, "created": true, "contexts": 2, "raw": 131392}
{"event": "linear_contribution_stage_complete", "lifecycle": 55, "stage": "B1", "context": 1, "created": true, "contexts": 2, "raw": 131333}
{"event": "linear_contribution_stage_complete", "lifecycle": 53, "stage": "B1", "context": 1, "created": true, "contexts": 2, "raw": 131611}
{"event": "linear_contribution_stage_complete", "lifecycle": 52, "stage": "B1", "context": 1, "created": true, "contexts": 2, "raw": 131810}
{"event": "linear_contribution_stage_complete", "lifecycle": 54, "stage": "A2", "context": 0, "created": false, "contexts": 2, "raw": 497}
{"event": "linear_contribution_stage_complete", "lifecycle": 55, "stage": "A2", "context": 0, "created": false, "contexts": 2, "raw": 587}
{"event": "linear_contribution_stage_complete", "lifecycle": 53, "stage": "A2", "context": 0, "created": false, "contexts": 2, "raw": 1021}
{"event": "linear_contribution_stage_complete", "lifecycle": 52, "stage": "A2", "context": 0, "created": false, "contexts": 2, "raw": 880}
{"event": "linear_contribution_stage_complete", "lifecycle": 54, "stage": "B2", "context": 1, "created": false, "contexts": 2, "raw": 648}
{"event": "linear_contribution_stage_complete", "lifecycle": 55, "stage": "B2", "context": 1, "created": false, "contexts": 2, "raw": 721}
{"event": "linear_contribution_stage_complete", "lifecycle": 53, "stage": "B2", "context": 1, "created": false, "contexts": 2, "raw": 720}
{"event": "linear_contribution_stage_complete", "lifecycle": 52, "stage": "B2", "context": 1, "created": false, "contexts": 2, "raw": 285}
{"event": "linear_contribution_stage_complete", "lifecycle": 54, "stage": "A3", "context": 0, "created": false, "contexts": 2, "raw": 892}
{"event": "linear_contribution_stage_complete", "lifecycle": 53, "stage": "A3", "context": 0, "created": false, "contexts": 2, "raw": 600}
{"event": "linear_contribution_stage_complete", "lifecycle": 55, "stage": "A3", "context": 0, "created": false, "contexts": 2, "raw": 760}
{"event": "linear_contribution_stage_complete", "lifecycle": 52, "stage": "A3", "context": 0, "created": false, "contexts": 2, "raw": 831}
{"event": "linear_contribution_stage_complete", "lifecycle": 58, "stage": "A1", "context": 0, "created": true, "contexts": 1, "raw": 131634}
{"event": "linear_contribution_stage_complete", "lifecycle": 57, "stage": "A1", "context": 0, "created": true, "contexts": 1, "raw": 132085}
{"event": "linear_contribution_stage_complete", "lifecycle": 59, "stage": "A1", "context": 0, "created": true, "contexts": 1, "raw": 131754}
{"event": "linear_contribution_stage_complete", "lifecycle": 56, "stage": "A1", "context": 0, "created": true, "contexts": 1, "raw": 131628}
{"event": "linear_contribution_stage_complete", "lifecycle": 58, "stage": "B1", "context": 1, "created": true, "contexts": 2, "raw": 131651}
{"event": "linear_contribution_stage_complete", "lifecycle": 57, "stage": "B1", "context": 1, "created": true, "contexts": 2, "raw": 131638}
{"event": "linear_contribution_stage_complete", "lifecycle": 59, "stage": "B1", "context": 1, "created": true, "contexts": 2, "raw": 131677}
{"event": "linear_contribution_stage_complete", "lifecycle": 56, "stage": "B1", "context": 1, "created": true, "contexts": 2, "raw": 131633}
{"event": "linear_contribution_stage_complete", "lifecycle": 58, "stage": "A2", "context": 0, "created": false, "contexts": 2, "raw": 859}
{"event": "linear_contribution_stage_complete", "lifecycle": 57, "stage": "A2", "context": 0, "created": false, "contexts": 2, "raw": 646}
{"event": "linear_contribution_stage_complete", "lifecycle": 59, "stage": "A2", "context": 0, "created": false, "contexts": 2, "raw": 955}
{"event": "linear_contribution_stage_complete", "lifecycle": 56, "stage": "A2", "context": 0, "created": false, "contexts": 2, "raw": 775}
{"event": "linear_contribution_stage_complete", "lifecycle": 58, "stage": "B2", "context": 1, "created": false, "contexts": 2, "raw": 401}
{"event": "linear_contribution_stage_complete", "lifecycle": 57, "stage": "B2", "context": 1, "created": false, "contexts": 2, "raw": 744}
{"event": "linear_contribution_stage_complete", "lifecycle": 59, "stage": "B2", "context": 1, "created": false, "contexts": 2, "raw": 584}
{"event": "linear_contribution_stage_complete", "lifecycle": 56, "stage": "B2", "context": 1, "created": false, "contexts": 2, "raw": 581}
{"event": "linear_contribution_stage_complete", "lifecycle": 58, "stage": "A3", "context": 0, "created": false, "contexts": 2, "raw": 920}
{"event": "linear_contribution_stage_complete", "lifecycle": 57, "stage": "A3", "context": 0, "created": false, "contexts": 2, "raw": 1015}
{"event": "linear_contribution_stage_complete", "lifecycle": 59, "stage": "A3", "context": 0, "created": false, "contexts": 2, "raw": 978}
{"event": "linear_contribution_stage_complete", "lifecycle": 56, "stage": "A3", "context": 0, "created": false, "contexts": 2, "raw": 1025}
{"event": "linear_contribution_stage_complete", "lifecycle": 62, "stage": "A1", "context": 0, "created": true, "contexts": 1, "raw": 131857}
{"event": "linear_contribution_stage_complete", "lifecycle": 61, "stage": "A1", "context": 0, "created": true, "contexts": 1, "raw": 131772}
{"event": "linear_contribution_stage_complete", "lifecycle": 63, "stage": "A1", "context": 0, "created": true, "contexts": 1, "raw": 132072}
{"event": "linear_contribution_stage_complete", "lifecycle": 60, "stage": "A1", "context": 0, "created": true, "contexts": 1, "raw": 131975}
{"event": "linear_contribution_stage_complete", "lifecycle": 62, "stage": "B1", "context": 1, "created": true, "contexts": 2, "raw": 131597}
{"event": "linear_contribution_stage_complete", "lifecycle": 61, "stage": "B1", "context": 1, "created": true, "contexts": 2, "raw": 131725}
{"event": "linear_contribution_stage_complete", "lifecycle": 63, "stage": "B1", "context": 1, "created": true, "contexts": 2, "raw": 131419}
{"event": "linear_contribution_stage_complete", "lifecycle": 60, "stage": "B1", "context": 1, "created": true, "contexts": 2, "raw": 131503}
{"event": "linear_contribution_stage_complete", "lifecycle": 62, "stage": "A2", "context": 0, "created": false, "contexts": 2, "raw": 1044}
{"event": "linear_contribution_stage_complete", "lifecycle": 61, "stage": "A2", "context": 0, "created": false, "contexts": 2, "raw": 407}
{"event": "linear_contribution_stage_complete", "lifecycle": 63, "stage": "A2", "context": 0, "created": false, "contexts": 2, "raw": 861}
{"event": "linear_contribution_stage_complete", "lifecycle": 60, "stage": "A2", "context": 0, "created": false, "contexts": 2, "raw": 742}
{"event": "linear_contribution_stage_complete", "lifecycle": 62, "stage": "B2", "context": 1, "created": false, "contexts": 2, "raw": 681}
{"event": "linear_contribution_stage_complete", "lifecycle": 61, "stage": "B2", "context": 1, "created": false, "contexts": 2, "raw": 406}
{"event": "linear_contribution_stage_complete", "lifecycle": 63, "stage": "B2", "context": 1, "created": false, "contexts": 2, "raw": 1075}
{"event": "linear_contribution_stage_complete", "lifecycle": 60, "stage": "B2", "context": 1, "created": false, "contexts": 2, "raw": 449}
{"event": "linear_contribution_stage_complete", "lifecycle": 62, "stage": "A3", "context": 0, "created": false, "contexts": 2, "raw": 869}
{"event": "linear_contribution_stage_complete", "lifecycle": 61, "stage": "A3", "context": 0, "created": false, "contexts": 2, "raw": 667}
{"event": "linear_contribution_stage_complete", "lifecycle": 63, "stage": "A3", "context": 0, "created": false, "contexts": 2, "raw": 1074}
{"event": "linear_contribution_stage_complete", "lifecycle": 60, "stage": "A3", "context": 0, "created": false, "contexts": 2, "raw": 922}
{"event": "linear_contribution_complete", "primary": {"mean": 1.026153564453125, "ci95": [0.8014118313789368, 1.2536043047904966], "lifecycle_deltas": {"0": 1.32513427734375, "1": 2.51666259765625, "2": 0.498931884765625, "3": 1.776123046875, "4": 0.549163818359375, "5": 0.22027587890625, "6": 0.6263427734375, "7": 0.2216796875, "8": 1.20220947265625, "9": 2.256988525390625, "10": 0.43084716796875, "11": 0.914276123046875, "12": -0.3306884765625, "13": 0.0916748046875, "14": 1.334503173828125, "15": 2.0416259765625, "16": 0.8748779296875, "17": -0.274383544921875, "18": -0.560943603515625, "19": 0.690643310546875, "20": 2.02142333984375, "21": 1.09844970703125, "22": 1.413848876953125, "23": 0.7171630859375, "24": 0.896881103515625, "25": 2.27044677734375, "26": 2.837005615234375, "27": 0.75982666015625, "28": 2.454345703125, "29": 0.435211181640625, "30": -0.40924072265625, "31": 1.7196044921875, "32": 1.691925048828125, "33": 0.9171142578125, "34": 1.392364501953125, "35": 0.8126220703125, "36": 2.187347412109375, "37": 1.966796875, "38": 2.21722412109375, "39": 0.651275634765625, "40": 1.26226806640625, "41": 1.003204345703125, "42": 1.810791015625, "43": -1.151275634765625, "44": -0.40240478515625, "45": 1.10400390625, "46": 2.12298583984375, "47": 0.1015625, "48": -0.22216796875, "49": 1.952545166015625, "50": 0.1903076171875, "51": 0.734893798828125, "52": 1.660552978515625, "53": 1.163238525390625, "54": 1.093353271484375, "55": 1.686370849609375, "56": 0.24566650390625, "57": 1.915008544921875, "58": 0.488006591796875, "59": -0.7745361328125, "60": 3.144195556640625, "61": -0.32159423828125, "62": 1.76263427734375, "63": 0.646636962890625}, "improved_equal_worse": [55, 0, 9], "adverse_lifecycles": [12, 17, 18, 30, 43, 44, 48, 59, 61], "parent_mean_deltas": {"0": 1.1600456237792969, "1": 1.1447277069091797, "2": 1.0780601501464844, "3": 0.7217807769775391}, "interval_scope": "CONDITIONAL_ON_FOUR_FROZEN_PARENTS"}, "net_gain": true, "retention": {"A_after_B1": "SUPPORTED_NONDECREASE", "A_return_A2": "SUPPORTED_NONDECREASE", "A_after_B2": "SUPPORTED_NONDECREASE", "A_final_vs_A1": "SUPPORTED_NONDECREASE", "B_after_A2": "SUPPORTED_NONDECREASE", "B_return_B2": "SUPPORTED_NONDECREASE", "B_final_vs_B1": "SUPPORTED_NONDECREASE"}}
