{"event": "experience_replay_arm_complete", "lifecycle": 0, "arm": "SOURCE", "updates": 0, "utility": 9.3035888671875}
{"event": "experience_replay_arm_complete", "lifecycle": 1, "arm": "SOURCE", "updates": 0, "utility": 8.8343505859375}
{"event": "experience_replay_arm_complete", "lifecycle": 2, "arm": "SOURCE", "updates": 0, "utility": 8.875}
{"event": "experience_replay_arm_complete", "lifecycle": 3, "arm": "SOURCE", "updates": 0, "utility": 8.58477783203125}
{"event": "experience_replay_arm_complete", "lifecycle": 0, "arm": "A1_FROZEN", "updates": 103775, "utility": 11.02911376953125}
{"event": "experience_replay_arm_complete", "lifecycle": 1, "arm": "A1_FROZEN", "updates": 103608, "utility": 10.0810546875}
{"event": "experience_replay_arm_complete", "lifecycle": 2, "arm": "A1_FROZEN", "updates": 104363, "utility": 9.33782958984375}
{"event": "experience_replay_arm_complete", "lifecycle": 3, "arm": "A1_FROZEN", "updates": 103866, "utility": 11.84771728515625}
{"event": "experience_replay_arm_complete", "lifecycle": 0, "arm": "NEW_ONLY", "updates": 209032, "utility": 10.598876953125}
{"event": "experience_replay_arm_complete", "lifecycle": 1, "arm": "NEW_ONLY", "updates": 207732, "utility": 10.5628662109375}
{"event": "experience_replay_arm_complete", "lifecycle": 2, "arm": "NEW_ONLY", "updates": 207639, "utility": 10.8662109375}
{"event": "experience_replay_arm_complete", "lifecycle": 3, "arm": "NEW_ONLY", "updates": 207072, "utility": 11.52313232421875}
{"event": "experience_replay_arm_complete", "lifecycle": 0, "arm": "MIXED_REPLAY", "updates": 209032, "utility": 10.6451416015625}
{"event": "experience_replay_arm_complete", "lifecycle": 1, "arm": "MIXED_REPLAY", "updates": 207732, "utility": 9.9161376953125}
{"event": "experience_replay_arm_complete", "lifecycle": 2, "arm": "MIXED_REPLAY", "updates": 207639, "utility": 11.3341064453125}
{"event": "experience_replay_arm_complete", "lifecycle": 3, "arm": "MIXED_REPLAY", "updates": 207072, "utility": 9.8955078125}
{"event": "experience_replay_arm_complete", "lifecycle": 4, "arm": "SOURCE", "updates": 0, "utility": 8.9144287109375}
{"event": "experience_replay_arm_complete", "lifecycle": 6, "arm": "SOURCE", "updates": 0, "utility": 10.5316162109375}
{"event": "experience_replay_arm_complete", "lifecycle": 5, "arm": "SOURCE", "updates": 0, "utility": 8.09906005859375}
{"event": "experience_replay_arm_complete", "lifecycle": 7, "arm": "SOURCE", "updates": 0, "utility": 8.33709716796875}
{"event": "experience_replay_arm_complete", "lifecycle": 4, "arm": "A1_FROZEN", "updates": 105204, "utility": 9.46356201171875}
{"event": "experience_replay_arm_complete", "lifecycle": 6, "arm": "A1_FROZEN", "updates": 104023, "utility": 10.50714111328125}
{"event": "experience_replay_arm_complete", "lifecycle": 5, "arm": "A1_FROZEN", "updates": 103205, "utility": 10.10931396484375}
{"event": "experience_replay_arm_complete", "lifecycle": 7, "arm": "A1_FROZEN", "updates": 104980, "utility": 9.9017333984375}
{"event": "experience_replay_arm_complete", "lifecycle": 4, "arm": "NEW_ONLY", "updates": 209221, "utility": 8.702392578125}
{"event": "experience_replay_arm_complete", "lifecycle": 6, "arm": "NEW_ONLY", "updates": 207737, "utility": 10.0948486328125}
{"event": "experience_replay_arm_complete", "lifecycle": 5, "arm": "NEW_ONLY", "updates": 207375, "utility": 10.92138671875}
{"event": "experience_replay_arm_complete", "lifecycle": 7, "arm": "NEW_ONLY", "updates": 207886, "utility": 10.66375732421875}
{"event": "experience_replay_arm_complete", "lifecycle": 4, "arm": "MIXED_REPLAY", "updates": 209221, "utility": 11.36572265625}
{"event": "experience_replay_arm_complete", "lifecycle": 6, "arm": "MIXED_REPLAY", "updates": 207737, "utility": 11.30181884765625}
{"event": "experience_replay_arm_complete", "lifecycle": 5, "arm": "MIXED_REPLAY", "updates": 207375, "utility": 12.087890625}
{"event": "experience_replay_arm_complete", "lifecycle": 7, "arm": "MIXED_REPLAY", "updates": 207886, "utility": 10.35626220703125}
{"event": "experience_replay_arm_complete", "lifecycle": 8, "arm": "SOURCE", "updates": 0, "utility": 8.1673583984375}
{"event": "experience_replay_arm_complete", "lifecycle": 10, "arm": "SOURCE", "updates": 0, "utility": 9.27117919921875}
{"event": "experience_replay_arm_complete", "lifecycle": 9, "arm": "SOURCE", "updates": 0, "utility": 8.6536865234375}
{"event": "experience_replay_arm_complete", "lifecycle": 11, "arm": "SOURCE", "updates": 0, "utility": 10.03277587890625}
{"event": "experience_replay_arm_complete", "lifecycle": 8, "arm": "A1_FROZEN", "updates": 103842, "utility": 9.64581298828125}
{"event": "experience_replay_arm_complete", "lifecycle": 10, "arm": "A1_FROZEN", "updates": 103527, "utility": 11.64154052734375}
{"event": "experience_replay_arm_complete", "lifecycle": 9, "arm": "A1_FROZEN", "updates": 104269, "utility": 9.96533203125}
{"event": "experience_replay_arm_complete", "lifecycle": 11, "arm": "A1_FROZEN", "updates": 103073, "utility": 11.84033203125}
{"event": "experience_replay_arm_complete", "lifecycle": 8, "arm": "NEW_ONLY", "updates": 209089, "utility": 11.61334228515625}
{"event": "experience_replay_arm_complete", "lifecycle": 10, "arm": "NEW_ONLY", "updates": 206562, "utility": 10.41290283203125}
{"event": "experience_replay_arm_complete", "lifecycle": 9, "arm": "NEW_ONLY", "updates": 208097, "utility": 11.18109130859375}
{"event": "experience_replay_arm_complete", "lifecycle": 11, "arm": "NEW_ONLY", "updates": 206501, "utility": 10.845703125}
{"event": "experience_replay_arm_complete", "lifecycle": 8, "arm": "MIXED_REPLAY", "updates": 209089, "utility": 10.65838623046875}
{"event": "experience_replay_arm_complete", "lifecycle": 10, "arm": "MIXED_REPLAY", "updates": 206562, "utility": 9.78985595703125}
{"event": "experience_replay_arm_complete", "lifecycle": 9, "arm": "MIXED_REPLAY", "updates": 208097, "utility": 10.8170166015625}
{"event": "experience_replay_arm_complete", "lifecycle": 11, "arm": "MIXED_REPLAY", "updates": 206501, "utility": 9.49114990234375}
{"event": "experience_replay_arm_complete", "lifecycle": 12, "arm": "SOURCE", "updates": 0, "utility": 9.694091796875}
{"event": "experience_replay_arm_complete", "lifecycle": 14, "arm": "SOURCE", "updates": 0, "utility": 9.848388671875}
{"event": "experience_replay_arm_complete", "lifecycle": 13, "arm": "SOURCE", "updates": 0, "utility": 9.91259765625}
{"event": "experience_replay_arm_complete", "lifecycle": 15, "arm": "SOURCE", "updates": 0, "utility": 10.7401123046875}
{"event": "experience_replay_arm_complete", "lifecycle": 12, "arm": "A1_FROZEN", "updates": 103632, "utility": 9.4229736328125}
{"event": "experience_replay_arm_complete", "lifecycle": 14, "arm": "A1_FROZEN", "updates": 104700, "utility": 9.83782958984375}
{"event": "experience_replay_arm_complete", "lifecycle": 13, "arm": "A1_FROZEN", "updates": 103121, "utility": 9.37738037109375}
{"event": "experience_replay_arm_complete", "lifecycle": 15, "arm": "A1_FROZEN", "updates": 105648, "utility": 10.0516357421875}
{"event": "experience_replay_arm_complete", "lifecycle": 12, "arm": "NEW_ONLY", "updates": 207367, "utility": 9.3331298828125}
{"event": "experience_replay_arm_complete", "lifecycle": 14, "arm": "NEW_ONLY", "updates": 208334, "utility": 10.36212158203125}
{"event": "experience_replay_arm_complete", "lifecycle": 13, "arm": "NEW_ONLY", "updates": 207564, "utility": 9.263916015625}
{"event": "experience_replay_arm_complete", "lifecycle": 15, "arm": "NEW_ONLY", "updates": 209114, "utility": 12.5570068359375}
{"event": "experience_replay_arm_complete", "lifecycle": 12, "arm": "MIXED_REPLAY", "updates": 207367, "utility": 8.95166015625}
{"event": "experience_replay_arm_complete", "lifecycle": 14, "arm": "MIXED_REPLAY", "updates": 208334, "utility": 10.2989501953125}
{"event": "experience_replay_arm_complete", "lifecycle": 13, "arm": "MIXED_REPLAY", "updates": 207564, "utility": 10.1025390625}
{"event": "experience_replay_arm_complete", "lifecycle": 15, "arm": "MIXED_REPLAY", "updates": 209114, "utility": 11.471923828125}
{"event": "experience_replay_arm_complete", "lifecycle": 18, "arm": "SOURCE", "updates": 0, "utility": 11.6798095703125}
{"event": "experience_replay_arm_complete", "lifecycle": 16, "arm": "SOURCE", "updates": 0, "utility": 8.94866943359375}
{"event": "experience_replay_arm_complete", "lifecycle": 17, "arm": "SOURCE", "updates": 0, "utility": 10.3765869140625}
{"event": "experience_replay_arm_complete", "lifecycle": 18, "arm": "A1_FROZEN", "updates": 104073, "utility": 10.187255859375}
{"event": "experience_replay_arm_complete", "lifecycle": 16, "arm": "A1_FROZEN", "updates": 104276, "utility": 10.37860107421875}
{"event": "experience_replay_arm_complete", "lifecycle": 19, "arm": "SOURCE", "updates": 0, "utility": 8.6353759765625}
{"event": "experience_replay_arm_complete", "lifecycle": 17, "arm": "A1_FROZEN", "updates": 103143, "utility": 11.43341064453125}
{"event": "experience_replay_arm_complete", "lifecycle": 19, "arm": "A1_FROZEN", "updates": 105109, "utility": 11.61419677734375}
{"event": "experience_replay_arm_complete", "lifecycle": 18, "arm": "NEW_ONLY", "updates": 209491, "utility": 9.097900390625}
{"event": "experience_replay_arm_complete", "lifecycle": 16, "arm": "NEW_ONLY", "updates": 208704, "utility": 10.0638427734375}
{"event": "experience_replay_arm_complete", "lifecycle": 17, "arm": "NEW_ONLY", "updates": 206797, "utility": 9.3798828125}
{"event": "experience_replay_arm_complete", "lifecycle": 19, "arm": "NEW_ONLY", "updates": 208880, "utility": 11.8751220703125}
{"event": "experience_replay_arm_complete", "lifecycle": 18, "arm": "MIXED_REPLAY", "updates": 209491, "utility": 10.36700439453125}
{"event": "experience_replay_arm_complete", "lifecycle": 16, "arm": "MIXED_REPLAY", "updates": 208704, "utility": 10.94805908203125}
{"event": "experience_replay_arm_complete", "lifecycle": 17, "arm": "MIXED_REPLAY", "updates": 206797, "utility": 8.1492919921875}
{"event": "experience_replay_arm_complete", "lifecycle": 19, "arm": "MIXED_REPLAY", "updates": 208880, "utility": 11.745849609375}
{"event": "experience_replay_arm_complete", "lifecycle": 22, "arm": "SOURCE", "updates": 0, "utility": 7.8724365234375}
{"event": "experience_replay_arm_complete", "lifecycle": 20, "arm": "SOURCE", "updates": 0, "utility": 8.76708984375}
{"event": "experience_replay_arm_complete", "lifecycle": 22, "arm": "A1_FROZEN", "updates": 103102, "utility": 11.7177734375}
{"event": "experience_replay_arm_complete", "lifecycle": 21, "arm": "SOURCE", "updates": 0, "utility": 9.11798095703125}
{"event": "experience_replay_arm_complete", "lifecycle": 23, "arm": "SOURCE", "updates": 0, "utility": 11.3570556640625}
{"event": "experience_replay_arm_complete", "lifecycle": 20, "arm": "A1_FROZEN", "updates": 104235, "utility": 11.55145263671875}
{"event": "experience_replay_arm_complete", "lifecycle": 21, "arm": "A1_FROZEN", "updates": 103938, "utility": 10.6832275390625}
{"event": "experience_replay_arm_complete", "lifecycle": 23, "arm": "A1_FROZEN", "updates": 103709, "utility": 11.18194580078125}
{"event": "experience_replay_arm_complete", "lifecycle": 22, "arm": "NEW_ONLY", "updates": 207251, "utility": 10.76422119140625}
{"event": "experience_replay_arm_complete", "lifecycle": 20, "arm": "NEW_ONLY", "updates": 207753, "utility": 10.12158203125}
{"event": "experience_replay_arm_complete", "lifecycle": 21, "arm": "NEW_ONLY", "updates": 207216, "utility": 9.6661376953125}
{"event": "experience_replay_arm_complete", "lifecycle": 23, "arm": "NEW_ONLY", "updates": 207284, "utility": 9.49114990234375}
{"event": "experience_replay_arm_complete", "lifecycle": 22, "arm": "MIXED_REPLAY", "updates": 207251, "utility": 10.302978515625}
{"event": "experience_replay_arm_complete", "lifecycle": 20, "arm": "MIXED_REPLAY", "updates": 207753, "utility": 10.19683837890625}
{"event": "experience_replay_arm_complete", "lifecycle": 21, "arm": "MIXED_REPLAY", "updates": 207216, "utility": 10.42401123046875}
{"event": "experience_replay_arm_complete", "lifecycle": 23, "arm": "MIXED_REPLAY", "updates": 207284, "utility": 11.7550048828125}
{"event": "experience_replay_arm_complete", "lifecycle": 26, "arm": "SOURCE", "updates": 0, "utility": 10.6661376953125}
{"event": "experience_replay_arm_complete", "lifecycle": 24, "arm": "SOURCE", "updates": 0, "utility": 8.6214599609375}
{"event": "experience_replay_arm_complete", "lifecycle": 26, "arm": "A1_FROZEN", "updates": 103692, "utility": 9.86077880859375}
{"event": "experience_replay_arm_complete", "lifecycle": 25, "arm": "SOURCE", "updates": 0, "utility": 11.64984130859375}
{"event": "experience_replay_arm_complete", "lifecycle": 24, "arm": "A1_FROZEN", "updates": 103335, "utility": 10.17803955078125}
{"event": "experience_replay_arm_complete", "lifecycle": 27, "arm": "SOURCE", "updates": 0, "utility": 8.53338623046875}
{"event": "experience_replay_arm_complete", "lifecycle": 25, "arm": "A1_FROZEN", "updates": 103672, "utility": 11.056640625}
{"event": "experience_replay_arm_complete", "lifecycle": 26, "arm": "NEW_ONLY", "updates": 207484, "utility": 11.2525634765625}
{"event": "experience_replay_arm_complete", "lifecycle": 27, "arm": "A1_FROZEN", "updates": 102825, "utility": 11.70782470703125}
{"event": "experience_replay_arm_complete", "lifecycle": 24, "arm": "NEW_ONLY", "updates": 206706, "utility": 11.551025390625}
{"event": "experience_replay_arm_complete", "lifecycle": 26, "arm": "MIXED_REPLAY", "updates": 207484, "utility": 10.0799560546875}
{"event": "experience_replay_arm_complete", "lifecycle": 25, "arm": "NEW_ONLY", "updates": 207382, "utility": 9.948486328125}
{"event": "experience_replay_arm_complete", "lifecycle": 27, "arm": "NEW_ONLY", "updates": 206587, "utility": 10.82562255859375}
{"event": "experience_replay_arm_complete", "lifecycle": 24, "arm": "MIXED_REPLAY", "updates": 206706, "utility": 9.014892578125}
{"event": "experience_replay_arm_complete", "lifecycle": 25, "arm": "MIXED_REPLAY", "updates": 207382, "utility": 9.18304443359375}
{"event": "experience_replay_arm_complete", "lifecycle": 27, "arm": "MIXED_REPLAY", "updates": 206587, "utility": 10.0035400390625}
{"event": "experience_replay_arm_complete", "lifecycle": 30, "arm": "SOURCE", "updates": 0, "utility": 10.7581787109375}
{"event": "experience_replay_arm_complete", "lifecycle": 28, "arm": "SOURCE", "updates": 0, "utility": 7.75885009765625}
{"event": "experience_replay_arm_complete", "lifecycle": 30, "arm": "A1_FROZEN", "updates": 102750, "utility": 9.82415771484375}
{"event": "experience_replay_arm_complete", "lifecycle": 28, "arm": "A1_FROZEN", "updates": 102346, "utility": 11.59619140625}
{"event": "experience_replay_arm_complete", "lifecycle": 29, "arm": "SOURCE", "updates": 0, "utility": 8.275390625}
{"event": "experience_replay_arm_complete", "lifecycle": 31, "arm": "SOURCE", "updates": 0, "utility": 8.5831298828125}
{"event": "experience_replay_arm_complete", "lifecycle": 29, "arm": "A1_FROZEN", "updates": 104678, "utility": 11.99395751953125}
{"event": "experience_replay_arm_complete", "lifecycle": 30, "arm": "NEW_ONLY", "updates": 206612, "utility": 11.7037353515625}
{"event": "experience_replay_arm_complete", "lifecycle": 31, "arm": "A1_FROZEN", "updates": 104525, "utility": 10.626953125}
{"event": "experience_replay_arm_complete", "lifecycle": 28, "arm": "NEW_ONLY", "updates": 205793, "utility": 10.57403564453125}
{"event": "experience_replay_arm_complete", "lifecycle": 29, "arm": "NEW_ONLY", "updates": 207701, "utility": 9.81964111328125}
{"event": "experience_replay_arm_complete", "lifecycle": 28, "arm": "MIXED_REPLAY", "updates": 205793, "utility": 8.847412109375}
{"event": "experience_replay_arm_complete", "lifecycle": 30, "arm": "MIXED_REPLAY", "updates": 206612, "utility": 9.62548828125}
{"event": "experience_replay_arm_complete", "lifecycle": 31, "arm": "NEW_ONLY", "updates": 208261, "utility": 9.859130859375}
{"event": "experience_replay_arm_complete", "lifecycle": 29, "arm": "MIXED_REPLAY", "updates": 207701, "utility": 9.65167236328125}
{"event": "experience_replay_arm_complete", "lifecycle": 31, "arm": "MIXED_REPLAY", "updates": 208261, "utility": 10.06170654296875}
{"event": "experience_replay_arm_complete", "lifecycle": 34, "arm": "SOURCE", "updates": 0, "utility": 7.9334716796875}
{"event": "experience_replay_arm_complete", "lifecycle": 32, "arm": "SOURCE", "updates": 0, "utility": 8.9686279296875}
{"event": "experience_replay_arm_complete", "lifecycle": 33, "arm": "SOURCE", "updates": 0, "utility": 8.507568359375}
{"event": "experience_replay_arm_complete", "lifecycle": 35, "arm": "SOURCE", "updates": 0, "utility": 8.31884765625}
{"event": "experience_replay_arm_complete", "lifecycle": 34, "arm": "A1_FROZEN", "updates": 104041, "utility": 11.9951171875}
{"event": "experience_replay_arm_complete", "lifecycle": 32, "arm": "A1_FROZEN", "updates": 103775, "utility": 9.450439453125}
{"event": "experience_replay_arm_complete", "lifecycle": 33, "arm": "A1_FROZEN", "updates": 103847, "utility": 10.32373046875}
{"event": "experience_replay_arm_complete", "lifecycle": 35, "arm": "A1_FROZEN", "updates": 103513, "utility": 11.3577880859375}
{"event": "experience_replay_arm_complete", "lifecycle": 34, "arm": "NEW_ONLY", "updates": 207779, "utility": 11.77410888671875}
{"event": "experience_replay_arm_complete", "lifecycle": 32, "arm": "NEW_ONLY", "updates": 207960, "utility": 10.965087890625}
{"event": "experience_replay_arm_complete", "lifecycle": 33, "arm": "NEW_ONLY", "updates": 206674, "utility": 11.18408203125}
{"event": "experience_replay_arm_complete", "lifecycle": 35, "arm": "NEW_ONLY", "updates": 207052, "utility": 9.82861328125}
{"event": "experience_replay_arm_complete", "lifecycle": 34, "arm": "MIXED_REPLAY", "updates": 207779, "utility": 10.6671142578125}
{"event": "experience_replay_arm_complete", "lifecycle": 32, "arm": "MIXED_REPLAY", "updates": 207960, "utility": 9.88922119140625}
{"event": "experience_replay_arm_complete", "lifecycle": 33, "arm": "MIXED_REPLAY", "updates": 206674, "utility": 9.1016845703125}
{"event": "experience_replay_arm_complete", "lifecycle": 35, "arm": "MIXED_REPLAY", "updates": 207052, "utility": 10.1568603515625}
{"event": "experience_replay_arm_complete", "lifecycle": 38, "arm": "SOURCE", "updates": 0, "utility": 8.216796875}
{"event": "experience_replay_arm_complete", "lifecycle": 36, "arm": "SOURCE", "updates": 0, "utility": 9.3402099609375}
{"event": "experience_replay_arm_complete", "lifecycle": 37, "arm": "SOURCE", "updates": 0, "utility": 8.90411376953125}
{"event": "experience_replay_arm_complete", "lifecycle": 39, "arm": "SOURCE", "updates": 0, "utility": 10.0218505859375}
{"event": "experience_replay_arm_complete", "lifecycle": 38, "arm": "A1_FROZEN", "updates": 103420, "utility": 13.4990234375}
{"event": "experience_replay_arm_complete", "lifecycle": 36, "arm": "A1_FROZEN", "updates": 104030, "utility": 11.13555908203125}
{"event": "experience_replay_arm_complete", "lifecycle": 39, "arm": "A1_FROZEN", "updates": 103493, "utility": 8.2965087890625}
{"event": "experience_replay_arm_complete", "lifecycle": 37, "arm": "A1_FROZEN", "updates": 103218, "utility": 9.98388671875}
{"event": "experience_replay_arm_complete", "lifecycle": 38, "arm": "NEW_ONLY", "updates": 207075, "utility": 10.7821044921875}
{"event": "experience_replay_arm_complete", "lifecycle": 36, "arm": "NEW_ONLY", "updates": 207342, "utility": 10.5185546875}
{"event": "experience_replay_arm_complete", "lifecycle": 37, "arm": "NEW_ONLY", "updates": 207272, "utility": 8.86810302734375}
{"event": "experience_replay_arm_complete", "lifecycle": 39, "arm": "NEW_ONLY", "updates": 206798, "utility": 12.41351318359375}
{"event": "experience_replay_arm_complete", "lifecycle": 38, "arm": "MIXED_REPLAY", "updates": 207075, "utility": 9.05926513671875}
{"event": "experience_replay_arm_complete", "lifecycle": 36, "arm": "MIXED_REPLAY", "updates": 207342, "utility": 9.8846435546875}
{"event": "experience_replay_arm_complete", "lifecycle": 37, "arm": "MIXED_REPLAY", "updates": 207272, "utility": 8.68182373046875}
{"event": "experience_replay_arm_complete", "lifecycle": 39, "arm": "MIXED_REPLAY", "updates": 206798, "utility": 10.606201171875}
{"event": "experience_replay_arm_complete", "lifecycle": 42, "arm": "SOURCE", "updates": 0, "utility": 10.1651611328125}
{"event": "experience_replay_arm_complete", "lifecycle": 40, "arm": "SOURCE", "updates": 0, "utility": 9.145263671875}
{"event": "experience_replay_arm_complete", "lifecycle": 43, "arm": "SOURCE", "updates": 0, "utility": 10.470947265625}
{"event": "experience_replay_arm_complete", "lifecycle": 41, "arm": "SOURCE", "updates": 0, "utility": 9.02886962890625}
{"event": "experience_replay_arm_complete", "lifecycle": 42, "arm": "A1_FROZEN", "updates": 103168, "utility": 10.82037353515625}
{"event": "experience_replay_arm_complete", "lifecycle": 40, "arm": "A1_FROZEN", "updates": 104786, "utility": 10.0716552734375}
{"event": "experience_replay_arm_complete", "lifecycle": 43, "arm": "A1_FROZEN", "updates": 104166, "utility": 9.89599609375}
{"event": "experience_replay_arm_complete", "lifecycle": 41, "arm": "A1_FROZEN", "updates": 103777, "utility": 12.460693359375}
{"event": "experience_replay_arm_complete", "lifecycle": 42, "arm": "NEW_ONLY", "updates": 206689, "utility": 9.99884033203125}
{"event": "experience_replay_arm_complete", "lifecycle": 40, "arm": "NEW_ONLY", "updates": 208843, "utility": 10.7447509765625}
{"event": "experience_replay_arm_complete", "lifecycle": 43, "arm": "NEW_ONLY", "updates": 207008, "utility": 11.15478515625}
{"event": "experience_replay_arm_complete", "lifecycle": 41, "arm": "NEW_ONLY", "updates": 207801, "utility": 9.226806640625}
{"event": "experience_replay_arm_complete", "lifecycle": 42, "arm": "MIXED_REPLAY", "updates": 206689, "utility": 8.82025146484375}
{"event": "experience_replay_arm_complete", "lifecycle": 40, "arm": "MIXED_REPLAY", "updates": 208843, "utility": 8.461669921875}
{"event": "experience_replay_arm_complete", "lifecycle": 43, "arm": "MIXED_REPLAY", "updates": 207008, "utility": 9.947509765625}
{"event": "experience_replay_arm_complete", "lifecycle": 41, "arm": "MIXED_REPLAY", "updates": 207801, "utility": 12.78973388671875}
{"event": "experience_replay_arm_complete", "lifecycle": 46, "arm": "SOURCE", "updates": 0, "utility": 11.547607421875}
{"event": "experience_replay_arm_complete", "lifecycle": 44, "arm": "SOURCE", "updates": 0, "utility": 8.16815185546875}
{"event": "experience_replay_arm_complete", "lifecycle": 47, "arm": "SOURCE", "updates": 0, "utility": 8.98992919921875}
{"event": "experience_replay_arm_complete", "lifecycle": 46, "arm": "A1_FROZEN", "updates": 103900, "utility": 9.80352783203125}
{"event": "experience_replay_arm_complete", "lifecycle": 45, "arm": "SOURCE", "updates": 0, "utility": 8.52520751953125}
{"event": "experience_replay_arm_complete", "lifecycle": 44, "arm": "A1_FROZEN", "updates": 104337, "utility": 9.791015625}
{"event": "experience_replay_arm_complete", "lifecycle": 47, "arm": "A1_FROZEN", "updates": 103673, "utility": 9.5369873046875}
{"event": "experience_replay_arm_complete", "lifecycle": 45, "arm": "A1_FROZEN", "updates": 105242, "utility": 12.0384521484375}
{"event": "experience_replay_arm_complete", "lifecycle": 46, "arm": "NEW_ONLY", "updates": 207358, "utility": 9.65576171875}
{"event": "experience_replay_arm_complete", "lifecycle": 44, "arm": "NEW_ONLY", "updates": 209108, "utility": 10.4849853515625}
{"event": "experience_replay_arm_complete", "lifecycle": 47, "arm": "NEW_ONLY", "updates": 206874, "utility": 10.7459716796875}
{"event": "experience_replay_arm_complete", "lifecycle": 45, "arm": "NEW_ONLY", "updates": 208980, "utility": 11.1097412109375}
{"event": "experience_replay_arm_complete", "lifecycle": 46, "arm": "MIXED_REPLAY", "updates": 207358, "utility": 9.5347900390625}
{"event": "experience_replay_arm_complete", "lifecycle": 44, "arm": "MIXED_REPLAY", "updates": 209108, "utility": 8.7830810546875}
{"event": "experience_replay_arm_complete", "lifecycle": 47, "arm": "MIXED_REPLAY", "updates": 206874, "utility": 10.13079833984375}
{"event": "experience_replay_arm_complete", "lifecycle": 45, "arm": "MIXED_REPLAY", "updates": 208980, "utility": 12.22686767578125}
{"event": "experience_replay_arm_complete", "lifecycle": 50, "arm": "SOURCE", "updates": 0, "utility": 9.73004150390625}
{"event": "experience_replay_arm_complete", "lifecycle": 48, "arm": "SOURCE", "updates": 0, "utility": 9.9691162109375}
{"event": "experience_replay_arm_complete", "lifecycle": 51, "arm": "SOURCE", "updates": 0, "utility": 8.86492919921875}
{"event": "experience_replay_arm_complete", "lifecycle": 50, "arm": "A1_FROZEN", "updates": 103140, "utility": 10.35833740234375}
{"event": "experience_replay_arm_complete", "lifecycle": 49, "arm": "SOURCE", "updates": 0, "utility": 9.0643310546875}
{"event": "experience_replay_arm_complete", "lifecycle": 48, "arm": "A1_FROZEN", "updates": 104338, "utility": 10.1656494140625}
{"event": "experience_replay_arm_complete", "lifecycle": 51, "arm": "A1_FROZEN", "updates": 104786, "utility": 10.563720703125}
{"event": "experience_replay_arm_complete", "lifecycle": 49, "arm": "A1_FROZEN", "updates": 103478, "utility": 10.74273681640625}
{"event": "experience_replay_arm_complete", "lifecycle": 50, "arm": "NEW_ONLY", "updates": 206382, "utility": 10.82843017578125}
{"event": "experience_replay_arm_complete", "lifecycle": 48, "arm": "NEW_ONLY", "updates": 207254, "utility": 10.9041748046875}
{"event": "experience_replay_arm_complete", "lifecycle": 51, "arm": "NEW_ONLY", "updates": 207112, "utility": 9.1688232421875}
{"event": "experience_replay_arm_complete", "lifecycle": 49, "arm": "NEW_ONLY", "updates": 207582, "utility": 11.68096923828125}
{"event": "experience_replay_arm_complete", "lifecycle": 50, "arm": "MIXED_REPLAY", "updates": 206382, "utility": 10.85809326171875}
{"event": "experience_replay_arm_complete", "lifecycle": 48, "arm": "MIXED_REPLAY", "updates": 207254, "utility": 10.75531005859375}
{"event": "experience_replay_arm_complete", "lifecycle": 51, "arm": "MIXED_REPLAY", "updates": 207112, "utility": 10.5341796875}
{"event": "experience_replay_arm_complete", "lifecycle": 49, "arm": "MIXED_REPLAY", "updates": 207582, "utility": 11.3372802734375}
{"event": "experience_replay_arm_complete", "lifecycle": 54, "arm": "SOURCE", "updates": 0, "utility": 8.95233154296875}
{"event": "experience_replay_arm_complete", "lifecycle": 52, "arm": "SOURCE", "updates": 0, "utility": 8.17889404296875}
{"event": "experience_replay_arm_complete", "lifecycle": 55, "arm": "SOURCE", "updates": 0, "utility": 9.9163818359375}
{"event": "experience_replay_arm_complete", "lifecycle": 54, "arm": "A1_FROZEN", "updates": 103281, "utility": 10.630615234375}
{"event": "experience_replay_arm_complete", "lifecycle": 53, "arm": "SOURCE", "updates": 0, "utility": 9.58966064453125}
{"event": "experience_replay_arm_complete", "lifecycle": 52, "arm": "A1_FROZEN", "updates": 104338, "utility": 9.552001953125}
{"event": "experience_replay_arm_complete", "lifecycle": 55, "arm": "A1_FROZEN", "updates": 103721, "utility": 11.653076171875}
{"event": "experience_replay_arm_complete", "lifecycle": 54, "arm": "NEW_ONLY", "updates": 208610, "utility": 9.82452392578125}
{"event": "experience_replay_arm_complete", "lifecycle": 53, "arm": "A1_FROZEN", "updates": 103201, "utility": 11.0867919921875}
{"event": "experience_replay_arm_complete", "lifecycle": 52, "arm": "NEW_ONLY", "updates": 208349, "utility": 8.89776611328125}
{"event": "experience_replay_arm_complete", "lifecycle": 55, "arm": "NEW_ONLY", "updates": 207517, "utility": 11.04498291015625}
{"event": "experience_replay_arm_complete", "lifecycle": 54, "arm": "MIXED_REPLAY", "updates": 208610, "utility": 9.42535400390625}
{"event": "experience_replay_arm_complete", "lifecycle": 53, "arm": "NEW_ONLY", "updates": 206837, "utility": 12.75421142578125}
{"event": "experience_replay_arm_complete", "lifecycle": 52, "arm": "MIXED_REPLAY", "updates": 208349, "utility": 10.10418701171875}
{"event": "experience_replay_arm_complete", "lifecycle": 55, "arm": "MIXED_REPLAY", "updates": 207517, "utility": 9.44500732421875}
{"event": "experience_replay_arm_complete", "lifecycle": 53, "arm": "MIXED_REPLAY", "updates": 206837, "utility": 8.83575439453125}
{"event": "experience_replay_arm_complete", "lifecycle": 58, "arm": "SOURCE", "updates": 0, "utility": 9.9228515625}
{"event": "experience_replay_arm_complete", "lifecycle": 58, "arm": "A1_FROZEN", "updates": 103172, "utility": 10.79986572265625}
{"event": "experience_replay_arm_complete", "lifecycle": 56, "arm": "SOURCE", "updates": 0, "utility": 9.9627685546875}
{"event": "experience_replay_arm_complete", "lifecycle": 59, "arm": "SOURCE", "updates": 0, "utility": 9.99542236328125}
{"event": "experience_replay_arm_complete", "lifecycle": 57, "arm": "SOURCE", "updates": 0, "utility": 8.51251220703125}
{"event": "experience_replay_arm_complete", "lifecycle": 56, "arm": "A1_FROZEN", "updates": 103610, "utility": 10.31732177734375}
{"event": "experience_replay_arm_complete", "lifecycle": 59, "arm": "A1_FROZEN", "updates": 104746, "utility": 10.2333984375}
{"event": "experience_replay_arm_complete", "lifecycle": 58, "arm": "NEW_ONLY", "updates": 206858, "utility": 12.58941650390625}
{"event": "experience_replay_arm_complete", "lifecycle": 57, "arm": "A1_FROZEN", "updates": 104474, "utility": 11.3697509765625}
{"event": "experience_replay_arm_complete", "lifecycle": 56, "arm": "NEW_ONLY", "updates": 206946, "utility": 10.79052734375}
{"event": "experience_replay_arm_complete", "lifecycle": 59, "arm": "NEW_ONLY", "updates": 208752, "utility": 10.232177734375}
{"event": "experience_replay_arm_complete", "lifecycle": 58, "arm": "MIXED_REPLAY", "updates": 206858, "utility": 11.04931640625}
{"event": "experience_replay_arm_complete", "lifecycle": 57, "arm": "NEW_ONLY", "updates": 209105, "utility": 11.96221923828125}
{"event": "experience_replay_arm_complete", "lifecycle": 56, "arm": "MIXED_REPLAY", "updates": 206946, "utility": 10.4298095703125}
{"event": "experience_replay_arm_complete", "lifecycle": 59, "arm": "MIXED_REPLAY", "updates": 208752, "utility": 11.1158447265625}
{"event": "experience_replay_arm_complete", "lifecycle": 57, "arm": "MIXED_REPLAY", "updates": 209105, "utility": 10.77154541015625}
{"event": "experience_replay_arm_complete", "lifecycle": 62, "arm": "SOURCE", "updates": 0, "utility": 7.58306884765625}
{"event": "experience_replay_arm_complete", "lifecycle": 62, "arm": "A1_FROZEN", "updates": 104013, "utility": 11.92474365234375}
{"event": "experience_replay_arm_complete", "lifecycle": 60, "arm": "SOURCE", "updates": 0, "utility": 8.17987060546875}
{"event": "experience_replay_arm_complete", "lifecycle": 63, "arm": "SOURCE", "updates": 0, "utility": 9.54541015625}
{"event": "experience_replay_arm_complete", "lifecycle": 61, "arm": "SOURCE", "updates": 0, "utility": 8.67132568359375}
{"event": "experience_replay_arm_complete", "lifecycle": 60, "arm": "A1_FROZEN", "updates": 103851, "utility": 8.75653076171875}
{"event": "experience_replay_arm_complete", "lifecycle": 63, "arm": "A1_FROZEN", "updates": 103912, "utility": 7.78472900390625}
{"event": "experience_replay_arm_complete", "lifecycle": 62, "arm": "NEW_ONLY", "updates": 208099, "utility": 11.63458251953125}
{"event": "experience_replay_arm_complete", "lifecycle": 61, "arm": "A1_FROZEN", "updates": 102989, "utility": 10.9390869140625}
{"event": "experience_replay_arm_complete", "lifecycle": 60, "arm": "NEW_ONLY", "updates": 208514, "utility": 11.72930908203125}
{"event": "experience_replay_arm_complete", "lifecycle": 62, "arm": "MIXED_REPLAY", "updates": 208099, "utility": 10.69769287109375}
{"event": "experience_replay_arm_complete", "lifecycle": 63, "arm": "NEW_ONLY", "updates": 207587, "utility": 12.91827392578125}
{"event": "experience_replay_arm_complete", "lifecycle": 61, "arm": "NEW_ONLY", "updates": 206681, "utility": 10.40191650390625}
{"event": "experience_replay_arm_complete", "lifecycle": 60, "arm": "MIXED_REPLAY", "updates": 208514, "utility": 8.24591064453125}
{"event": "experience_replay_arm_complete", "lifecycle": 63, "arm": "MIXED_REPLAY", "updates": 207587, "utility": 10.8603515625}
{"event": "experience_replay_arm_complete", "lifecycle": 61, "arm": "MIXED_REPLAY", "updates": 206681, "utility": 9.2498779296875}
{"event": "experience_replay_complete", "primary": {"mean": -0.48464107513427734, "ci95": [-0.8067370891571045, -0.15746157169342054], "lifecycle_deltas": {"0": 0.0462646484375, "1": -0.646728515625, "2": 0.4678955078125, "3": -1.62762451171875, "4": 2.663330078125, "5": 1.16650390625, "6": 1.20697021484375, "7": -0.3074951171875, "8": -0.9549560546875, "9": -0.36407470703125, "10": -0.623046875, "11": -1.35455322265625, "12": -0.3814697265625, "13": 0.838623046875, "14": -0.06317138671875, "15": -1.0850830078125, "16": 0.88421630859375, "17": -1.2305908203125, "18": 1.26910400390625, "19": -0.1292724609375, "20": 0.07525634765625, "21": 0.75787353515625, "22": -0.46124267578125, "23": 2.26385498046875, "24": -2.5361328125, "25": -0.76544189453125, "26": -1.172607421875, "27": -0.82208251953125, "28": -1.72662353515625, "29": -0.16796875, "30": -2.0782470703125, "31": 0.20257568359375, "32": -1.07586669921875, "33": -2.0823974609375, "34": -1.10699462890625, "35": 0.3282470703125, "36": -0.6339111328125, "37": -0.186279296875, "38": -1.72283935546875, "39": -1.80731201171875, "40": -2.2830810546875, "41": 3.56292724609375, "42": -1.1785888671875, "43": -1.207275390625, "44": -1.701904296875, "45": 1.11712646484375, "46": -0.1209716796875, "47": -0.61517333984375, "48": -0.14886474609375, "49": -0.34368896484375, "50": 0.0296630859375, "51": 1.3653564453125, "52": 1.2064208984375, "53": -3.91845703125, "54": -0.399169921875, "55": -1.5999755859375, "56": -0.3607177734375, "57": -1.190673828125, "58": -1.54010009765625, "59": 0.8836669921875, "60": -3.4833984375, "61": -1.15203857421875, "62": -0.9368896484375, "63": -2.05792236328125}, "improved_equal_worse": [19, 0, 45], "adverse_lifecycles": [1, 3, 7, 8, 9, 10, 11, 12, 14, 15, 17, 19, 22, 24, 25, 26, 27, 28, 29, 30, 32, 33, 34, 36, 37, 38, 39, 40, 42, 43, 44, 46, 47, 48, 49, 53, 54, 55, 56, 57, 58, 60, 61, 62, 63], "parent_mean_deltas": {"0": -0.6507148742675781, "1": -0.2878303527832031, "2": -0.5268898010253906, "3": -0.4731292724609375}, "interval_scope": "CONDITIONAL_ON_FOUR_FROZEN_PARENTS_AND_RETAINED_A1_AND_V306_CURRENT_DATA_HISTORIES"}, "retention": "SUPPORTED_LOSS"}
