{"event": "value_phase_complete", "lifecycle": 0, "arm": "FROZEN", "phase": "A", "raw_tiles": 131072, "banks": 1, "mean_eval_utility": 11.0489501953125}
{"event": "value_phase_complete", "lifecycle": 3, "arm": "FROZEN", "phase": "A", "raw_tiles": 131072, "banks": 1, "mean_eval_utility": 10.4066162109375}
{"event": "value_phase_complete", "lifecycle": 1, "arm": "FROZEN", "phase": "A", "raw_tiles": 131072, "banks": 1, "mean_eval_utility": 8.4608154296875}
{"event": "value_phase_complete", "lifecycle": 2, "arm": "FROZEN", "phase": "A", "raw_tiles": 131072, "banks": 1, "mean_eval_utility": 10.511962890625}
{"event": "value_phase_complete", "lifecycle": 0, "arm": "FROZEN", "phase": "B", "raw_tiles": 262144, "banks": 1, "mean_eval_utility": 4.3978271484375}
{"event": "value_phase_complete", "lifecycle": 1, "arm": "FROZEN", "phase": "B", "raw_tiles": 262144, "banks": 1, "mean_eval_utility": 3.400634765625}
{"event": "value_phase_complete", "lifecycle": 3, "arm": "FROZEN", "phase": "B", "raw_tiles": 262144, "banks": 1, "mean_eval_utility": 4.6649169921875}
{"event": "value_phase_complete", "lifecycle": 2, "arm": "FROZEN", "phase": "B", "raw_tiles": 262144, "banks": 1, "mean_eval_utility": 7.2996826171875}
{"event": "value_phase_complete", "lifecycle": 0, "arm": "FROZEN", "phase": "A_prime", "raw_tiles": 393216, "banks": 1, "mean_eval_utility": 9.628173828125}
{"event": "value_phase_complete", "lifecycle": 1, "arm": "FROZEN", "phase": "A_prime", "raw_tiles": 393216, "banks": 1, "mean_eval_utility": 6.57275390625}
{"event": "value_phase_complete", "lifecycle": 3, "arm": "FROZEN", "phase": "A_prime", "raw_tiles": 393216, "banks": 1, "mean_eval_utility": 11.6484375}
{"event": "value_phase_complete", "lifecycle": 2, "arm": "FROZEN", "phase": "A_prime", "raw_tiles": 393216, "banks": 1, "mean_eval_utility": 9.42578125}
{"event": "value_phase_complete", "lifecycle": 0, "arm": "ORDINARY_TD", "phase": "A", "raw_tiles": 131072, "banks": 1, "mean_eval_utility": 8.5040283203125}
{"event": "value_phase_complete", "lifecycle": 1, "arm": "ORDINARY_TD", "phase": "A", "raw_tiles": 131072, "banks": 1, "mean_eval_utility": 9.150634765625}
{"event": "value_phase_complete", "lifecycle": 3, "arm": "ORDINARY_TD", "phase": "A", "raw_tiles": 131072, "banks": 1, "mean_eval_utility": 6.2059326171875}
{"event": "value_phase_complete", "lifecycle": 2, "arm": "ORDINARY_TD", "phase": "A", "raw_tiles": 131072, "banks": 1, "mean_eval_utility": 9.7718505859375}
{"event": "value_phase_complete", "lifecycle": 0, "arm": "ORDINARY_TD", "phase": "B", "raw_tiles": 262144, "banks": 1, "mean_eval_utility": 3.175537109375}
{"event": "value_phase_complete", "lifecycle": 1, "arm": "ORDINARY_TD", "phase": "B", "raw_tiles": 262144, "banks": 1, "mean_eval_utility": 6.4962158203125}
{"event": "value_phase_complete", "lifecycle": 3, "arm": "ORDINARY_TD", "phase": "B", "raw_tiles": 262144, "banks": 1, "mean_eval_utility": 5.9373779296875}
{"event": "value_phase_complete", "lifecycle": 2, "arm": "ORDINARY_TD", "phase": "B", "raw_tiles": 262144, "banks": 1, "mean_eval_utility": 4.04248046875}
{"event": "value_phase_complete", "lifecycle": 0, "arm": "ORDINARY_TD", "phase": "A_prime", "raw_tiles": 393216, "banks": 1, "mean_eval_utility": 9.5496826171875}
{"event": "value_phase_complete", "lifecycle": 1, "arm": "ORDINARY_TD", "phase": "A_prime", "raw_tiles": 393216, "banks": 1, "mean_eval_utility": 7.2044677734375}
{"event": "value_phase_complete", "lifecycle": 3, "arm": "ORDINARY_TD", "phase": "A_prime", "raw_tiles": 393216, "banks": 1, "mean_eval_utility": 7.5335693359375}
{"event": "value_phase_complete", "lifecycle": 2, "arm": "ORDINARY_TD", "phase": "A_prime", "raw_tiles": 393216, "banks": 1, "mean_eval_utility": 4.26171875}
{"event": "value_phase_complete", "lifecycle": 0, "arm": "PERSISTENT_TD", "phase": "A", "raw_tiles": 131072, "banks": 1, "mean_eval_utility": 8.5040283203125}
{"event": "value_phase_complete", "lifecycle": 1, "arm": "PERSISTENT_TD", "phase": "A", "raw_tiles": 131072, "banks": 1, "mean_eval_utility": 9.150634765625}
{"event": "value_phase_complete", "lifecycle": 3, "arm": "PERSISTENT_TD", "phase": "A", "raw_tiles": 131072, "banks": 1, "mean_eval_utility": 6.2059326171875}
{"event": "value_phase_complete", "lifecycle": 2, "arm": "PERSISTENT_TD", "phase": "A", "raw_tiles": 131072, "banks": 1, "mean_eval_utility": 9.7718505859375}
{"event": "value_phase_complete", "lifecycle": 0, "arm": "PERSISTENT_TD", "phase": "B", "raw_tiles": 262144, "banks": 3, "mean_eval_utility": 5.82470703125}
{"event": "value_phase_complete", "lifecycle": 1, "arm": "PERSISTENT_TD", "phase": "B", "raw_tiles": 262144, "banks": 2, "mean_eval_utility": 6.9246826171875}
{"event": "value_phase_complete", "lifecycle": 3, "arm": "PERSISTENT_TD", "phase": "B", "raw_tiles": 262144, "banks": 3, "mean_eval_utility": 4.9581298828125}
{"event": "value_phase_complete", "lifecycle": 2, "arm": "PERSISTENT_TD", "phase": "B", "raw_tiles": 262144, "banks": 3, "mean_eval_utility": 6.5797119140625}
{"event": "value_phase_complete", "lifecycle": 0, "arm": "PERSISTENT_TD", "phase": "A_prime", "raw_tiles": 393216, "banks": 3, "mean_eval_utility": 6.5472412109375}
{"event": "value_phase_complete", "lifecycle": 1, "arm": "PERSISTENT_TD", "phase": "A_prime", "raw_tiles": 393216, "banks": 2, "mean_eval_utility": 7.2991943359375}
{"event": "value_phase_complete", "lifecycle": 3, "arm": "PERSISTENT_TD", "phase": "A_prime", "raw_tiles": 393216, "banks": 3, "mean_eval_utility": 6.3505859375}
{"event": "value_phase_complete", "lifecycle": 2, "arm": "PERSISTENT_TD", "phase": "A_prime", "raw_tiles": 393216, "banks": 3, "mean_eval_utility": 8.779541015625}
{"event": "value_phase_complete", "lifecycle": 4, "arm": "FROZEN", "phase": "A", "raw_tiles": 131072, "banks": 1, "mean_eval_utility": 10.4410400390625}
{"event": "value_phase_complete", "lifecycle": 5, "arm": "FROZEN", "phase": "A", "raw_tiles": 131072, "banks": 1, "mean_eval_utility": 7.790771484375}
{"event": "value_phase_complete", "lifecycle": 7, "arm": "FROZEN", "phase": "A", "raw_tiles": 131072, "banks": 1, "mean_eval_utility": 9.4537353515625}
{"event": "value_phase_complete", "lifecycle": 6, "arm": "FROZEN", "phase": "A", "raw_tiles": 131072, "banks": 1, "mean_eval_utility": 9.98388671875}
{"event": "value_phase_complete", "lifecycle": 4, "arm": "FROZEN", "phase": "B", "raw_tiles": 262144, "banks": 1, "mean_eval_utility": 5.300048828125}
{"event": "value_phase_complete", "lifecycle": 5, "arm": "FROZEN", "phase": "B", "raw_tiles": 262144, "banks": 1, "mean_eval_utility": 6.6451416015625}
{"event": "value_phase_complete", "lifecycle": 7, "arm": "FROZEN", "phase": "B", "raw_tiles": 262144, "banks": 1, "mean_eval_utility": 6.1048583984375}
{"event": "value_phase_complete", "lifecycle": 6, "arm": "FROZEN", "phase": "B", "raw_tiles": 262144, "banks": 1, "mean_eval_utility": 6.275146484375}
{"event": "value_phase_complete", "lifecycle": 4, "arm": "FROZEN", "phase": "A_prime", "raw_tiles": 393216, "banks": 1, "mean_eval_utility": 9.5697021484375}
{"event": "value_phase_complete", "lifecycle": 5, "arm": "FROZEN", "phase": "A_prime", "raw_tiles": 393216, "banks": 1, "mean_eval_utility": 9.065673828125}
{"event": "value_phase_complete", "lifecycle": 7, "arm": "FROZEN", "phase": "A_prime", "raw_tiles": 393216, "banks": 1, "mean_eval_utility": 10.27880859375}
{"event": "value_phase_complete", "lifecycle": 6, "arm": "FROZEN", "phase": "A_prime", "raw_tiles": 393216, "banks": 1, "mean_eval_utility": 10.874755859375}
{"event": "value_phase_complete", "lifecycle": 4, "arm": "ORDINARY_TD", "phase": "A", "raw_tiles": 131072, "banks": 1, "mean_eval_utility": 6.216064453125}
{"event": "value_phase_complete", "lifecycle": 5, "arm": "ORDINARY_TD", "phase": "A", "raw_tiles": 131072, "banks": 1, "mean_eval_utility": 4.776123046875}
{"event": "value_phase_complete", "lifecycle": 7, "arm": "ORDINARY_TD", "phase": "A", "raw_tiles": 131072, "banks": 1, "mean_eval_utility": 9.126220703125}
{"event": "value_phase_complete", "lifecycle": 6, "arm": "ORDINARY_TD", "phase": "A", "raw_tiles": 131072, "banks": 1, "mean_eval_utility": 9.2882080078125}
{"event": "value_phase_complete", "lifecycle": 4, "arm": "ORDINARY_TD", "phase": "B", "raw_tiles": 262144, "banks": 1, "mean_eval_utility": 4.0902099609375}
{"event": "value_phase_complete", "lifecycle": 5, "arm": "ORDINARY_TD", "phase": "B", "raw_tiles": 262144, "banks": 1, "mean_eval_utility": 2.7044677734375}
{"event": "value_phase_complete", "lifecycle": 7, "arm": "ORDINARY_TD", "phase": "B", "raw_tiles": 262144, "banks": 1, "mean_eval_utility": 4.7025146484375}
{"event": "value_phase_complete", "lifecycle": 6, "arm": "ORDINARY_TD", "phase": "B", "raw_tiles": 262144, "banks": 1, "mean_eval_utility": 5.5496826171875}
{"event": "value_phase_complete", "lifecycle": 4, "arm": "ORDINARY_TD", "phase": "A_prime", "raw_tiles": 393216, "banks": 1, "mean_eval_utility": 10.2901611328125}
{"event": "value_phase_complete", "lifecycle": 7, "arm": "ORDINARY_TD", "phase": "A_prime", "raw_tiles": 393216, "banks": 1, "mean_eval_utility": 7.282958984375}
{"event": "value_phase_complete", "lifecycle": 5, "arm": "ORDINARY_TD", "phase": "A_prime", "raw_tiles": 393216, "banks": 1, "mean_eval_utility": 7.503173828125}
{"event": "value_phase_complete", "lifecycle": 6, "arm": "ORDINARY_TD", "phase": "A_prime", "raw_tiles": 393216, "banks": 1, "mean_eval_utility": 8.3089599609375}
{"event": "value_phase_complete", "lifecycle": 4, "arm": "PERSISTENT_TD", "phase": "A", "raw_tiles": 131072, "banks": 1, "mean_eval_utility": 6.216064453125}
{"event": "value_phase_complete", "lifecycle": 5, "arm": "PERSISTENT_TD", "phase": "A", "raw_tiles": 131072, "banks": 1, "mean_eval_utility": 4.776123046875}
{"event": "value_phase_complete", "lifecycle": 7, "arm": "PERSISTENT_TD", "phase": "A", "raw_tiles": 131072, "banks": 2, "mean_eval_utility": 9.151611328125}
{"event": "value_phase_complete", "lifecycle": 6, "arm": "PERSISTENT_TD", "phase": "A", "raw_tiles": 131072, "banks": 1, "mean_eval_utility": 9.2882080078125}
{"event": "value_phase_complete", "lifecycle": 4, "arm": "PERSISTENT_TD", "phase": "B", "raw_tiles": 262144, "banks": 2, "mean_eval_utility": 7.3795166015625}
{"event": "value_phase_complete", "lifecycle": 5, "arm": "PERSISTENT_TD", "phase": "B", "raw_tiles": 262144, "banks": 2, "mean_eval_utility": 4.185546875}
{"event": "value_phase_complete", "lifecycle": 7, "arm": "PERSISTENT_TD", "phase": "B", "raw_tiles": 262144, "banks": 4, "mean_eval_utility": 4.158203125}
{"event": "value_phase_complete", "lifecycle": 6, "arm": "PERSISTENT_TD", "phase": "B", "raw_tiles": 262144, "banks": 2, "mean_eval_utility": 4.0242919921875}
{"event": "value_phase_complete", "lifecycle": 4, "arm": "PERSISTENT_TD", "phase": "A_prime", "raw_tiles": 393216, "banks": 2, "mean_eval_utility": 9.5709228515625}
{"event": "value_phase_complete", "lifecycle": 5, "arm": "PERSISTENT_TD", "phase": "A_prime", "raw_tiles": 393216, "banks": 2, "mean_eval_utility": 8.61767578125}
{"event": "value_phase_complete", "lifecycle": 7, "arm": "PERSISTENT_TD", "phase": "A_prime", "raw_tiles": 393216, "banks": 4, "mean_eval_utility": 11.0145263671875}
{"event": "value_phase_complete", "lifecycle": 6, "arm": "PERSISTENT_TD", "phase": "A_prime", "raw_tiles": 393216, "banks": 2, "mean_eval_utility": 8.8582763671875}
{"event": "value_phase_complete", "lifecycle": 8, "arm": "FROZEN", "phase": "A", "raw_tiles": 131072, "banks": 1, "mean_eval_utility": 8.390869140625}
{"event": "value_phase_complete", "lifecycle": 9, "arm": "FROZEN", "phase": "A", "raw_tiles": 131072, "banks": 1, "mean_eval_utility": 8.8311767578125}
{"event": "value_phase_complete", "lifecycle": 11, "arm": "FROZEN", "phase": "A", "raw_tiles": 131072, "banks": 1, "mean_eval_utility": 11.6761474609375}
{"event": "value_phase_complete", "lifecycle": 10, "arm": "FROZEN", "phase": "A", "raw_tiles": 131072, "banks": 1, "mean_eval_utility": 10.5518798828125}
{"event": "value_phase_complete", "lifecycle": 8, "arm": "FROZEN", "phase": "B", "raw_tiles": 262144, "banks": 1, "mean_eval_utility": 4.90673828125}
{"event": "value_phase_complete", "lifecycle": 11, "arm": "FROZEN", "phase": "B", "raw_tiles": 262144, "banks": 1, "mean_eval_utility": 5.7706298828125}
{"event": "value_phase_complete", "lifecycle": 9, "arm": "FROZEN", "phase": "B", "raw_tiles": 262144, "banks": 1, "mean_eval_utility": 4.70166015625}
{"event": "value_phase_complete", "lifecycle": 10, "arm": "FROZEN", "phase": "B", "raw_tiles": 262144, "banks": 1, "mean_eval_utility": 7.0687255859375}
{"event": "value_phase_complete", "lifecycle": 8, "arm": "FROZEN", "phase": "A_prime", "raw_tiles": 393216, "banks": 1, "mean_eval_utility": 9.221435546875}
{"event": "value_phase_complete", "lifecycle": 11, "arm": "FROZEN", "phase": "A_prime", "raw_tiles": 393216, "banks": 1, "mean_eval_utility": 8.756103515625}
{"event": "value_phase_complete", "lifecycle": 9, "arm": "FROZEN", "phase": "A_prime", "raw_tiles": 393216, "banks": 1, "mean_eval_utility": 9.9273681640625}
{"event": "value_phase_complete", "lifecycle": 10, "arm": "FROZEN", "phase": "A_prime", "raw_tiles": 393216, "banks": 1, "mean_eval_utility": 10.427978515625}
{"event": "value_phase_complete", "lifecycle": 8, "arm": "ORDINARY_TD", "phase": "A", "raw_tiles": 131072, "banks": 1, "mean_eval_utility": 9.0726318359375}
{"event": "value_phase_complete", "lifecycle": 11, "arm": "ORDINARY_TD", "phase": "A", "raw_tiles": 131072, "banks": 1, "mean_eval_utility": 7.7230224609375}
{"event": "value_phase_complete", "lifecycle": 9, "arm": "ORDINARY_TD", "phase": "A", "raw_tiles": 131072, "banks": 1, "mean_eval_utility": 7.107666015625}
{"event": "value_phase_complete", "lifecycle": 10, "arm": "ORDINARY_TD", "phase": "A", "raw_tiles": 131072, "banks": 1, "mean_eval_utility": 7.6734619140625}
{"event": "value_phase_complete", "lifecycle": 8, "arm": "ORDINARY_TD", "phase": "B", "raw_tiles": 262144, "banks": 1, "mean_eval_utility": 4.879638671875}
{"event": "value_phase_complete", "lifecycle": 11, "arm": "ORDINARY_TD", "phase": "B", "raw_tiles": 262144, "banks": 1, "mean_eval_utility": 7.214111328125}
{"event": "value_phase_complete", "lifecycle": 9, "arm": "ORDINARY_TD", "phase": "B", "raw_tiles": 262144, "banks": 1, "mean_eval_utility": 3.3154296875}
{"event": "value_phase_complete", "lifecycle": 10, "arm": "ORDINARY_TD", "phase": "B", "raw_tiles": 262144, "banks": 1, "mean_eval_utility": 3.5322265625}
{"event": "value_phase_complete", "lifecycle": 8, "arm": "ORDINARY_TD", "phase": "A_prime", "raw_tiles": 393216, "banks": 1, "mean_eval_utility": 6.11669921875}
{"event": "value_phase_complete", "lifecycle": 11, "arm": "ORDINARY_TD", "phase": "A_prime", "raw_tiles": 393216, "banks": 1, "mean_eval_utility": 11.41748046875}
{"event": "value_phase_complete", "lifecycle": 9, "arm": "ORDINARY_TD", "phase": "A_prime", "raw_tiles": 393216, "banks": 1, "mean_eval_utility": 8.0091552734375}
{"event": "value_phase_complete", "lifecycle": 10, "arm": "ORDINARY_TD", "phase": "A_prime", "raw_tiles": 393216, "banks": 1, "mean_eval_utility": 9.1630859375}
{"event": "value_phase_complete", "lifecycle": 8, "arm": "PERSISTENT_TD", "phase": "A", "raw_tiles": 131072, "banks": 1, "mean_eval_utility": 9.0726318359375}
{"event": "value_phase_complete", "lifecycle": 11, "arm": "PERSISTENT_TD", "phase": "A", "raw_tiles": 131072, "banks": 1, "mean_eval_utility": 7.7230224609375}
{"event": "value_phase_complete", "lifecycle": 9, "arm": "PERSISTENT_TD", "phase": "A", "raw_tiles": 131072, "banks": 1, "mean_eval_utility": 7.107666015625}
{"event": "value_phase_complete", "lifecycle": 10, "arm": "PERSISTENT_TD", "phase": "A", "raw_tiles": 131072, "banks": 1, "mean_eval_utility": 7.6734619140625}
{"event": "value_phase_complete", "lifecycle": 8, "arm": "PERSISTENT_TD", "phase": "B", "raw_tiles": 262144, "banks": 2, "mean_eval_utility": 4.7332763671875}
{"event": "value_phase_complete", "lifecycle": 11, "arm": "PERSISTENT_TD", "phase": "B", "raw_tiles": 262144, "banks": 3, "mean_eval_utility": 5.4180908203125}
{"event": "value_phase_complete", "lifecycle": 9, "arm": "PERSISTENT_TD", "phase": "B", "raw_tiles": 262144, "banks": 3, "mean_eval_utility": 4.5233154296875}
{"event": "value_phase_complete", "lifecycle": 10, "arm": "PERSISTENT_TD", "phase": "B", "raw_tiles": 262144, "banks": 2, "mean_eval_utility": 5.8507080078125}
{"event": "value_phase_complete", "lifecycle": 8, "arm": "PERSISTENT_TD", "phase": "A_prime", "raw_tiles": 393216, "banks": 2, "mean_eval_utility": 7.58544921875}
{"event": "value_phase_complete", "lifecycle": 11, "arm": "PERSISTENT_TD", "phase": "A_prime", "raw_tiles": 393216, "banks": 3, "mean_eval_utility": 8.2701416015625}
{"event": "value_phase_complete", "lifecycle": 9, "arm": "PERSISTENT_TD", "phase": "A_prime", "raw_tiles": 393216, "banks": 3, "mean_eval_utility": 7.26171875}
{"event": "value_phase_complete", "lifecycle": 10, "arm": "PERSISTENT_TD", "phase": "A_prime", "raw_tiles": 393216, "banks": 2, "mean_eval_utility": 9.205322265625}
{"event": "value_phase_complete", "lifecycle": 12, "arm": "FROZEN", "phase": "A", "raw_tiles": 131072, "banks": 1, "mean_eval_utility": 10.3033447265625}
{"event": "value_phase_complete", "lifecycle": 15, "arm": "FROZEN", "phase": "A", "raw_tiles": 131072, "banks": 1, "mean_eval_utility": 10.4486083984375}
{"event": "value_phase_complete", "lifecycle": 13, "arm": "FROZEN", "phase": "A", "raw_tiles": 131072, "banks": 1, "mean_eval_utility": 11.4620361328125}
{"event": "value_phase_complete", "lifecycle": 14, "arm": "FROZEN", "phase": "A", "raw_tiles": 131072, "banks": 1, "mean_eval_utility": 9.4918212890625}
{"event": "value_phase_complete", "lifecycle": 12, "arm": "FROZEN", "phase": "B", "raw_tiles": 262144, "banks": 1, "mean_eval_utility": 5.8594970703125}
{"event": "value_phase_complete", "lifecycle": 15, "arm": "FROZEN", "phase": "B", "raw_tiles": 262144, "banks": 1, "mean_eval_utility": 3.6776123046875}
{"event": "value_phase_complete", "lifecycle": 13, "arm": "FROZEN", "phase": "B", "raw_tiles": 262144, "banks": 1, "mean_eval_utility": 5.5782470703125}
{"event": "value_phase_complete", "lifecycle": 14, "arm": "FROZEN", "phase": "B", "raw_tiles": 262144, "banks": 1, "mean_eval_utility": 3.7188720703125}
{"event": "value_phase_complete", "lifecycle": 12, "arm": "FROZEN", "phase": "A_prime", "raw_tiles": 393216, "banks": 1, "mean_eval_utility": 9.4227294921875}
{"event": "value_phase_complete", "lifecycle": 15, "arm": "FROZEN", "phase": "A_prime", "raw_tiles": 393216, "banks": 1, "mean_eval_utility": 8.40380859375}
{"event": "value_phase_complete", "lifecycle": 13, "arm": "FROZEN", "phase": "A_prime", "raw_tiles": 393216, "banks": 1, "mean_eval_utility": 10.827880859375}
{"event": "value_phase_complete", "lifecycle": 14, "arm": "FROZEN", "phase": "A_prime", "raw_tiles": 393216, "banks": 1, "mean_eval_utility": 8.0654296875}
{"event": "value_phase_complete", "lifecycle": 12, "arm": "ORDINARY_TD", "phase": "A", "raw_tiles": 131072, "banks": 1, "mean_eval_utility": 7.020263671875}
{"event": "value_phase_complete", "lifecycle": 15, "arm": "ORDINARY_TD", "phase": "A", "raw_tiles": 131072, "banks": 1, "mean_eval_utility": 7.9476318359375}
{"event": "value_phase_complete", "lifecycle": 13, "arm": "ORDINARY_TD", "phase": "A", "raw_tiles": 131072, "banks": 1, "mean_eval_utility": 12.1143798828125}
{"event": "value_phase_complete", "lifecycle": 14, "arm": "ORDINARY_TD", "phase": "A", "raw_tiles": 131072, "banks": 1, "mean_eval_utility": 9.7237548828125}
{"event": "value_phase_complete", "lifecycle": 12, "arm": "ORDINARY_TD", "phase": "B", "raw_tiles": 262144, "banks": 1, "mean_eval_utility": 4.8619384765625}
{"event": "value_phase_complete", "lifecycle": 15, "arm": "ORDINARY_TD", "phase": "B", "raw_tiles": 262144, "banks": 1, "mean_eval_utility": 4.7860107421875}
{"event": "value_phase_complete", "lifecycle": 13, "arm": "ORDINARY_TD", "phase": "B", "raw_tiles": 262144, "banks": 1, "mean_eval_utility": 5.1737060546875}
{"event": "value_phase_complete", "lifecycle": 14, "arm": "ORDINARY_TD", "phase": "B", "raw_tiles": 262144, "banks": 1, "mean_eval_utility": 3.815673828125}
{"event": "value_phase_complete", "lifecycle": 12, "arm": "ORDINARY_TD", "phase": "A_prime", "raw_tiles": 393216, "banks": 1, "mean_eval_utility": 7.6307373046875}
{"event": "value_phase_complete", "lifecycle": 13, "arm": "ORDINARY_TD", "phase": "A_prime", "raw_tiles": 393216, "banks": 1, "mean_eval_utility": 9.1007080078125}
{"event": "value_phase_complete", "lifecycle": 15, "arm": "ORDINARY_TD", "phase": "A_prime", "raw_tiles": 393216, "banks": 1, "mean_eval_utility": 7.20654296875}
{"event": "value_phase_complete", "lifecycle": 14, "arm": "ORDINARY_TD", "phase": "A_prime", "raw_tiles": 393216, "banks": 1, "mean_eval_utility": 6.671875}
{"event": "value_phase_complete", "lifecycle": 12, "arm": "PERSISTENT_TD", "phase": "A", "raw_tiles": 131072, "banks": 1, "mean_eval_utility": 7.020263671875}
{"event": "value_phase_complete", "lifecycle": 13, "arm": "PERSISTENT_TD", "phase": "A", "raw_tiles": 131072, "banks": 1, "mean_eval_utility": 12.1143798828125}
{"event": "value_phase_complete", "lifecycle": 15, "arm": "PERSISTENT_TD", "phase": "A", "raw_tiles": 131072, "banks": 2, "mean_eval_utility": 10.1680908203125}
{"event": "value_phase_complete", "lifecycle": 14, "arm": "PERSISTENT_TD", "phase": "A", "raw_tiles": 131072, "banks": 1, "mean_eval_utility": 9.7237548828125}
{"event": "value_phase_complete", "lifecycle": 12, "arm": "PERSISTENT_TD", "phase": "B", "raw_tiles": 262144, "banks": 2, "mean_eval_utility": 4.439697265625}
{"event": "value_phase_complete", "lifecycle": 13, "arm": "PERSISTENT_TD", "phase": "B", "raw_tiles": 262144, "banks": 3, "mean_eval_utility": 5.775634765625}
{"event": "value_phase_complete", "lifecycle": 15, "arm": "PERSISTENT_TD", "phase": "B", "raw_tiles": 262144, "banks": 3, "mean_eval_utility": 6.10546875}
{"event": "value_phase_complete", "lifecycle": 14, "arm": "PERSISTENT_TD", "phase": "B", "raw_tiles": 262144, "banks": 2, "mean_eval_utility": 5.5740966796875}
{"event": "value_phase_complete", "lifecycle": 12, "arm": "PERSISTENT_TD", "phase": "A_prime", "raw_tiles": 393216, "banks": 2, "mean_eval_utility": 6.8192138671875}
{"event": "value_phase_complete", "lifecycle": 13, "arm": "PERSISTENT_TD", "phase": "A_prime", "raw_tiles": 393216, "banks": 3, "mean_eval_utility": 7.28173828125}
{"event": "value_phase_complete", "lifecycle": 15, "arm": "PERSISTENT_TD", "phase": "A_prime", "raw_tiles": 393216, "banks": 3, "mean_eval_utility": 7.58837890625}
{"event": "value_phase_complete", "lifecycle": 14, "arm": "PERSISTENT_TD", "phase": "A_prime", "raw_tiles": 393216, "banks": 3, "mean_eval_utility": 7.57568359375}
{"event": "online_value_complete", "status": "EXPERIMENT_COMPLETE", "primary": {"mean": 0.329132080078125, "ci95": [-0.08608881632486985, 0.744659042358398], "lifecycle_deltas": {"0": -0.11775716145833304, "1": 0.17439778645833304, "2": 2.351684570312501, "3": -0.720743815104167, "4": 0.856689453125, "5": 0.8651936848958339, "6": -0.32535807291666696, "7": 1.070882161458334, "8": 0.4407958984375, "9": 0.15348307291666607, "10": 0.7869059244791661, "11": -1.647786458333334, "12": -0.4112548828125, "13": -0.4056803385416661, "14": 0.887410481770833, "15": 1.3072509765625}, "improved_equal_worse": [10, 0, 6], "adverse_lifecycles": [0, 3, 6, 11, 12, 13], "parent_mean_deltas": {"0": 0.19211832682291674, "1": 0.19684855143229174, "2": 0.9251607259114583, "3": 0.0024007161458332593}, "interval_scope": "CONDITIONAL_ON_FOUR_FROZEN_PARENTS", "phases": {"A": {"mean": 0.1403656005859375, "ci95": [0.0, 0.4163360595703125], "lifecycle_deltas": {"0": 0.0, "1": 0.0, "2": 0.0, "3": 0.0, "4": 0.0, "5": 0.0, "6": 0.0, "7": 0.025390625, "8": 0.0, "9": 0.0, "10": 0.0, "11": 0.0, "12": 0.0, "13": 0.0, "14": 0.0, "15": 2.220458984375}, "improved_equal_worse": [2, 14, 0], "adverse_lifecycles": [], "parent_mean_deltas": {"0": 0.0, "1": 0.0, "2": 0.0, "3": 0.56146240234375}, "interval_scope": "CONDITIONAL_ON_FOUR_FROZEN_PARENTS"}, "B": {"mean": 0.7611160278320312, "ci95": [0.0969738006591797, 1.3840570449829102], "lifecycle_deltas": {"0": 2.649169921875, "1": 0.428466796875, "2": 2.5372314453125, "3": -0.979248046875, "4": 3.289306640625, "5": 1.4810791015625, "6": -1.525390625, "7": -0.5443115234375, "8": -0.1463623046875, "9": 1.2078857421875, "10": 2.3184814453125, "11": -1.7960205078125, "12": -0.4222412109375, "13": 0.6019287109375, "14": 1.7584228515625, "15": 1.3194580078125}, "improved_equal_worse": [10, 0, 6], "adverse_lifecycles": [3, 6, 7, 8, 11, 12], "parent_mean_deltas": {"0": 1.34246826171875, "1": 0.929840087890625, "2": 1.272186279296875, "3": -0.500030517578125}, "interval_scope": "CONDITIONAL_ON_FOUR_FROZEN_PARENTS"}, "A_prime": {"mean": 0.08591461181640625, "ci95": [-0.7787002563476563, 1.0022512435913065], "lifecycle_deltas": {"0": -3.00244140625, "1": 0.0947265625, "2": 4.517822265625, "3": -1.1829833984375, "4": -0.71923828125, "5": 1.114501953125, "6": 0.54931640625, "7": 3.7315673828125, "8": 1.46875, "9": -0.7474365234375, "10": 0.042236328125, "11": -3.1473388671875, "12": -0.8115234375, "13": -1.8189697265625, "14": 0.90380859375, "15": 0.3818359375}, "improved_equal_worse": [9, 0, 7], "adverse_lifecycles": [0, 3, 4, 9, 11, 12, 13], "parent_mean_deltas": {"0": -0.76611328125, "1": -0.33929443359375, "2": 1.5032958984375, "3": -0.054229736328125}, "interval_scope": "CONDITIONAL_ON_FOUR_FROZEN_PARENTS"}}}, "accounting": {"training_raw_tiles": 18874368, "training_counts": {"environment": {"sampled_transitions": 18828604, "environment_random_draws": 37748736, "ground_explicit_swipe_calls": 18828604, "ground_swipe_calls": 94198696, "ground_state_status_calls": 18851486, "ground_status_internal_swipe_calls": 75370092, "raw_tile_productions": 18874368, "initial_spawns": 45764, "post_action_spawns": 18828604, "episodes_started": 22882, "episodes_completed": 22834, "lost_games": 13871, "won_games": 8963}, "planning": {"learned_swipe_calls": 3399608464, "line_table_lookups": 13598433856, "legal_swipes": 2999973999, "learned_terminal_checks": 3849876115, "value_predictions": 2931429828, "table_lookups": 93805754496, "root_swipe_calls": 75314416, "root_legal_actions": 67758107, "leaf_choose_calls": 831073512, "second_ply_swipe_calls": 3324294048, "generated_spawn_outcomes": 831073512, "spawn_rank1_outcomes": 415536756, "spawn_rank2_outcomes": 415536756, "expanded_postspawn_states": 831073512, "expectimax_probability_products": 831073512, "expectimax_probability_sums": 831073512, "choose_calls": 18828604, "leaf_terminal_loss_states": 278407, "terminal_goal_bypasses": 832322, "root_goal_actions": 46258}, "learning": {"td_updates": 12546414, "value_predictions": 25077561, "table_lookups": 802481952, "table_updates": 393660636, "table_update_occurrences": 401485248}}, "evaluation_counts": {"environment": {"sampled_transitions": 2153533, "environment_random_draws": 4317306, "ground_explicit_swipe_calls": 2153533, "ground_swipe_calls": 10774109, "ground_state_status_calls": 2156093, "ground_status_internal_swipe_calls": 8620576, "raw_tile_productions": 2158653, "initial_spawns": 5120, "post_action_spawns": 2153533}, "planning": {"learned_swipe_calls": 357912868, "line_table_lookups": 1431651472, "legal_swipes": 316009384, "learned_terminal_checks": 405487601, "value_predictions": 308853435, "table_lookups": 9883309920, "terminal_goal_bypasses": 84392, "root_swipe_calls": 8614132, "root_legal_actions": 7753609, "root_goal_actions": 4784, "leaf_choose_calls": 87324684, "second_ply_swipe_calls": 349298736, "generated_spawn_outcomes": 87324684, "spawn_rank1_outcomes": 43662342, "spawn_rank2_outcomes": 43662342, "expanded_postspawn_states": 87324684, "leaf_terminal_loss_states": 27998, "expectimax_probability_products": 87324684, "expectimax_probability_sums": 87324684, "choose_calls": 2153533}}, "training_raw_tiles_per_arm": 6291456, "inherited_costs_per_arm": {"FROZEN": {"source_training_environment_counts": {"environment_random_draws": 22461046, "initial_spawns": 32768, "ground_state_status_calls": 11214139, "ground_status_internal_swipe_calls": 44853684, "ground_swipe_calls": 56051439, "ground_explicit_swipe_calls": 11197755, "sampled_transitions": 11197755}, "source_training_raw_tiles": 11230523, "source_training_games": 16384, "source_training_seconds": 3607.0396686743698, "dynamics_costs": {"supplied_dynamics_fit_counts": {"source_records": 208, "rewrite_candidates": 144, "candidate_observation_checks": 383, "learned_swipe_calls": 383, "learned_line_rewrites": 1532, "consistent_rewrite_candidates": 1, "source_spawn_rows": 184, "source_spawn_outcomes": 1132, "spawn_location_candidates": 3, "spawn_location_observation_checks": 186, "consistent_spawn_location_candidates": 1}, "source_environment": {"environment_random_draws": 98138, "initial_spawns": 432, "ground_state_status_calls": 48853, "ground_status_internal_swipe_calls": 195412, "ground_swipe_calls": 244049, "ground_explicit_swipe_calls": 48637, "sampled_transitions": 48637}, "source_planning": {"learned_terminal_checks": 48637, "learned_swipe_calls": 194548, "learned_line_rewrites": 778192, "legal_swipes": 170250}, "source_seconds": 7.847802990057971, "source_router": {"observations_received": 48637, "beta_updates": 48448, "predict_calls": 48637, "routing_blocks": 741, "candidate_predictive_scores": 1965, "module_creations": 4, "module_reactivations": 22}, "scope": "All actors inherit the deterministic dynamics program; only H2/MC4 references use the frozen source spawn router. Source acquisition/router costs are retained separately; old trees, selectors and outer games are not used."}, "dynamics_raw_tiles": 49069, "warmup_raw_tiles": 14747, "warmup_environment_counts": {"environment_random_draws": 29494, "initial_spawns": 32, "ground_state_status_calls": 14731, "ground_status_internal_swipe_calls": 58920, "ground_swipe_calls": 73635, "ground_explicit_swipe_calls": 14715, "sampled_transitions": 14715}, "warmup_direct_counts": {"inner_choose_calls": 14715, "inner_learned_terminal_checks": 67554, "inner_learned_swipe_calls": 58860, "inner_line_table_lookups": 235440, "inner_legal_swipes": 52839, "inner_value_predictions": 52837, "inner_table_lookups": 1690784, "choose_calls": 14715, "inner_terminal_goal_bypasses": 2}, "warmup_memory_counts": {"observations_received": 14747, "beta_updates": 14272, "routing_blocks": 159, "candidate_predictive_scores": 318}, "warmup_cpu_seconds": 2.341219383000012, "warmup_wall_seconds": 2.392044337000698}, "ORDINARY_TD": {"source_training_environment_counts": {"environment_random_draws": 22461046, "initial_spawns": 32768, "ground_state_status_calls": 11214139, "ground_status_internal_swipe_calls": 44853684, "ground_swipe_calls": 56051439, "ground_explicit_swipe_calls": 11197755, "sampled_transitions": 11197755}, "source_training_raw_tiles": 11230523, "source_training_games": 16384, "source_training_seconds": 3607.0396686743698, "dynamics_costs": {"supplied_dynamics_fit_counts": {"source_records": 208, "rewrite_candidates": 144, "candidate_observation_checks": 383, "learned_swipe_calls": 383, "learned_line_rewrites": 1532, "consistent_rewrite_candidates": 1, "source_spawn_rows": 184, "source_spawn_outcomes": 1132, "spawn_location_candidates": 3, "spawn_location_observation_checks": 186, "consistent_spawn_location_candidates": 1}, "source_environment": {"environment_random_draws": 98138, "initial_spawns": 432, "ground_state_status_calls": 48853, "ground_status_internal_swipe_calls": 195412, "ground_swipe_calls": 244049, "ground_explicit_swipe_calls": 48637, "sampled_transitions": 48637}, "source_planning": {"learned_terminal_checks": 48637, "learned_swipe_calls": 194548, "learned_line_rewrites": 778192, "legal_swipes": 170250}, "source_seconds": 7.847802990057971, "source_router": {"observations_received": 48637, "beta_updates": 48448, "predict_calls": 48637, "routing_blocks": 741, "candidate_predictive_scores": 1965, "module_creations": 4, "module_reactivations": 22}, "scope": "All actors inherit the deterministic dynamics program; only H2/MC4 references use the frozen source spawn router. Source acquisition/router costs are retained separately; old trees, selectors and outer games are not used."}, "dynamics_raw_tiles": 49069, "warmup_raw_tiles": 14747, "warmup_environment_counts": {"environment_random_draws": 29494, "initial_spawns": 32, "ground_state_status_calls": 14731, "ground_status_internal_swipe_calls": 58920, "ground_swipe_calls": 73635, "ground_explicit_swipe_calls": 14715, "sampled_transitions": 14715}, "warmup_direct_counts": {"inner_choose_calls": 14715, "inner_learned_terminal_checks": 67554, "inner_learned_swipe_calls": 58860, "inner_line_table_lookups": 235440, "inner_legal_swipes": 52839, "inner_value_predictions": 52837, "inner_table_lookups": 1690784, "choose_calls": 14715, "inner_terminal_goal_bypasses": 2}, "warmup_memory_counts": {"observations_received": 14747, "beta_updates": 14272, "routing_blocks": 159, "candidate_predictive_scores": 318}, "warmup_cpu_seconds": 2.341219383000012, "warmup_wall_seconds": 2.392044337000698}, "PERSISTENT_TD": {"source_training_environment_counts": {"environment_random_draws": 22461046, "initial_spawns": 32768, "ground_state_status_calls": 11214139, "ground_status_internal_swipe_calls": 44853684, "ground_swipe_calls": 56051439, "ground_explicit_swipe_calls": 11197755, "sampled_transitions": 11197755}, "source_training_raw_tiles": 11230523, "source_training_games": 16384, "source_training_seconds": 3607.0396686743698, "dynamics_costs": {"supplied_dynamics_fit_counts": {"source_records": 208, "rewrite_candidates": 144, "candidate_observation_checks": 383, "learned_swipe_calls": 383, "learned_line_rewrites": 1532, "consistent_rewrite_candidates": 1, "source_spawn_rows": 184, "source_spawn_outcomes": 1132, "spawn_location_candidates": 3, "spawn_location_observation_checks": 186, "consistent_spawn_location_candidates": 1}, "source_environment": {"environment_random_draws": 98138, "initial_spawns": 432, "ground_state_status_calls": 48853, "ground_status_internal_swipe_calls": 195412, "ground_swipe_calls": 244049, "ground_explicit_swipe_calls": 48637, "sampled_transitions": 48637}, "source_planning": {"learned_terminal_checks": 48637, "learned_swipe_calls": 194548, "learned_line_rewrites": 778192, "legal_swipes": 170250}, "source_seconds": 7.847802990057971, "source_router": {"observations_received": 48637, "beta_updates": 48448, "predict_calls": 48637, "routing_blocks": 741, "candidate_predictive_scores": 1965, "module_creations": 4, "module_reactivations": 22}, "scope": "All actors inherit the deterministic dynamics program; only H2/MC4 references use the frozen source spawn router. Source acquisition/router costs are retained separately; old trees, selectors and outer games are not used."}, "dynamics_raw_tiles": 49069, "warmup_raw_tiles": 14747, "warmup_environment_counts": {"environment_random_draws": 29494, "initial_spawns": 32, "ground_state_status_calls": 14731, "ground_status_internal_swipe_calls": 58920, "ground_swipe_calls": 73635, "ground_explicit_swipe_calls": 14715, "sampled_transitions": 14715}, "warmup_direct_counts": {"inner_choose_calls": 14715, "inner_learned_terminal_checks": 67554, "inner_learned_swipe_calls": 58860, "inner_line_table_lookups": 235440, "inner_legal_swipes": 52839, "inner_value_predictions": 52837, "inner_table_lookups": 1690784, "choose_calls": 14715, "inner_terminal_goal_bypasses": 2}, "warmup_memory_counts": {"observations_received": 14747, "beta_updates": 14272, "routing_blocks": 159, "candidate_predictive_scores": 318}, "warmup_cpu_seconds": 2.341219383000012, "warmup_wall_seconds": 2.392044337000698}}, "economic_training_raw_tiles_per_arm": {"FROZEN": 17585795, "ORDINARY_TD": 17585795, "PERSISTENT_TD": 17585795}, "new_value_updates": {"FROZEN": 0, "ORDINARY_TD": 6273201, "PERSISTENT_TD": 6273213}, "physical_warmup_raw_tiles": 14747, "physical_warmup_games": 16, "physical_warmup_environment_counts": {"environment_random_draws": 29494, "initial_spawns": 32, "ground_state_status_calls": 14731, "ground_status_internal_swipe_calls": 58920, "ground_swipe_calls": 73635, "ground_explicit_swipe_calls": 14715, "sampled_transitions": 14715}, "inherited_source_training_transitions": 11197755, "inherited_dynamics_costs": {"supplied_dynamics_fit_counts": {"source_records": 208, "rewrite_candidates": 144, "candidate_observation_checks": 383, "learned_swipe_calls": 383, "learned_line_rewrites": 1532, "consistent_rewrite_candidates": 1, "source_spawn_rows": 184, "source_spawn_outcomes": 1132, "spawn_location_candidates": 3, "spawn_location_observation_checks": 186, "consistent_spawn_location_candidates": 1}, "source_environment": {"environment_random_draws": 98138, "initial_spawns": 432, "ground_state_status_calls": 48853, "ground_status_internal_swipe_calls": 195412, "ground_swipe_calls": 244049, "ground_explicit_swipe_calls": 48637, "sampled_transitions": 48637}, "source_planning": {"learned_terminal_checks": 48637, "learned_swipe_calls": 194548, "learned_line_rewrites": 778192, "legal_swipes": 170250}, "source_seconds": 7.847802990057971, "source_router": {"observations_received": 48637, "beta_updates": 48448, "predict_calls": 48637, "routing_blocks": 741, "candidate_predictive_scores": 1965, "module_creations": 4, "module_reactivations": 22}, "scope": "All actors inherit the deterministic dynamics program; only H2/MC4 references use the frozen source spawn router. Source acquisition/router costs are retained separately; old trees, selectors and outer games are not used."}, "observation_scope": "Economic source and shared warmup inherited equally by every arm; physical costs counted once.", "worker_cpu_seconds": 813.912827046, "compiler_cpu_seconds": 5.566595, "coordinator_cpu_seconds": 11.420053405, "wall_seconds": 222.31438044199604, "trace_bytes": 124532883}}
