{"event": "natural_episode_phase_complete", "lifecycle": 1, "arm": "FROZEN_H2", "phase": "A", "raw_tiles": 131072, "value_updates": 0, "mean_utility": 9.71282958984375}
{"event": "natural_episode_phase_complete", "lifecycle": 3, "arm": "FROZEN_H2", "phase": "A", "raw_tiles": 131072, "value_updates": 0, "mean_utility": 9.1019287109375}
{"event": "natural_episode_phase_complete", "lifecycle": 0, "arm": "FROZEN_H2", "phase": "A", "raw_tiles": 131072, "value_updates": 0, "mean_utility": 9.189697265625}
{"event": "natural_episode_phase_complete", "lifecycle": 2, "arm": "FROZEN_H2", "phase": "A", "raw_tiles": 131072, "value_updates": 0, "mean_utility": 9.0916748046875}
{"event": "natural_episode_phase_complete", "lifecycle": 1, "arm": "FROZEN_H2", "phase": "B", "raw_tiles": 262144, "value_updates": 0, "mean_utility": 4.22247314453125}
{"event": "natural_episode_phase_complete", "lifecycle": 0, "arm": "FROZEN_H2", "phase": "B", "raw_tiles": 262144, "value_updates": 0, "mean_utility": 4.5595703125}
{"event": "natural_episode_phase_complete", "lifecycle": 3, "arm": "FROZEN_H2", "phase": "B", "raw_tiles": 262144, "value_updates": 0, "mean_utility": 5.5294189453125}
{"event": "natural_episode_phase_complete", "lifecycle": 2, "arm": "FROZEN_H2", "phase": "B", "raw_tiles": 262144, "value_updates": 0, "mean_utility": 5.39324951171875}
{"event": "natural_episode_phase_complete", "lifecycle": 1, "arm": "FROZEN_H2", "phase": "A_prime", "raw_tiles": 393216, "value_updates": 0, "mean_utility": 8.641845703125}
{"event": "natural_episode_phase_complete", "lifecycle": 0, "arm": "FROZEN_H2", "phase": "A_prime", "raw_tiles": 393216, "value_updates": 0, "mean_utility": 7.92041015625}
{"event": "natural_episode_phase_complete", "lifecycle": 3, "arm": "FROZEN_H2", "phase": "A_prime", "raw_tiles": 393216, "value_updates": 0, "mean_utility": 10.00921630859375}
{"event": "natural_episode_phase_complete", "lifecycle": 2, "arm": "FROZEN_H2", "phase": "A_prime", "raw_tiles": 393216, "value_updates": 0, "mean_utility": 8.63446044921875}
{"event": "natural_episode_phase_complete", "lifecycle": 1, "arm": "NSEQ_H2", "phase": "A", "raw_tiles": 131072, "value_updates": 130578, "mean_utility": 8.4842529296875}
{"event": "natural_episode_phase_complete", "lifecycle": 0, "arm": "NSEQ_H2", "phase": "A", "raw_tiles": 131072, "value_updates": 130546, "mean_utility": 10.35394287109375}
{"event": "natural_episode_phase_complete", "lifecycle": 2, "arm": "NSEQ_H2", "phase": "A", "raw_tiles": 131072, "value_updates": 130176, "mean_utility": 7.81231689453125}
{"event": "natural_episode_phase_complete", "lifecycle": 3, "arm": "NSEQ_H2", "phase": "A", "raw_tiles": 131072, "value_updates": 130288, "mean_utility": 9.3125}
{"event": "natural_episode_phase_complete", "lifecycle": 1, "arm": "NSEQ_H2", "phase": "B", "raw_tiles": 262144, "value_updates": 260615, "mean_utility": -2.97210693359375}
{"event": "natural_episode_phase_complete", "lifecycle": 2, "arm": "NSEQ_H2", "phase": "B", "raw_tiles": 262144, "value_updates": 260388, "mean_utility": -3.16229248046875}
{"event": "natural_episode_phase_complete", "lifecycle": 0, "arm": "NSEQ_H2", "phase": "B", "raw_tiles": 262144, "value_updates": 260428, "mean_utility": -3.1494140625}
{"event": "natural_episode_phase_complete", "lifecycle": 3, "arm": "NSEQ_H2", "phase": "B", "raw_tiles": 262144, "value_updates": 260726, "mean_utility": -3.09100341796875}
{"event": "natural_episode_phase_complete", "lifecycle": 1, "arm": "NSEQ_H2", "phase": "A_prime", "raw_tiles": 393216, "value_updates": 390348, "mean_utility": -2.90008544921875}
{"event": "natural_episode_phase_complete", "lifecycle": 2, "arm": "NSEQ_H2", "phase": "A_prime", "raw_tiles": 393216, "value_updates": 390132, "mean_utility": -2.9073486328125}
{"event": "natural_episode_phase_complete", "lifecycle": 0, "arm": "NSEQ_H2", "phase": "A_prime", "raw_tiles": 393216, "value_updates": 390131, "mean_utility": -2.7440185546875}
{"event": "natural_episode_phase_complete", "lifecycle": 3, "arm": "NSEQ_H2", "phase": "A_prime", "raw_tiles": 393216, "value_updates": 390553, "mean_utility": -2.9293212890625}
{"event": "natural_episode_phase_complete", "lifecycle": 1, "arm": "MEAN_H2", "phase": "A", "raw_tiles": 131072, "value_updates": 129828, "mean_utility": 10.04150390625}
{"event": "natural_episode_phase_complete", "lifecycle": 2, "arm": "MEAN_H2", "phase": "A", "raw_tiles": 131072, "value_updates": 130282, "mean_utility": 10.435302734375}
{"event": "natural_episode_phase_complete", "lifecycle": 0, "arm": "MEAN_H2", "phase": "A", "raw_tiles": 131072, "value_updates": 130614, "mean_utility": 9.87750244140625}
{"event": "natural_episode_phase_complete", "lifecycle": 3, "arm": "MEAN_H2", "phase": "A", "raw_tiles": 131072, "value_updates": 129635, "mean_utility": 8.16802978515625}
{"event": "natural_episode_phase_complete", "lifecycle": 1, "arm": "MEAN_H2", "phase": "B", "raw_tiles": 262144, "value_updates": 260652, "mean_utility": -3.01226806640625}
{"event": "natural_episode_phase_complete", "lifecycle": 2, "arm": "MEAN_H2", "phase": "B", "raw_tiles": 262144, "value_updates": 260505, "mean_utility": -3.01605224609375}
{"event": "natural_episode_phase_complete", "lifecycle": 0, "arm": "MEAN_H2", "phase": "B", "raw_tiles": 262144, "value_updates": 260605, "mean_utility": -3.07476806640625}
{"event": "natural_episode_phase_complete", "lifecycle": 3, "arm": "MEAN_H2", "phase": "B", "raw_tiles": 262144, "value_updates": 260560, "mean_utility": -3.20843505859375}
{"event": "natural_episode_phase_complete", "lifecycle": 1, "arm": "MEAN_H2", "phase": "A_prime", "raw_tiles": 393216, "value_updates": 390423, "mean_utility": -2.81817626953125}
{"event": "natural_episode_phase_complete", "lifecycle": 2, "arm": "MEAN_H2", "phase": "A_prime", "raw_tiles": 393216, "value_updates": 390312, "mean_utility": -2.84173583984375}
{"event": "natural_episode_phase_complete", "lifecycle": 0, "arm": "MEAN_H2", "phase": "A_prime", "raw_tiles": 393216, "value_updates": 390363, "mean_utility": -2.962158203125}
{"event": "natural_episode_phase_complete", "lifecycle": 3, "arm": "MEAN_H2", "phase": "A_prime", "raw_tiles": 393216, "value_updates": 390331, "mean_utility": -2.95391845703125}
{"event": "natural_episode_phase_complete", "lifecycle": 2, "arm": "FROZEN_DIRECT", "phase": "A", "raw_tiles": 131072, "value_updates": 0, "mean_utility": 3.5523681640625}
{"event": "natural_episode_phase_complete", "lifecycle": 1, "arm": "FROZEN_DIRECT", "phase": "A", "raw_tiles": 131072, "value_updates": 0, "mean_utility": 3.48736572265625}
{"event": "natural_episode_phase_complete", "lifecycle": 0, "arm": "FROZEN_DIRECT", "phase": "A", "raw_tiles": 131072, "value_updates": 0, "mean_utility": 2.71417236328125}
{"event": "natural_episode_phase_complete", "lifecycle": 3, "arm": "FROZEN_DIRECT", "phase": "A", "raw_tiles": 131072, "value_updates": 0, "mean_utility": 4.67822265625}
{"event": "natural_episode_phase_complete", "lifecycle": 2, "arm": "FROZEN_DIRECT", "phase": "B", "raw_tiles": 262144, "value_updates": 0, "mean_utility": 0.166015625}
{"event": "natural_episode_phase_complete", "lifecycle": 1, "arm": "FROZEN_DIRECT", "phase": "B", "raw_tiles": 262144, "value_updates": 0, "mean_utility": -0.03729248046875}
{"event": "natural_episode_phase_complete", "lifecycle": 0, "arm": "FROZEN_DIRECT", "phase": "B", "raw_tiles": 262144, "value_updates": 0, "mean_utility": 0.9278564453125}
{"event": "natural_episode_phase_complete", "lifecycle": 3, "arm": "FROZEN_DIRECT", "phase": "B", "raw_tiles": 262144, "value_updates": 0, "mean_utility": -0.060302734375}
{"event": "natural_episode_phase_complete", "lifecycle": 1, "arm": "FROZEN_DIRECT", "phase": "A_prime", "raw_tiles": 393216, "value_updates": 0, "mean_utility": 3.69305419921875}
{"event": "natural_episode_phase_complete", "lifecycle": 2, "arm": "FROZEN_DIRECT", "phase": "A_prime", "raw_tiles": 393216, "value_updates": 0, "mean_utility": 3.7808837890625}
{"event": "natural_episode_phase_complete", "lifecycle": 0, "arm": "FROZEN_DIRECT", "phase": "A_prime", "raw_tiles": 393216, "value_updates": 0, "mean_utility": 4.3441162109375}
{"event": "natural_episode_phase_complete", "lifecycle": 3, "arm": "FROZEN_DIRECT", "phase": "A_prime", "raw_tiles": 393216, "value_updates": 0, "mean_utility": 4.3470458984375}
{"event": "natural_episode_phase_complete", "lifecycle": 1, "arm": "MEAN_DIRECT", "phase": "A", "raw_tiles": 131072, "value_updates": 129056, "mean_utility": -3.48638916015625}
{"event": "natural_episode_phase_complete", "lifecycle": 2, "arm": "MEAN_DIRECT", "phase": "A", "raw_tiles": 131072, "value_updates": 129169, "mean_utility": -3.4359130859375}
{"event": "natural_episode_phase_complete", "lifecycle": 0, "arm": "MEAN_DIRECT", "phase": "A", "raw_tiles": 131072, "value_updates": 129083, "mean_utility": -3.3634033203125}
{"event": "natural_episode_phase_complete", "lifecycle": 3, "arm": "MEAN_DIRECT", "phase": "A", "raw_tiles": 131072, "value_updates": 129102, "mean_utility": -3.441162109375}
{"event": "natural_episode_phase_complete", "lifecycle": 1, "arm": "MEAN_DIRECT", "phase": "B", "raw_tiles": 262144, "value_updates": 257277, "mean_utility": -3.43798828125}
{"event": "natural_episode_phase_complete", "lifecycle": 2, "arm": "MEAN_DIRECT", "phase": "B", "raw_tiles": 262144, "value_updates": 257376, "mean_utility": -3.49395751953125}
{"event": "natural_episode_phase_complete", "lifecycle": 0, "arm": "MEAN_DIRECT", "phase": "B", "raw_tiles": 262144, "value_updates": 257364, "mean_utility": -3.49200439453125}
{"event": "natural_episode_phase_complete", "lifecycle": 3, "arm": "MEAN_DIRECT", "phase": "B", "raw_tiles": 262144, "value_updates": 257260, "mean_utility": -3.49188232421875}
{"event": "natural_episode_phase_complete", "lifecycle": 1, "arm": "MEAN_DIRECT", "phase": "A_prime", "raw_tiles": 393216, "value_updates": 386606, "mean_utility": -3.23834228515625}
{"event": "natural_episode_phase_complete", "lifecycle": 2, "arm": "MEAN_DIRECT", "phase": "A_prime", "raw_tiles": 393216, "value_updates": 386719, "mean_utility": -3.24981689453125}
{"event": "natural_episode_phase_complete", "lifecycle": 0, "arm": "MEAN_DIRECT", "phase": "A_prime", "raw_tiles": 393216, "value_updates": 386654, "mean_utility": -3.2652587890625}
{"event": "natural_episode_phase_complete", "lifecycle": 3, "arm": "MEAN_DIRECT", "phase": "A_prime", "raw_tiles": 393216, "value_updates": 386570, "mean_utility": -3.21917724609375}
{"event": "natural_episode_phase_complete", "lifecycle": 5, "arm": "FROZEN_H2", "phase": "A", "raw_tiles": 131072, "value_updates": 0, "mean_utility": 9.07525634765625}
{"event": "natural_episode_phase_complete", "lifecycle": 6, "arm": "FROZEN_H2", "phase": "A", "raw_tiles": 131072, "value_updates": 0, "mean_utility": 9.624755859375}
{"event": "natural_episode_phase_complete", "lifecycle": 4, "arm": "FROZEN_H2", "phase": "A", "raw_tiles": 131072, "value_updates": 0, "mean_utility": 9.65118408203125}
{"event": "natural_episode_phase_complete", "lifecycle": 7, "arm": "FROZEN_H2", "phase": "A", "raw_tiles": 131072, "value_updates": 0, "mean_utility": 8.81304931640625}
{"event": "natural_episode_phase_complete", "lifecycle": 5, "arm": "FROZEN_H2", "phase": "B", "raw_tiles": 262144, "value_updates": 0, "mean_utility": 3.79022216796875}
{"event": "natural_episode_phase_complete", "lifecycle": 6, "arm": "FROZEN_H2", "phase": "B", "raw_tiles": 262144, "value_updates": 0, "mean_utility": 5.364990234375}
{"event": "natural_episode_phase_complete", "lifecycle": 7, "arm": "FROZEN_H2", "phase": "B", "raw_tiles": 262144, "value_updates": 0, "mean_utility": 4.85760498046875}
{"event": "natural_episode_phase_complete", "lifecycle": 4, "arm": "FROZEN_H2", "phase": "B", "raw_tiles": 262144, "value_updates": 0, "mean_utility": 4.9345703125}
{"event": "natural_episode_phase_complete", "lifecycle": 5, "arm": "FROZEN_H2", "phase": "A_prime", "raw_tiles": 393216, "value_updates": 0, "mean_utility": 8.0511474609375}
{"event": "natural_episode_phase_complete", "lifecycle": 6, "arm": "FROZEN_H2", "phase": "A_prime", "raw_tiles": 393216, "value_updates": 0, "mean_utility": 8.8717041015625}
{"event": "natural_episode_phase_complete", "lifecycle": 7, "arm": "FROZEN_H2", "phase": "A_prime", "raw_tiles": 393216, "value_updates": 0, "mean_utility": 8.080078125}
{"event": "natural_episode_phase_complete", "lifecycle": 4, "arm": "FROZEN_H2", "phase": "A_prime", "raw_tiles": 393216, "value_updates": 0, "mean_utility": 8.4622802734375}
{"event": "natural_episode_phase_complete", "lifecycle": 5, "arm": "NSEQ_H2", "phase": "A", "raw_tiles": 131072, "value_updates": 130316, "mean_utility": 9.2130126953125}
{"event": "natural_episode_phase_complete", "lifecycle": 6, "arm": "NSEQ_H2", "phase": "A", "raw_tiles": 131072, "value_updates": 130205, "mean_utility": 10.12432861328125}
{"event": "natural_episode_phase_complete", "lifecycle": 7, "arm": "NSEQ_H2", "phase": "A", "raw_tiles": 131072, "value_updates": 130140, "mean_utility": 8.71575927734375}
{"event": "natural_episode_phase_complete", "lifecycle": 4, "arm": "NSEQ_H2", "phase": "A", "raw_tiles": 131072, "value_updates": 130122, "mean_utility": 10.76995849609375}
{"event": "natural_episode_phase_complete", "lifecycle": 5, "arm": "NSEQ_H2", "phase": "B", "raw_tiles": 262144, "value_updates": 260545, "mean_utility": -2.9952392578125}
{"event": "natural_episode_phase_complete", "lifecycle": 6, "arm": "NSEQ_H2", "phase": "B", "raw_tiles": 262144, "value_updates": 260467, "mean_utility": -3.08056640625}
{"event": "natural_episode_phase_complete", "lifecycle": 7, "arm": "NSEQ_H2", "phase": "B", "raw_tiles": 262144, "value_updates": 260454, "mean_utility": -3.14483642578125}
{"event": "natural_episode_phase_complete", "lifecycle": 4, "arm": "NSEQ_H2", "phase": "B", "raw_tiles": 262144, "value_updates": 260568, "mean_utility": -3.1207275390625}
{"event": "natural_episode_phase_complete", "lifecycle": 5, "arm": "NSEQ_H2", "phase": "A_prime", "raw_tiles": 393216, "value_updates": 390319, "mean_utility": -3.09368896484375}
{"event": "natural_episode_phase_complete", "lifecycle": 6, "arm": "NSEQ_H2", "phase": "A_prime", "raw_tiles": 393216, "value_updates": 390375, "mean_utility": -2.9036865234375}
{"event": "natural_episode_phase_complete", "lifecycle": 7, "arm": "NSEQ_H2", "phase": "A_prime", "raw_tiles": 393216, "value_updates": 390213, "mean_utility": -2.92633056640625}
{"event": "natural_episode_phase_complete", "lifecycle": 4, "arm": "NSEQ_H2", "phase": "A_prime", "raw_tiles": 393216, "value_updates": 390324, "mean_utility": -2.7662353515625}
{"event": "natural_episode_phase_complete", "lifecycle": 5, "arm": "MEAN_H2", "phase": "A", "raw_tiles": 131072, "value_updates": 130289, "mean_utility": 9.16436767578125}
{"event": "natural_episode_phase_complete", "lifecycle": 6, "arm": "MEAN_H2", "phase": "A", "raw_tiles": 131072, "value_updates": 129870, "mean_utility": 9.8497314453125}
{"event": "natural_episode_phase_complete", "lifecycle": 7, "arm": "MEAN_H2", "phase": "A", "raw_tiles": 131072, "value_updates": 130171, "mean_utility": 9.4434814453125}
{"event": "natural_episode_phase_complete", "lifecycle": 4, "arm": "MEAN_H2", "phase": "A", "raw_tiles": 131072, "value_updates": 130004, "mean_utility": 10.484375}
{"event": "natural_episode_phase_complete", "lifecycle": 6, "arm": "MEAN_H2", "phase": "B", "raw_tiles": 262144, "value_updates": 260388, "mean_utility": -3.13031005859375}
{"event": "natural_episode_phase_complete", "lifecycle": 5, "arm": "MEAN_H2", "phase": "B", "raw_tiles": 262144, "value_updates": 260713, "mean_utility": -3.08831787109375}
{"event": "natural_episode_phase_complete", "lifecycle": 7, "arm": "MEAN_H2", "phase": "B", "raw_tiles": 262144, "value_updates": 260926, "mean_utility": -3.0201416015625}
{"event": "natural_episode_phase_complete", "lifecycle": 4, "arm": "MEAN_H2", "phase": "B", "raw_tiles": 262144, "value_updates": 260433, "mean_utility": -3.1304931640625}
{"event": "natural_episode_phase_complete", "lifecycle": 6, "arm": "MEAN_H2", "phase": "A_prime", "raw_tiles": 393216, "value_updates": 390237, "mean_utility": -2.7716064453125}
{"event": "natural_episode_phase_complete", "lifecycle": 5, "arm": "MEAN_H2", "phase": "A_prime", "raw_tiles": 393216, "value_updates": 390515, "mean_utility": -2.9537353515625}
{"event": "natural_episode_phase_complete", "lifecycle": 7, "arm": "MEAN_H2", "phase": "A_prime", "raw_tiles": 393216, "value_updates": 390733, "mean_utility": -2.8489990234375}
{"event": "natural_episode_phase_complete", "lifecycle": 4, "arm": "MEAN_H2", "phase": "A_prime", "raw_tiles": 393216, "value_updates": 390278, "mean_utility": -2.99615478515625}
{"event": "natural_episode_phase_complete", "lifecycle": 6, "arm": "FROZEN_DIRECT", "phase": "A", "raw_tiles": 131072, "value_updates": 0, "mean_utility": 5.6009521484375}
{"event": "natural_episode_phase_complete", "lifecycle": 5, "arm": "FROZEN_DIRECT", "phase": "A", "raw_tiles": 131072, "value_updates": 0, "mean_utility": 2.867919921875}
{"event": "natural_episode_phase_complete", "lifecycle": 7, "arm": "FROZEN_DIRECT", "phase": "A", "raw_tiles": 131072, "value_updates": 0, "mean_utility": 4.28472900390625}
{"event": "natural_episode_phase_complete", "lifecycle": 4, "arm": "FROZEN_DIRECT", "phase": "A", "raw_tiles": 131072, "value_updates": 0, "mean_utility": 3.318115234375}
{"event": "natural_episode_phase_complete", "lifecycle": 6, "arm": "FROZEN_DIRECT", "phase": "B", "raw_tiles": 262144, "value_updates": 0, "mean_utility": 0.29132080078125}
{"event": "natural_episode_phase_complete", "lifecycle": 5, "arm": "FROZEN_DIRECT", "phase": "B", "raw_tiles": 262144, "value_updates": 0, "mean_utility": 0.08563232421875}
{"event": "natural_episode_phase_complete", "lifecycle": 7, "arm": "FROZEN_DIRECT", "phase": "B", "raw_tiles": 262144, "value_updates": 0, "mean_utility": -0.49957275390625}
{"event": "natural_episode_phase_complete", "lifecycle": 4, "arm": "FROZEN_DIRECT", "phase": "B", "raw_tiles": 262144, "value_updates": 0, "mean_utility": -0.31268310546875}
{"event": "natural_episode_phase_complete", "lifecycle": 6, "arm": "FROZEN_DIRECT", "phase": "A_prime", "raw_tiles": 393216, "value_updates": 0, "mean_utility": 3.94952392578125}
{"event": "natural_episode_phase_complete", "lifecycle": 5, "arm": "FROZEN_DIRECT", "phase": "A_prime", "raw_tiles": 393216, "value_updates": 0, "mean_utility": 2.9217529296875}
{"event": "natural_episode_phase_complete", "lifecycle": 7, "arm": "FROZEN_DIRECT", "phase": "A_prime", "raw_tiles": 393216, "value_updates": 0, "mean_utility": 3.32080078125}
{"event": "natural_episode_phase_complete", "lifecycle": 4, "arm": "FROZEN_DIRECT", "phase": "A_prime", "raw_tiles": 393216, "value_updates": 0, "mean_utility": 2.3480224609375}
{"event": "natural_episode_phase_complete", "lifecycle": 6, "arm": "MEAN_DIRECT", "phase": "A", "raw_tiles": 131072, "value_updates": 129065, "mean_utility": -3.36590576171875}
{"event": "natural_episode_phase_complete", "lifecycle": 5, "arm": "MEAN_DIRECT", "phase": "A", "raw_tiles": 131072, "value_updates": 129111, "mean_utility": -3.34918212890625}
{"event": "natural_episode_phase_complete", "lifecycle": 7, "arm": "MEAN_DIRECT", "phase": "A", "raw_tiles": 131072, "value_updates": 129219, "mean_utility": -3.4473876953125}
{"event": "natural_episode_phase_complete", "lifecycle": 4, "arm": "MEAN_DIRECT", "phase": "A", "raw_tiles": 131072, "value_updates": 129118, "mean_utility": -3.4276123046875}
{"event": "natural_episode_phase_complete", "lifecycle": 6, "arm": "MEAN_DIRECT", "phase": "B", "raw_tiles": 262144, "value_updates": 257309, "mean_utility": -3.42547607421875}
{"event": "natural_episode_phase_complete", "lifecycle": 5, "arm": "MEAN_DIRECT", "phase": "B", "raw_tiles": 262144, "value_updates": 257322, "mean_utility": -3.4920654296875}
{"event": "natural_episode_phase_complete", "lifecycle": 7, "arm": "MEAN_DIRECT", "phase": "B", "raw_tiles": 262144, "value_updates": 257397, "mean_utility": -3.395751953125}
{"event": "natural_episode_phase_complete", "lifecycle": 4, "arm": "MEAN_DIRECT", "phase": "B", "raw_tiles": 262144, "value_updates": 257361, "mean_utility": -3.48291015625}
{"event": "natural_episode_phase_complete", "lifecycle": 6, "arm": "MEAN_DIRECT", "phase": "A_prime", "raw_tiles": 393216, "value_updates": 386650, "mean_utility": -3.1884765625}
{"event": "natural_episode_phase_complete", "lifecycle": 5, "arm": "MEAN_DIRECT", "phase": "A_prime", "raw_tiles": 393216, "value_updates": 386611, "mean_utility": -3.24688720703125}
{"event": "natural_episode_phase_complete", "lifecycle": 7, "arm": "MEAN_DIRECT", "phase": "A_prime", "raw_tiles": 393216, "value_updates": 386686, "mean_utility": -3.2655029296875}
{"event": "natural_episode_phase_complete", "lifecycle": 4, "arm": "MEAN_DIRECT", "phase": "A_prime", "raw_tiles": 393216, "value_updates": 386692, "mean_utility": -3.22955322265625}
{"event": "natural_episode_phase_complete", "lifecycle": 10, "arm": "FROZEN_H2", "phase": "A", "raw_tiles": 131072, "value_updates": 0, "mean_utility": 8.8543701171875}
{"event": "natural_episode_phase_complete", "lifecycle": 9, "arm": "FROZEN_H2", "phase": "A", "raw_tiles": 131072, "value_updates": 0, "mean_utility": 9.0184326171875}
{"event": "natural_episode_phase_complete", "lifecycle": 11, "arm": "FROZEN_H2", "phase": "A", "raw_tiles": 131072, "value_updates": 0, "mean_utility": 8.74420166015625}
{"event": "natural_episode_phase_complete", "lifecycle": 8, "arm": "FROZEN_H2", "phase": "A", "raw_tiles": 131072, "value_updates": 0, "mean_utility": 7.91485595703125}
{"event": "natural_episode_phase_complete", "lifecycle": 10, "arm": "FROZEN_H2", "phase": "B", "raw_tiles": 262144, "value_updates": 0, "mean_utility": 5.556640625}
{"event": "natural_episode_phase_complete", "lifecycle": 9, "arm": "FROZEN_H2", "phase": "B", "raw_tiles": 262144, "value_updates": 0, "mean_utility": 7.22760009765625}
{"event": "natural_episode_phase_complete", "lifecycle": 11, "arm": "FROZEN_H2", "phase": "B", "raw_tiles": 262144, "value_updates": 0, "mean_utility": 5.46661376953125}
{"event": "natural_episode_phase_complete", "lifecycle": 8, "arm": "FROZEN_H2", "phase": "B", "raw_tiles": 262144, "value_updates": 0, "mean_utility": 5.35894775390625}
{"event": "natural_episode_phase_complete", "lifecycle": 10, "arm": "FROZEN_H2", "phase": "A_prime", "raw_tiles": 393216, "value_updates": 0, "mean_utility": 7.41015625}
{"event": "natural_episode_phase_complete", "lifecycle": 9, "arm": "FROZEN_H2", "phase": "A_prime", "raw_tiles": 393216, "value_updates": 0, "mean_utility": 7.73980712890625}
{"event": "natural_episode_phase_complete", "lifecycle": 11, "arm": "FROZEN_H2", "phase": "A_prime", "raw_tiles": 393216, "value_updates": 0, "mean_utility": 9.13543701171875}
{"event": "natural_episode_phase_complete", "lifecycle": 8, "arm": "FROZEN_H2", "phase": "A_prime", "raw_tiles": 393216, "value_updates": 0, "mean_utility": 9.73370361328125}
{"event": "natural_episode_phase_complete", "lifecycle": 10, "arm": "NSEQ_H2", "phase": "A", "raw_tiles": 131072, "value_updates": 130341, "mean_utility": 10.247314453125}
{"event": "natural_episode_phase_complete", "lifecycle": 9, "arm": "NSEQ_H2", "phase": "A", "raw_tiles": 131072, "value_updates": 130685, "mean_utility": 5.6112060546875}
{"event": "natural_episode_phase_complete", "lifecycle": 8, "arm": "NSEQ_H2", "phase": "A", "raw_tiles": 131072, "value_updates": 129985, "mean_utility": -3.07635498046875}
{"event": "natural_episode_phase_complete", "lifecycle": 11, "arm": "NSEQ_H2", "phase": "A", "raw_tiles": 131072, "value_updates": 129860, "mean_utility": 7.042236328125}
{"event": "natural_episode_phase_complete", "lifecycle": 10, "arm": "NSEQ_H2", "phase": "B", "raw_tiles": 262144, "value_updates": 260513, "mean_utility": -3.19573974609375}
{"event": "natural_episode_phase_complete", "lifecycle": 9, "arm": "NSEQ_H2", "phase": "B", "raw_tiles": 262144, "value_updates": 260339, "mean_utility": -3.14251708984375}
{"event": "natural_episode_phase_complete", "lifecycle": 8, "arm": "NSEQ_H2", "phase": "B", "raw_tiles": 262144, "value_updates": 259161, "mean_utility": -3.08282470703125}
{"event": "natural_episode_phase_complete", "lifecycle": 11, "arm": "NSEQ_H2", "phase": "B", "raw_tiles": 262144, "value_updates": 260464, "mean_utility": -3.12811279296875}
{"event": "natural_episode_phase_complete", "lifecycle": 10, "arm": "NSEQ_H2", "phase": "A_prime", "raw_tiles": 393216, "value_updates": 390324, "mean_utility": -3.081298828125}
{"event": "natural_episode_phase_complete", "lifecycle": 9, "arm": "NSEQ_H2", "phase": "A_prime", "raw_tiles": 393216, "value_updates": 390205, "mean_utility": -2.7169189453125}
{"event": "natural_episode_phase_complete", "lifecycle": 11, "arm": "NSEQ_H2", "phase": "A_prime", "raw_tiles": 393216, "value_updates": 390258, "mean_utility": -3.09686279296875}
{"event": "natural_episode_phase_complete", "lifecycle": 8, "arm": "NSEQ_H2", "phase": "A_prime", "raw_tiles": 393216, "value_updates": 389023, "mean_utility": -2.82623291015625}
{"event": "natural_episode_phase_complete", "lifecycle": 10, "arm": "MEAN_H2", "phase": "A", "raw_tiles": 131072, "value_updates": 130616, "mean_utility": 8.970703125}
{"event": "natural_episode_phase_complete", "lifecycle": 9, "arm": "MEAN_H2", "phase": "A", "raw_tiles": 131072, "value_updates": 130400, "mean_utility": 9.34619140625}
{"event": "natural_episode_phase_complete", "lifecycle": 11, "arm": "MEAN_H2", "phase": "A", "raw_tiles": 131072, "value_updates": 129786, "mean_utility": 10.36962890625}
{"event": "natural_episode_phase_complete", "lifecycle": 8, "arm": "MEAN_H2", "phase": "A", "raw_tiles": 131072, "value_updates": 129878, "mean_utility": 9.80059814453125}
{"event": "natural_episode_phase_complete", "lifecycle": 10, "arm": "MEAN_H2", "phase": "B", "raw_tiles": 262144, "value_updates": 260452, "mean_utility": -3.18109130859375}
{"event": "natural_episode_phase_complete", "lifecycle": 9, "arm": "MEAN_H2", "phase": "B", "raw_tiles": 262144, "value_updates": 260607, "mean_utility": -3.2646484375}
{"event": "natural_episode_phase_complete", "lifecycle": 8, "arm": "MEAN_H2", "phase": "B", "raw_tiles": 262144, "value_updates": 260763, "mean_utility": -3.14471435546875}
{"event": "natural_episode_phase_complete", "lifecycle": 11, "arm": "MEAN_H2", "phase": "B", "raw_tiles": 262144, "value_updates": 260644, "mean_utility": -3.07232666015625}
{"event": "natural_episode_phase_complete", "lifecycle": 10, "arm": "MEAN_H2", "phase": "A_prime", "raw_tiles": 393216, "value_updates": 390277, "mean_utility": -2.85467529296875}
{"event": "natural_episode_phase_complete", "lifecycle": 9, "arm": "MEAN_H2", "phase": "A_prime", "raw_tiles": 393216, "value_updates": 390295, "mean_utility": -2.959716796875}
{"event": "natural_episode_phase_complete", "lifecycle": 8, "arm": "MEAN_H2", "phase": "A_prime", "raw_tiles": 393216, "value_updates": 390653, "mean_utility": -2.88824462890625}
{"event": "natural_episode_phase_complete", "lifecycle": 11, "arm": "MEAN_H2", "phase": "A_prime", "raw_tiles": 393216, "value_updates": 390338, "mean_utility": -2.9283447265625}
{"event": "natural_episode_phase_complete", "lifecycle": 10, "arm": "FROZEN_DIRECT", "phase": "A", "raw_tiles": 131072, "value_updates": 0, "mean_utility": 3.9697265625}
{"event": "natural_episode_phase_complete", "lifecycle": 9, "arm": "FROZEN_DIRECT", "phase": "A", "raw_tiles": 131072, "value_updates": 0, "mean_utility": 3.5152587890625}
{"event": "natural_episode_phase_complete", "lifecycle": 8, "arm": "FROZEN_DIRECT", "phase": "A", "raw_tiles": 131072, "value_updates": 0, "mean_utility": 6.47528076171875}
{"event": "natural_episode_phase_complete", "lifecycle": 11, "arm": "FROZEN_DIRECT", "phase": "A", "raw_tiles": 131072, "value_updates": 0, "mean_utility": 4.3125}
{"event": "natural_episode_phase_complete", "lifecycle": 10, "arm": "FROZEN_DIRECT", "phase": "B", "raw_tiles": 262144, "value_updates": 0, "mean_utility": -0.0772705078125}
{"event": "natural_episode_phase_complete", "lifecycle": 9, "arm": "FROZEN_DIRECT", "phase": "B", "raw_tiles": 262144, "value_updates": 0, "mean_utility": 0.31097412109375}
{"event": "natural_episode_phase_complete", "lifecycle": 8, "arm": "FROZEN_DIRECT", "phase": "B", "raw_tiles": 262144, "value_updates": 0, "mean_utility": 1.03302001953125}
{"event": "natural_episode_phase_complete", "lifecycle": 11, "arm": "FROZEN_DIRECT", "phase": "B", "raw_tiles": 262144, "value_updates": 0, "mean_utility": 0.10540771484375}
{"event": "natural_episode_phase_complete", "lifecycle": 10, "arm": "FROZEN_DIRECT", "phase": "A_prime", "raw_tiles": 393216, "value_updates": 0, "mean_utility": 3.9703369140625}
{"event": "natural_episode_phase_complete", "lifecycle": 9, "arm": "FROZEN_DIRECT", "phase": "A_prime", "raw_tiles": 393216, "value_updates": 0, "mean_utility": 4.1390380859375}
{"event": "natural_episode_phase_complete", "lifecycle": 8, "arm": "FROZEN_DIRECT", "phase": "A_prime", "raw_tiles": 393216, "value_updates": 0, "mean_utility": 3.5418701171875}
{"event": "natural_episode_phase_complete", "lifecycle": 11, "arm": "FROZEN_DIRECT", "phase": "A_prime", "raw_tiles": 393216, "value_updates": 0, "mean_utility": 3.453369140625}
{"event": "natural_episode_phase_complete", "lifecycle": 10, "arm": "MEAN_DIRECT", "phase": "A", "raw_tiles": 131072, "value_updates": 129207, "mean_utility": -3.37689208984375}
{"event": "natural_episode_phase_complete", "lifecycle": 9, "arm": "MEAN_DIRECT", "phase": "A", "raw_tiles": 131072, "value_updates": 129239, "mean_utility": -3.50115966796875}
{"event": "natural_episode_phase_complete", "lifecycle": 8, "arm": "MEAN_DIRECT", "phase": "A", "raw_tiles": 131072, "value_updates": 129111, "mean_utility": -3.41162109375}
{"event": "natural_episode_phase_complete", "lifecycle": 11, "arm": "MEAN_DIRECT", "phase": "A", "raw_tiles": 131072, "value_updates": 129115, "mean_utility": -3.39337158203125}
{"event": "natural_episode_phase_complete", "lifecycle": 10, "arm": "MEAN_DIRECT", "phase": "B", "raw_tiles": 262144, "value_updates": 257399, "mean_utility": -3.474853515625}
{"event": "natural_episode_phase_complete", "lifecycle": 9, "arm": "MEAN_DIRECT", "phase": "B", "raw_tiles": 262144, "value_updates": 257450, "mean_utility": -3.4920654296875}
{"event": "natural_episode_phase_complete", "lifecycle": 8, "arm": "MEAN_DIRECT", "phase": "B", "raw_tiles": 262144, "value_updates": 257315, "mean_utility": -3.46221923828125}
{"event": "natural_episode_phase_complete", "lifecycle": 11, "arm": "MEAN_DIRECT", "phase": "B", "raw_tiles": 262144, "value_updates": 257263, "mean_utility": -3.48681640625}
{"event": "natural_episode_phase_complete", "lifecycle": 10, "arm": "MEAN_DIRECT", "phase": "A_prime", "raw_tiles": 393216, "value_updates": 386527, "mean_utility": -3.2337646484375}
{"event": "natural_episode_phase_complete", "lifecycle": 9, "arm": "MEAN_DIRECT", "phase": "A_prime", "raw_tiles": 393216, "value_updates": 386588, "mean_utility": -3.275634765625}
{"event": "natural_episode_phase_complete", "lifecycle": 8, "arm": "MEAN_DIRECT", "phase": "A_prime", "raw_tiles": 393216, "value_updates": 386613, "mean_utility": -3.2587890625}
{"event": "natural_episode_phase_complete", "lifecycle": 11, "arm": "MEAN_DIRECT", "phase": "A_prime", "raw_tiles": 393216, "value_updates": 386601, "mean_utility": -3.306640625}
{"event": "natural_episode_phase_complete", "lifecycle": 14, "arm": "FROZEN_H2", "phase": "A", "raw_tiles": 131072, "value_updates": 0, "mean_utility": 9.535400390625}
{"event": "natural_episode_phase_complete", "lifecycle": 13, "arm": "FROZEN_H2", "phase": "A", "raw_tiles": 131072, "value_updates": 0, "mean_utility": 9.93792724609375}
{"event": "natural_episode_phase_complete", "lifecycle": 12, "arm": "FROZEN_H2", "phase": "A", "raw_tiles": 131072, "value_updates": 0, "mean_utility": 10.7593994140625}
{"event": "natural_episode_phase_complete", "lifecycle": 15, "arm": "FROZEN_H2", "phase": "A", "raw_tiles": 131072, "value_updates": 0, "mean_utility": 8.70501708984375}
{"event": "natural_episode_phase_complete", "lifecycle": 14, "arm": "FROZEN_H2", "phase": "B", "raw_tiles": 262144, "value_updates": 0, "mean_utility": 5.47491455078125}
{"event": "natural_episode_phase_complete", "lifecycle": 13, "arm": "FROZEN_H2", "phase": "B", "raw_tiles": 262144, "value_updates": 0, "mean_utility": 4.58868408203125}
{"event": "natural_episode_phase_complete", "lifecycle": 12, "arm": "FROZEN_H2", "phase": "B", "raw_tiles": 262144, "value_updates": 0, "mean_utility": 6.1661376953125}
{"event": "natural_episode_phase_complete", "lifecycle": 15, "arm": "FROZEN_H2", "phase": "B", "raw_tiles": 262144, "value_updates": 0, "mean_utility": 4.99810791015625}
{"event": "natural_episode_phase_complete", "lifecycle": 14, "arm": "FROZEN_H2", "phase": "A_prime", "raw_tiles": 393216, "value_updates": 0, "mean_utility": 10.11517333984375}
{"event": "natural_episode_phase_complete", "lifecycle": 13, "arm": "FROZEN_H2", "phase": "A_prime", "raw_tiles": 393216, "value_updates": 0, "mean_utility": 9.2301025390625}
{"event": "natural_episode_phase_complete", "lifecycle": 12, "arm": "FROZEN_H2", "phase": "A_prime", "raw_tiles": 393216, "value_updates": 0, "mean_utility": 9.18878173828125}
{"event": "natural_episode_phase_complete", "lifecycle": 15, "arm": "FROZEN_H2", "phase": "A_prime", "raw_tiles": 393216, "value_updates": 0, "mean_utility": 9.63592529296875}
{"event": "natural_episode_phase_complete", "lifecycle": 14, "arm": "NSEQ_H2", "phase": "A", "raw_tiles": 131072, "value_updates": 130176, "mean_utility": 8.73150634765625}
{"event": "natural_episode_phase_complete", "lifecycle": 13, "arm": "NSEQ_H2", "phase": "A", "raw_tiles": 131072, "value_updates": 129868, "mean_utility": 9.125244140625}
{"event": "natural_episode_phase_complete", "lifecycle": 12, "arm": "NSEQ_H2", "phase": "A", "raw_tiles": 131072, "value_updates": 130238, "mean_utility": 9.09051513671875}
{"event": "natural_episode_phase_complete", "lifecycle": 15, "arm": "NSEQ_H2", "phase": "A", "raw_tiles": 131072, "value_updates": 129695, "mean_utility": 12.27288818359375}
{"event": "natural_episode_phase_complete", "lifecycle": 14, "arm": "NSEQ_H2", "phase": "B", "raw_tiles": 262144, "value_updates": 260570, "mean_utility": -2.94305419921875}
{"event": "natural_episode_phase_complete", "lifecycle": 13, "arm": "NSEQ_H2", "phase": "B", "raw_tiles": 262144, "value_updates": 260473, "mean_utility": -3.1195068359375}
{"event": "natural_episode_phase_complete", "lifecycle": 12, "arm": "NSEQ_H2", "phase": "B", "raw_tiles": 262144, "value_updates": 260687, "mean_utility": -3.20672607421875}
{"event": "natural_episode_phase_complete", "lifecycle": 15, "arm": "NSEQ_H2", "phase": "B", "raw_tiles": 262144, "value_updates": 260443, "mean_utility": -3.1683349609375}
{"event": "natural_episode_phase_complete", "lifecycle": 14, "arm": "NSEQ_H2", "phase": "A_prime", "raw_tiles": 393216, "value_updates": 390343, "mean_utility": -2.70220947265625}
{"event": "natural_episode_phase_complete", "lifecycle": 13, "arm": "NSEQ_H2", "phase": "A_prime", "raw_tiles": 393216, "value_updates": 390200, "mean_utility": -2.87823486328125}
{"event": "natural_episode_phase_complete", "lifecycle": 12, "arm": "NSEQ_H2", "phase": "A_prime", "raw_tiles": 393216, "value_updates": 390546, "mean_utility": -2.97857666015625}
{"event": "natural_episode_phase_complete", "lifecycle": 15, "arm": "NSEQ_H2", "phase": "A_prime", "raw_tiles": 393216, "value_updates": 390222, "mean_utility": -2.9754638671875}
{"event": "natural_episode_phase_complete", "lifecycle": 14, "arm": "MEAN_H2", "phase": "A", "raw_tiles": 131072, "value_updates": 129979, "mean_utility": 10.535400390625}
{"event": "natural_episode_phase_complete", "lifecycle": 13, "arm": "MEAN_H2", "phase": "A", "raw_tiles": 131072, "value_updates": 130012, "mean_utility": 7.91278076171875}
{"event": "natural_episode_phase_complete", "lifecycle": 12, "arm": "MEAN_H2", "phase": "A", "raw_tiles": 131072, "value_updates": 130269, "mean_utility": 10.739013671875}
{"event": "natural_episode_phase_complete", "lifecycle": 15, "arm": "MEAN_H2", "phase": "A", "raw_tiles": 131072, "value_updates": 130276, "mean_utility": 9.79888916015625}
{"event": "natural_episode_phase_complete", "lifecycle": 14, "arm": "MEAN_H2", "phase": "B", "raw_tiles": 262144, "value_updates": 260511, "mean_utility": -3.01324462890625}
{"event": "natural_episode_phase_complete", "lifecycle": 13, "arm": "MEAN_H2", "phase": "B", "raw_tiles": 262144, "value_updates": 260619, "mean_utility": -3.15301513671875}
{"event": "natural_episode_phase_complete", "lifecycle": 12, "arm": "MEAN_H2", "phase": "B", "raw_tiles": 262144, "value_updates": 260617, "mean_utility": -3.08740234375}
{"event": "natural_episode_phase_complete", "lifecycle": 15, "arm": "MEAN_H2", "phase": "B", "raw_tiles": 262144, "value_updates": 260388, "mean_utility": -2.98919677734375}
{"event": "natural_episode_phase_complete", "lifecycle": 14, "arm": "MEAN_H2", "phase": "A_prime", "raw_tiles": 393216, "value_updates": 390319, "mean_utility": -2.70379638671875}
{"event": "natural_episode_phase_complete", "lifecycle": 13, "arm": "MEAN_H2", "phase": "A_prime", "raw_tiles": 393216, "value_updates": 390372, "mean_utility": -2.89727783203125}
{"event": "natural_episode_phase_complete", "lifecycle": 12, "arm": "MEAN_H2", "phase": "A_prime", "raw_tiles": 393216, "value_updates": 390345, "mean_utility": -2.65411376953125}
{"event": "natural_episode_phase_complete", "lifecycle": 14, "arm": "FROZEN_DIRECT", "phase": "A", "raw_tiles": 131072, "value_updates": 0, "mean_utility": 3.4825439453125}
{"event": "natural_episode_phase_complete", "lifecycle": 15, "arm": "MEAN_H2", "phase": "A_prime", "raw_tiles": 393216, "value_updates": 390268, "mean_utility": -2.73583984375}
{"event": "natural_episode_phase_complete", "lifecycle": 13, "arm": "FROZEN_DIRECT", "phase": "A", "raw_tiles": 131072, "value_updates": 0, "mean_utility": 2.21917724609375}
{"event": "natural_episode_phase_complete", "lifecycle": 12, "arm": "FROZEN_DIRECT", "phase": "A", "raw_tiles": 131072, "value_updates": 0, "mean_utility": 3.87640380859375}
{"event": "natural_episode_phase_complete", "lifecycle": 14, "arm": "FROZEN_DIRECT", "phase": "B", "raw_tiles": 262144, "value_updates": 0, "mean_utility": 0.24761962890625}
{"event": "natural_episode_phase_complete", "lifecycle": 15, "arm": "FROZEN_DIRECT", "phase": "A", "raw_tiles": 131072, "value_updates": 0, "mean_utility": 4.19573974609375}
{"event": "natural_episode_phase_complete", "lifecycle": 13, "arm": "FROZEN_DIRECT", "phase": "B", "raw_tiles": 262144, "value_updates": 0, "mean_utility": 0.04534912109375}
{"event": "natural_episode_phase_complete", "lifecycle": 12, "arm": "FROZEN_DIRECT", "phase": "B", "raw_tiles": 262144, "value_updates": 0, "mean_utility": -0.06829833984375}
{"event": "natural_episode_phase_complete", "lifecycle": 14, "arm": "FROZEN_DIRECT", "phase": "A_prime", "raw_tiles": 393216, "value_updates": 0, "mean_utility": 5.2442626953125}
{"event": "natural_episode_phase_complete", "lifecycle": 15, "arm": "FROZEN_DIRECT", "phase": "B", "raw_tiles": 262144, "value_updates": 0, "mean_utility": 0.4390869140625}
{"event": "natural_episode_phase_complete", "lifecycle": 13, "arm": "FROZEN_DIRECT", "phase": "A_prime", "raw_tiles": 393216, "value_updates": 0, "mean_utility": 3.73309326171875}
{"event": "natural_episode_phase_complete", "lifecycle": 12, "arm": "FROZEN_DIRECT", "phase": "A_prime", "raw_tiles": 393216, "value_updates": 0, "mean_utility": 2.634033203125}
{"event": "natural_episode_phase_complete", "lifecycle": 15, "arm": "FROZEN_DIRECT", "phase": "A_prime", "raw_tiles": 393216, "value_updates": 0, "mean_utility": 4.2109375}
{"event": "natural_episode_phase_complete", "lifecycle": 14, "arm": "MEAN_DIRECT", "phase": "A", "raw_tiles": 131072, "value_updates": 129039, "mean_utility": -3.40570068359375}
{"event": "natural_episode_phase_complete", "lifecycle": 13, "arm": "MEAN_DIRECT", "phase": "A", "raw_tiles": 131072, "value_updates": 129151, "mean_utility": -3.375244140625}
{"event": "natural_episode_phase_complete", "lifecycle": 12, "arm": "MEAN_DIRECT", "phase": "A", "raw_tiles": 131072, "value_updates": 129002, "mean_utility": -3.40777587890625}
{"event": "natural_episode_phase_complete", "lifecycle": 15, "arm": "MEAN_DIRECT", "phase": "A", "raw_tiles": 131072, "value_updates": 129226, "mean_utility": -3.48956298828125}
{"event": "natural_episode_phase_complete", "lifecycle": 14, "arm": "MEAN_DIRECT", "phase": "B", "raw_tiles": 262144, "value_updates": 257256, "mean_utility": -3.511962890625}
{"event": "natural_episode_phase_complete", "lifecycle": 13, "arm": "MEAN_DIRECT", "phase": "B", "raw_tiles": 262144, "value_updates": 257339, "mean_utility": -3.51568603515625}
{"event": "natural_episode_phase_complete", "lifecycle": 12, "arm": "MEAN_DIRECT", "phase": "B", "raw_tiles": 262144, "value_updates": 257266, "mean_utility": -3.45123291015625}
{"event": "natural_episode_phase_complete", "lifecycle": 15, "arm": "MEAN_DIRECT", "phase": "B", "raw_tiles": 262144, "value_updates": 257465, "mean_utility": -3.50555419921875}
{"event": "natural_episode_phase_complete", "lifecycle": 14, "arm": "MEAN_DIRECT", "phase": "A_prime", "raw_tiles": 393216, "value_updates": 386425, "mean_utility": -3.2772216796875}
{"event": "natural_episode_phase_complete", "lifecycle": 13, "arm": "MEAN_DIRECT", "phase": "A_prime", "raw_tiles": 393216, "value_updates": 386657, "mean_utility": -3.2708740234375}
{"event": "natural_episode_phase_complete", "lifecycle": 12, "arm": "MEAN_DIRECT", "phase": "A_prime", "raw_tiles": 393216, "value_updates": 386561, "mean_utility": -3.3819580078125}
{"event": "natural_episode_phase_complete", "lifecycle": 15, "arm": "MEAN_DIRECT", "phase": "A_prime", "raw_tiles": 393216, "value_updates": 386790, "mean_utility": -3.29510498046875}
{"event": "natural_episode_complete", "status": "EXPERIMENT_COMPLETE", "primary": {"mean": -6.510361989339192, "ci95": [-6.740301291147868, -6.292126051584879], "lifecycle_deltas": {"0": -5.943033854166666, "1": -6.122029622395833, "2": -6.180623372395834, "3": -7.544962565104167, "4": -6.2301025390625, "5": -5.931437174479167, "6": -6.63787841796875, "7": -6.058797200520833, "8": -6.413289388020834, "9": -6.954671223958334, "10": -6.29541015625, "11": -6.325764973958334, "12": -7.0389404296875, "13": -7.298075358072916, "14": -6.769042968749999, "15": -6.421732584635416}, "improved_equal_worse": [0, 0, 16], "adverse_lifecycles": [0, 1, 2, 3, 4, 5, 6, 7, 8, 9, 10, 11, 12, 13, 14, 15], "parent_mean_deltas": {"0": -6.406341552734375, "1": -6.5765533447265625, "2": -6.4707387288411455, "3": -6.5878143310546875}, "interval_scope": "CONDITIONAL_ON_FOUR_FROZEN_PARENTS"}}
