{
  "status": "PASS",
  "independent_valid": true,
  "lifecycles": 16,
  "fixed_source_parents": 4,
  "prior_v317_audit_status": "PASS",
  "prior_full_audit_repeated": false,
  "retained_A_facts_reconstructed_once": true,
  "decoded_canonical_rows": 82305,
  "reconstructed_A_rows": 8224,
  "reconstructed_A_raw_tiles": 2097152,
  "probe_rows": 128,
  "literal_view_probes": 384,
  "first_target_rows": 828871,
  "reproduced_target_rows": 828871,
  "new_target_array_bytes": 39785808,
  "exact_support_files": 32,
  "counterfactual_head_versions": 16,
  "actual_version_lineage_valid": true,
  "every_new_frozen_FIRST_target_and_action_checked": true,
  "reproduced_target_arrays_exact": true,
  "parameter_reproduction_evidence": "PRODUCER_EXACT_ARRAY_COMPARISON_NO_INDEPENDENT_REFIT",
  "literal_joint_leaf_gate_valid": true,
  "immutable_bank_beliefs_valid": true,
  "new_evaluation_games": 2048,
  "reused_reference_evaluation_games": 1536,
  "new_training_raw_tiles": 0,
  "complete_game_endpoints": true,
  "mechanism_status": {
    "TARGET_FIRST_FULL_MINUS_OWN_FULL": "UNRESOLVED",
    "LOCAL_OWN_MINUS_FULL_OWN": "UNRESOLVED",
    "TARGET_BY_LOCAL_INTERACTION": "UNRESOLVED",
    "R1_LOCAL_MINUS_FULL": "UNRESOLVED"
  },
  "new_diagnostic_cpu_seconds": 173.990846776,
  "economic_source_v317_and_diagnostic_cpu_seconds": 2741.0806652439996,
  "limitations": "Frozen interventions on all sixteen existing A lives, conditional on four V312 SOURCE parents and V317 coverage. One necessary A-only raw reconstruction establishes exact FIT support and sampled factual probes; no full prior audit is repeated. All new FIRST-bootstrap targets and selected actions are independently checked; reproduced targets are exactly compared to audited arrays. Parameter reproduction is the producer exact full-array comparison, not an independent refit. H2 values are independently recomputed at predeclared first/last FIT/HELDOUT probes; evaluation actions and bootstrap draws are not rerun. Exact-state localization blocks all external generalization including symmetry transfer. Historical dynamics and archived failed-attempt CPU remain unknown.",
  "errors": []
}
