{
  "status": "PASS",
  "independent_valid": true,
  "lifecycles": 64,
  "fixed_source_parents": 4,
  "new_training_environment_observations": 0,
  "retained_B_acquisition_raw_tiles": 8418915,
  "fit_games": 10401,
  "processed_training_samples": {
    "SOURCE": 0,
    "MC": 6670464,
    "EXPECTED_CONTROL": 6670464
  },
  "evaluation_games": 6144,
  "evaluation_cutoffs": 0,
  "economic_training_raw_tiles_per_arm": 19698507,
  "actual_parameter_writes": {
    "SOURCE": 0,
    "MC": 106964712,
    "EXPECTED_CONTROL": 106964712
  },
  "control_target_gain_supported": false,
  "primary_utility": {
    "mean": 0.10397529602050781,
    "ci95": [
      -0.2143156051635742,
      0.4133167505264281
    ],
    "lifecycle_deltas": {
      "0": 2.02093505859375,
      "1": -0.11865234375,
      "2": 0.16265869140625,
      "3": -0.2158203125,
      "4": -1.41998291015625,
      "5": 0.57965087890625,
      "6": 0.53271484375,
      "7": -1.55987548828125,
      "8": -0.4019775390625,
      "9": -0.72747802734375,
      "10": -0.293212890625,
      "11": -1.268798828125,
      "12": 0.73345947265625,
      "13": 1.202880859375,
      "14": 0.32501220703125,
      "15": 1.9910888671875,
      "16": -0.98193359375,
      "17": -0.489501953125,
      "18": 2.8411865234375,
      "19": 0.858642578125,
      "20": -0.505615234375,
      "21": 0.114013671875,
      "22": -0.04034423828125,
      "23": -0.5400390625,
      "24": 0.22650146484375,
      "25": -0.8504638671875,
      "26": 1.26019287109375,
      "27": 0.67071533203125,
      "28": -0.36212158203125,
      "29": 1.40380859375,
      "30": 1.9560546875,
      "31": 0.57135009765625,
      "32": -1.3011474609375,
      "33": 0.4498291015625,
      "34": 0.67633056640625,
      "35": -4.01629638671875,
      "36": -2.201904296875,
      "37": 0.4827880859375,
      "38": 1.8616943359375,
      "39": 0.40826416015625,
      "40": -0.42437744140625,
      "41": 1.42974853515625,
      "42": -1.30462646484375,
      "43": 0.30120849609375,
      "44": -2.98846435546875,
      "45": 1.62774658203125,
      "46": 0.74468994140625,
      "47": 1.7945556640625,
      "48": 1.643798828125,
      "49": -0.15509033203125,
      "50": -2.43328857421875,
      "51": 0.11083984375,
      "52": 1.60125732421875,
      "53": 1.19873046875,
      "54": -1.14117431640625,
      "55": -1.04376220703125,
      "56": -0.87445068359375,
      "57": -0.40704345703125,
      "58": 0.6751708984375,
      "59": 1.82586669921875,
      "60": 0.27447509765625,
      "61": 1.84320068359375,
      "62": -2.0343017578125,
      "63": 0.3551025390625
    },
    "parent_mean_deltas": {
      "0": -0.31009674072265625,
      "1": 0.4740104675292969,
      "2": 0.23679733276367188,
      "3": 0.01519012451171875
    },
    "interval_scope": "CONDITIONAL_ON_FOUR_FROZEN_PARENTS_AND_RETAINED_B_TRAINING",
    "improved_equal_worse": [
      36,
      0,
      28
    ],
    "adverse_lifecycles": [
      1,
      3,
      4,
      7,
      8,
      9,
      10,
      11,
      16,
      17,
      20,
      22,
      23,
      25,
      28,
      32,
      35,
      36,
      40,
      42,
      44,
      49,
      50,
      54,
      55,
      56,
      57,
      62
    ]
  },
  "method": "Fixed retained B and fit-prefix inventory, original MC fit and full heldout reproduction, target-only normalization and branch work, fresh complete paired games, signed endpoint means and actual costs.",
  "limitations": "No replay of settled V298 canonical worlds or value weights; no new bootstrap draws. Intervals are checked for their saved receipt scope and feasible range. New evaluation is independent; training histories and source parents remain inherited.",
  "errors": []
}
