{"event": "b_control_arm_complete", "lifecycle": 3, "arm": "SOURCE", "samples": 0, "parameter_writes": 0, "heldout": {"bias": -1.7784858905486978, "mse": 35.041959483948546, "mae": 4.901637403909874}, "mean_utility": 5.97052001953125}
{"event": "b_control_arm_complete", "lifecycle": 2, "arm": "SOURCE", "samples": 0, "parameter_writes": 0, "heldout": {"bias": 0.3643686855282394, "mse": 22.69437603677542, "mae": 3.807268477002112}, "mean_utility": 5.118408203125}
{"event": "b_control_arm_complete", "lifecycle": 0, "arm": "SOURCE", "samples": 0, "parameter_writes": 0, "heldout": {"bias": 0.016062642624104125, "mse": 20.423363294869805, "mae": 3.469467818361474}, "mean_utility": 4.27374267578125}
{"event": "b_control_arm_complete", "lifecycle": 1, "arm": "SOURCE", "samples": 0, "parameter_writes": 0, "heldout": {"bias": -1.568241821039417, "mse": 31.43277848639601, "mae": 4.4652511411779985}, "mean_utility": 5.46453857421875}
{"event": "b_control_arm_complete", "lifecycle": 3, "arm": "MC", "samples": 104217, "parameter_writes": 1673465, "heldout": {"bias": -0.5189342519645082, "mse": 31.84749459704443, "mae": 5.124095273531378}, "mean_utility": 3.90057373046875}
{"event": "b_control_arm_complete", "lifecycle": 2, "arm": "MC", "samples": 106115, "parameter_writes": 1690746, "heldout": {"bias": 1.7040285399985011, "mse": 25.655004191231814, "mae": 4.516869932074717}, "mean_utility": 4.05670166015625}
{"event": "b_control_arm_complete", "lifecycle": 0, "arm": "MC", "samples": 103552, "parameter_writes": 1668345, "heldout": {"bias": 1.7027521117582747, "mse": 22.52356203051045, "mae": 4.304095923839291}, "mean_utility": 4.39471435546875}
{"event": "b_control_arm_complete", "lifecycle": 1, "arm": "MC", "samples": 103720, "parameter_writes": 1655059, "heldout": {"bias": -0.3161806755075196, "mse": 28.33717398337105, "mae": 4.711967520243732}, "mean_utility": 5.55645751953125}
{"event": "b_control_arm_complete", "lifecycle": 3, "arm": "EXPECTED_CONTROL", "samples": 104217, "parameter_writes": 1673465, "heldout": {"bias": -1.6665639699148755, "mse": 34.59800234741333, "mae": 4.906103342378042}, "mean_utility": 5.75469970703125}
{"event": "b_control_arm_complete", "lifecycle": 2, "arm": "EXPECTED_CONTROL", "samples": 106115, "parameter_writes": 1690746, "heldout": {"bias": 0.49074026506970414, "mse": 22.747713933331003, "mae": 3.8489499167918098}, "mean_utility": 5.28106689453125}
{"event": "b_control_arm_complete", "lifecycle": 7, "arm": "SOURCE", "samples": 0, "parameter_writes": 0, "heldout": {"bias": -1.0109163456690209, "mse": 29.541228553888114, "mae": 4.4114148856366295}, "mean_utility": 5.5418701171875}
{"event": "b_control_arm_complete", "lifecycle": 0, "arm": "EXPECTED_CONTROL", "samples": 103552, "parameter_writes": 1668345, "heldout": {"bias": 0.14460235966705945, "mse": 20.34157646228494, "mae": 3.502576110196697}, "mean_utility": 6.294677734375}
{"event": "b_control_arm_complete", "lifecycle": 1, "arm": "EXPECTED_CONTROL", "samples": 103720, "parameter_writes": 1655059, "heldout": {"bias": -1.4437195576988247, "mse": 30.980379768622583, "mae": 4.465989793708468}, "mean_utility": 5.34588623046875}
{"event": "b_control_arm_complete", "lifecycle": 6, "arm": "SOURCE", "samples": 0, "parameter_writes": 0, "heldout": {"bias": -0.7632838643969757, "mse": 26.442889698877373, "mae": 4.022621539744019}, "mean_utility": 4.2646484375}
{"event": "b_control_arm_complete", "lifecycle": 4, "arm": "SOURCE", "samples": 0, "parameter_writes": 0, "heldout": {"bias": -0.6342157327797379, "mse": 26.088420571501274, "mae": 4.006909277508096}, "mean_utility": 6.0511474609375}
{"event": "b_control_arm_complete", "lifecycle": 5, "arm": "SOURCE", "samples": 0, "parameter_writes": 0, "heldout": {"bias": -1.017399749637356, "mse": 27.560025408420664, "mae": 4.11951203630405}, "mean_utility": 4.52203369140625}
{"event": "b_control_arm_complete", "lifecycle": 7, "arm": "MC", "samples": 104740, "parameter_writes": 1680447, "heldout": {"bias": 0.6558843167900709, "mse": 28.937090976167326, "mae": 4.937106340220449}, "mean_utility": 4.51422119140625}
{"event": "b_control_arm_complete", "lifecycle": 6, "arm": "MC", "samples": 104480, "parameter_writes": 1671554, "heldout": {"bias": -0.1186844279999828, "mse": 25.378185561486884, "mae": 4.203577048937171}, "mean_utility": 3.0081787109375}
{"event": "b_control_arm_complete", "lifecycle": 4, "arm": "MC", "samples": 104101, "parameter_writes": 1680782, "heldout": {"bias": -0.0012169196552065603, "mse": 24.955707632213933, "mae": 4.19239499987418}, "mean_utility": 4.1905517578125}
{"event": "b_control_arm_complete", "lifecycle": 5, "arm": "MC", "samples": 102734, "parameter_writes": 1650050, "heldout": {"bias": -0.724110186590819, "mse": 26.591785933761656, "mae": 4.142997401203369}, "mean_utility": 2.3472900390625}
{"event": "b_control_arm_complete", "lifecycle": 7, "arm": "EXPECTED_CONTROL", "samples": 104740, "parameter_writes": 1680447, "heldout": {"bias": -0.8856162920706487, "mse": 29.226131000907767, "mae": 4.428772206797091}, "mean_utility": 3.98199462890625}
{"event": "b_control_arm_complete", "lifecycle": 6, "arm": "EXPECTED_CONTROL", "samples": 104480, "parameter_writes": 1671554, "heldout": {"bias": -0.6459327171908418, "mse": 26.213838868290814, "mae": 4.042238878807992}, "mean_utility": 4.79736328125}
{"event": "b_control_arm_complete", "lifecycle": 11, "arm": "SOURCE", "samples": 0, "parameter_writes": 0, "heldout": {"bias": 0.07222066091977088, "mse": 21.818024874820072, "mae": 3.6278043214454296}, "mean_utility": 6.03173828125}
{"event": "b_control_arm_complete", "lifecycle": 4, "arm": "EXPECTED_CONTROL", "samples": 104101, "parameter_writes": 1680782, "heldout": {"bias": -0.5216185243706892, "mse": 25.878508928088756, "mae": 4.021193433669777}, "mean_utility": 4.63116455078125}
{"event": "b_control_arm_complete", "lifecycle": 5, "arm": "EXPECTED_CONTROL", "samples": 102734, "parameter_writes": 1650050, "heldout": {"bias": -0.8798294379382671, "mse": 27.19719864917649, "mae": 4.135593862510841}, "mean_utility": 5.1016845703125}
{"event": "b_control_arm_complete", "lifecycle": 10, "arm": "SOURCE", "samples": 0, "parameter_writes": 0, "heldout": {"bias": 0.6246514571789279, "mse": 19.83131623728208, "mae": 3.5451936591267734}, "mean_utility": 5.1937255859375}
{"event": "b_control_arm_complete", "lifecycle": 8, "arm": "SOURCE", "samples": 0, "parameter_writes": 0, "heldout": {"bias": 0.49823608187219537, "mse": 20.337799648185488, "mae": 3.5739861372835477}, "mean_utility": 5.01446533203125}
{"event": "b_control_arm_complete", "lifecycle": 9, "arm": "SOURCE", "samples": 0, "parameter_writes": 0, "heldout": {"bias": -0.8627557888927709, "mse": 27.790125516144755, "mae": 4.182044728062893}, "mean_utility": 5.0423583984375}
{"event": "b_control_arm_complete", "lifecycle": 11, "arm": "MC", "samples": 103588, "parameter_writes": 1664156, "heldout": {"bias": 1.3056766776169935, "mse": 23.49942130652374, "mae": 4.244146042898031}, "mean_utility": 5.289794921875}
{"event": "b_control_arm_complete", "lifecycle": 10, "arm": "MC", "samples": 105111, "parameter_writes": 1678846, "heldout": {"bias": 1.6189512584585533, "mse": 21.58224275208142, "mae": 4.099450460338908}, "mean_utility": 5.37548828125}
{"event": "b_control_arm_complete", "lifecycle": 8, "arm": "MC", "samples": 104707, "parameter_writes": 1672806, "heldout": {"bias": 1.5644260485433354, "mse": 22.086641967677913, "mae": 4.139325420808878}, "mean_utility": 5.4268798828125}
{"event": "b_control_arm_complete", "lifecycle": 9, "arm": "MC", "samples": 104348, "parameter_writes": 1673091, "heldout": {"bias": -0.19595071799436597, "mse": 26.844949911721425, "mae": 4.392714140824689}, "mean_utility": 1.843505859375}
{"event": "b_control_arm_complete", "lifecycle": 11, "arm": "EXPECTED_CONTROL", "samples": 103588, "parameter_writes": 1664156, "heldout": {"bias": 0.19928295119593287, "mse": 21.781209407865504, "mae": 3.6577404109828464}, "mean_utility": 4.762939453125}
{"event": "b_control_arm_complete", "lifecycle": 15, "arm": "SOURCE", "samples": 0, "parameter_writes": 0, "heldout": {"bias": 0.7007862058383595, "mse": 18.439780060519553, "mae": 3.3457325404098968}, "mean_utility": 4.1151123046875}
{"event": "b_control_arm_complete", "lifecycle": 10, "arm": "EXPECTED_CONTROL", "samples": 105111, "parameter_writes": 1678846, "heldout": {"bias": 0.755454406226442, "mse": 19.93567446829517, "mae": 3.5998421971814443}, "mean_utility": 4.9005126953125}
{"event": "b_control_arm_complete", "lifecycle": 8, "arm": "EXPECTED_CONTROL", "samples": 104707, "parameter_writes": 1672806, "heldout": {"bias": 0.6243532791144037, "mse": 20.40306203833535, "mae": 3.61864809715223}, "mean_utility": 4.61248779296875}
{"event": "b_control_arm_complete", "lifecycle": 9, "arm": "EXPECTED_CONTROL", "samples": 104348, "parameter_writes": 1673091, "heldout": {"bias": -0.735866034272612, "mse": 27.509613872818104, "mae": 4.201687451013147}, "mean_utility": 4.31488037109375}
{"event": "b_control_arm_complete", "lifecycle": 14, "arm": "SOURCE", "samples": 0, "parameter_writes": 0, "heldout": {"bias": -1.3974401444779307, "mse": 31.266200538668283, "mae": 4.497944475573631}, "mean_utility": 5.752197265625}
{"event": "b_control_arm_complete", "lifecycle": 12, "arm": "SOURCE", "samples": 0, "parameter_writes": 0, "heldout": {"bias": 0.617929083605235, "mse": 17.66647514993498, "mae": 3.256228891832251}, "mean_utility": 5.0025634765625}
{"event": "b_control_arm_complete", "lifecycle": 13, "arm": "SOURCE", "samples": 0, "parameter_writes": 0, "heldout": {"bias": -0.4705974269829211, "mse": 24.10340856356549, "mae": 3.8391226343051077}, "mean_utility": 4.84051513671875}
{"event": "b_control_arm_complete", "lifecycle": 15, "arm": "MC", "samples": 104597, "parameter_writes": 1680887, "heldout": {"bias": 1.064317223573261, "mse": 18.777231481905428, "mae": 3.504403777129223}, "mean_utility": 3.29949951171875}
{"event": "b_control_arm_complete", "lifecycle": 14, "arm": "MC", "samples": 103581, "parameter_writes": 1663154, "heldout": {"bias": -1.2505680215340176, "mse": 30.58000193883779, "mae": 4.504988780177151}, "mean_utility": 4.1546630859375}
{"event": "b_control_arm_complete", "lifecycle": 12, "arm": "MC", "samples": 103704, "parameter_writes": 1675740, "heldout": {"bias": 1.7837891264210937, "mse": 19.683613309776874, "mae": 3.878933456728441}, "mean_utility": 3.1533203125}
{"event": "b_control_arm_complete", "lifecycle": 13, "arm": "MC", "samples": 103594, "parameter_writes": 1656692, "heldout": {"bias": 0.5375468751806426, "mse": 23.51388867550096, "mae": 4.181320894237682}, "mean_utility": 4.72711181640625}
{"event": "b_control_arm_complete", "lifecycle": 15, "arm": "EXPECTED_CONTROL", "samples": 104597, "parameter_writes": 1680887, "heldout": {"bias": 0.8313336771908698, "mse": 18.570128127304898, "mae": 3.394648700515535}, "mean_utility": 6.106201171875}
{"event": "b_control_arm_complete", "lifecycle": 19, "arm": "SOURCE", "samples": 0, "parameter_writes": 0, "heldout": {"bias": -1.1940266261397772, "mse": 29.519935356493296, "mae": 4.343281717675017}, "mean_utility": 4.95489501953125}
{"event": "b_control_arm_complete", "lifecycle": 14, "arm": "EXPECTED_CONTROL", "samples": 103581, "parameter_writes": 1663154, "heldout": {"bias": -1.2537185961744635, "mse": 30.810121427353312, "mae": 4.509943620878269}, "mean_utility": 6.07720947265625}
{"event": "b_control_arm_complete", "lifecycle": 12, "arm": "EXPECTED_CONTROL", "samples": 103704, "parameter_writes": 1675740, "heldout": {"bias": 0.7587815246986868, "mse": 17.745318847881293, "mae": 3.30213527477735}, "mean_utility": 5.73602294921875}
{"event": "b_control_arm_complete", "lifecycle": 13, "arm": "EXPECTED_CONTROL", "samples": 103594, "parameter_writes": 1656692, "heldout": {"bias": -0.35393546104042023, "mse": 23.931206282241114, "mae": 3.859391560238851}, "mean_utility": 6.04339599609375}
{"event": "b_control_arm_complete", "lifecycle": 18, "arm": "SOURCE", "samples": 0, "parameter_writes": 0, "heldout": {"bias": 0.07073076391280031, "mse": 21.869173165325765, "mae": 3.635018230354482}, "mean_utility": 3.82177734375}
{"event": "b_control_arm_complete", "lifecycle": 19, "arm": "MC", "samples": 103067, "parameter_writes": 1651258, "heldout": {"bias": -0.6323431962087935, "mse": 28.073295198610268, "mae": 4.433247141420669}, "mean_utility": 4.3919677734375}
{"event": "b_control_arm_complete", "lifecycle": 16, "arm": "SOURCE", "samples": 0, "parameter_writes": 0, "heldout": {"bias": 0.1532436393774524, "mse": 21.380974944939265, "mae": 3.6284115979200955}, "mean_utility": 5.898193359375}
{"event": "b_control_arm_complete", "lifecycle": 17, "arm": "SOURCE", "samples": 0, "parameter_writes": 0, "heldout": {"bias": -0.7491275987678611, "mse": 28.531428223658047, "mae": 4.285131531249194}, "mean_utility": 5.04388427734375}
{"event": "b_control_arm_complete", "lifecycle": 18, "arm": "MC", "samples": 105067, "parameter_writes": 1668897, "heldout": {"bias": 1.4801531009486455, "mse": 23.613763071529014, "mae": 4.349675743849918}, "mean_utility": 3.75689697265625}
{"event": "b_control_arm_complete", "lifecycle": 16, "arm": "MC", "samples": 104481, "parameter_writes": 1685793, "heldout": {"bias": 1.2260300905372665, "mse": 22.364368681426942, "mae": 4.105957343694573}, "mean_utility": 4.07208251953125}
{"event": "b_control_arm_complete", "lifecycle": 17, "arm": "MC", "samples": 104311, "parameter_writes": 1664096, "heldout": {"bias": 0.5260717247640421, "mse": 27.961130900526953, "mae": 4.7464496303093195}, "mean_utility": 4.486328125}
{"event": "b_control_arm_complete", "lifecycle": 19, "arm": "EXPECTED_CONTROL", "samples": 103067, "parameter_writes": 1651258, "heldout": {"bias": -1.084255751000392, "mse": 29.194410384152466, "mae": 4.348395625501418}, "mean_utility": 5.81353759765625}
{"event": "b_control_arm_complete", "lifecycle": 23, "arm": "SOURCE", "samples": 0, "parameter_writes": 0, "heldout": {"bias": -0.5339787481830746, "mse": 25.243768226319947, "mae": 3.9142521112065496}, "mean_utility": 5.1270751953125}
{"event": "b_control_arm_complete", "lifecycle": 18, "arm": "EXPECTED_CONTROL", "samples": 105067, "parameter_writes": 1668897, "heldout": {"bias": 0.1950521780349022, "mse": 21.819078418029648, "mae": 3.6733429532318014}, "mean_utility": 6.6629638671875}
{"event": "b_control_arm_complete", "lifecycle": 17, "arm": "EXPECTED_CONTROL", "samples": 104311, "parameter_writes": 1664096, "heldout": {"bias": -0.6347389663925428, "mse": 28.320206315426386, "mae": 4.30500348715909}, "mean_utility": 4.55438232421875}
{"event": "b_control_arm_complete", "lifecycle": 16, "arm": "EXPECTED_CONTROL", "samples": 104481, "parameter_writes": 1685793, "heldout": {"bias": 0.28483906372972434, "mse": 21.346138317039422, "mae": 3.662822682156973}, "mean_utility": 4.916259765625}
{"event": "b_control_arm_complete", "lifecycle": 22, "arm": "SOURCE", "samples": 0, "parameter_writes": 0, "heldout": {"bias": -0.09799601306965958, "mse": 22.58119984082903, "mae": 3.7041609895663563}, "mean_utility": 4.73468017578125}
{"event": "b_control_arm_complete", "lifecycle": 21, "arm": "SOURCE", "samples": 0, "parameter_writes": 0, "heldout": {"bias": -0.33346509638510796, "mse": 28.12428966388775, "mae": 4.3480487310922085}, "mean_utility": 4.97576904296875}
{"event": "b_control_arm_complete", "lifecycle": 23, "arm": "MC", "samples": 103951, "parameter_writes": 1655916, "heldout": {"bias": 1.1921240361318952, "mse": 26.0702060806739, "mae": 4.636408313838794}, "mean_utility": 5.69183349609375}
{"event": "b_control_arm_complete", "lifecycle": 20, "arm": "SOURCE", "samples": 0, "parameter_writes": 0, "heldout": {"bias": 0.06998307455967957, "mse": 20.791342587708115, "mae": 3.520713793988178}, "mean_utility": 4.5926513671875}
{"event": "b_control_arm_complete", "lifecycle": 22, "arm": "MC", "samples": 103330, "parameter_writes": 1661024, "heldout": {"bias": 0.6996070761315222, "mse": 22.671981085135524, "mae": 4.01835184732437}, "mean_utility": 3.03997802734375}
{"event": "b_control_arm_complete", "lifecycle": 21, "arm": "MC", "samples": 105372, "parameter_writes": 1691119, "heldout": {"bias": 1.3839278292492443, "mse": 29.939788261125344, "mae": 5.035748623120853}, "mean_utility": 4.77923583984375}
{"event": "b_control_arm_complete", "lifecycle": 20, "arm": "MC", "samples": 103881, "parameter_writes": 1672412, "heldout": {"bias": 1.0892743409128745, "mse": 21.164597070948094, "mae": 3.99879043788458}, "mean_utility": 5.1668701171875}
{"event": "b_control_arm_complete", "lifecycle": 23, "arm": "EXPECTED_CONTROL", "samples": 103951, "parameter_writes": 1655916, "heldout": {"bias": -0.41193828260928544, "mse": 25.07082455076675, "mae": 3.934592044925259}, "mean_utility": 4.5870361328125}
{"event": "b_control_arm_complete", "lifecycle": 22, "arm": "EXPECTED_CONTROL", "samples": 103330, "parameter_writes": 1661024, "heldout": {"bias": 0.025253954377511847, "mse": 22.499019157290903, "mae": 3.730408497341911}, "mean_utility": 4.6943359375}
{"event": "b_control_arm_complete", "lifecycle": 27, "arm": "SOURCE", "samples": 0, "parameter_writes": 0, "heldout": {"bias": -1.1835266330055378, "mse": 29.29549846696843, "mae": 4.281901787898832}, "mean_utility": 6.9664306640625}
{"event": "b_control_arm_complete", "lifecycle": 21, "arm": "EXPECTED_CONTROL", "samples": 105372, "parameter_writes": 1691119, "heldout": {"bias": -0.21735934265802462, "mse": 28.009459493256905, "mae": 4.377139394511202}, "mean_utility": 5.08978271484375}
{"event": "b_control_arm_complete", "lifecycle": 20, "arm": "EXPECTED_CONTROL", "samples": 103881, "parameter_writes": 1672412, "heldout": {"bias": 0.20657131895224431, "mse": 20.729345456061402, "mae": 3.5618430500884166}, "mean_utility": 4.0870361328125}
{"event": "b_control_arm_complete", "lifecycle": 26, "arm": "SOURCE", "samples": 0, "parameter_writes": 0, "heldout": {"bias": -0.8132323608020613, "mse": 26.27884056371954, "mae": 3.996616227688752}, "mean_utility": 4.7938232421875}
{"event": "b_control_arm_complete", "lifecycle": 25, "arm": "SOURCE", "samples": 0, "parameter_writes": 0, "heldout": {"bias": -1.067582726788142, "mse": 29.02323571084157, "mae": 4.304187472718117}, "mean_utility": 6.80828857421875}
{"event": "b_control_arm_complete", "lifecycle": 27, "arm": "MC", "samples": 103617, "parameter_writes": 1663370, "heldout": {"bias": 0.21539877644757432, "mse": 27.344767650944682, "mae": 4.708639480408446}, "mean_utility": 5.64764404296875}
{"event": "b_control_arm_complete", "lifecycle": 24, "arm": "SOURCE", "samples": 0, "parameter_writes": 0, "heldout": {"bias": -0.39470615931988845, "mse": 24.758672201532555, "mae": 3.906347103346703}, "mean_utility": 4.545166015625}
{"event": "b_control_arm_complete", "lifecycle": 26, "arm": "MC", "samples": 104523, "parameter_writes": 1676768, "heldout": {"bias": 0.5095152124184912, "mse": 25.057959037760916, "mae": 4.431305175536089}, "mean_utility": 3.7734375}
{"event": "b_control_arm_complete", "lifecycle": 25, "arm": "MC", "samples": 103195, "parameter_writes": 1652193, "heldout": {"bias": -0.6935289249513911, "mse": 28.019576480809228, "mae": 4.368133514262263}, "mean_utility": 2.50506591796875}
{"event": "b_control_arm_complete", "lifecycle": 24, "arm": "MC", "samples": 103909, "parameter_writes": 1669557, "heldout": {"bias": 0.26712725077005234, "mse": 24.233509419481887, "mae": 4.101562825034341}, "mean_utility": 4.91845703125}
{"event": "b_control_arm_complete", "lifecycle": 27, "arm": "EXPECTED_CONTROL", "samples": 103617, "parameter_writes": 1663370, "heldout": {"bias": -1.0441469275129387, "mse": 28.898806721864908, "mae": 4.2979292042736335}, "mean_utility": 7.63714599609375}
{"event": "b_control_arm_complete", "lifecycle": 31, "arm": "SOURCE", "samples": 0, "parameter_writes": 0, "heldout": {"bias": -0.3202549303586932, "mse": 24.63612929858899, "mae": 3.9352910211591206}, "mean_utility": 4.13140869140625}
{"event": "b_control_arm_complete", "lifecycle": 26, "arm": "EXPECTED_CONTROL", "samples": 104523, "parameter_writes": 1676768, "heldout": {"bias": -0.689396960100264, "mse": 25.985208948492634, "mae": 4.016014070501154}, "mean_utility": 6.05401611328125}
{"event": "b_control_arm_complete", "lifecycle": 25, "arm": "EXPECTED_CONTROL", "samples": 103195, "parameter_writes": 1652193, "heldout": {"bias": -0.9376097179528761, "mse": 28.67497065883388, "mae": 4.320011209253671}, "mean_utility": 5.95782470703125}
{"event": "b_control_arm_complete", "lifecycle": 24, "arm": "EXPECTED_CONTROL", "samples": 103909, "parameter_writes": 1669557, "heldout": {"bias": -0.2678775803471456, "mse": 24.5825356735203, "mae": 3.923110277814092}, "mean_utility": 4.77166748046875}
{"event": "b_control_arm_complete", "lifecycle": 30, "arm": "SOURCE", "samples": 0, "parameter_writes": 0, "heldout": {"bias": -0.503808973578161, "mse": 24.311805126911402, "mae": 3.8053465772876707}, "mean_utility": 4.0379638671875}
{"event": "b_control_arm_complete", "lifecycle": 29, "arm": "SOURCE", "samples": 0, "parameter_writes": 0, "heldout": {"bias": -1.1243864422500622, "mse": 31.371851170914468, "mae": 4.5653422242041115}, "mean_utility": 5.87188720703125}
{"event": "b_control_arm_complete", "lifecycle": 31, "arm": "MC", "samples": 104597, "parameter_writes": 1677485, "heldout": {"bias": 0.534601913243369, "mse": 24.261370572464145, "mae": 4.24537529117106}, "mean_utility": 3.17083740234375}
{"event": "b_control_arm_complete", "lifecycle": 28, "arm": "SOURCE", "samples": 0, "parameter_writes": 0, "heldout": {"bias": 0.5176769130836494, "mse": 19.037983084924736, "mae": 3.405539636626183}, "mean_utility": 5.97259521484375}
{"event": "b_control_arm_complete", "lifecycle": 30, "arm": "MC", "samples": 104060, "parameter_writes": 1669180, "heldout": {"bias": 0.1748949665036129, "mse": 23.17872419402901, "mae": 4.0324026742153425}, "mean_utility": 2.8856201171875}
{"event": "b_control_arm_complete", "lifecycle": 29, "arm": "MC", "samples": 104173, "parameter_writes": 1669085, "heldout": {"bias": -0.7407572538323278, "mse": 30.28728440733307, "mae": 4.666127808343911}, "mean_utility": 1.235107421875}
{"event": "b_control_arm_complete", "lifecycle": 28, "arm": "MC", "samples": 103541, "parameter_writes": 1656832, "heldout": {"bias": 0.5084863062623017, "mse": 18.571830803728304, "mae": 3.3420952987454933}, "mean_utility": 1.98797607421875}
{"event": "b_control_arm_complete", "lifecycle": 31, "arm": "EXPECTED_CONTROL", "samples": 104597, "parameter_writes": 1677485, "heldout": {"bias": -0.19483929802268884, "mse": 24.477976934515915, "mae": 3.9605800668255364}, "mean_utility": 4.7027587890625}
{"event": "b_control_arm_complete", "lifecycle": 30, "arm": "EXPECTED_CONTROL", "samples": 104060, "parameter_writes": 1669180, "heldout": {"bias": -0.38214997767807113, "mse": 24.101088560133874, "mae": 3.8291887505035476}, "mean_utility": 5.9940185546875}
{"event": "b_control_arm_complete", "lifecycle": 35, "arm": "SOURCE", "samples": 0, "parameter_writes": 0, "heldout": {"bias": -1.8279487006595505, "mse": 33.56202341574826, "mae": 4.66796280896636}, "mean_utility": 8.350830078125}
{"event": "b_control_arm_complete", "lifecycle": 29, "arm": "EXPECTED_CONTROL", "samples": 104173, "parameter_writes": 1669085, "heldout": {"bias": -0.9946215331558855, "mse": 31.028749070969308, "mae": 4.586177650969323}, "mean_utility": 7.27569580078125}
{"event": "b_control_arm_complete", "lifecycle": 28, "arm": "EXPECTED_CONTROL", "samples": 103541, "parameter_writes": 1656832, "heldout": {"bias": 0.6518015367626897, "mse": 19.09454771234902, "mae": 3.4482399660384604}, "mean_utility": 5.6104736328125}
{"event": "b_control_arm_complete", "lifecycle": 34, "arm": "SOURCE", "samples": 0, "parameter_writes": 0, "heldout": {"bias": 0.913482673559917, "mse": 16.84421120896805, "mae": 3.2239391900185717}, "mean_utility": 5.302734375}
{"event": "b_control_arm_complete", "lifecycle": 33, "arm": "SOURCE", "samples": 0, "parameter_writes": 0, "heldout": {"bias": -0.20217236461535557, "mse": 25.144794301378656, "mae": 4.007474764535303}, "mean_utility": 4.8121337890625}
{"event": "b_control_arm_complete", "lifecycle": 35, "arm": "MC", "samples": 103793, "parameter_writes": 1666453, "heldout": {"bias": -1.5214250880075686, "mse": 32.01821632432443, "mae": 4.679795827420287}, "mean_utility": 1.84161376953125}
{"event": "b_control_arm_complete", "lifecycle": 32, "arm": "SOURCE", "samples": 0, "parameter_writes": 0, "heldout": {"bias": 0.6552172578862598, "mse": 18.40220107701836, "mae": 3.346063489337387}, "mean_utility": 5.4989013671875}
{"event": "b_control_arm_complete", "lifecycle": 34, "arm": "MC", "samples": 104689, "parameter_writes": 1663406, "heldout": {"bias": 2.1267335988587153, "mse": 19.79428755392342, "mae": 3.8963439775457838}, "mean_utility": 5.18280029296875}
{"event": "b_control_arm_complete", "lifecycle": 33, "arm": "MC", "samples": 105619, "parameter_writes": 1684949, "heldout": {"bias": 1.465709307905682, "mse": 26.914668135015557, "mae": 4.792857392960924}, "mean_utility": 3.5125732421875}
{"event": "b_control_arm_complete", "lifecycle": 32, "arm": "MC", "samples": 104337, "parameter_writes": 1684662, "heldout": {"bias": 1.5873726590581, "mse": 19.916603799921486, "mae": 3.811517281186713}, "mean_utility": 3.05902099609375}
{"event": "b_control_arm_complete", "lifecycle": 35, "arm": "EXPECTED_CONTROL", "samples": 103793, "parameter_writes": 1666453, "heldout": {"bias": -1.7088680238059393, "mse": 33.058254999637114, "mae": 4.670642003760832}, "mean_utility": 4.33453369140625}
{"event": "b_control_arm_complete", "lifecycle": 39, "arm": "SOURCE", "samples": 0, "parameter_writes": 0, "heldout": {"bias": -1.7963762632259297, "mse": 33.762881407707034, "mae": 4.704255422457659}, "mean_utility": 5.63433837890625}
{"event": "b_control_arm_complete", "lifecycle": 32, "arm": "EXPECTED_CONTROL", "samples": 104337, "parameter_writes": 1684662, "heldout": {"bias": 0.7803600086041957, "mse": 18.502839158512227, "mae": 3.3870969179261903}, "mean_utility": 4.19775390625}
{"event": "b_control_arm_complete", "lifecycle": 34, "arm": "EXPECTED_CONTROL", "samples": 104689, "parameter_writes": 1663406, "heldout": {"bias": 1.0324330423847443, "mse": 16.98398335182064, "mae": 3.26504541013599}, "mean_utility": 5.97906494140625}
{"event": "b_control_arm_complete", "lifecycle": 33, "arm": "EXPECTED_CONTROL", "samples": 105619, "parameter_writes": 1684949, "heldout": {"bias": -0.07760820055607291, "mse": 25.04040809922029, "mae": 4.0472605735546905}, "mean_utility": 5.261962890625}
{"event": "b_control_arm_complete", "lifecycle": 36, "arm": "SOURCE", "samples": 0, "parameter_writes": 0, "heldout": {"bias": -0.593101182131822, "mse": 26.405673046196604, "mae": 4.078935621115337}, "mean_utility": 5.93658447265625}
{"event": "b_control_arm_complete", "lifecycle": 38, "arm": "SOURCE", "samples": 0, "parameter_writes": 0, "heldout": {"bias": -0.989652418720078, "mse": 30.549768903356824, "mae": 4.51619581369936}, "mean_utility": 4.89251708984375}
{"event": "b_control_arm_complete", "lifecycle": 37, "arm": "SOURCE", "samples": 0, "parameter_writes": 0, "heldout": {"bias": -0.5483525135026068, "mse": 26.000116156850286, "mae": 4.0166646262253565}, "mean_utility": 4.59222412109375}
{"event": "b_control_arm_complete", "lifecycle": 39, "arm": "MC", "samples": 102738, "parameter_writes": 1654362, "heldout": {"bias": -1.0777771378166927, "mse": 31.143658254944494, "mae": 4.804270656517839}, "mean_utility": 3.98333740234375}
{"event": "b_control_arm_complete", "lifecycle": 38, "arm": "MC", "samples": 105159, "parameter_writes": 1686477, "heldout": {"bias": -0.6756026185447785, "mse": 30.082136914424854, "mae": 4.612395591973737}, "mean_utility": 2.02398681640625}
{"event": "b_control_arm_complete", "lifecycle": 36, "arm": "MC", "samples": 104368, "parameter_writes": 1676990, "heldout": {"bias": 0.5569353784492745, "mse": 25.8996405083234, "mae": 4.484818830968253}, "mean_utility": 4.339111328125}
{"event": "b_control_arm_complete", "lifecycle": 37, "arm": "MC", "samples": 104013, "parameter_writes": 1664730, "heldout": {"bias": 0.04710088899404145, "mse": 25.437252100556503, "mae": 4.215557693252082}, "mean_utility": 3.79248046875}
{"event": "b_control_arm_complete", "lifecycle": 39, "arm": "EXPECTED_CONTROL", "samples": 102738, "parameter_writes": 1654362, "heldout": {"bias": -1.6418107732486886, "mse": 33.12650769679632, "mae": 4.7055150334285525}, "mean_utility": 6.0426025390625}
{"event": "b_control_arm_complete", "lifecycle": 43, "arm": "SOURCE", "samples": 0, "parameter_writes": 0, "heldout": {"bias": 0.13234346303192954, "mse": 21.73725540771913, "mae": 3.64729208117339}, "mean_utility": 4.76611328125}
{"event": "b_control_arm_complete", "lifecycle": 36, "arm": "EXPECTED_CONTROL", "samples": 104368, "parameter_writes": 1676990, "heldout": {"bias": -0.46734773176524425, "mse": 26.20313897790117, "mae": 4.099008116698032}, "mean_utility": 3.73468017578125}
{"event": "b_control_arm_complete", "lifecycle": 38, "arm": "EXPECTED_CONTROL", "samples": 105159, "parameter_writes": 1686477, "heldout": {"bias": -0.8664062322835943, "mse": 30.2865435360675, "mae": 4.5397356344260755}, "mean_utility": 6.75421142578125}
{"event": "b_control_arm_complete", "lifecycle": 37, "arm": "EXPECTED_CONTROL", "samples": 104013, "parameter_writes": 1664730, "heldout": {"bias": -0.4266333739020682, "mse": 25.812500834627144, "mae": 4.042753897539422}, "mean_utility": 5.07501220703125}
{"event": "b_control_arm_complete", "lifecycle": 40, "arm": "SOURCE", "samples": 0, "parameter_writes": 0, "heldout": {"bias": -2.1082757846576965, "mse": 36.30906901511661, "mae": 4.9773024224164795}, "mean_utility": 4.8846435546875}
{"event": "b_control_arm_complete", "lifecycle": 42, "arm": "SOURCE", "samples": 0, "parameter_writes": 0, "heldout": {"bias": 0.1043549553564031, "mse": 20.932369767922882, "mae": 3.5570944140825267}, "mean_utility": 5.87542724609375}
{"event": "b_control_arm_complete", "lifecycle": 41, "arm": "SOURCE", "samples": 0, "parameter_writes": 0, "heldout": {"bias": 0.568999217518372, "mse": 19.977512978653262, "mae": 3.5336681835553314}, "mean_utility": 3.197509765625}
{"event": "b_control_arm_complete", "lifecycle": 43, "arm": "MC", "samples": 104415, "parameter_writes": 1690632, "heldout": {"bias": 0.6394359507479384, "mse": 21.778158241635794, "mae": 3.844932177161086}, "mean_utility": 1.5234375}
{"event": "b_control_arm_complete", "lifecycle": 40, "arm": "MC", "samples": 103943, "parameter_writes": 1675956, "heldout": {"bias": -1.4971720622240459, "mse": 33.851970625952255, "mae": 5.023530791229365}, "mean_utility": 4.00640869140625}
{"event": "b_control_arm_complete", "lifecycle": 42, "arm": "MC", "samples": 104371, "parameter_writes": 1673974, "heldout": {"bias": 1.1881609418739556, "mse": 21.45544464994715, "mae": 4.015216163274888}, "mean_utility": 3.09442138671875}
{"event": "b_control_arm_complete", "lifecycle": 41, "arm": "MC", "samples": 104738, "parameter_writes": 1690621, "heldout": {"bias": 2.025990461345973, "mse": 23.65829900086092, "mae": 4.431694496040701}, "mean_utility": 5.0882568359375}
{"event": "b_control_arm_complete", "lifecycle": 43, "arm": "EXPECTED_CONTROL", "samples": 104415, "parameter_writes": 1690632, "heldout": {"bias": 0.255864999697196, "mse": 21.70448318678658, "mae": 3.680866991204761}, "mean_utility": 5.06732177734375}
{"event": "b_control_arm_complete", "lifecycle": 47, "arm": "SOURCE", "samples": 0, "parameter_writes": 0, "heldout": {"bias": -0.006122331758366756, "mse": 20.58039513287941, "mae": 3.48995809648099}, "mean_utility": 4.75567626953125}
{"event": "b_control_arm_complete", "lifecycle": 42, "arm": "EXPECTED_CONTROL", "samples": 104371, "parameter_writes": 1673974, "heldout": {"bias": 0.2364347097801239, "mse": 20.865867097498963, "mae": 3.5868176226274353}, "mean_utility": 4.57080078125}
{"event": "b_control_arm_complete", "lifecycle": 40, "arm": "EXPECTED_CONTROL", "samples": 103943, "parameter_writes": 1675956, "heldout": {"bias": -1.9813333362710506, "mse": 35.71881782340353, "mae": 4.9725370955313055}, "mean_utility": 4.46026611328125}
{"event": "b_control_arm_complete", "lifecycle": 41, "arm": "EXPECTED_CONTROL", "samples": 104738, "parameter_writes": 1690621, "heldout": {"bias": 0.6920644956336973, "mse": 20.069391343506524, "mae": 3.584097448757448}, "mean_utility": 4.62725830078125}
{"event": "b_control_arm_complete", "lifecycle": 46, "arm": "SOURCE", "samples": 0, "parameter_writes": 0, "heldout": {"bias": -0.9683491056738169, "mse": 29.855287820339832, "mae": 4.449585901817544}, "mean_utility": 5.92364501953125}
{"event": "b_control_arm_complete", "lifecycle": 44, "arm": "SOURCE", "samples": 0, "parameter_writes": 0, "heldout": {"bias": -0.362017474498043, "mse": 24.525592034601257, "mae": 3.9063437355328907}, "mean_utility": 6.94091796875}
{"event": "b_control_arm_complete", "lifecycle": 47, "arm": "MC", "samples": 103271, "parameter_writes": 1654284, "heldout": {"bias": 0.9254776932547757, "mse": 20.333084370134497, "mae": 3.8021727334591247}, "mean_utility": 6.051513671875}
{"event": "b_control_arm_complete", "lifecycle": 45, "arm": "SOURCE", "samples": 0, "parameter_writes": 0, "heldout": {"bias": 0.32090265894012254, "mse": 22.166252706403604, "mae": 3.770837792333851}, "mean_utility": 5.08489990234375}
{"event": "b_control_arm_complete", "lifecycle": 44, "arm": "MC", "samples": 104302, "parameter_writes": 1674670, "heldout": {"bias": 0.28297702098517313, "mse": 23.863091672244224, "mae": 4.086330298522282}, "mean_utility": 3.20025634765625}
{"event": "b_control_arm_complete", "lifecycle": 46, "arm": "MC", "samples": 104129, "parameter_writes": 1670125, "heldout": {"bias": 0.4459117267373089, "mse": 28.571657242106433, "mae": 4.848124139983608}, "mean_utility": 3.259033203125}
{"event": "b_control_arm_complete", "lifecycle": 45, "arm": "MC", "samples": 105038, "parameter_writes": 1674101, "heldout": {"bias": 1.3814746712143384, "mse": 23.632164814814125, "mae": 4.287406103875311}, "mean_utility": 2.3118896484375}
{"event": "b_control_arm_complete", "lifecycle": 47, "arm": "EXPECTED_CONTROL", "samples": 103271, "parameter_writes": 1654284, "heldout": {"bias": 0.11765794733132605, "mse": 20.482957369722904, "mae": 3.5102158517481814}, "mean_utility": 6.55023193359375}
{"event": "b_control_arm_complete", "lifecycle": 51, "arm": "SOURCE", "samples": 0, "parameter_writes": 0, "heldout": {"bias": 0.46814283818871827, "mse": 19.58922226354599, "mae": 3.470661156145307}, "mean_utility": 5.0885009765625}
{"event": "b_control_arm_complete", "lifecycle": 44, "arm": "EXPECTED_CONTROL", "samples": 104302, "parameter_writes": 1674670, "heldout": {"bias": -0.2327366797485655, "mse": 24.36398632546218, "mae": 3.9262763759341954}, "mean_utility": 3.95245361328125}
{"event": "b_control_arm_complete", "lifecycle": 46, "arm": "EXPECTED_CONTROL", "samples": 104129, "parameter_writes": 1670125, "heldout": {"bias": -0.8210795744689197, "mse": 29.500575705035207, "mae": 4.466326691483411}, "mean_utility": 6.6683349609375}
{"event": "b_control_arm_complete", "lifecycle": 45, "arm": "EXPECTED_CONTROL", "samples": 105038, "parameter_writes": 1674101, "heldout": {"bias": 0.44305387171952154, "mse": 22.189242113774203, "mae": 3.8089276711041107}, "mean_utility": 6.712646484375}
{"event": "b_control_arm_complete", "lifecycle": 48, "arm": "SOURCE", "samples": 0, "parameter_writes": 0, "heldout": {"bias": -0.47677746529443443, "mse": 25.80890753443009, "mae": 4.041907116409602}, "mean_utility": 3.39715576171875}
{"event": "b_control_arm_complete", "lifecycle": 50, "arm": "SOURCE", "samples": 0, "parameter_writes": 0, "heldout": {"bias": 0.5114369970866952, "mse": 20.174172684320105, "mae": 3.545534547891822}, "mean_utility": 7.0380859375}
{"event": "b_control_arm_complete", "lifecycle": 51, "arm": "MC", "samples": 104896, "parameter_writes": 1680126, "heldout": {"bias": 1.2227100428928455, "mse": 20.270418374741308, "mae": 3.8393011488140547}, "mean_utility": 4.24322509765625}
{"event": "b_control_arm_complete", "lifecycle": 49, "arm": "SOURCE", "samples": 0, "parameter_writes": 0, "heldout": {"bias": -0.8731085337040936, "mse": 29.81710434458188, "mae": 4.4687162393396545}, "mean_utility": 4.81103515625}
{"event": "b_control_arm_complete", "lifecycle": 48, "arm": "MC", "samples": 104023, "parameter_writes": 1677865, "heldout": {"bias": -0.5452322840198857, "mse": 25.62631587049272, "mae": 3.9971598477106034}, "mean_utility": 1.86663818359375}
{"event": "b_control_arm_complete", "lifecycle": 50, "arm": "MC", "samples": 105103, "parameter_writes": 1676429, "heldout": {"bias": 2.3732576535083214, "mse": 25.3416614247959, "mae": 4.619819061594634}, "mean_utility": 5.4827880859375}
{"event": "b_control_arm_complete", "lifecycle": 49, "arm": "MC", "samples": 103936, "parameter_writes": 1660880, "heldout": {"bias": -0.34390469477949537, "mse": 29.207564495082693, "mae": 4.625557033813256}, "mean_utility": 4.1221923828125}
{"event": "b_control_arm_complete", "lifecycle": 51, "arm": "EXPECTED_CONTROL", "samples": 104896, "parameter_writes": 1680126, "heldout": {"bias": 0.5833770775985448, "mse": 19.62774893292538, "mae": 3.512132034780983}, "mean_utility": 5.1993408203125}
{"event": "b_control_arm_complete", "lifecycle": 48, "arm": "EXPECTED_CONTROL", "samples": 104023, "parameter_writes": 1677865, "heldout": {"bias": -0.3297635960184877, "mse": 25.60993833876693, "mae": 4.0737826686752285}, "mean_utility": 5.04095458984375}
{"event": "b_control_arm_complete", "lifecycle": 55, "arm": "SOURCE", "samples": 0, "parameter_writes": 0, "heldout": {"bias": 0.238323492270672, "mse": 21.882338287601193, "mae": 3.694652792885061}, "mean_utility": 6.4207763671875}
{"event": "b_control_arm_complete", "lifecycle": 50, "arm": "EXPECTED_CONTROL", "samples": 105103, "parameter_writes": 1676429, "heldout": {"bias": 0.6359333410895612, "mse": 20.255743299963953, "mae": 3.590897956242686}, "mean_utility": 4.60479736328125}
{"event": "b_control_arm_complete", "lifecycle": 52, "arm": "SOURCE", "samples": 0, "parameter_writes": 0, "heldout": {"bias": 0.6688289394819614, "mse": 21.063857010708862, "mae": 3.7054926988667813}, "mean_utility": 3.72174072265625}
{"event": "b_control_arm_complete", "lifecycle": 49, "arm": "EXPECTED_CONTROL", "samples": 103936, "parameter_writes": 1660880, "heldout": {"bias": -0.7426269669937182, "mse": 29.55033064927348, "mae": 4.48945448724551}, "mean_utility": 4.65594482421875}
{"event": "b_control_arm_complete", "lifecycle": 55, "arm": "MC", "samples": 105061, "parameter_writes": 1685368, "heldout": {"bias": 0.3712134724020215, "mse": 21.73008635165241, "mae": 3.7378203853091856}, "mean_utility": 3.58416748046875}
{"event": "b_control_arm_complete", "lifecycle": 54, "arm": "SOURCE", "samples": 0, "parameter_writes": 0, "heldout": {"bias": -0.7044559145167886, "mse": 26.319061381731267, "mae": 4.016691657190543}, "mean_utility": 4.56536865234375}
{"event": "b_control_arm_complete", "lifecycle": 53, "arm": "SOURCE", "samples": 0, "parameter_writes": 0, "heldout": {"bias": -0.6859638719900819, "mse": 26.43194896940271, "mae": 4.035594141236824}, "mean_utility": 4.6014404296875}
{"event": "b_control_arm_complete", "lifecycle": 52, "arm": "MC", "samples": 106165, "parameter_writes": 1702722, "heldout": {"bias": 1.9887950742061624, "mse": 24.75463088892547, "mae": 4.470454012205423}, "mean_utility": 5.95001220703125}
{"event": "b_control_arm_complete", "lifecycle": 54, "arm": "MC", "samples": 103471, "parameter_writes": 1652393, "heldout": {"bias": 0.1303985943396558, "mse": 25.41446304119076, "mae": 4.273736778896326}, "mean_utility": 3.21905517578125}
{"event": "b_control_arm_complete", "lifecycle": 53, "arm": "MC", "samples": 103236, "parameter_writes": 1658963, "heldout": {"bias": 0.09943126462327916, "mse": 25.425384185337883, "mae": 4.263529428795252}, "mean_utility": 3.53759765625}
{"event": "b_control_arm_complete", "lifecycle": 55, "arm": "EXPECTED_CONTROL", "samples": 105061, "parameter_writes": 1685368, "heldout": {"bias": 0.38199249317414213, "mse": 21.912588209299447, "mae": 3.747410116571819}, "mean_utility": 5.37701416015625}
{"event": "b_control_arm_complete", "lifecycle": 52, "arm": "EXPECTED_CONTROL", "samples": 106165, "parameter_writes": 1702722, "heldout": {"bias": 0.8032321555785469, "mse": 21.1952452808239, "mae": 3.7619376444908417}, "mean_utility": 5.322998046875}
{"event": "b_control_arm_complete", "lifecycle": 59, "arm": "SOURCE", "samples": 0, "parameter_writes": 0, "heldout": {"bias": 0.5448612298453759, "mse": 20.60888326414719, "mae": 3.59945997367905}, "mean_utility": 4.038330078125}
{"event": "b_control_arm_complete", "lifecycle": 56, "arm": "SOURCE", "samples": 0, "parameter_writes": 0, "heldout": {"bias": -1.4639892987198375, "mse": 30.9097178310421, "mae": 4.427346894886871}, "mean_utility": 5.334228515625}
{"event": "b_control_arm_complete", "lifecycle": 54, "arm": "EXPECTED_CONTROL", "samples": 103471, "parameter_writes": 1652393, "heldout": {"bias": -0.5665869545715192, "mse": 26.06284358411196, "mae": 4.0339131439432725}, "mean_utility": 3.4241943359375}
{"event": "b_control_arm_complete", "lifecycle": 53, "arm": "EXPECTED_CONTROL", "samples": 103236, "parameter_writes": 1658963, "heldout": {"bias": -0.553305952202033, "mse": 26.178385534033712, "mae": 4.0515487010015825}, "mean_utility": 5.8001708984375}
{"event": "b_control_arm_complete", "lifecycle": 59, "arm": "MC", "samples": 105976, "parameter_writes": 1697163, "heldout": {"bias": 2.4502463558342304, "mse": 26.060758828982273, "mae": 4.725801514211693}, "mean_utility": 4.72149658203125}
{"event": "b_control_arm_complete", "lifecycle": 58, "arm": "SOURCE", "samples": 0, "parameter_writes": 0, "heldout": {"bias": 0.49169092598261155, "mse": 19.86811225073215, "mae": 3.5185304733687564}, "mean_utility": 4.97698974609375}
{"event": "b_control_arm_complete", "lifecycle": 57, "arm": "SOURCE", "samples": 0, "parameter_writes": 0, "heldout": {"bias": -1.0458447897922583, "mse": 27.76054471436797, "mae": 4.084178052116804}, "mean_utility": 5.403076171875}
{"event": "b_control_arm_complete", "lifecycle": 56, "arm": "MC", "samples": 103729, "parameter_writes": 1655938, "heldout": {"bias": -0.8343805033547473, "mse": 28.83579394262833, "mae": 4.543092062911151}, "mean_utility": 4.77764892578125}
{"event": "b_control_arm_complete", "lifecycle": 58, "arm": "MC", "samples": 105491, "parameter_writes": 1688819, "heldout": {"bias": 0.8514361416946736, "mse": 19.815713784173255, "mae": 3.6627151559762385}, "mean_utility": 1.4864501953125}
{"event": "b_control_arm_complete", "lifecycle": 57, "arm": "MC", "samples": 103061, "parameter_writes": 1656908, "heldout": {"bias": 0.4361646883042746, "mse": 26.356946055040037, "mae": 4.596305507715596}, "mean_utility": 4.0767822265625}
{"event": "b_control_arm_complete", "lifecycle": 59, "arm": "EXPECTED_CONTROL", "samples": 105976, "parameter_writes": 1697163, "heldout": {"bias": 0.6731662614971401, "mse": 20.689087993350547, "mae": 3.647584594494662}, "mean_utility": 5.86419677734375}
{"event": "b_control_arm_complete", "lifecycle": 56, "arm": "EXPECTED_CONTROL", "samples": 103729, "parameter_writes": 1655938, "heldout": {"bias": -1.3463923310382564, "mse": 30.49485109673398, "mae": 4.435099866242363}, "mean_utility": 4.45977783203125}
{"event": "b_control_arm_complete", "lifecycle": 63, "arm": "SOURCE", "samples": 0, "parameter_writes": 0, "heldout": {"bias": -0.013148664368760176, "mse": 22.670228961749586, "mae": 3.736918394444755}, "mean_utility": 4.100341796875}
{"event": "b_control_arm_complete", "lifecycle": 58, "arm": "EXPECTED_CONTROL", "samples": 105491, "parameter_writes": 1688819, "heldout": {"bias": 0.6117969498589233, "mse": 19.924894478627255, "mae": 3.5642271720318193}, "mean_utility": 5.65216064453125}
{"event": "b_control_arm_complete", "lifecycle": 60, "arm": "SOURCE", "samples": 0, "parameter_writes": 0, "heldout": {"bias": -1.6692065835191923, "mse": 33.15843545650963, "mae": 4.6574622134202635}, "mean_utility": 5.72869873046875}
{"event": "b_control_arm_complete", "lifecycle": 57, "arm": "EXPECTED_CONTROL", "samples": 103061, "parameter_writes": 1656908, "heldout": {"bias": -0.9289711821328812, "mse": 27.461758434217163, "mae": 4.095985415546388}, "mean_utility": 4.99603271484375}
{"event": "b_control_arm_complete", "lifecycle": 63, "arm": "MC", "samples": 104079, "parameter_writes": 1672072, "heldout": {"bias": 1.3431850403227308, "mse": 23.511647638501998, "mae": 4.29803394178858}, "mean_utility": 4.8704833984375}
{"event": "b_control_arm_complete", "lifecycle": 62, "arm": "SOURCE", "samples": 0, "parameter_writes": 0, "heldout": {"bias": 0.11415984741579868, "mse": 21.29860871636435, "mae": 3.585942237157907}, "mean_utility": 6.9891357421875}
{"event": "b_control_arm_complete", "lifecycle": 61, "arm": "SOURCE", "samples": 0, "parameter_writes": 0, "heldout": {"bias": 0.33184072426459044, "mse": 19.7773458692654, "mae": 3.455612200085545}, "mean_utility": 3.7784423828125}
{"event": "b_control_arm_complete", "lifecycle": 60, "arm": "MC", "samples": 103472, "parameter_writes": 1664903, "heldout": {"bias": -1.6082714164586955, "mse": 32.75672324565005, "mae": 4.651781318753846}, "mean_utility": 1.25396728515625}
{"event": "b_control_arm_complete", "lifecycle": 61, "arm": "MC", "samples": 103517, "parameter_writes": 1655170, "heldout": {"bias": 1.304415600602582, "mse": 20.783623181161026, "mae": 3.9092140370072985}, "mean_utility": 4.1763916015625}
{"event": "b_control_arm_complete", "lifecycle": 62, "arm": "MC", "samples": 104361, "parameter_writes": 1671796, "heldout": {"bias": 0.6154594337206181, "mse": 21.05509085045747, "mae": 3.7706988973543876}, "mean_utility": 1.75860595703125}
{"event": "b_control_arm_complete", "lifecycle": 63, "arm": "EXPECTED_CONTROL", "samples": 104079, "parameter_writes": 1672072, "heldout": {"bias": 0.1340160190918244, "mse": 22.565420453996307, "mae": 3.766401559307069}, "mean_utility": 4.4554443359375}
{"event": "b_control_arm_complete", "lifecycle": 60, "arm": "EXPECTED_CONTROL", "samples": 103472, "parameter_writes": 1664903, "heldout": {"bias": -1.538915653886274, "mse": 32.66855359945382, "mae": 4.662666879013806}, "mean_utility": 6.003173828125}
{"event": "b_control_arm_complete", "lifecycle": 61, "arm": "EXPECTED_CONTROL", "samples": 103517, "parameter_writes": 1655170, "heldout": {"bias": 0.45471219384772976, "mse": 19.79384805910299, "mae": 3.4919659633723397}, "mean_utility": 5.62164306640625}
{"event": "b_control_arm_complete", "lifecycle": 62, "arm": "EXPECTED_CONTROL", "samples": 104361, "parameter_writes": 1671796, "heldout": {"bias": 0.23708240268093983, "mse": 21.2574389617856, "mae": 3.621784624804962}, "mean_utility": 4.954833984375}
{"event": "b_control_complete", "status": "EXPERIMENT_COMPLETE", "control_target_gain_supported": false, "utility_primary": {"mean": 0.10397529602050781, "ci95": [-0.2143156051635742, 0.4133167505264281], "lifecycle_deltas": {"0": 2.02093505859375, "1": -0.11865234375, "2": 0.16265869140625, "3": -0.2158203125, "4": -1.41998291015625, "5": 0.57965087890625, "6": 0.53271484375, "7": -1.55987548828125, "8": -0.4019775390625, "9": -0.72747802734375, "10": -0.293212890625, "11": -1.268798828125, "12": 0.73345947265625, "13": 1.202880859375, "14": 0.32501220703125, "15": 1.9910888671875, "16": -0.98193359375, "17": -0.489501953125, "18": 2.8411865234375, "19": 0.858642578125, "20": -0.505615234375, "21": 0.114013671875, "22": -0.04034423828125, "23": -0.5400390625, "24": 0.22650146484375, "25": -0.8504638671875, "26": 1.26019287109375, "27": 0.67071533203125, "28": -0.36212158203125, "29": 1.40380859375, "30": 1.9560546875, "31": 0.57135009765625, "32": -1.3011474609375, "33": 0.4498291015625, "34": 0.67633056640625, "35": -4.01629638671875, "36": -2.201904296875, "37": 0.4827880859375, "38": 1.8616943359375, "39": 0.40826416015625, "40": -0.42437744140625, "41": 1.42974853515625, "42": -1.30462646484375, "43": 0.30120849609375, "44": -2.98846435546875, "45": 1.62774658203125, "46": 0.74468994140625, "47": 1.7945556640625, "48": 1.643798828125, "49": -0.15509033203125, "50": -2.43328857421875, "51": 0.11083984375, "52": 1.60125732421875, "53": 1.19873046875, "54": -1.14117431640625, "55": -1.04376220703125, "56": -0.87445068359375, "57": -0.40704345703125, "58": 0.6751708984375, "59": 1.82586669921875, "60": 0.27447509765625, "61": 1.84320068359375, "62": -2.0343017578125, "63": 0.3551025390625}, "parent_mean_deltas": {"0": -0.31009674072265625, "1": 0.4740104675292969, "2": 0.23679733276367188, "3": 0.01519012451171875}, "interval_scope": "CONDITIONAL_ON_FOUR_FROZEN_PARENTS_AND_RETAINED_B_TRAINING", "improved_equal_worse": [36, 0, 28], "adverse_lifecycles": [1, 3, 4, 7, 8, 9, 10, 11, 16, 17, 20, 22, 23, 25, 28, 32, 35, 36, 40, 42, 44, 49, 50, 54, 55, 56, 57, 62]}}
