{"event": "stable_b_arm_complete", "lifecycle": 0, "arm": "FROZEN", "samples": 0, "parameter_writes": 0, "heldout": {"bias": 0.016062642624104125, "mse": 20.423363294869805, "mae": 3.469467818361474}, "mean_utility": 5.62591552734375}
{"event": "stable_b_arm_complete", "lifecycle": 1, "arm": "FROZEN", "samples": 0, "parameter_writes": 0, "heldout": {"bias": -1.568241821039417, "mse": 31.43277848639601, "mae": 4.4652511411779985}, "mean_utility": 6.43994140625}
{"event": "stable_b_arm_complete", "lifecycle": 3, "arm": "FROZEN", "samples": 0, "parameter_writes": 0, "heldout": {"bias": -1.7784858905486978, "mse": 35.041959483948546, "mae": 4.901637403909874}, "mean_utility": 4.09918212890625}
{"event": "stable_b_arm_complete", "lifecycle": 2, "arm": "FROZEN", "samples": 0, "parameter_writes": 0, "heldout": {"bias": 0.3643686855282394, "mse": 22.69437603677542, "mae": 3.807268477002112}, "mean_utility": 4.8370361328125}
{"event": "stable_b_arm_complete", "lifecycle": 0, "arm": "NORMALIZED_SEQUENTIAL_MC", "samples": 103552, "parameter_writes": 3251449, "heldout": {"bias": 1.6884423217705151, "mse": 22.472721947800494, "mae": 4.296193104550084}, "mean_utility": 4.7855224609375}
{"event": "stable_b_arm_complete", "lifecycle": 1, "arm": "NORMALIZED_SEQUENTIAL_MC", "samples": 103720, "parameter_writes": 3252439, "heldout": {"bias": -0.32203674464702253, "mse": 28.340088729667336, "mae": 4.710694611203673}, "mean_utility": 5.71392822265625}
{"event": "stable_b_arm_complete", "lifecycle": 3, "arm": "NORMALIZED_SEQUENTIAL_MC", "samples": 104217, "parameter_writes": 3272800, "heldout": {"bias": -0.532351978294869, "mse": 31.860232090260276, "mae": 5.122097216831847}, "mean_utility": 4.82220458984375}
{"event": "stable_b_arm_complete", "lifecycle": 2, "arm": "NORMALIZED_SEQUENTIAL_MC", "samples": 106115, "parameter_writes": 3329164, "heldout": {"bias": 1.687471399712464, "mse": 25.59165006341113, "mae": 4.507345824442832}, "mean_utility": 3.45013427734375}
{"event": "stable_b_arm_complete", "lifecycle": 0, "arm": "EPISODE_MEAN_MC", "samples": 103552, "parameter_writes": 1668345, "heldout": {"bias": 1.7027521117582747, "mse": 22.52356203051045, "mae": 4.304095923839291}, "mean_utility": 5.19140625}
{"event": "stable_b_arm_complete", "lifecycle": 1, "arm": "EPISODE_MEAN_MC", "samples": 103720, "parameter_writes": 1655059, "heldout": {"bias": -0.3161806755075196, "mse": 28.33717398337105, "mae": 4.711967520243732}, "mean_utility": 6.19256591796875}
{"event": "stable_b_arm_complete", "lifecycle": 3, "arm": "EPISODE_MEAN_MC", "samples": 104217, "parameter_writes": 1673465, "heldout": {"bias": -0.5189342519645082, "mse": 31.84749459704443, "mae": 5.124095273531378}, "mean_utility": 3.7041015625}
{"event": "stable_b_arm_complete", "lifecycle": 2, "arm": "EPISODE_MEAN_MC", "samples": 106115, "parameter_writes": 1690746, "heldout": {"bias": 1.7040285399985011, "mse": 25.655004191231814, "mae": 4.516869932074717}, "mean_utility": 3.17840576171875}
{"event": "stable_b_arm_complete", "lifecycle": 4, "arm": "FROZEN", "samples": 0, "parameter_writes": 0, "heldout": {"bias": -0.6342157327797379, "mse": 26.088420571501274, "mae": 4.006909277508096}, "mean_utility": 4.1005859375}
{"event": "stable_b_arm_complete", "lifecycle": 7, "arm": "FROZEN", "samples": 0, "parameter_writes": 0, "heldout": {"bias": -1.0109163456690209, "mse": 29.541228553888114, "mae": 4.4114148856366295}, "mean_utility": 5.53204345703125}
{"event": "stable_b_arm_complete", "lifecycle": 6, "arm": "FROZEN", "samples": 0, "parameter_writes": 0, "heldout": {"bias": -0.7632838643969757, "mse": 26.442889698877373, "mae": 4.022621539744019}, "mean_utility": 4.31500244140625}
{"event": "stable_b_arm_complete", "lifecycle": 5, "arm": "FROZEN", "samples": 0, "parameter_writes": 0, "heldout": {"bias": -1.017399749637356, "mse": 27.560025408420664, "mae": 4.11951203630405}, "mean_utility": 5.1937255859375}
{"event": "stable_b_arm_complete", "lifecycle": 4, "arm": "NORMALIZED_SEQUENTIAL_MC", "samples": 104101, "parameter_writes": 3268573, "heldout": {"bias": -0.011028581371939777, "mse": 24.958834250664275, "mae": 4.188640718700871}, "mean_utility": 4.13787841796875}
{"event": "stable_b_arm_complete", "lifecycle": 7, "arm": "NORMALIZED_SEQUENTIAL_MC", "samples": 104740, "parameter_writes": 3287874, "heldout": {"bias": 0.6382852705401428, "mse": 28.903616758777954, "mae": 4.9309460220407}, "mean_utility": 4.36322021484375}
{"event": "stable_b_arm_complete", "lifecycle": 6, "arm": "NORMALIZED_SEQUENTIAL_MC", "samples": 104480, "parameter_writes": 3278720, "heldout": {"bias": -0.11540087021088166, "mse": 25.373811068566297, "mae": 4.205121280154067}, "mean_utility": 2.87078857421875}
{"event": "stable_b_arm_complete", "lifecycle": 5, "arm": "NORMALIZED_SEQUENTIAL_MC", "samples": 102734, "parameter_writes": 3220194, "heldout": {"bias": -0.7217559791809052, "mse": 26.58203497162962, "mae": 4.14340908479291}, "mean_utility": 3.3031005859375}
{"event": "stable_b_arm_complete", "lifecycle": 4, "arm": "EPISODE_MEAN_MC", "samples": 104101, "parameter_writes": 1680782, "heldout": {"bias": -0.0012169196552065603, "mse": 24.955707632213933, "mae": 4.19239499987418}, "mean_utility": 3.95440673828125}
{"event": "stable_b_arm_complete", "lifecycle": 6, "arm": "EPISODE_MEAN_MC", "samples": 104480, "parameter_writes": 1671554, "heldout": {"bias": -0.1186844279999828, "mse": 25.378185561486884, "mae": 4.203577048937171}, "mean_utility": 3.58953857421875}
{"event": "stable_b_arm_complete", "lifecycle": 7, "arm": "EPISODE_MEAN_MC", "samples": 104740, "parameter_writes": 1680447, "heldout": {"bias": 0.6558843167900709, "mse": 28.937090976167326, "mae": 4.937106340220449}, "mean_utility": 5.576904296875}
{"event": "stable_b_arm_complete", "lifecycle": 5, "arm": "EPISODE_MEAN_MC", "samples": 102734, "parameter_writes": 1650050, "heldout": {"bias": -0.724110186590819, "mse": 26.591785933761656, "mae": 4.142997401203369}, "mean_utility": 1.94561767578125}
{"event": "stable_b_arm_complete", "lifecycle": 8, "arm": "FROZEN", "samples": 0, "parameter_writes": 0, "heldout": {"bias": 0.49823608187219537, "mse": 20.337799648185488, "mae": 3.5739861372835477}, "mean_utility": 5.4295654296875}
{"event": "stable_b_arm_complete", "lifecycle": 11, "arm": "FROZEN", "samples": 0, "parameter_writes": 0, "heldout": {"bias": 0.07222066091977088, "mse": 21.818024874820072, "mae": 3.6278043214454296}, "mean_utility": 4.0159912109375}
{"event": "stable_b_arm_complete", "lifecycle": 10, "arm": "FROZEN", "samples": 0, "parameter_writes": 0, "heldout": {"bias": 0.6246514571789279, "mse": 19.83131623728208, "mae": 3.5451936591267734}, "mean_utility": 4.017578125}
{"event": "stable_b_arm_complete", "lifecycle": 9, "arm": "FROZEN", "samples": 0, "parameter_writes": 0, "heldout": {"bias": -0.8627557888927709, "mse": 27.790125516144755, "mae": 4.182044728062893}, "mean_utility": 6.20611572265625}
{"event": "stable_b_arm_complete", "lifecycle": 8, "arm": "NORMALIZED_SEQUENTIAL_MC", "samples": 104707, "parameter_writes": 3287631, "heldout": {"bias": 1.5540173426767114, "mse": 22.04867443483289, "mae": 4.1327125884399525}, "mean_utility": 4.0689697265625}
{"event": "stable_b_arm_complete", "lifecycle": 11, "arm": "NORMALIZED_SEQUENTIAL_MC", "samples": 103588, "parameter_writes": 3252660, "heldout": {"bias": 1.2951271543405345, "mse": 23.460840713105693, "mae": 4.237931313120752}, "mean_utility": 4.50506591796875}
{"event": "stable_b_arm_complete", "lifecycle": 10, "arm": "NORMALIZED_SEQUENTIAL_MC", "samples": 105111, "parameter_writes": 3295966, "heldout": {"bias": 1.608750772223612, "mse": 21.547680860581476, "mae": 4.093519410473286}, "mean_utility": 4.9119873046875}
{"event": "stable_b_arm_complete", "lifecycle": 9, "arm": "NORMALIZED_SEQUENTIAL_MC", "samples": 104348, "parameter_writes": 3271785, "heldout": {"bias": -0.20416914116104584, "mse": 26.84833413044417, "mae": 4.389937784671836}, "mean_utility": 3.59185791015625}
{"event": "stable_b_arm_complete", "lifecycle": 8, "arm": "EPISODE_MEAN_MC", "samples": 104707, "parameter_writes": 1672806, "heldout": {"bias": 1.5644260485433354, "mse": 22.086641967677913, "mae": 4.139325420808878}, "mean_utility": 3.5655517578125}
{"event": "stable_b_arm_complete", "lifecycle": 11, "arm": "EPISODE_MEAN_MC", "samples": 103588, "parameter_writes": 1664156, "heldout": {"bias": 1.3056766776169935, "mse": 23.49942130652374, "mae": 4.244146042898031}, "mean_utility": 3.9656982421875}
{"event": "stable_b_arm_complete", "lifecycle": 10, "arm": "EPISODE_MEAN_MC", "samples": 105111, "parameter_writes": 1678846, "heldout": {"bias": 1.6189512584585533, "mse": 21.58224275208142, "mae": 4.099450460338908}, "mean_utility": 4.994873046875}
{"event": "stable_b_arm_complete", "lifecycle": 9, "arm": "EPISODE_MEAN_MC", "samples": 104348, "parameter_writes": 1673091, "heldout": {"bias": -0.19595071799436597, "mse": 26.844949911721425, "mae": 4.392714140824689}, "mean_utility": 3.66143798828125}
{"event": "stable_b_arm_complete", "lifecycle": 12, "arm": "FROZEN", "samples": 0, "parameter_writes": 0, "heldout": {"bias": 0.617929083605235, "mse": 17.66647514993498, "mae": 3.256228891832251}, "mean_utility": 4.98907470703125}
{"event": "stable_b_arm_complete", "lifecycle": 14, "arm": "FROZEN", "samples": 0, "parameter_writes": 0, "heldout": {"bias": -1.3974401444779307, "mse": 31.266200538668283, "mae": 4.497944475573631}, "mean_utility": 5.370361328125}
{"event": "stable_b_arm_complete", "lifecycle": 15, "arm": "FROZEN", "samples": 0, "parameter_writes": 0, "heldout": {"bias": 0.7007862058383595, "mse": 18.439780060519553, "mae": 3.3457325404098968}, "mean_utility": 5.61480712890625}
{"event": "stable_b_arm_complete", "lifecycle": 12, "arm": "NORMALIZED_SEQUENTIAL_MC", "samples": 103704, "parameter_writes": 3255396, "heldout": {"bias": 1.7653250671886378, "mse": 19.616306069966157, "mae": 3.8667099609682394}, "mean_utility": 3.44482421875}
{"event": "stable_b_arm_complete", "lifecycle": 13, "arm": "FROZEN", "samples": 0, "parameter_writes": 0, "heldout": {"bias": -0.4705974269829211, "mse": 24.10340856356549, "mae": 3.8391226343051077}, "mean_utility": 5.41455078125}
{"event": "stable_b_arm_complete", "lifecycle": 14, "arm": "NORMALIZED_SEQUENTIAL_MC", "samples": 103581, "parameter_writes": 3248611, "heldout": {"bias": -1.2479956297765067, "mse": 30.57273325663426, "mae": 4.505614146429718}, "mean_utility": 3.575927734375}
{"event": "stable_b_arm_complete", "lifecycle": 15, "arm": "NORMALIZED_SEQUENTIAL_MC", "samples": 104597, "parameter_writes": 3284821, "heldout": {"bias": 1.0655637091426775, "mse": 18.774710264696324, "mae": 3.5048567528296677}, "mean_utility": 5.102783203125}
{"event": "stable_b_arm_complete", "lifecycle": 14, "arm": "EPISODE_MEAN_MC", "samples": 103581, "parameter_writes": 1663154, "heldout": {"bias": -1.2505680215340176, "mse": 30.58000193883779, "mae": 4.504988780177151}, "mean_utility": 3.74542236328125}
{"event": "stable_b_arm_complete", "lifecycle": 12, "arm": "EPISODE_MEAN_MC", "samples": 103704, "parameter_writes": 1675740, "heldout": {"bias": 1.7837891264210937, "mse": 19.683613309776874, "mae": 3.878933456728441}, "mean_utility": 5.5213623046875}
{"event": "stable_b_arm_complete", "lifecycle": 15, "arm": "EPISODE_MEAN_MC", "samples": 104597, "parameter_writes": 1680887, "heldout": {"bias": 1.064317223573261, "mse": 18.777231481905428, "mae": 3.504403777129223}, "mean_utility": 3.8955078125}
{"event": "stable_b_arm_complete", "lifecycle": 13, "arm": "NORMALIZED_SEQUENTIAL_MC", "samples": 103594, "parameter_writes": 3247378, "heldout": {"bias": 0.5291440140709515, "mse": 23.50386208754786, "mae": 4.177870842497471}, "mean_utility": 4.09857177734375}
{"event": "stable_b_arm_complete", "lifecycle": 13, "arm": "EPISODE_MEAN_MC", "samples": 103594, "parameter_writes": 1656692, "heldout": {"bias": 0.5375468751806426, "mse": 23.51388867550096, "mae": 4.181320894237682}, "mean_utility": 3.9393310546875}
{"event": "stable_b_arm_complete", "lifecycle": 18, "arm": "FROZEN", "samples": 0, "parameter_writes": 0, "heldout": {"bias": 0.07073076391280031, "mse": 21.869173165325765, "mae": 3.635018230354482}, "mean_utility": 5.150634765625}
{"event": "stable_b_arm_complete", "lifecycle": 19, "arm": "FROZEN", "samples": 0, "parameter_writes": 0, "heldout": {"bias": -1.1940266261397772, "mse": 29.519935356493296, "mae": 4.343281717675017}, "mean_utility": 6.04241943359375}
{"event": "stable_b_arm_complete", "lifecycle": 16, "arm": "FROZEN", "samples": 0, "parameter_writes": 0, "heldout": {"bias": 0.1532436393774524, "mse": 21.380974944939265, "mae": 3.6284115979200955}, "mean_utility": 5.6859130859375}
{"event": "stable_b_arm_complete", "lifecycle": 18, "arm": "NORMALIZED_SEQUENTIAL_MC", "samples": 105067, "parameter_writes": 3296851, "heldout": {"bias": 1.4786764609836627, "mse": 23.607759746607094, "mae": 4.349042215895104}, "mean_utility": 3.8590087890625}
{"event": "stable_b_arm_complete", "lifecycle": 19, "arm": "NORMALIZED_SEQUENTIAL_MC", "samples": 103067, "parameter_writes": 3235851, "heldout": {"bias": -0.6314759008137797, "mse": 28.06661878076084, "mae": 4.433415528698127}, "mean_utility": 4.48828125}
{"event": "stable_b_arm_complete", "lifecycle": 17, "arm": "FROZEN", "samples": 0, "parameter_writes": 0, "heldout": {"bias": -0.7491275987678611, "mse": 28.531428223658047, "mae": 4.285131531249194}, "mean_utility": 4.47100830078125}
{"event": "stable_b_arm_complete", "lifecycle": 16, "arm": "NORMALIZED_SEQUENTIAL_MC", "samples": 104481, "parameter_writes": 3280901, "heldout": {"bias": 1.2201840707860003, "mse": 22.348215120241, "mae": 4.102870845275543}, "mean_utility": 5.48895263671875}
{"event": "stable_b_arm_complete", "lifecycle": 18, "arm": "EPISODE_MEAN_MC", "samples": 105067, "parameter_writes": 1668897, "heldout": {"bias": 1.4801531009486455, "mse": 23.613763071529014, "mae": 4.349675743849918}, "mean_utility": 4.822998046875}
{"event": "stable_b_arm_complete", "lifecycle": 19, "arm": "EPISODE_MEAN_MC", "samples": 103067, "parameter_writes": 1651258, "heldout": {"bias": -0.6323431962087935, "mse": 28.073295198610268, "mae": 4.433247141420669}, "mean_utility": 4.19512939453125}
{"event": "stable_b_arm_complete", "lifecycle": 17, "arm": "NORMALIZED_SEQUENTIAL_MC", "samples": 104311, "parameter_writes": 3269031, "heldout": {"bias": 0.5164208020554024, "mse": 27.952494089964325, "mae": 4.743265070862147}, "mean_utility": 4.12872314453125}
{"event": "stable_b_arm_complete", "lifecycle": 16, "arm": "EPISODE_MEAN_MC", "samples": 104481, "parameter_writes": 1685793, "heldout": {"bias": 1.2260300905372665, "mse": 22.364368681426942, "mae": 4.105957343694573}, "mean_utility": 5.617919921875}
{"event": "stable_b_arm_complete", "lifecycle": 17, "arm": "EPISODE_MEAN_MC", "samples": 104311, "parameter_writes": 1664096, "heldout": {"bias": 0.5260717247640421, "mse": 27.961130900526953, "mae": 4.7464496303093195}, "mean_utility": 4.10089111328125}
{"event": "stable_b_arm_complete", "lifecycle": 22, "arm": "FROZEN", "samples": 0, "parameter_writes": 0, "heldout": {"bias": -0.09799601306965958, "mse": 22.58119984082903, "mae": 3.7041609895663563}, "mean_utility": 5.886962890625}
{"event": "stable_b_arm_complete", "lifecycle": 23, "arm": "FROZEN", "samples": 0, "parameter_writes": 0, "heldout": {"bias": -0.5339787481830746, "mse": 25.243768226319947, "mae": 3.9142521112065496}, "mean_utility": 5.254150390625}
{"event": "stable_b_arm_complete", "lifecycle": 20, "arm": "FROZEN", "samples": 0, "parameter_writes": 0, "heldout": {"bias": 0.06998307455967957, "mse": 20.791342587708115, "mae": 3.520713793988178}, "mean_utility": 4.10968017578125}
{"event": "stable_b_arm_complete", "lifecycle": 22, "arm": "NORMALIZED_SEQUENTIAL_MC", "samples": 103330, "parameter_writes": 3241610, "heldout": {"bias": 0.6970656854642299, "mse": 22.66354482524162, "mae": 4.017155005233412}, "mean_utility": 4.33734130859375}
{"event": "stable_b_arm_complete", "lifecycle": 23, "arm": "NORMALIZED_SEQUENTIAL_MC", "samples": 103951, "parameter_writes": 3264239, "heldout": {"bias": 1.175115768406776, "mse": 26.015730239667267, "mae": 4.627838836484852}, "mean_utility": 6.79803466796875}
{"event": "stable_b_arm_complete", "lifecycle": 20, "arm": "NORMALIZED_SEQUENTIAL_MC", "samples": 103881, "parameter_writes": 3260641, "heldout": {"bias": 1.078395974598244, "mse": 21.134526178507134, "mae": 3.992571050839238}, "mean_utility": 4.0865478515625}
{"event": "stable_b_arm_complete", "lifecycle": 21, "arm": "FROZEN", "samples": 0, "parameter_writes": 0, "heldout": {"bias": -0.33346509638510796, "mse": 28.12428966388775, "mae": 4.3480487310922085}, "mean_utility": 3.757080078125}
{"event": "stable_b_arm_complete", "lifecycle": 22, "arm": "EPISODE_MEAN_MC", "samples": 103330, "parameter_writes": 1661024, "heldout": {"bias": 0.6996070761315222, "mse": 22.671981085135524, "mae": 4.01835184732437}, "mean_utility": 4.2825927734375}
{"event": "stable_b_arm_complete", "lifecycle": 23, "arm": "EPISODE_MEAN_MC", "samples": 103951, "parameter_writes": 1655916, "heldout": {"bias": 1.1921240361318952, "mse": 26.0702060806739, "mae": 4.636408313838794}, "mean_utility": 4.47894287109375}
{"event": "stable_b_arm_complete", "lifecycle": 20, "arm": "EPISODE_MEAN_MC", "samples": 103881, "parameter_writes": 1672412, "heldout": {"bias": 1.0892743409128745, "mse": 21.164597070948094, "mae": 3.99879043788458}, "mean_utility": 4.3978271484375}
{"event": "stable_b_arm_complete", "lifecycle": 21, "arm": "NORMALIZED_SEQUENTIAL_MC", "samples": 105372, "parameter_writes": 3305304, "heldout": {"bias": 1.3742142691218415, "mse": 29.9144150918723, "mae": 5.032562744045652}, "mean_utility": 5.95611572265625}
{"event": "stable_b_arm_complete", "lifecycle": 21, "arm": "EPISODE_MEAN_MC", "samples": 105372, "parameter_writes": 1691119, "heldout": {"bias": 1.3839278292492443, "mse": 29.939788261125344, "mae": 5.035748623120853}, "mean_utility": 4.17742919921875}
{"event": "stable_b_arm_complete", "lifecycle": 27, "arm": "FROZEN", "samples": 0, "parameter_writes": 0, "heldout": {"bias": -1.1835266330055378, "mse": 29.29549846696843, "mae": 4.281901787898832}, "mean_utility": 4.88641357421875}
{"event": "stable_b_arm_complete", "lifecycle": 26, "arm": "FROZEN", "samples": 0, "parameter_writes": 0, "heldout": {"bias": -0.8132323608020613, "mse": 26.27884056371954, "mae": 3.996616227688752}, "mean_utility": 7.16021728515625}
{"event": "stable_b_arm_complete", "lifecycle": 24, "arm": "FROZEN", "samples": 0, "parameter_writes": 0, "heldout": {"bias": -0.39470615931988845, "mse": 24.758672201532555, "mae": 3.906347103346703}, "mean_utility": 3.14984130859375}
{"event": "stable_b_arm_complete", "lifecycle": 27, "arm": "NORMALIZED_SEQUENTIAL_MC", "samples": 103617, "parameter_writes": 3252773, "heldout": {"bias": 0.19895628188260334, "mse": 27.33375469069547, "mae": 4.703145698469989}, "mean_utility": 3.07684326171875}
{"event": "stable_b_arm_complete", "lifecycle": 25, "arm": "FROZEN", "samples": 0, "parameter_writes": 0, "heldout": {"bias": -1.067582726788142, "mse": 29.02323571084157, "mae": 4.304187472718117}, "mean_utility": 2.98114013671875}
{"event": "stable_b_arm_complete", "lifecycle": 26, "arm": "NORMALIZED_SEQUENTIAL_MC", "samples": 104523, "parameter_writes": 3280528, "heldout": {"bias": 0.505325316242194, "mse": 25.050211015103606, "mae": 4.429732635799459}, "mean_utility": 4.77960205078125}
{"event": "stable_b_arm_complete", "lifecycle": 24, "arm": "NORMALIZED_SEQUENTIAL_MC", "samples": 103909, "parameter_writes": 3261999, "heldout": {"bias": 0.26229217082177225, "mse": 24.229364411087456, "mae": 4.099510496678001}, "mean_utility": 2.33734130859375}
{"event": "stable_b_arm_complete", "lifecycle": 27, "arm": "EPISODE_MEAN_MC", "samples": 103617, "parameter_writes": 1663370, "heldout": {"bias": 0.21539877644757432, "mse": 27.344767650944682, "mae": 4.708639480408446}, "mean_utility": 5.13690185546875}
{"event": "stable_b_arm_complete", "lifecycle": 25, "arm": "NORMALIZED_SEQUENTIAL_MC", "samples": 103195, "parameter_writes": 3235089, "heldout": {"bias": -0.6935624440875349, "mse": 28.016595322547015, "mae": 4.368285218434908}, "mean_utility": 4.316650390625}
{"event": "stable_b_arm_complete", "lifecycle": 26, "arm": "EPISODE_MEAN_MC", "samples": 104523, "parameter_writes": 1676768, "heldout": {"bias": 0.5095152124184912, "mse": 25.057959037760916, "mae": 4.431305175536089}, "mean_utility": 3.8680419921875}
{"event": "stable_b_arm_complete", "lifecycle": 24, "arm": "EPISODE_MEAN_MC", "samples": 103909, "parameter_writes": 1669557, "heldout": {"bias": 0.26712725077005234, "mse": 24.233509419481887, "mae": 4.101562825034341}, "mean_utility": 4.43341064453125}
{"event": "stable_b_arm_complete", "lifecycle": 25, "arm": "EPISODE_MEAN_MC", "samples": 103195, "parameter_writes": 1652193, "heldout": {"bias": -0.6935289249513911, "mse": 28.019576480809228, "mae": 4.368133514262263}, "mean_utility": 2.943603515625}
{"event": "stable_b_arm_complete", "lifecycle": 31, "arm": "FROZEN", "samples": 0, "parameter_writes": 0, "heldout": {"bias": -0.3202549303586932, "mse": 24.63612929858899, "mae": 3.9352910211591206}, "mean_utility": 6.38037109375}
{"event": "stable_b_arm_complete", "lifecycle": 28, "arm": "FROZEN", "samples": 0, "parameter_writes": 0, "heldout": {"bias": 0.5176769130836494, "mse": 19.037983084924736, "mae": 3.405539636626183}, "mean_utility": 4.60931396484375}
{"event": "stable_b_arm_complete", "lifecycle": 30, "arm": "FROZEN", "samples": 0, "parameter_writes": 0, "heldout": {"bias": -0.503808973578161, "mse": 24.311805126911402, "mae": 3.8053465772876707}, "mean_utility": 5.7545166015625}
{"event": "stable_b_arm_complete", "lifecycle": 31, "arm": "NORMALIZED_SEQUENTIAL_MC", "samples": 104597, "parameter_writes": 3284207, "heldout": {"bias": 0.5316942474579794, "mse": 24.255776176774777, "mae": 4.2440666089561425}, "mean_utility": 5.27496337890625}
{"event": "stable_b_arm_complete", "lifecycle": 29, "arm": "FROZEN", "samples": 0, "parameter_writes": 0, "heldout": {"bias": -1.1243864422500622, "mse": 31.371851170914468, "mae": 4.5653422242041115}, "mean_utility": 5.72283935546875}
{"event": "stable_b_arm_complete", "lifecycle": 28, "arm": "NORMALIZED_SEQUENTIAL_MC", "samples": 103541, "parameter_writes": 3251147, "heldout": {"bias": 0.5104353276377647, "mse": 18.56928964843369, "mae": 3.3422552977300133}, "mean_utility": 3.30267333984375}
{"event": "stable_b_arm_complete", "lifecycle": 30, "arm": "NORMALIZED_SEQUENTIAL_MC", "samples": 104060, "parameter_writes": 3266472, "heldout": {"bias": 0.1733172676907917, "mse": 23.176480966077158, "mae": 4.032082672298502}, "mean_utility": 2.65478515625}
{"event": "stable_b_arm_complete", "lifecycle": 31, "arm": "EPISODE_MEAN_MC", "samples": 104597, "parameter_writes": 1677485, "heldout": {"bias": 0.534601913243369, "mse": 24.261370572464145, "mae": 4.24537529117106}, "mean_utility": 4.5460205078125}
{"event": "stable_b_arm_complete", "lifecycle": 29, "arm": "NORMALIZED_SEQUENTIAL_MC", "samples": 104173, "parameter_writes": 3265222, "heldout": {"bias": -0.7447438421912909, "mse": 30.295517967758563, "mae": 4.66555597964035}, "mean_utility": 1.839599609375}
{"event": "stable_b_arm_complete", "lifecycle": 28, "arm": "EPISODE_MEAN_MC", "samples": 103541, "parameter_writes": 1656832, "heldout": {"bias": 0.5084863062623017, "mse": 18.571830803728304, "mae": 3.3420952987454933}, "mean_utility": 2.53216552734375}
{"event": "stable_b_arm_complete", "lifecycle": 30, "arm": "EPISODE_MEAN_MC", "samples": 104060, "parameter_writes": 1669180, "heldout": {"bias": 0.1748949665036129, "mse": 23.17872419402901, "mae": 4.0324026742153425}, "mean_utility": 3.81060791015625}
{"event": "stable_b_arm_complete", "lifecycle": 29, "arm": "EPISODE_MEAN_MC", "samples": 104173, "parameter_writes": 1669085, "heldout": {"bias": -0.7407572538323278, "mse": 30.28728440733307, "mae": 4.666127808343911}, "mean_utility": 1.65118408203125}
{"event": "stable_b_arm_complete", "lifecycle": 35, "arm": "FROZEN", "samples": 0, "parameter_writes": 0, "heldout": {"bias": -1.8279487006595505, "mse": 33.56202341574826, "mae": 4.66796280896636}, "mean_utility": 5.707275390625}
{"event": "stable_b_arm_complete", "lifecycle": 34, "arm": "FROZEN", "samples": 0, "parameter_writes": 0, "heldout": {"bias": 0.913482673559917, "mse": 16.84421120896805, "mae": 3.2239391900185717}, "mean_utility": 4.8585205078125}
{"event": "stable_b_arm_complete", "lifecycle": 33, "arm": "FROZEN", "samples": 0, "parameter_writes": 0, "heldout": {"bias": -0.20217236461535557, "mse": 25.144794301378656, "mae": 4.007474764535303}, "mean_utility": 6.09344482421875}
{"event": "stable_b_arm_complete", "lifecycle": 32, "arm": "FROZEN", "samples": 0, "parameter_writes": 0, "heldout": {"bias": 0.6552172578862598, "mse": 18.40220107701836, "mae": 3.346063489337387}, "mean_utility": 5.389892578125}
{"event": "stable_b_arm_complete", "lifecycle": 35, "arm": "NORMALIZED_SEQUENTIAL_MC", "samples": 103793, "parameter_writes": 3259081, "heldout": {"bias": -1.5185960664747769, "mse": 32.00718562286268, "mae": 4.680253679558907}, "mean_utility": 3.74151611328125}
{"event": "stable_b_arm_complete", "lifecycle": 34, "arm": "NORMALIZED_SEQUENTIAL_MC", "samples": 104689, "parameter_writes": 3284027, "heldout": {"bias": 2.121508718617795, "mse": 19.77493947057929, "mae": 3.893672644028863}, "mean_utility": 5.28253173828125}
{"event": "stable_b_arm_complete", "lifecycle": 33, "arm": "NORMALIZED_SEQUENTIAL_MC", "samples": 105619, "parameter_writes": 3311827, "heldout": {"bias": 1.4614745512069867, "mse": 26.90212366972583, "mae": 4.791357153834665}, "mean_utility": 4.377197265625}
{"event": "stable_b_arm_complete", "lifecycle": 32, "arm": "NORMALIZED_SEQUENTIAL_MC", "samples": 104337, "parameter_writes": 3275276, "heldout": {"bias": 1.5745463090346434, "mse": 19.87808772792186, "mae": 3.8035458582611716}, "mean_utility": 3.27655029296875}
{"event": "stable_b_arm_complete", "lifecycle": 35, "arm": "EPISODE_MEAN_MC", "samples": 103793, "parameter_writes": 1666453, "heldout": {"bias": -1.5214250880075686, "mse": 32.01821632432443, "mae": 4.679795827420287}, "mean_utility": 3.05645751953125}
{"event": "stable_b_arm_complete", "lifecycle": 34, "arm": "EPISODE_MEAN_MC", "samples": 104689, "parameter_writes": 1663406, "heldout": {"bias": 2.1267335988587153, "mse": 19.79428755392342, "mae": 3.8963439775457838}, "mean_utility": 7.1767578125}
{"event": "stable_b_arm_complete", "lifecycle": 33, "arm": "EPISODE_MEAN_MC", "samples": 105619, "parameter_writes": 1684949, "heldout": {"bias": 1.465709307905682, "mse": 26.914668135015557, "mae": 4.792857392960924}, "mean_utility": 5.3758544921875}
{"event": "stable_b_arm_complete", "lifecycle": 32, "arm": "EPISODE_MEAN_MC", "samples": 104337, "parameter_writes": 1684662, "heldout": {"bias": 1.5873726590581, "mse": 19.916603799921486, "mae": 3.811517281186713}, "mean_utility": 3.62921142578125}
{"event": "stable_b_arm_complete", "lifecycle": 38, "arm": "FROZEN", "samples": 0, "parameter_writes": 0, "heldout": {"bias": -0.989652418720078, "mse": 30.549768903356824, "mae": 4.51619581369936}, "mean_utility": 5.88385009765625}
{"event": "stable_b_arm_complete", "lifecycle": 39, "arm": "FROZEN", "samples": 0, "parameter_writes": 0, "heldout": {"bias": -1.7963762632259297, "mse": 33.762881407707034, "mae": 4.704255422457659}, "mean_utility": 3.8575439453125}
{"event": "stable_b_arm_complete", "lifecycle": 36, "arm": "FROZEN", "samples": 0, "parameter_writes": 0, "heldout": {"bias": -0.593101182131822, "mse": 26.405673046196604, "mae": 4.078935621115337}, "mean_utility": 4.252197265625}
{"event": "stable_b_arm_complete", "lifecycle": 37, "arm": "FROZEN", "samples": 0, "parameter_writes": 0, "heldout": {"bias": -0.5483525135026068, "mse": 26.000116156850286, "mae": 4.0166646262253565}, "mean_utility": 5.38470458984375}
{"event": "stable_b_arm_complete", "lifecycle": 38, "arm": "NORMALIZED_SEQUENTIAL_MC", "samples": 105159, "parameter_writes": 3299464, "heldout": {"bias": -0.6777578193031856, "mse": 30.085471535030862, "mae": 4.612065259858781}, "mean_utility": 2.325439453125}
{"event": "stable_b_arm_complete", "lifecycle": 39, "arm": "NORMALIZED_SEQUENTIAL_MC", "samples": 102738, "parameter_writes": 3225440, "heldout": {"bias": -1.0810156403831617, "mse": 31.151612937482657, "mae": 4.804312447469405}, "mean_utility": 3.958740234375}
{"event": "stable_b_arm_complete", "lifecycle": 36, "arm": "NORMALIZED_SEQUENTIAL_MC", "samples": 104368, "parameter_writes": 3277034, "heldout": {"bias": 0.5456974462594361, "mse": 25.883892827865154, "mae": 4.480065842649713}, "mean_utility": 4.5302734375}
{"event": "stable_b_arm_complete", "lifecycle": 37, "arm": "NORMALIZED_SEQUENTIAL_MC", "samples": 104013, "parameter_writes": 3260362, "heldout": {"bias": 0.04818719495424454, "mse": 25.434382913432493, "mae": 4.21647311592619}, "mean_utility": 5.1273193359375}
{"event": "stable_b_arm_complete", "lifecycle": 39, "arm": "EPISODE_MEAN_MC", "samples": 102738, "parameter_writes": 1654362, "heldout": {"bias": -1.0777771378166927, "mse": 31.143658254944494, "mae": 4.804270656517839}, "mean_utility": 1.95147705078125}
{"event": "stable_b_arm_complete", "lifecycle": 38, "arm": "EPISODE_MEAN_MC", "samples": 105159, "parameter_writes": 1686477, "heldout": {"bias": -0.6756026185447785, "mse": 30.082136914424854, "mae": 4.612395591973737}, "mean_utility": 2.27410888671875}
{"event": "stable_b_arm_complete", "lifecycle": 36, "arm": "EPISODE_MEAN_MC", "samples": 104368, "parameter_writes": 1676990, "heldout": {"bias": 0.5569353784492745, "mse": 25.8996405083234, "mae": 4.484818830968253}, "mean_utility": 5.7296142578125}
{"event": "stable_b_arm_complete", "lifecycle": 37, "arm": "EPISODE_MEAN_MC", "samples": 104013, "parameter_writes": 1664730, "heldout": {"bias": 0.04710088899404145, "mse": 25.437252100556503, "mae": 4.215557693252082}, "mean_utility": 3.30499267578125}
{"event": "stable_b_arm_complete", "lifecycle": 43, "arm": "FROZEN", "samples": 0, "parameter_writes": 0, "heldout": {"bias": 0.13234346303192954, "mse": 21.73725540771913, "mae": 3.64729208117339}, "mean_utility": 5.58746337890625}
{"event": "stable_b_arm_complete", "lifecycle": 40, "arm": "FROZEN", "samples": 0, "parameter_writes": 0, "heldout": {"bias": -2.1082757846576965, "mse": 36.30906901511661, "mae": 4.9773024224164795}, "mean_utility": 4.76202392578125}
{"event": "stable_b_arm_complete", "lifecycle": 42, "arm": "FROZEN", "samples": 0, "parameter_writes": 0, "heldout": {"bias": 0.1043549553564031, "mse": 20.932369767922882, "mae": 3.5570944140825267}, "mean_utility": 6.22186279296875}
{"event": "stable_b_arm_complete", "lifecycle": 41, "arm": "FROZEN", "samples": 0, "parameter_writes": 0, "heldout": {"bias": 0.568999217518372, "mse": 19.977512978653262, "mae": 3.5336681835553314}, "mean_utility": 5.03485107421875}
{"event": "stable_b_arm_complete", "lifecycle": 43, "arm": "NORMALIZED_SEQUENTIAL_MC", "samples": 104415, "parameter_writes": 3278400, "heldout": {"bias": 0.6335329515108814, "mse": 21.769753922866723, "mae": 3.8417360377167165}, "mean_utility": 2.03228759765625}
{"event": "stable_b_arm_complete", "lifecycle": 40, "arm": "NORMALIZED_SEQUENTIAL_MC", "samples": 103943, "parameter_writes": 3263468, "heldout": {"bias": -1.5079325028567092, "mse": 33.8827951190919, "mae": 5.022317312650227}, "mean_utility": 2.5615234375}
{"event": "stable_b_arm_complete", "lifecycle": 42, "arm": "NORMALIZED_SEQUENTIAL_MC", "samples": 104371, "parameter_writes": 3275119, "heldout": {"bias": 1.187929181454977, "mse": 21.449874181194428, "mae": 4.015397430799042}, "mean_utility": 4.334228515625}
{"event": "stable_b_arm_complete", "lifecycle": 41, "arm": "NORMALIZED_SEQUENTIAL_MC", "samples": 104738, "parameter_writes": 3285029, "heldout": {"bias": 1.9984644016917206, "mse": 23.533421630205662, "mae": 4.4133633742475675}, "mean_utility": 4.9310302734375}
{"event": "stable_b_arm_complete", "lifecycle": 43, "arm": "EPISODE_MEAN_MC", "samples": 104415, "parameter_writes": 1690632, "heldout": {"bias": 0.6394359507479384, "mse": 21.778158241635794, "mae": 3.844932177161086}, "mean_utility": 2.0419921875}
{"event": "stable_b_arm_complete", "lifecycle": 40, "arm": "EPISODE_MEAN_MC", "samples": 103943, "parameter_writes": 1675956, "heldout": {"bias": -1.4971720622240459, "mse": 33.851970625952255, "mae": 5.023530791229365}, "mean_utility": 2.75982666015625}
{"event": "stable_b_arm_complete", "lifecycle": 42, "arm": "EPISODE_MEAN_MC", "samples": 104371, "parameter_writes": 1673974, "heldout": {"bias": 1.1881609418739556, "mse": 21.45544464994715, "mae": 4.015216163274888}, "mean_utility": 4.376220703125}
{"event": "stable_b_arm_complete", "lifecycle": 41, "arm": "EPISODE_MEAN_MC", "samples": 104738, "parameter_writes": 1690621, "heldout": {"bias": 2.025990461345973, "mse": 23.65829900086092, "mae": 4.431694496040701}, "mean_utility": 4.30731201171875}
{"event": "stable_b_arm_complete", "lifecycle": 44, "arm": "FROZEN", "samples": 0, "parameter_writes": 0, "heldout": {"bias": -0.362017474498043, "mse": 24.525592034601257, "mae": 3.9063437355328907}, "mean_utility": 6.99310302734375}
{"event": "stable_b_arm_complete", "lifecycle": 47, "arm": "FROZEN", "samples": 0, "parameter_writes": 0, "heldout": {"bias": -0.006122331758366756, "mse": 20.58039513287941, "mae": 3.48995809648099}, "mean_utility": 3.99212646484375}
{"event": "stable_b_arm_complete", "lifecycle": 46, "arm": "FROZEN", "samples": 0, "parameter_writes": 0, "heldout": {"bias": -0.9683491056738169, "mse": 29.855287820339832, "mae": 4.449585901817544}, "mean_utility": 5.468505859375}
{"event": "stable_b_arm_complete", "lifecycle": 44, "arm": "NORMALIZED_SEQUENTIAL_MC", "samples": 104302, "parameter_writes": 3275015, "heldout": {"bias": 0.276503713059011, "mse": 23.858909555707708, "mae": 4.0834640451302295}, "mean_utility": 4.6883544921875}
{"event": "stable_b_arm_complete", "lifecycle": 47, "arm": "NORMALIZED_SEQUENTIAL_MC", "samples": 103271, "parameter_writes": 3243268, "heldout": {"bias": 0.9218062595200455, "mse": 20.32411635186962, "mae": 3.8005161704344874}, "mean_utility": 4.3995361328125}
{"event": "stable_b_arm_complete", "lifecycle": 45, "arm": "FROZEN", "samples": 0, "parameter_writes": 0, "heldout": {"bias": 0.32090265894012254, "mse": 22.166252706403604, "mae": 3.770837792333851}, "mean_utility": 4.66131591796875}
{"event": "stable_b_arm_complete", "lifecycle": 46, "arm": "NORMALIZED_SEQUENTIAL_MC", "samples": 104129, "parameter_writes": 3267413, "heldout": {"bias": 0.4344852487017487, "mse": 28.56583656283118, "mae": 4.845267654610231}, "mean_utility": 5.828125}
{"event": "stable_b_arm_complete", "lifecycle": 44, "arm": "EPISODE_MEAN_MC", "samples": 104302, "parameter_writes": 1674670, "heldout": {"bias": 0.28297702098517313, "mse": 23.863091672244224, "mae": 4.086330298522282}, "mean_utility": 3.41522216796875}
{"event": "stable_b_arm_complete", "lifecycle": 47, "arm": "EPISODE_MEAN_MC", "samples": 103271, "parameter_writes": 1654284, "heldout": {"bias": 0.9254776932547757, "mse": 20.333084370134497, "mae": 3.8021727334591247}, "mean_utility": 5.0596923828125}
{"event": "stable_b_arm_complete", "lifecycle": 45, "arm": "NORMALIZED_SEQUENTIAL_MC", "samples": 105038, "parameter_writes": 3294534, "heldout": {"bias": 1.3749330359747356, "mse": 23.616351816576323, "mae": 4.284360840605168}, "mean_utility": 5.76995849609375}
{"event": "stable_b_arm_complete", "lifecycle": 46, "arm": "EPISODE_MEAN_MC", "samples": 104129, "parameter_writes": 1670125, "heldout": {"bias": 0.4459117267373089, "mse": 28.571657242106433, "mae": 4.848124139983608}, "mean_utility": 3.896728515625}
{"event": "stable_b_arm_complete", "lifecycle": 45, "arm": "EPISODE_MEAN_MC", "samples": 105038, "parameter_writes": 1674101, "heldout": {"bias": 1.3814746712143384, "mse": 23.632164814814125, "mae": 4.287406103875311}, "mean_utility": 4.15521240234375}
{"event": "stable_b_arm_complete", "lifecycle": 48, "arm": "FROZEN", "samples": 0, "parameter_writes": 0, "heldout": {"bias": -0.47677746529443443, "mse": 25.80890753443009, "mae": 4.041907116409602}, "mean_utility": 4.09332275390625}
{"event": "stable_b_arm_complete", "lifecycle": 48, "arm": "NORMALIZED_SEQUENTIAL_MC", "samples": 104023, "parameter_writes": 3264357, "heldout": {"bias": -0.5439195979634184, "mse": 25.621042817366103, "mae": 3.997190408615733}, "mean_utility": 2.29437255859375}
{"event": "stable_b_arm_complete", "lifecycle": 51, "arm": "FROZEN", "samples": 0, "parameter_writes": 0, "heldout": {"bias": 0.46814283818871827, "mse": 19.58922226354599, "mae": 3.470661156145307}, "mean_utility": 5.68328857421875}
{"event": "stable_b_arm_complete", "lifecycle": 50, "arm": "FROZEN", "samples": 0, "parameter_writes": 0, "heldout": {"bias": 0.5114369970866952, "mse": 20.174172684320105, "mae": 3.545534547891822}, "mean_utility": 5.1871337890625}
{"event": "stable_b_arm_complete", "lifecycle": 49, "arm": "FROZEN", "samples": 0, "parameter_writes": 0, "heldout": {"bias": -0.8731085337040936, "mse": 29.81710434458188, "mae": 4.4687162393396545}, "mean_utility": 5.7322998046875}
{"event": "stable_b_arm_complete", "lifecycle": 48, "arm": "EPISODE_MEAN_MC", "samples": 104023, "parameter_writes": 1677865, "heldout": {"bias": -0.5452322840198857, "mse": 25.62631587049272, "mae": 3.9971598477106034}, "mean_utility": 1.7720947265625}
{"event": "stable_b_arm_complete", "lifecycle": 51, "arm": "NORMALIZED_SEQUENTIAL_MC", "samples": 104896, "parameter_writes": 3294667, "heldout": {"bias": 1.2307159032013475, "mse": 20.2834923409736, "mae": 3.8447479228061168}, "mean_utility": 4.99151611328125}
{"event": "stable_b_arm_complete", "lifecycle": 50, "arm": "NORMALIZED_SEQUENTIAL_MC", "samples": 105103, "parameter_writes": 3299324, "heldout": {"bias": 2.3689883305173214, "mse": 25.315435794983376, "mae": 4.617590069618931}, "mean_utility": 4.53131103515625}
{"event": "stable_b_arm_complete", "lifecycle": 49, "arm": "NORMALIZED_SEQUENTIAL_MC", "samples": 103936, "parameter_writes": 3257608, "heldout": {"bias": -0.3457987319206438, "mse": 29.205415925170666, "mae": 4.6250825946845096}, "mean_utility": 3.80950927734375}
{"event": "stable_b_arm_complete", "lifecycle": 51, "arm": "EPISODE_MEAN_MC", "samples": 104896, "parameter_writes": 1680126, "heldout": {"bias": 1.2227100428928455, "mse": 20.270418374741308, "mae": 3.8393011488140547}, "mean_utility": 3.11334228515625}
{"event": "stable_b_arm_complete", "lifecycle": 49, "arm": "EPISODE_MEAN_MC", "samples": 103936, "parameter_writes": 1660880, "heldout": {"bias": -0.34390469477949537, "mse": 29.207564495082693, "mae": 4.625557033813256}, "mean_utility": 2.69012451171875}
{"event": "stable_b_arm_complete", "lifecycle": 50, "arm": "EPISODE_MEAN_MC", "samples": 105103, "parameter_writes": 1676429, "heldout": {"bias": 2.3732576535083214, "mse": 25.3416614247959, "mae": 4.619819061594634}, "mean_utility": 4.13775634765625}
{"event": "stable_b_arm_complete", "lifecycle": 52, "arm": "FROZEN", "samples": 0, "parameter_writes": 0, "heldout": {"bias": 0.6688289394819614, "mse": 21.063857010708862, "mae": 3.7054926988667813}, "mean_utility": 5.02728271484375}
{"event": "stable_b_arm_complete", "lifecycle": 52, "arm": "NORMALIZED_SEQUENTIAL_MC", "samples": 106165, "parameter_writes": 3332443, "heldout": {"bias": 1.9698524230041754, "mse": 24.666304138620674, "mae": 4.458334560184651}, "mean_utility": 4.84771728515625}
{"event": "stable_b_arm_complete", "lifecycle": 55, "arm": "FROZEN", "samples": 0, "parameter_writes": 0, "heldout": {"bias": 0.238323492270672, "mse": 21.882338287601193, "mae": 3.694652792885061}, "mean_utility": 4.10662841796875}
{"event": "stable_b_arm_complete", "lifecycle": 54, "arm": "FROZEN", "samples": 0, "parameter_writes": 0, "heldout": {"bias": -0.7044559145167886, "mse": 26.319061381731267, "mae": 4.016691657190543}, "mean_utility": 6.525634765625}
{"event": "stable_b_arm_complete", "lifecycle": 53, "arm": "FROZEN", "samples": 0, "parameter_writes": 0, "heldout": {"bias": -0.6859638719900819, "mse": 26.43194896940271, "mae": 4.035594141236824}, "mean_utility": 6.1036376953125}
{"event": "stable_b_arm_complete", "lifecycle": 52, "arm": "EPISODE_MEAN_MC", "samples": 106165, "parameter_writes": 1702722, "heldout": {"bias": 1.9887950742061624, "mse": 24.75463088892547, "mae": 4.470454012205423}, "mean_utility": 3.392578125}
{"event": "stable_b_arm_complete", "lifecycle": 55, "arm": "NORMALIZED_SEQUENTIAL_MC", "samples": 105061, "parameter_writes": 3299755, "heldout": {"bias": 0.37047774036380204, "mse": 21.728120204363343, "mae": 3.737346869344057}, "mean_utility": 2.61968994140625}
{"event": "stable_b_arm_complete", "lifecycle": 54, "arm": "NORMALIZED_SEQUENTIAL_MC", "samples": 103471, "parameter_writes": 3247152, "heldout": {"bias": 0.1223953210833632, "mse": 25.40930531095734, "mae": 4.270396325554313}, "mean_utility": 3.333251953125}
{"event": "stable_b_arm_complete", "lifecycle": 53, "arm": "NORMALIZED_SEQUENTIAL_MC", "samples": 103236, "parameter_writes": 3235972, "heldout": {"bias": 0.08418815064559959, "mse": 25.418567691326977, "mae": 4.257115949548205}, "mean_utility": 4.0894775390625}
{"event": "stable_b_arm_complete", "lifecycle": 55, "arm": "EPISODE_MEAN_MC", "samples": 105061, "parameter_writes": 1685368, "heldout": {"bias": 0.3712134724020215, "mse": 21.73008635165241, "mae": 3.7378203853091856}, "mean_utility": 2.6767578125}
{"event": "stable_b_arm_complete", "lifecycle": 54, "arm": "EPISODE_MEAN_MC", "samples": 103471, "parameter_writes": 1652393, "heldout": {"bias": 0.1303985943396558, "mse": 25.41446304119076, "mae": 4.273736778896326}, "mean_utility": 3.02276611328125}
{"event": "stable_b_arm_complete", "lifecycle": 53, "arm": "EPISODE_MEAN_MC", "samples": 103236, "parameter_writes": 1658963, "heldout": {"bias": 0.09943126462327916, "mse": 25.425384185337883, "mae": 4.263529428795252}, "mean_utility": 3.95465087890625}
{"event": "stable_b_arm_complete", "lifecycle": 56, "arm": "FROZEN", "samples": 0, "parameter_writes": 0, "heldout": {"bias": -1.4639892987198375, "mse": 30.9097178310421, "mae": 4.427346894886871}, "mean_utility": 5.66693115234375}
{"event": "stable_b_arm_complete", "lifecycle": 56, "arm": "NORMALIZED_SEQUENTIAL_MC", "samples": 103729, "parameter_writes": 3255890, "heldout": {"bias": -0.8421614044597457, "mse": 28.851530927862957, "mae": 4.5414265163802785}, "mean_utility": 2.787841796875}
{"event": "stable_b_arm_complete", "lifecycle": 59, "arm": "FROZEN", "samples": 0, "parameter_writes": 0, "heldout": {"bias": 0.5448612298453759, "mse": 20.60888326414719, "mae": 3.59945997367905}, "mean_utility": 4.832275390625}
{"event": "stable_b_arm_complete", "lifecycle": 58, "arm": "FROZEN", "samples": 0, "parameter_writes": 0, "heldout": {"bias": 0.49169092598261155, "mse": 19.86811225073215, "mae": 3.5185304733687564}, "mean_utility": 5.05322265625}
{"event": "stable_b_arm_complete", "lifecycle": 56, "arm": "EPISODE_MEAN_MC", "samples": 103729, "parameter_writes": 1655938, "heldout": {"bias": -0.8343805033547473, "mse": 28.83579394262833, "mae": 4.543092062911151}, "mean_utility": 2.5755615234375}
{"event": "stable_b_arm_complete", "lifecycle": 59, "arm": "NORMALIZED_SEQUENTIAL_MC", "samples": 105976, "parameter_writes": 3328712, "heldout": {"bias": 2.430904481470282, "mse": 25.957077228192993, "mae": 4.713785037599294}, "mean_utility": 4.87054443359375}
{"event": "stable_b_arm_complete", "lifecycle": 57, "arm": "FROZEN", "samples": 0, "parameter_writes": 0, "heldout": {"bias": -1.0458447897922583, "mse": 27.76054471436797, "mae": 4.084178052116804}, "mean_utility": 3.7769775390625}
{"event": "stable_b_arm_complete", "lifecycle": 58, "arm": "NORMALIZED_SEQUENTIAL_MC", "samples": 105491, "parameter_writes": 3311075, "heldout": {"bias": 0.8478032900908254, "mse": 19.80801223630995, "mae": 3.6604864748292947}, "mean_utility": 2.36102294921875}
{"event": "stable_b_arm_complete", "lifecycle": 59, "arm": "EPISODE_MEAN_MC", "samples": 105976, "parameter_writes": 1697163, "heldout": {"bias": 2.4502463558342304, "mse": 26.060758828982273, "mae": 4.725801514211693}, "mean_utility": 4.034912109375}
{"event": "stable_b_arm_complete", "lifecycle": 57, "arm": "NORMALIZED_SEQUENTIAL_MC", "samples": 103061, "parameter_writes": 3231326, "heldout": {"bias": 0.42693902494769104, "mse": 26.341767867866118, "mae": 4.5927436573115505}, "mean_utility": 3.61932373046875}
{"event": "stable_b_arm_complete", "lifecycle": 58, "arm": "EPISODE_MEAN_MC", "samples": 105491, "parameter_writes": 1688819, "heldout": {"bias": 0.8514361416946736, "mse": 19.815713784173255, "mae": 3.6627151559762385}, "mean_utility": 1.71112060546875}
{"event": "stable_b_arm_complete", "lifecycle": 57, "arm": "EPISODE_MEAN_MC", "samples": 103061, "parameter_writes": 1656908, "heldout": {"bias": 0.4361646883042746, "mse": 26.356946055040037, "mae": 4.596305507715596}, "mean_utility": 5.65264892578125}
{"event": "stable_b_arm_complete", "lifecycle": 60, "arm": "FROZEN", "samples": 0, "parameter_writes": 0, "heldout": {"bias": -1.6692065835191923, "mse": 33.15843545650963, "mae": 4.6574622134202635}, "mean_utility": 5.0882568359375}
{"event": "stable_b_arm_complete", "lifecycle": 60, "arm": "NORMALIZED_SEQUENTIAL_MC", "samples": 103472, "parameter_writes": 3249607, "heldout": {"bias": -1.6120770533661628, "mse": 32.763304910515735, "mae": 4.650756646581936}, "mean_utility": 2.60614013671875}
{"event": "stable_b_arm_complete", "lifecycle": 60, "arm": "EPISODE_MEAN_MC", "samples": 103472, "parameter_writes": 1664903, "heldout": {"bias": -1.6082714164586955, "mse": 32.75672324565005, "mae": 4.651781318753846}, "mean_utility": 2.139892578125}
{"event": "stable_b_arm_complete", "lifecycle": 63, "arm": "FROZEN", "samples": 0, "parameter_writes": 0, "heldout": {"bias": -0.013148664368760176, "mse": 22.670228961749586, "mae": 3.736918394444755}, "mean_utility": 3.6671142578125}
{"event": "stable_b_arm_complete", "lifecycle": 62, "arm": "FROZEN", "samples": 0, "parameter_writes": 0, "heldout": {"bias": 0.11415984741579868, "mse": 21.29860871636435, "mae": 3.585942237157907}, "mean_utility": 4.037841796875}
{"event": "stable_b_arm_complete", "lifecycle": 61, "arm": "FROZEN", "samples": 0, "parameter_writes": 0, "heldout": {"bias": 0.33184072426459044, "mse": 19.7773458692654, "mae": 3.455612200085545}, "mean_utility": 5.24053955078125}
{"event": "stable_b_arm_complete", "lifecycle": 63, "arm": "NORMALIZED_SEQUENTIAL_MC", "samples": 104079, "parameter_writes": 3266011, "heldout": {"bias": 1.336033482560963, "mse": 23.496007795481194, "mae": 4.2952834005277625}, "mean_utility": 4.63116455078125}
{"event": "stable_b_arm_complete", "lifecycle": 62, "arm": "NORMALIZED_SEQUENTIAL_MC", "samples": 104361, "parameter_writes": 3275971, "heldout": {"bias": 0.6112368107740954, "mse": 21.049622657976297, "mae": 3.768494666173509}, "mean_utility": 3.88836669921875}
{"event": "stable_b_arm_complete", "lifecycle": 61, "arm": "NORMALIZED_SEQUENTIAL_MC", "samples": 103517, "parameter_writes": 3244104, "heldout": {"bias": 1.293842977085547, "mse": 20.75304557627965, "mae": 3.9029490040532084}, "mean_utility": 5.176513671875}
{"event": "stable_b_arm_complete", "lifecycle": 63, "arm": "EPISODE_MEAN_MC", "samples": 104079, "parameter_writes": 1672072, "heldout": {"bias": 1.3431850403227308, "mse": 23.511647638501998, "mae": 4.29803394178858}, "mean_utility": 3.7093505859375}
{"event": "stable_b_arm_complete", "lifecycle": 62, "arm": "EPISODE_MEAN_MC", "samples": 104361, "parameter_writes": 1671796, "heldout": {"bias": 0.6154594337206181, "mse": 21.05509085045747, "mae": 3.7706988973543876}, "mean_utility": 3.70361328125}
{"event": "stable_b_arm_complete", "lifecycle": 61, "arm": "EPISODE_MEAN_MC", "samples": 103517, "parameter_writes": 1655170, "heldout": {"bias": 1.304415600602582, "mse": 20.783623181161026, "mae": 3.9092140370072985}, "mean_utility": 5.56134033203125}
{"event": "stable_b_complete", "status": "EXPERIMENT_COMPLETE", "independent_learning_confirmed": false, "utility_primary": {"mean": -1.2218446731567383, "ci95": [-1.586042094230652, -0.8556724786758426], "lifecycle_deltas": {"0": -0.43450927734375, "1": -0.24737548828125, "2": -1.65863037109375, "3": -0.39508056640625, "4": -0.14617919921875, "5": -3.24810791015625, "6": -0.7254638671875, "7": 0.04486083984375, "8": -1.864013671875, "9": -2.544677734375, "10": 0.977294921875, "11": -0.05029296875, "12": 0.53228759765625, "13": -1.4752197265625, "14": -1.62493896484375, "15": -1.71929931640625, "16": -0.0679931640625, "17": -0.3701171875, "18": -0.32763671875, "19": -1.8472900390625, "20": 0.28814697265625, "21": 0.42034912109375, "22": -1.6043701171875, "23": -0.77520751953125, "24": 1.2835693359375, "25": -0.03753662109375, "26": -3.29217529296875, "27": 0.25048828125, "28": -2.0771484375, "29": -4.0716552734375, "30": -1.94390869140625, "31": -1.8343505859375, "32": -1.76068115234375, "33": -0.71759033203125, "34": 2.3182373046875, "35": -2.65081787109375, "36": 1.4774169921875, "37": -2.0797119140625, "38": -3.6097412109375, "39": -1.90606689453125, "40": -2.002197265625, "41": -0.7275390625, "42": -1.84564208984375, "43": -3.54547119140625, "44": -3.577880859375, "45": -0.506103515625, "46": -1.57177734375, "47": 1.06756591796875, "48": -2.32122802734375, "49": -3.04217529296875, "50": -1.04937744140625, "51": -2.5699462890625, "52": -1.63470458984375, "53": -2.14898681640625, "54": -3.50286865234375, "55": -1.42987060546875, "56": -3.09136962890625, "57": 1.87567138671875, "58": -3.34210205078125, "59": -0.79736328125, "60": -2.9483642578125, "61": 0.32080078125, "62": -0.334228515625, "63": 0.042236328125}, "parent_mean_deltas": {"0": -1.1465530395507812, "1": -1.1624984741210938, "2": -1.4460830688476562, "3": -1.1322441101074219}, "interval_scope": "CONDITIONAL_ON_FOUR_FROZEN_PARENTS", "improved_equal_worse": [13, 0, 51], "adverse_lifecycles": [0, 1, 2, 3, 4, 5, 6, 8, 9, 11, 13, 14, 15, 16, 17, 18, 19, 22, 23, 25, 26, 28, 29, 30, 31, 32, 33, 35, 37, 38, 39, 40, 41, 42, 43, 44, 45, 46, 48, 49, 50, 51, 52, 53, 54, 55, 56, 58, 59, 60, 62]}, "mse_primary": {"mean": 0.1215173727431581, "ci95": [-0.284966750874046, 0.5601189402284482], "lifecycle_deltas": {"0": 2.100198735640646, "1": -3.0956045030249584, "2": 2.960628154456387, "3": -3.1944648869041146, "4": -1.1327129392873374, "5": -0.9682394746589935, "6": -1.0647041373904962, "7": -0.6041375777207953, "8": 1.7488423194924287, "9": -0.9451756044233335, "10": 1.7509265147993354, "11": 1.6813964317036536, "12": 2.017138159841899, "13": -0.5895198880645296, "14": -0.6861985998305045, "15": 0.33745142138588236, "16": 0.983393736487681, "17": -0.570297323131097, "18": 1.7445899062032488, "19": -1.4466401578830457, "20": 0.37325448323997534, "21": 1.8154985972375997, "22": 0.09078124430650192, "23": 0.8264378543539586, "24": -0.5251627820506748, "25": -1.0036592300323477, "26": -1.220881525958628, "27": -1.9507308160237429, "28": -0.4661522811964325, "29": -1.0845667635813854, "30": -1.1330809328823896, "31": -0.3747587261248384, "32": 1.5144027229031138, "33": 1.7698738336368933, "34": 2.95007634495537, "35": -1.5438070914238295, "36": -0.5060325378731996, "37": -0.5628640562937761, "38": -0.46763198893197, "39": -2.6192231527625367, "40": -2.457098389164365, "41": 3.6807860222076663, "42": 0.5230748820242646, "43": 0.0409028339166575, "44": -0.6625003623570329, "45": 1.4659121084105244, "46": -1.2836305782334065, "47": -0.24731076274492025, "48": -0.18259166393738724, "49": -0.6095398494991855, "50": 5.1674887404757825, "51": 0.681196111195316, "52": 3.690773878216614, "53": -1.0065647840648282, "54": -0.904598340540506, "55": -0.15225193594877595, "56": -2.073923888413777, "57": -1.4035986593279155, "58": -0.0523984665589019, "59": 5.451875564835078, "60": -0.40171221085957143, "61": 1.00627731189563, "62": -0.24351786590687396, "63": 0.841418676752415}, "positive_equal_negative": [26, 0, 38], "parent_mean_deltas": {"0": 0.25125731129266127, "1": -0.1313301414196273, "2": 0.5081827094367009, "3": -0.14204038833710242}, "interval_scope": "CONDITIONAL_ON_FOUR_FROZEN_PARENTS", "improved_equal_worse": [38, 0, 26], "adverse_lifecycles": [0, 2, 8, 10, 11, 12, 15, 16, 18, 20, 21, 22, 23, 32, 33, 34, 41, 42, 43, 45, 50, 51, 52, 59, 61, 63]}}
