{"event": "independent_episode_arm_complete", "lifecycle": 2, "arm": "FROZEN", "samples": 0, "parameter_writes": 0, "heldout": {"bias": -2.729492533539687, "mse": 39.35308457501086, "mae": 5.137278766775937}, "mean_utility": 7.54473876953125}
{"event": "independent_episode_arm_complete", "lifecycle": 0, "arm": "FROZEN", "samples": 0, "parameter_writes": 0, "heldout": {"bias": -1.686967731023376, "mse": 31.499488858421334, "mae": 4.406801979561393}, "mean_utility": 8.68841552734375}
{"event": "independent_episode_arm_complete", "lifecycle": 1, "arm": "FROZEN", "samples": 0, "parameter_writes": 0, "heldout": {"bias": -4.412928416468043, "mse": 49.529074624339856, "mae": 5.9639327804798645}, "mean_utility": 8.784423828125}
{"event": "independent_episode_arm_complete", "lifecycle": 3, "arm": "FROZEN", "samples": 0, "parameter_writes": 0, "heldout": {"bias": -4.74967990170364, "mse": 51.49863047339955, "mae": 6.22126088995913}, "mean_utility": 11.11163330078125}
{"event": "independent_episode_arm_complete", "lifecycle": 2, "arm": "NORMALIZED_SEQUENTIAL_MC", "samples": 104796, "parameter_writes": 3287337, "heldout": {"bias": 0.6519454426580228, "mse": 30.71093479874842, "mae": 5.207543306998041}, "mean_utility": 10.67291259765625}
{"event": "independent_episode_arm_complete", "lifecycle": 0, "arm": "NORMALIZED_SEQUENTIAL_MC", "samples": 104479, "parameter_writes": 3279308, "heldout": {"bias": 1.82137039117605, "mse": 29.714291175770605, "mae": 5.148559296025347}, "mean_utility": 10.98333740234375}
{"event": "independent_episode_arm_complete", "lifecycle": 1, "arm": "NORMALIZED_SEQUENTIAL_MC", "samples": 103515, "parameter_writes": 3245297, "heldout": {"bias": -0.9302853602009591, "mse": 29.155101212205334, "mae": 5.15145995748524}, "mean_utility": 9.41534423828125}
{"event": "independent_episode_arm_complete", "lifecycle": 3, "arm": "NORMALIZED_SEQUENTIAL_MC", "samples": 104134, "parameter_writes": 3268482, "heldout": {"bias": -1.0092501826880793, "mse": 27.252473021752806, "mae": 4.919822328413727}, "mean_utility": 11.66455078125}
{"event": "independent_episode_arm_complete", "lifecycle": 2, "arm": "EPISODE_MEAN_MC", "samples": 104796, "parameter_writes": 1394043, "heldout": {"bias": 0.6712204473964273, "mse": 30.73635910043416, "mae": 5.208605585982581}, "mean_utility": 10.75079345703125}
{"event": "independent_episode_arm_complete", "lifecycle": 0, "arm": "EPISODE_MEAN_MC", "samples": 104479, "parameter_writes": 1387266, "heldout": {"bias": 1.833090135764059, "mse": 29.757321551901814, "mae": 5.151386207689459}, "mean_utility": 9.39471435546875}
{"event": "independent_episode_arm_complete", "lifecycle": 1, "arm": "EPISODE_MEAN_MC", "samples": 103515, "parameter_writes": 1384721, "heldout": {"bias": -0.8994743765122779, "mse": 29.115034419895693, "mae": 5.1454349469060165}, "mean_utility": 11.3895263671875}
{"event": "independent_episode_arm_complete", "lifecycle": 3, "arm": "EPISODE_MEAN_MC", "samples": 104134, "parameter_writes": 1374046, "heldout": {"bias": -1.0004567706470093, "mse": 27.23755174356525, "mae": 4.916957419060397}, "mean_utility": 8.3328857421875}
{"event": "independent_episode_arm_complete", "lifecycle": 4, "arm": "FROZEN", "samples": 0, "parameter_writes": 0, "heldout": {"bias": -4.148710822678481, "mse": 48.35142294220651, "mae": 5.783225927358491}, "mean_utility": 8.44122314453125}
{"event": "independent_episode_arm_complete", "lifecycle": 6, "arm": "FROZEN", "samples": 0, "parameter_writes": 0, "heldout": {"bias": -3.480393114285361, "mse": 44.254490107688476, "mae": 5.592311115611682}, "mean_utility": 9.5631103515625}
{"event": "independent_episode_arm_complete", "lifecycle": 7, "arm": "FROZEN", "samples": 0, "parameter_writes": 0, "heldout": {"bias": -2.4664376697543955, "mse": 35.40908540133737, "mae": 4.796438864883737}, "mean_utility": 7.56781005859375}
{"event": "independent_episode_arm_complete", "lifecycle": 5, "arm": "FROZEN", "samples": 0, "parameter_writes": 0, "heldout": {"bias": -1.7447713740830855, "mse": 29.917661253192566, "mae": 4.252640228569948}, "mean_utility": 10.5035400390625}
{"event": "independent_episode_arm_complete", "lifecycle": 4, "arm": "NORMALIZED_SEQUENTIAL_MC", "samples": 102606, "parameter_writes": 3222327, "heldout": {"bias": -0.03503033588583762, "mse": 29.14450168721094, "mae": 5.046072198582079}, "mean_utility": 10.50787353515625}
{"event": "independent_episode_arm_complete", "lifecycle": 6, "arm": "NORMALIZED_SEQUENTIAL_MC", "samples": 104051, "parameter_writes": 3266175, "heldout": {"bias": 0.9569869920322541, "mse": 31.880443393982866, "mae": 5.200439978811236}, "mean_utility": 10.4976806640625}
{"event": "independent_episode_arm_complete", "lifecycle": 7, "arm": "NORMALIZED_SEQUENTIAL_MC", "samples": 104229, "parameter_writes": 3271405, "heldout": {"bias": 0.7337421548007101, "mse": 27.19041138281216, "mae": 4.92349671377329}, "mean_utility": 7.9853515625}
{"event": "independent_episode_arm_complete", "lifecycle": 5, "arm": "NORMALIZED_SEQUENTIAL_MC", "samples": 104550, "parameter_writes": 3279467, "heldout": {"bias": 2.4805003485181114, "mse": 30.710467858832384, "mae": 5.233433752219508}, "mean_utility": 11.09442138671875}
{"event": "independent_episode_arm_complete", "lifecycle": 4, "arm": "EPISODE_MEAN_MC", "samples": 102606, "parameter_writes": 1373260, "heldout": {"bias": -0.006551469139427148, "mse": 29.159399901478746, "mae": 5.04188311579242}, "mean_utility": 9.7276611328125}
{"event": "independent_episode_arm_complete", "lifecycle": 6, "arm": "EPISODE_MEAN_MC", "samples": 104051, "parameter_writes": 1383890, "heldout": {"bias": 0.9774259340944071, "mse": 31.930742952714926, "mae": 5.199668649187605}, "mean_utility": 11.18048095703125}
{"event": "independent_episode_arm_complete", "lifecycle": 7, "arm": "EPISODE_MEAN_MC", "samples": 104229, "parameter_writes": 1389860, "heldout": {"bias": 0.757019204878315, "mse": 27.221165528091888, "mae": 4.925441648364175}, "mean_utility": 9.041259765625}
{"event": "independent_episode_arm_complete", "lifecycle": 5, "arm": "EPISODE_MEAN_MC", "samples": 104550, "parameter_writes": 1392516, "heldout": {"bias": 2.498354529418595, "mse": 30.815109336665707, "mae": 5.239331283199244}, "mean_utility": 10.92132568359375}
{"event": "independent_episode_arm_complete", "lifecycle": 8, "arm": "FROZEN", "samples": 0, "parameter_writes": 0, "heldout": {"bias": -3.8468099289899302, "mse": 47.47869674939426, "mae": 5.839319778875453}, "mean_utility": 7.56549072265625}
{"event": "independent_episode_arm_complete", "lifecycle": 10, "arm": "FROZEN", "samples": 0, "parameter_writes": 0, "heldout": {"bias": -3.785118259909536, "mse": 47.32280206917129, "mae": 5.895540178019168}, "mean_utility": 9.0294189453125}
{"event": "independent_episode_arm_complete", "lifecycle": 11, "arm": "FROZEN", "samples": 0, "parameter_writes": 0, "heldout": {"bias": -2.4085837005953636, "mse": 38.36248750218396, "mae": 5.011201794832681}, "mean_utility": 10.24249267578125}
{"event": "independent_episode_arm_complete", "lifecycle": 9, "arm": "FROZEN", "samples": 0, "parameter_writes": 0, "heldout": {"bias": -4.342026369202416, "mse": 52.042376780253825, "mae": 6.231072120440075}, "mean_utility": 8.48260498046875}
{"event": "independent_episode_arm_complete", "lifecycle": 8, "arm": "NORMALIZED_SEQUENTIAL_MC", "samples": 104982, "parameter_writes": 3297142, "heldout": {"bias": -0.04044770877382901, "mse": 31.939510648478137, "mae": 5.318773105173711}, "mean_utility": 10.4427490234375}
{"event": "independent_episode_arm_complete", "lifecycle": 10, "arm": "NORMALIZED_SEQUENTIAL_MC", "samples": 104420, "parameter_writes": 3276268, "heldout": {"bias": -0.6793644153131531, "mse": 31.520239241977897, "mae": 5.288040311693182}, "mean_utility": 11.8807373046875}
{"event": "independent_episode_arm_complete", "lifecycle": 11, "arm": "NORMALIZED_SEQUENTIAL_MC", "samples": 104132, "parameter_writes": 3268788, "heldout": {"bias": 1.4778288486001185, "mse": 34.70945680262049, "mae": 5.5509771228294555}, "mean_utility": 9.3609619140625}
{"event": "independent_episode_arm_complete", "lifecycle": 9, "arm": "NORMALIZED_SEQUENTIAL_MC", "samples": 103973, "parameter_writes": 3257641, "heldout": {"bias": -2.1858353159788693, "mse": 36.498648708340276, "mae": 5.677476303606843}, "mean_utility": 9.5220947265625}
{"event": "independent_episode_arm_complete", "lifecycle": 8, "arm": "EPISODE_MEAN_MC", "samples": 104982, "parameter_writes": 1409800, "heldout": {"bias": -0.029300619989572313, "mse": 31.951295787050437, "mae": 5.317131658194837}, "mean_utility": 11.0401611328125}
{"event": "independent_episode_arm_complete", "lifecycle": 10, "arm": "EPISODE_MEAN_MC", "samples": 104420, "parameter_writes": 1397627, "heldout": {"bias": -0.6735327509588066, "mse": 31.51341769714902, "mae": 5.286625509473277}, "mean_utility": 9.65484619140625}
{"event": "independent_episode_arm_complete", "lifecycle": 11, "arm": "EPISODE_MEAN_MC", "samples": 104132, "parameter_writes": 1375027, "heldout": {"bias": 1.5050069743764563, "mse": 34.80546998077595, "mae": 5.555493064525211}, "mean_utility": 9.91851806640625}
{"event": "independent_episode_arm_complete", "lifecycle": 9, "arm": "EPISODE_MEAN_MC", "samples": 103973, "parameter_writes": 1374793, "heldout": {"bias": -2.19460803606774, "mse": 36.53881007681859, "mae": 5.678488557096947}, "mean_utility": 10.4034423828125}
{"event": "independent_episode_arm_complete", "lifecycle": 12, "arm": "FROZEN", "samples": 0, "parameter_writes": 0, "heldout": {"bias": -6.374631857919334, "mse": 63.20776966894696, "mae": 7.1422510754878505}, "mean_utility": 9.0758056640625}
{"event": "independent_episode_arm_complete", "lifecycle": 14, "arm": "FROZEN", "samples": 0, "parameter_writes": 0, "heldout": {"bias": -2.8469816620262085, "mse": 40.76928041514454, "mae": 5.283071950613958}, "mean_utility": 8.57928466796875}
{"event": "independent_episode_arm_complete", "lifecycle": 13, "arm": "FROZEN", "samples": 0, "parameter_writes": 0, "heldout": {"bias": -4.588425630349849, "mse": 53.22763450609994, "mae": 6.4003736104541895}, "mean_utility": 9.768798828125}
{"event": "independent_episode_arm_complete", "lifecycle": 15, "arm": "FROZEN", "samples": 0, "parameter_writes": 0, "heldout": {"bias": -4.045971688337553, "mse": 46.57287943759305, "mae": 5.705187935502584}, "mean_utility": 7.57061767578125}
{"event": "independent_episode_arm_complete", "lifecycle": 12, "arm": "NORMALIZED_SEQUENTIAL_MC", "samples": 102881, "parameter_writes": 3231791, "heldout": {"bias": -3.595699335711276, "mse": 32.6991995913698, "mae": 5.366665156818036}, "mean_utility": 10.21435546875}
{"event": "independent_episode_arm_complete", "lifecycle": 14, "arm": "NORMALIZED_SEQUENTIAL_MC", "samples": 105184, "parameter_writes": 3299646, "heldout": {"bias": 0.41956263618345924, "mse": 32.34664586944922, "mae": 5.42589954030882}, "mean_utility": 9.05419921875}
{"event": "independent_episode_arm_complete", "lifecycle": 15, "arm": "NORMALIZED_SEQUENTIAL_MC", "samples": 103041, "parameter_writes": 3234044, "heldout": {"bias": 0.2810791350283254, "mse": 27.435733205366105, "mae": 4.881090375014437}, "mean_utility": 11.35821533203125}
{"event": "independent_episode_arm_complete", "lifecycle": 13, "arm": "NORMALIZED_SEQUENTIAL_MC", "samples": 103808, "parameter_writes": 3255562, "heldout": {"bias": -0.21061635200309786, "mse": 32.09061016880708, "mae": 5.163407728005016}, "mean_utility": 10.085693359375}
{"event": "independent_episode_arm_complete", "lifecycle": 12, "arm": "EPISODE_MEAN_MC", "samples": 102881, "parameter_writes": 1368640, "heldout": {"bias": -3.604732438799226, "mse": 32.78177564174951, "mae": 5.371692564407312}, "mean_utility": 10.01580810546875}
{"event": "independent_episode_arm_complete", "lifecycle": 14, "arm": "EPISODE_MEAN_MC", "samples": 105184, "parameter_writes": 1394887, "heldout": {"bias": 0.435546833713031, "mse": 32.3696807048922, "mae": 5.426911695421461}, "mean_utility": 9.470947265625}
{"event": "independent_episode_arm_complete", "lifecycle": 15, "arm": "EPISODE_MEAN_MC", "samples": 103041, "parameter_writes": 1366774, "heldout": {"bias": 0.294575045674567, "mse": 27.44703839854378, "mae": 4.879052991857005}, "mean_utility": 9.50347900390625}
{"event": "independent_episode_arm_complete", "lifecycle": 13, "arm": "EPISODE_MEAN_MC", "samples": 103808, "parameter_writes": 1376884, "heldout": {"bias": -0.1897057387693819, "mse": 32.098145917323485, "mae": 5.158363902257281}, "mean_utility": 10.5997314453125}
{"event": "independent_episode_arm_complete", "lifecycle": 16, "arm": "FROZEN", "samples": 0, "parameter_writes": 0, "heldout": {"bias": -2.7958704036615956, "mse": 39.34542128816714, "mae": 5.104733780171289}, "mean_utility": 8.168701171875}
{"event": "independent_episode_arm_complete", "lifecycle": 18, "arm": "FROZEN", "samples": 0, "parameter_writes": 0, "heldout": {"bias": -3.571819294197265, "mse": 43.95562541738162, "mae": 5.489179741310375}, "mean_utility": 8.23919677734375}
{"event": "independent_episode_arm_complete", "lifecycle": 17, "arm": "FROZEN", "samples": 0, "parameter_writes": 0, "heldout": {"bias": -1.9068840789617585, "mse": 34.41094195741436, "mae": 4.718552464610862}, "mean_utility": 9.51690673828125}
{"event": "independent_episode_arm_complete", "lifecycle": 19, "arm": "FROZEN", "samples": 0, "parameter_writes": 0, "heldout": {"bias": -5.94621530948352, "mse": 60.3431454399758, "mae": 6.989103733859102}, "mean_utility": 7.6827392578125}
{"event": "independent_episode_arm_complete", "lifecycle": 16, "arm": "NORMALIZED_SEQUENTIAL_MC", "samples": 104571, "parameter_writes": 3282126, "heldout": {"bias": 1.3709627895368217, "mse": 31.737381747071495, "mae": 5.278010832529783}, "mean_utility": 10.96630859375}
{"event": "independent_episode_arm_complete", "lifecycle": 18, "arm": "NORMALIZED_SEQUENTIAL_MC", "samples": 104313, "parameter_writes": 3272224, "heldout": {"bias": -0.1551198848415466, "mse": 29.130266214522482, "mae": 5.11836804775491}, "mean_utility": 10.6357421875}
{"event": "independent_episode_arm_complete", "lifecycle": 19, "arm": "NORMALIZED_SEQUENTIAL_MC", "samples": 102363, "parameter_writes": 3211028, "heldout": {"bias": -4.150741940939296, "mse": 40.190984788188395, "mae": 5.916735084212687}, "mean_utility": 9.3778076171875}
{"event": "independent_episode_arm_complete", "lifecycle": 17, "arm": "NORMALIZED_SEQUENTIAL_MC", "samples": 104917, "parameter_writes": 3288558, "heldout": {"bias": 0.8824073943228873, "mse": 29.832904927923053, "mae": 5.1272095892640985}, "mean_utility": 10.03912353515625}
{"event": "independent_episode_arm_complete", "lifecycle": 16, "arm": "EPISODE_MEAN_MC", "samples": 104571, "parameter_writes": 1393745, "heldout": {"bias": 1.3831638980261092, "mse": 31.775799158393777, "mae": 5.278730013723889}, "mean_utility": 11.1307373046875}
{"event": "independent_episode_arm_complete", "lifecycle": 18, "arm": "EPISODE_MEAN_MC", "samples": 104313, "parameter_writes": 1385030, "heldout": {"bias": -0.1459695654920008, "mse": 29.128505002000505, "mae": 5.11681416496912}, "mean_utility": 11.82275390625}
{"event": "independent_episode_arm_complete", "lifecycle": 19, "arm": "EPISODE_MEAN_MC", "samples": 102363, "parameter_writes": 1354383, "heldout": {"bias": -4.168795581847915, "mse": 40.366189254384736, "mae": 5.925817270848676}, "mean_utility": 10.70281982421875}
{"event": "independent_episode_arm_complete", "lifecycle": 17, "arm": "EPISODE_MEAN_MC", "samples": 104917, "parameter_writes": 1408310, "heldout": {"bias": 0.8722573747652449, "mse": 29.819955867108906, "mae": 5.124163873984046}, "mean_utility": 9.30474853515625}
{"event": "independent_episode_arm_complete", "lifecycle": 20, "arm": "FROZEN", "samples": 0, "parameter_writes": 0, "heldout": {"bias": -3.600119101761344, "mse": 45.72243412165411, "mae": 5.765660663611093}, "mean_utility": 8.49652099609375}
{"event": "independent_episode_arm_complete", "lifecycle": 22, "arm": "FROZEN", "samples": 0, "parameter_writes": 0, "heldout": {"bias": -1.2366279224479275, "mse": 28.526370924991234, "mae": 4.1392507398262905}, "mean_utility": 9.015625}
{"event": "independent_episode_arm_complete", "lifecycle": 21, "arm": "FROZEN", "samples": 0, "parameter_writes": 0, "heldout": {"bias": -4.637033272913944, "mse": 52.5892081446358, "mae": 6.297551511826238}, "mean_utility": 8.0321044921875}
{"event": "independent_episode_arm_complete", "lifecycle": 23, "arm": "FROZEN", "samples": 0, "parameter_writes": 0, "heldout": {"bias": -1.946136291931959, "mse": 34.1605612560357, "mae": 4.716859432053176}, "mean_utility": 9.55572509765625}
{"event": "independent_episode_arm_complete", "lifecycle": 20, "arm": "NORMALIZED_SEQUENTIAL_MC", "samples": 103583, "parameter_writes": 3251090, "heldout": {"bias": -0.5802667528345313, "mse": 31.3546166509503, "mae": 5.248164325649216}, "mean_utility": 10.46099853515625}
{"event": "independent_episode_arm_complete", "lifecycle": 22, "arm": "NORMALIZED_SEQUENTIAL_MC", "samples": 104734, "parameter_writes": 3284955, "heldout": {"bias": 3.217425501216868, "mse": 36.51450171624923, "mae": 5.656506887427883}, "mean_utility": 9.56201171875}
{"event": "independent_episode_arm_complete", "lifecycle": 21, "arm": "NORMALIZED_SEQUENTIAL_MC", "samples": 103474, "parameter_writes": 3244596, "heldout": {"bias": -0.7912306338072485, "mse": 30.650280887889465, "mae": 5.191951706582929}, "mean_utility": 10.6190185546875}
{"event": "independent_episode_arm_complete", "lifecycle": 23, "arm": "NORMALIZED_SEQUENTIAL_MC", "samples": 105441, "parameter_writes": 3307467, "heldout": {"bias": 2.831800761037285, "mse": 37.038108418058044, "mae": 5.539747126326875}, "mean_utility": 12.228271484375}
{"event": "independent_episode_arm_complete", "lifecycle": 20, "arm": "EPISODE_MEAN_MC", "samples": 103583, "parameter_writes": 1374037, "heldout": {"bias": -0.5722277221606868, "mse": 31.356386132299605, "mae": 5.247168491121549}, "mean_utility": 10.77557373046875}
{"event": "independent_episode_arm_complete", "lifecycle": 22, "arm": "EPISODE_MEAN_MC", "samples": 104734, "parameter_writes": 1374674, "heldout": {"bias": 3.244664576973774, "mse": 36.711061522159966, "mae": 5.667159021008519}, "mean_utility": 9.63421630859375}
{"event": "independent_episode_arm_complete", "lifecycle": 21, "arm": "EPISODE_MEAN_MC", "samples": 103474, "parameter_writes": 1395873, "heldout": {"bias": -0.7742089449851794, "mse": 30.633705632223705, "mae": 5.186960348347741}, "mean_utility": 9.603515625}
{"event": "independent_episode_arm_complete", "lifecycle": 23, "arm": "EPISODE_MEAN_MC", "samples": 105441, "parameter_writes": 1384170, "heldout": {"bias": 2.853034587650641, "mse": 37.16424773811814, "mae": 5.544798526627741}, "mean_utility": 9.394775390625}
{"event": "independent_episode_arm_complete", "lifecycle": 24, "arm": "FROZEN", "samples": 0, "parameter_writes": 0, "heldout": {"bias": -2.9620927238665637, "mse": 38.396092862607574, "mae": 4.958953274649092}, "mean_utility": 9.72796630859375}
{"event": "independent_episode_arm_complete", "lifecycle": 26, "arm": "FROZEN", "samples": 0, "parameter_writes": 0, "heldout": {"bias": -2.0245054161318685, "mse": 36.498019162197416, "mae": 4.927120128224893}, "mean_utility": 9.62957763671875}
{"event": "independent_episode_arm_complete", "lifecycle": 25, "arm": "FROZEN", "samples": 0, "parameter_writes": 0, "heldout": {"bias": -4.3299974394766325, "mse": 49.15445216542008, "mae": 5.989806596246679}, "mean_utility": 8.4990234375}
{"event": "independent_episode_arm_complete", "lifecycle": 27, "arm": "FROZEN", "samples": 0, "parameter_writes": 0, "heldout": {"bias": -3.85190485641072, "mse": 47.51018044065646, "mae": 5.849359102643065}, "mean_utility": 9.34478759765625}
{"event": "independent_episode_arm_complete", "lifecycle": 24, "arm": "NORMALIZED_SEQUENTIAL_MC", "samples": 103580, "parameter_writes": 3252580, "heldout": {"bias": 0.05817800017321583, "mse": 26.410431481336946, "mae": 4.836472401746574}, "mean_utility": 9.9215087890625}
{"event": "independent_episode_arm_complete", "lifecycle": 26, "arm": "NORMALIZED_SEQUENTIAL_MC", "samples": 104659, "parameter_writes": 3281464, "heldout": {"bias": 2.2816895204027046, "mse": 37.592859916056945, "mae": 5.68634521047057}, "mean_utility": 10.4813232421875}
{"event": "independent_episode_arm_complete", "lifecycle": 25, "arm": "NORMALIZED_SEQUENTIAL_MC", "samples": 103680, "parameter_writes": 3250962, "heldout": {"bias": -0.6398479013638755, "mse": 28.12885947359297, "mae": 4.997221661523434}, "mean_utility": 10.54461669921875}
{"event": "independent_episode_arm_complete", "lifecycle": 27, "arm": "NORMALIZED_SEQUENTIAL_MC", "samples": 104479, "parameter_writes": 3278160, "heldout": {"bias": -0.7746623149073464, "mse": 31.322840429077914, "mae": 5.303658128919968}, "mean_utility": 8.123046875}
{"event": "independent_episode_arm_complete", "lifecycle": 24, "arm": "EPISODE_MEAN_MC", "samples": 103580, "parameter_writes": 1387054, "heldout": {"bias": 0.08477720378792775, "mse": 26.408060571460485, "mae": 4.836954312011568}, "mean_utility": 8.771240234375}
{"event": "independent_episode_arm_complete", "lifecycle": 26, "arm": "EPISODE_MEAN_MC", "samples": 104659, "parameter_writes": 1385231, "heldout": {"bias": 2.2942533705215027, "mse": 37.64879466562144, "mae": 5.68769953504305}, "mean_utility": 11.17279052734375}
{"event": "independent_episode_arm_complete", "lifecycle": 25, "arm": "EPISODE_MEAN_MC", "samples": 103680, "parameter_writes": 1378073, "heldout": {"bias": -0.6343191953414367, "mse": 28.12583535698438, "mae": 4.995709161935823}, "mean_utility": 10.86895751953125}
{"event": "independent_episode_arm_complete", "lifecycle": 27, "arm": "EPISODE_MEAN_MC", "samples": 104479, "parameter_writes": 1399773, "heldout": {"bias": -0.767650408450068, "mse": 31.31580304819633, "mae": 5.302404690438753}, "mean_utility": 9.45709228515625}
{"event": "independent_episode_arm_complete", "lifecycle": 28, "arm": "FROZEN", "samples": 0, "parameter_writes": 0, "heldout": {"bias": -3.9335991969538755, "mse": 45.82071851170441, "mae": 5.627087111628103}, "mean_utility": 7.5885009765625}
{"event": "independent_episode_arm_complete", "lifecycle": 30, "arm": "FROZEN", "samples": 0, "parameter_writes": 0, "heldout": {"bias": -2.4441616318853416, "mse": 38.07091481837223, "mae": 4.94124819057834}, "mean_utility": 9.47845458984375}
{"event": "independent_episode_arm_complete", "lifecycle": 29, "arm": "FROZEN", "samples": 0, "parameter_writes": 0, "heldout": {"bias": -3.7094868184103715, "mse": 44.15482990501496, "mae": 5.4820505135224735}, "mean_utility": 9.61053466796875}
{"event": "independent_episode_arm_complete", "lifecycle": 31, "arm": "FROZEN", "samples": 0, "parameter_writes": 0, "heldout": {"bias": -1.613508521226652, "mse": 29.430728950848305, "mae": 4.2089237089513345}, "mean_utility": 8.4700927734375}
{"event": "independent_episode_arm_complete", "lifecycle": 28, "arm": "NORMALIZED_SEQUENTIAL_MC", "samples": 102359, "parameter_writes": 3213546, "heldout": {"bias": -1.1421372668336551, "mse": 29.832080658532437, "mae": 5.129511776454216}, "mean_utility": 11.55322265625}
{"event": "independent_episode_arm_complete", "lifecycle": 30, "arm": "NORMALIZED_SEQUENTIAL_MC", "samples": 103906, "parameter_writes": 3258963, "heldout": {"bias": 0.5937435287076035, "mse": 30.46232785940031, "mae": 5.226202397797224}, "mean_utility": 11.827880859375}
{"event": "independent_episode_arm_complete", "lifecycle": 31, "arm": "NORMALIZED_SEQUENTIAL_MC", "samples": 104025, "parameter_writes": 3264299, "heldout": {"bias": 1.7376171126143016, "mse": 26.70490305833445, "mae": 4.866539263499905}, "mean_utility": 10.6546630859375}
{"event": "independent_episode_arm_complete", "lifecycle": 29, "arm": "NORMALIZED_SEQUENTIAL_MC", "samples": 103688, "parameter_writes": 3249926, "heldout": {"bias": -0.2477998887449363, "mse": 28.433814364737927, "mae": 5.029757629417856}, "mean_utility": 10.5687255859375}
{"event": "independent_episode_arm_complete", "lifecycle": 28, "arm": "EPISODE_MEAN_MC", "samples": 102359, "parameter_writes": 1363302, "heldout": {"bias": -1.1231845657290598, "mse": 29.80311154060907, "mae": 5.128041342125561}, "mean_utility": 9.89605712890625}
{"event": "independent_episode_arm_complete", "lifecycle": 30, "arm": "EPISODE_MEAN_MC", "samples": 103906, "parameter_writes": 1366817, "heldout": {"bias": 0.5950959903362891, "mse": 30.46552724074061, "mae": 5.225555933576948}, "mean_utility": 10.61273193359375}
{"event": "independent_episode_arm_complete", "lifecycle": 29, "arm": "EPISODE_MEAN_MC", "samples": 103688, "parameter_writes": 1383036, "heldout": {"bias": -0.2240630775207584, "mse": 28.434672159855634, "mae": 5.028194635736879}, "mean_utility": 11.104248046875}
{"event": "independent_episode_arm_complete", "lifecycle": 31, "arm": "EPISODE_MEAN_MC", "samples": 104025, "parameter_writes": 1384093, "heldout": {"bias": 1.7571186370591767, "mse": 26.775091585911845, "mae": 4.871807318379676}, "mean_utility": 10.33056640625}
{"event": "independent_episode_arm_complete", "lifecycle": 32, "arm": "FROZEN", "samples": 0, "parameter_writes": 0, "heldout": {"bias": -3.007202160289876, "mse": 41.16892357973479, "mae": 5.262539986415893}, "mean_utility": 9.9046630859375}
{"event": "independent_episode_arm_complete", "lifecycle": 34, "arm": "FROZEN", "samples": 0, "parameter_writes": 0, "heldout": {"bias": -2.623014968871902, "mse": 36.49330486567284, "mae": 4.798521614644336}, "mean_utility": 9.2740478515625}
{"event": "independent_episode_arm_complete", "lifecycle": 33, "arm": "FROZEN", "samples": 0, "parameter_writes": 0, "heldout": {"bias": -4.384865636214176, "mse": 49.382416237657104, "mae": 5.945748067094862}, "mean_utility": 7.95086669921875}
{"event": "independent_episode_arm_complete", "lifecycle": 35, "arm": "FROZEN", "samples": 0, "parameter_writes": 0, "heldout": {"bias": -3.5001271893622254, "mse": 44.523663727203136, "mae": 5.5930504580455285}, "mean_utility": 7.982421875}
{"event": "independent_episode_arm_complete", "lifecycle": 32, "arm": "NORMALIZED_SEQUENTIAL_MC", "samples": 103260, "parameter_writes": 3241515, "heldout": {"bias": 1.0432657235891578, "mse": 33.391633442527876, "mae": 5.415693654206197}, "mean_utility": 9.002197265625}
{"event": "independent_episode_arm_complete", "lifecycle": 34, "arm": "NORMALIZED_SEQUENTIAL_MC", "samples": 103358, "parameter_writes": 3242710, "heldout": {"bias": 0.7814629837670607, "mse": 28.579520888719887, "mae": 5.109999732889684}, "mean_utility": 11.30145263671875}
{"event": "independent_episode_arm_complete", "lifecycle": 33, "arm": "NORMALIZED_SEQUENTIAL_MC", "samples": 104095, "parameter_writes": 3262760, "heldout": {"bias": -1.2102148204294267, "mse": 29.415355323676053, "mae": 5.159799514247512}, "mean_utility": 10.23211669921875}
{"event": "independent_episode_arm_complete", "lifecycle": 35, "arm": "NORMALIZED_SEQUENTIAL_MC", "samples": 104931, "parameter_writes": 3294059, "heldout": {"bias": 0.7996468105942145, "mse": 31.928054102159674, "mae": 5.27730103076665}, "mean_utility": 8.8626708984375}
{"event": "independent_episode_arm_complete", "lifecycle": 32, "arm": "EPISODE_MEAN_MC", "samples": 103260, "parameter_writes": 1381049, "heldout": {"bias": 1.068820356697509, "mse": 33.47579796033145, "mae": 5.418068193450625}, "mean_utility": 10.7757568359375}
{"event": "independent_episode_arm_complete", "lifecycle": 34, "arm": "EPISODE_MEAN_MC", "samples": 103358, "parameter_writes": 1369115, "heldout": {"bias": 0.7892130910502538, "mse": 28.59862489267276, "mae": 5.111254460425853}, "mean_utility": 10.5601806640625}
{"event": "independent_episode_arm_complete", "lifecycle": 33, "arm": "EPISODE_MEAN_MC", "samples": 104095, "parameter_writes": 1386569, "heldout": {"bias": -1.2038802020257646, "mse": 29.40724294207923, "mae": 5.158219836053967}, "mean_utility": 9.40771484375}
{"event": "independent_episode_arm_complete", "lifecycle": 35, "arm": "EPISODE_MEAN_MC", "samples": 104931, "parameter_writes": 1389612, "heldout": {"bias": 0.8172148943625213, "mse": 31.960818545419745, "mae": 5.276199183067826}, "mean_utility": 11.1143798828125}
{"event": "independent_episode_arm_complete", "lifecycle": 36, "arm": "FROZEN", "samples": 0, "parameter_writes": 0, "heldout": {"bias": -4.261227298027277, "mse": 49.154622581380224, "mae": 6.000283785570758}, "mean_utility": 9.35113525390625}
{"event": "independent_episode_arm_complete", "lifecycle": 38, "arm": "FROZEN", "samples": 0, "parameter_writes": 0, "heldout": {"bias": -3.624385358726722, "mse": 45.83566070746851, "mae": 5.727747101522536}, "mean_utility": 7.28314208984375}
{"event": "independent_episode_arm_complete", "lifecycle": 37, "arm": "FROZEN", "samples": 0, "parameter_writes": 0, "heldout": {"bias": -2.135197648987439, "mse": 32.61415726887508, "mae": 4.46602099483758}, "mean_utility": 8.01910400390625}
{"event": "independent_episode_arm_complete", "lifecycle": 36, "arm": "NORMALIZED_SEQUENTIAL_MC", "samples": 104480, "parameter_writes": 3281104, "heldout": {"bias": -0.5252801032165038, "mse": 28.886469649856924, "mae": 5.053537494079696}, "mean_utility": 10.3671875}
{"event": "independent_episode_arm_complete", "lifecycle": 39, "arm": "FROZEN", "samples": 0, "parameter_writes": 0, "heldout": {"bias": -4.392456195154448, "mse": 49.728631763012345, "mae": 6.012620732647873}, "mean_utility": 10.8941650390625}
{"event": "independent_episode_arm_complete", "lifecycle": 38, "arm": "NORMALIZED_SEQUENTIAL_MC", "samples": 103855, "parameter_writes": 3256659, "heldout": {"bias": -0.2504025993007029, "mse": 31.47520228198445, "mae": 5.324600762570258}, "mean_utility": 10.07647705078125}
{"event": "independent_episode_arm_complete", "lifecycle": 37, "arm": "NORMALIZED_SEQUENTIAL_MC", "samples": 103446, "parameter_writes": 3243899, "heldout": {"bias": 2.2265081431357165, "mse": 29.12150898502874, "mae": 5.052158529886401}, "mean_utility": 10.16961669921875}
{"event": "independent_episode_arm_complete", "lifecycle": 36, "arm": "EPISODE_MEAN_MC", "samples": 104480, "parameter_writes": 1400381, "heldout": {"bias": -0.5178008834018326, "mse": 28.880642283047955, "mae": 5.051379945561464}, "mean_utility": 9.8043212890625}
{"event": "independent_episode_arm_complete", "lifecycle": 39, "arm": "NORMALIZED_SEQUENTIAL_MC", "samples": 103618, "parameter_writes": 3252138, "heldout": {"bias": -2.0118155378610747, "mse": 32.19054687488509, "mae": 5.302419029153602}, "mean_utility": 9.740234375}
{"event": "independent_episode_arm_complete", "lifecycle": 38, "arm": "EPISODE_MEAN_MC", "samples": 103855, "parameter_writes": 1376949, "heldout": {"bias": -0.24013059247786714, "mse": 31.473924210573184, "mae": 5.323362791650692}, "mean_utility": 10.36492919921875}
{"event": "independent_episode_arm_complete", "lifecycle": 37, "arm": "EPISODE_MEAN_MC", "samples": 103446, "parameter_writes": 1377280, "heldout": {"bias": 2.2487365004249873, "mse": 29.21720071073136, "mae": 5.056715690735556}, "mean_utility": 10.53863525390625}
{"event": "independent_episode_arm_complete", "lifecycle": 39, "arm": "EPISODE_MEAN_MC", "samples": 103618, "parameter_writes": 1372186, "heldout": {"bias": -2.016805845307384, "mse": 32.21860312592478, "mae": 5.303133218137447}, "mean_utility": 7.96258544921875}
{"event": "independent_episode_arm_complete", "lifecycle": 40, "arm": "FROZEN", "samples": 0, "parameter_writes": 0, "heldout": {"bias": -3.18781409365564, "mse": 41.220130311982516, "mae": 5.263730548443192}, "mean_utility": 9.63555908203125}
{"event": "independent_episode_arm_complete", "lifecycle": 42, "arm": "FROZEN", "samples": 0, "parameter_writes": 0, "heldout": {"bias": -3.5318628972127244, "mse": 46.84422405039142, "mae": 5.858445008915193}, "mean_utility": 9.173095703125}
{"event": "independent_episode_arm_complete", "lifecycle": 43, "arm": "FROZEN", "samples": 0, "parameter_writes": 0, "heldout": {"bias": -3.204983712941359, "mse": 43.00994893179091, "mae": 5.4648200555716056}, "mean_utility": 8.31317138671875}
{"event": "independent_episode_arm_complete", "lifecycle": 41, "arm": "FROZEN", "samples": 0, "parameter_writes": 0, "heldout": {"bias": -3.2117597874887127, "mse": 42.020218012521475, "mae": 5.3577968537710055}, "mean_utility": 8.42364501953125}
{"event": "independent_episode_arm_complete", "lifecycle": 40, "arm": "NORMALIZED_SEQUENTIAL_MC", "samples": 103644, "parameter_writes": 3254018, "heldout": {"bias": -0.7054926468342294, "mse": 29.19975791918158, "mae": 5.0496675746637045}, "mean_utility": 7.67364501953125}
{"event": "independent_episode_arm_complete", "lifecycle": 42, "arm": "NORMALIZED_SEQUENTIAL_MC", "samples": 104492, "parameter_writes": 3278026, "heldout": {"bias": 0.3276479008073829, "mse": 34.8284684225634, "mae": 5.511114752950109}, "mean_utility": 11.11767578125}
{"event": "independent_episode_arm_complete", "lifecycle": 43, "arm": "NORMALIZED_SEQUENTIAL_MC", "samples": 104631, "parameter_writes": 3282589, "heldout": {"bias": -0.059124505236030044, "mse": 31.986332323072396, "mae": 5.370774616696335}, "mean_utility": 9.7994384765625}
{"event": "independent_episode_arm_complete", "lifecycle": 41, "arm": "NORMALIZED_SEQUENTIAL_MC", "samples": 104591, "parameter_writes": 3279053, "heldout": {"bias": -0.026317509405212065, "mse": 29.624747751050545, "mae": 5.194667699729623}, "mean_utility": 9.60552978515625}
{"event": "independent_episode_arm_complete", "lifecycle": 40, "arm": "EPISODE_MEAN_MC", "samples": 103644, "parameter_writes": 1387036, "heldout": {"bias": -0.700167495837388, "mse": 29.195886937280626, "mae": 5.0491668538996075}, "mean_utility": 10.3116455078125}
{"event": "independent_episode_arm_complete", "lifecycle": 42, "arm": "EPISODE_MEAN_MC", "samples": 104492, "parameter_writes": 1392483, "heldout": {"bias": 0.35243874765546224, "mse": 34.86237780941653, "mae": 5.5087885906473115}, "mean_utility": 9.52374267578125}
{"event": "independent_episode_arm_complete", "lifecycle": 43, "arm": "EPISODE_MEAN_MC", "samples": 104631, "parameter_writes": 1392057, "heldout": {"bias": -0.042125708174451396, "mse": 31.990186378972016, "mae": 5.369653453886392}, "mean_utility": 8.099365234375}
{"event": "independent_episode_arm_complete", "lifecycle": 41, "arm": "EPISODE_MEAN_MC", "samples": 104591, "parameter_writes": 1397826, "heldout": {"bias": -0.0177231576873965, "mse": 29.62350215583391, "mae": 5.1935454444138065}, "mean_utility": 11.1439208984375}
{"event": "independent_episode_arm_complete", "lifecycle": 44, "arm": "FROZEN", "samples": 0, "parameter_writes": 0, "heldout": {"bias": -3.6098599691778612, "mse": 44.921785624825674, "mae": 5.582671239424826}, "mean_utility": 6.21173095703125}
{"event": "independent_episode_arm_complete", "lifecycle": 47, "arm": "FROZEN", "samples": 0, "parameter_writes": 0, "heldout": {"bias": -4.09894272446218, "mse": 47.001513350975955, "mae": 5.709280868992281}, "mean_utility": 8.080322265625}
{"event": "independent_episode_arm_complete", "lifecycle": 46, "arm": "FROZEN", "samples": 0, "parameter_writes": 0, "heldout": {"bias": -4.320321645405955, "mse": 48.86936393491903, "mae": 6.003767133558396}, "mean_utility": 9.57489013671875}
{"event": "independent_episode_arm_complete", "lifecycle": 44, "arm": "NORMALIZED_SEQUENTIAL_MC", "samples": 103392, "parameter_writes": 3244618, "heldout": {"bias": -0.8835819490838717, "mse": 30.967574240336678, "mae": 5.213115772853927}, "mean_utility": 8.98077392578125}
{"event": "independent_episode_arm_complete", "lifecycle": 45, "arm": "FROZEN", "samples": 0, "parameter_writes": 0, "heldout": {"bias": -2.89222866798423, "mse": 40.793728814197934, "mae": 5.25185864413615}, "mean_utility": 8.42291259765625}
{"event": "independent_episode_arm_complete", "lifecycle": 47, "arm": "NORMALIZED_SEQUENTIAL_MC", "samples": 102922, "parameter_writes": 3229022, "heldout": {"bias": -0.5604784780573098, "mse": 28.876636079230416, "mae": 5.089493227652411}, "mean_utility": 9.72540283203125}
{"event": "independent_episode_arm_complete", "lifecycle": 46, "arm": "NORMALIZED_SEQUENTIAL_MC", "samples": 103594, "parameter_writes": 3250652, "heldout": {"bias": -0.22026121687182923, "mse": 27.412514550511784, "mae": 4.880363817829174}, "mean_utility": 10.3167724609375}
{"event": "independent_episode_arm_complete", "lifecycle": 44, "arm": "EPISODE_MEAN_MC", "samples": 103392, "parameter_writes": 1366100, "heldout": {"bias": -0.8717207768781818, "mse": 30.95150916823804, "mae": 5.211936570418322}, "mean_utility": 9.8924560546875}
{"event": "independent_episode_arm_complete", "lifecycle": 45, "arm": "NORMALIZED_SEQUENTIAL_MC", "samples": 104160, "parameter_writes": 3263624, "heldout": {"bias": 1.3560129917322785, "mse": 33.5151588501703, "mae": 5.353702039573668}, "mean_utility": 11.66497802734375}
{"event": "independent_episode_arm_complete", "lifecycle": 47, "arm": "EPISODE_MEAN_MC", "samples": 102922, "parameter_writes": 1372184, "heldout": {"bias": -0.5457848333237049, "mse": 28.868996057035954, "mae": 5.08759208507693}, "mean_utility": 8.73785400390625}
{"event": "independent_episode_arm_complete", "lifecycle": 46, "arm": "EPISODE_MEAN_MC", "samples": 103594, "parameter_writes": 1364880, "heldout": {"bias": -0.2057738042736322, "mse": 27.409818267387465, "mae": 4.8771930511246}, "mean_utility": 9.60699462890625}
{"event": "independent_episode_arm_complete", "lifecycle": 45, "arm": "EPISODE_MEAN_MC", "samples": 104160, "parameter_writes": 1388533, "heldout": {"bias": 1.3891839670029333, "mse": 33.6214972360852, "mae": 5.3549353128617865}, "mean_utility": 9.41424560546875}
{"event": "independent_episode_arm_complete", "lifecycle": 48, "arm": "FROZEN", "samples": 0, "parameter_writes": 0, "heldout": {"bias": -1.2216113981108783, "mse": 27.58188493093477, "mae": 4.065517217327569}, "mean_utility": 10.0516357421875}
{"event": "independent_episode_arm_complete", "lifecycle": 51, "arm": "FROZEN", "samples": 0, "parameter_writes": 0, "heldout": {"bias": -2.504846244038033, "mse": 36.63380750406515, "mae": 4.858090851196887}, "mean_utility": 8.24212646484375}
{"event": "independent_episode_arm_complete", "lifecycle": 48, "arm": "NORMALIZED_SEQUENTIAL_MC", "samples": 103626, "parameter_writes": 3254567, "heldout": {"bias": 2.1275141385985092, "mse": 28.789953772905683, "mae": 5.083025568804461}, "mean_utility": 10.42059326171875}
{"event": "independent_episode_arm_complete", "lifecycle": 50, "arm": "FROZEN", "samples": 0, "parameter_writes": 0, "heldout": {"bias": -3.3110043593370357, "mse": 41.99707966063014, "mae": 5.292848848305346}, "mean_utility": 10.627685546875}
{"event": "independent_episode_arm_complete", "lifecycle": 49, "arm": "FROZEN", "samples": 0, "parameter_writes": 0, "heldout": {"bias": -2.474501750378795, "mse": 39.362760521844294, "mae": 5.15504261698983}, "mean_utility": 10.33154296875}
{"event": "independent_episode_arm_complete", "lifecycle": 51, "arm": "NORMALIZED_SEQUENTIAL_MC", "samples": 103969, "parameter_writes": 3262847, "heldout": {"bias": 0.9350713605154307, "mse": 29.520326139368358, "mae": 5.188068902668857}, "mean_utility": 9.9322509765625}
{"event": "independent_episode_arm_complete", "lifecycle": 48, "arm": "EPISODE_MEAN_MC", "samples": 103626, "parameter_writes": 1381686, "heldout": {"bias": 2.139738758187638, "mse": 28.84550569964815, "mae": 5.087287755370348}, "mean_utility": 10.708984375}
{"event": "independent_episode_arm_complete", "lifecycle": 50, "arm": "NORMALIZED_SEQUENTIAL_MC", "samples": 103950, "parameter_writes": 3260648, "heldout": {"bias": 0.8110002630571488, "mse": 29.032909325193987, "mae": 4.987683248575081}, "mean_utility": 9.7669677734375}
{"event": "independent_episode_arm_complete", "lifecycle": 49, "arm": "NORMALIZED_SEQUENTIAL_MC", "samples": 104286, "parameter_writes": 3268436, "heldout": {"bias": 1.2224763914065204, "mse": 33.788587469031704, "mae": 5.478734664304975}, "mean_utility": 9.18194580078125}
{"event": "independent_episode_arm_complete", "lifecycle": 51, "arm": "EPISODE_MEAN_MC", "samples": 103969, "parameter_writes": 1389426, "heldout": {"bias": 0.9373298691970814, "mse": 29.524073768941086, "mae": 5.188108822182299}, "mean_utility": 10.4483642578125}
{"event": "independent_episode_arm_complete", "lifecycle": 50, "arm": "EPISODE_MEAN_MC", "samples": 103950, "parameter_writes": 1362747, "heldout": {"bias": 0.8321687224595761, "mse": 29.068800164115846, "mae": 4.987324908875475}, "mean_utility": 11.318115234375}
{"event": "independent_episode_arm_complete", "lifecycle": 49, "arm": "EPISODE_MEAN_MC", "samples": 104286, "parameter_writes": 1376401, "heldout": {"bias": 1.2292567009280095, "mse": 33.806147259333706, "mae": 5.479088546761786}, "mean_utility": 9.7940673828125}
{"event": "independent_episode_arm_complete", "lifecycle": 52, "arm": "FROZEN", "samples": 0, "parameter_writes": 0, "heldout": {"bias": -1.0648520785621298, "mse": 25.77616801092877, "mae": 3.8757928786976845}, "mean_utility": 9.62823486328125}
{"event": "independent_episode_arm_complete", "lifecycle": 52, "arm": "NORMALIZED_SEQUENTIAL_MC", "samples": 104475, "parameter_writes": 3280936, "heldout": {"bias": 2.315811255357388, "mse": 27.883265179046777, "mae": 5.015286938105064}, "mean_utility": 8.5545654296875}
{"event": "independent_episode_arm_complete", "lifecycle": 55, "arm": "FROZEN", "samples": 0, "parameter_writes": 0, "heldout": {"bias": -3.274720435376419, "mse": 41.40328487000276, "mae": 5.215180352767356}, "mean_utility": 10.3798828125}
{"event": "independent_episode_arm_complete", "lifecycle": 54, "arm": "FROZEN", "samples": 0, "parameter_writes": 0, "heldout": {"bias": -4.049655790880408, "mse": 47.12957882230697, "mae": 5.818983612958664}, "mean_utility": 8.6182861328125}
{"event": "independent_episode_arm_complete", "lifecycle": 53, "arm": "FROZEN", "samples": 0, "parameter_writes": 0, "heldout": {"bias": -2.81209711819096, "mse": 41.01464288246115, "mae": 5.212275675405468}, "mean_utility": 8.44586181640625}
{"event": "independent_episode_arm_complete", "lifecycle": 52, "arm": "EPISODE_MEAN_MC", "samples": 104475, "parameter_writes": 1392873, "heldout": {"bias": 2.3259211385045173, "mse": 27.934275088772647, "mae": 5.019858911048379}, "mean_utility": 10.63116455078125}
{"event": "independent_episode_arm_complete", "lifecycle": 55, "arm": "NORMALIZED_SEQUENTIAL_MC", "samples": 104124, "parameter_writes": 3268135, "heldout": {"bias": 1.6413350520642342, "mse": 29.89063474414479, "mae": 4.9297483378527325}, "mean_utility": 8.33929443359375}
{"event": "independent_episode_arm_complete", "lifecycle": 54, "arm": "NORMALIZED_SEQUENTIAL_MC", "samples": 104088, "parameter_writes": 3265135, "heldout": {"bias": -0.3825729700562889, "mse": 28.82507565753187, "mae": 5.028454320785364}, "mean_utility": 11.3555908203125}
{"event": "independent_episode_arm_complete", "lifecycle": 53, "arm": "NORMALIZED_SEQUENTIAL_MC", "samples": 104030, "parameter_writes": 3263837, "heldout": {"bias": 1.5207942274673985, "mse": 35.561960908971756, "mae": 5.580502212570572}, "mean_utility": 10.15338134765625}
{"event": "independent_episode_arm_complete", "lifecycle": 55, "arm": "EPISODE_MEAN_MC", "samples": 104124, "parameter_writes": 1365242, "heldout": {"bias": 1.672337626767184, "mse": 30.00243180864309, "mae": 4.9307142156930235}, "mean_utility": 11.02569580078125}
{"event": "independent_episode_arm_complete", "lifecycle": 54, "arm": "EPISODE_MEAN_MC", "samples": 104088, "parameter_writes": 1379027, "heldout": {"bias": -0.35824434452939113, "mse": 28.814273326648262, "mae": 5.024630435472545}, "mean_utility": 9.489501953125}
{"event": "independent_episode_arm_complete", "lifecycle": 53, "arm": "EPISODE_MEAN_MC", "samples": 104030, "parameter_writes": 1379235, "heldout": {"bias": 1.5330379556502407, "mse": 35.601746944919604, "mae": 5.581490337712397}, "mean_utility": 9.95953369140625}
{"event": "independent_episode_arm_complete", "lifecycle": 56, "arm": "FROZEN", "samples": 0, "parameter_writes": 0, "heldout": {"bias": -1.3816221432560425, "mse": 28.166115282283748, "mae": 4.162174197409377}, "mean_utility": 8.82794189453125}
{"event": "independent_episode_arm_complete", "lifecycle": 56, "arm": "NORMALIZED_SEQUENTIAL_MC", "samples": 104320, "parameter_writes": 3276700, "heldout": {"bias": 2.4538869217990853, "mse": 30.68356227061493, "mae": 5.227718399076373}, "mean_utility": 9.83709716796875}
{"event": "independent_episode_arm_complete", "lifecycle": 59, "arm": "FROZEN", "samples": 0, "parameter_writes": 0, "heldout": {"bias": -4.488947587725464, "mse": 49.661244697772105, "mae": 5.938058233548242}, "mean_utility": 9.41790771484375}
{"event": "independent_episode_arm_complete", "lifecycle": 58, "arm": "FROZEN", "samples": 0, "parameter_writes": 0, "heldout": {"bias": -3.0149772032735354, "mse": 38.72469982245224, "mae": 4.968312489087839}, "mean_utility": 9.6998291015625}
{"event": "independent_episode_arm_complete", "lifecycle": 57, "arm": "FROZEN", "samples": 0, "parameter_writes": 0, "heldout": {"bias": -2.337922809965135, "mse": 37.073464963310926, "mae": 4.917872480026765}, "mean_utility": 10.24578857421875}
{"event": "independent_episode_arm_complete", "lifecycle": 56, "arm": "EPISODE_MEAN_MC", "samples": 104320, "parameter_writes": 1406708, "heldout": {"bias": 2.469545643510678, "mse": 30.774266602859207, "mae": 5.234300874301492}, "mean_utility": 11.6318359375}
{"event": "independent_episode_arm_complete", "lifecycle": 59, "arm": "NORMALIZED_SEQUENTIAL_MC", "samples": 102829, "parameter_writes": 3227041, "heldout": {"bias": -0.39871469342189036, "mse": 25.90675156765844, "mae": 4.763290308521663}, "mean_utility": 8.44525146484375}
{"event": "independent_episode_arm_complete", "lifecycle": 58, "arm": "NORMALIZED_SEQUENTIAL_MC", "samples": 103461, "parameter_writes": 3245521, "heldout": {"bias": 1.9442669441753775, "mse": 29.654581793933293, "mae": 4.95563285822228}, "mean_utility": 12.27862548828125}
{"event": "independent_episode_arm_complete", "lifecycle": 57, "arm": "NORMALIZED_SEQUENTIAL_MC", "samples": 104993, "parameter_writes": 3291192, "heldout": {"bias": 0.7661514998768845, "mse": 30.3792256000643, "mae": 5.180793409442663}, "mean_utility": 10.06097412109375}
{"event": "independent_episode_arm_complete", "lifecycle": 59, "arm": "EPISODE_MEAN_MC", "samples": 102829, "parameter_writes": 1366125, "heldout": {"bias": -0.3846497508813408, "mse": 25.90023994404184, "mae": 4.760312871901449}, "mean_utility": 10.21502685546875}
{"event": "independent_episode_arm_complete", "lifecycle": 58, "arm": "EPISODE_MEAN_MC", "samples": 103461, "parameter_writes": 1377087, "heldout": {"bias": 1.9709263534860713, "mse": 29.76294720581221, "mae": 4.957795767359907}, "mean_utility": 10.9736328125}
{"event": "independent_episode_arm_complete", "lifecycle": 57, "arm": "EPISODE_MEAN_MC", "samples": 104993, "parameter_writes": 1404226, "heldout": {"bias": 0.7734780228669504, "mse": 30.393451131559715, "mae": 5.181346394729942}, "mean_utility": 9.796142578125}
{"event": "independent_episode_arm_complete", "lifecycle": 60, "arm": "FROZEN", "samples": 0, "parameter_writes": 0, "heldout": {"bias": -2.7310839102863715, "mse": 38.341160678745375, "mae": 5.068462005835126}, "mean_utility": 9.96807861328125}
{"event": "independent_episode_arm_complete", "lifecycle": 60, "arm": "NORMALIZED_SEQUENTIAL_MC", "samples": 104890, "parameter_writes": 3294403, "heldout": {"bias": 0.284583238955976, "mse": 28.20779264084242, "mae": 5.045034091544597}, "mean_utility": 10.39617919921875}
{"event": "independent_episode_arm_complete", "lifecycle": 63, "arm": "FROZEN", "samples": 0, "parameter_writes": 0, "heldout": {"bias": -1.2741263851204447, "mse": 29.266395122610774, "mae": 4.190446252298333}, "mean_utility": 9.70843505859375}
{"event": "independent_episode_arm_complete", "lifecycle": 62, "arm": "FROZEN", "samples": 0, "parameter_writes": 0, "heldout": {"bias": -4.381267672707484, "mse": 52.4699098729462, "mae": 6.391722303694246}, "mean_utility": 9.57122802734375}
{"event": "independent_episode_arm_complete", "lifecycle": 61, "arm": "FROZEN", "samples": 0, "parameter_writes": 0, "heldout": {"bias": -3.199277615156212, "mse": 40.83207229684836, "mae": 5.225180241438585}, "mean_utility": 8.63739013671875}
{"event": "independent_episode_arm_complete", "lifecycle": 60, "arm": "EPISODE_MEAN_MC", "samples": 104890, "parameter_writes": 1401619, "heldout": {"bias": 0.2813305437741625, "mse": 28.218233716776453, "mae": 5.045006166721271}, "mean_utility": 10.5753173828125}
{"event": "independent_episode_arm_complete", "lifecycle": 63, "arm": "NORMALIZED_SEQUENTIAL_MC", "samples": 104690, "parameter_writes": 3286073, "heldout": {"bias": 2.5202761828877125, "mse": 31.59661406304136, "mae": 5.341442249878527}, "mean_utility": 10.25848388671875}
{"event": "independent_episode_arm_complete", "lifecycle": 62, "arm": "NORMALIZED_SEQUENTIAL_MC", "samples": 105411, "parameter_writes": 3308155, "heldout": {"bias": -0.45796818587467114, "mse": 34.03882062074832, "mae": 5.444462954812508}, "mean_utility": 8.724609375}
{"event": "independent_episode_arm_complete", "lifecycle": 61, "arm": "NORMALIZED_SEQUENTIAL_MC", "samples": 103958, "parameter_writes": 3259267, "heldout": {"bias": 0.9839168347757247, "mse": 28.79565637394981, "mae": 4.982156901226255}, "mean_utility": 9.0975341796875}
{"event": "independent_episode_arm_complete", "lifecycle": 63, "arm": "EPISODE_MEAN_MC", "samples": 104690, "parameter_writes": 1379179, "heldout": {"bias": 2.526594277368311, "mse": 31.632023839326763, "mae": 5.343635699573301}, "mean_utility": 10.20684814453125}
{"event": "independent_episode_arm_complete", "lifecycle": 62, "arm": "EPISODE_MEAN_MC", "samples": 105411, "parameter_writes": 1394921, "heldout": {"bias": -0.44112998379088075, "mse": 34.033503710299996, "mae": 5.439579117548347}, "mean_utility": 10.16571044921875}
{"event": "independent_episode_arm_complete", "lifecycle": 61, "arm": "EPISODE_MEAN_MC", "samples": 103958, "parameter_writes": 1375887, "heldout": {"bias": 1.0033087746721916, "mse": 28.83168507182596, "mae": 4.9815490502490505}, "mean_utility": 11.8504638671875}
{"event": "independent_episode_complete", "status": "EXPERIMENT_COMPLETE", "independent_learning_confirmed": true, "utility_primary": {"mean": 1.211014747619629, "ci95": [0.8882911920547485, 1.5296576738357544], "lifecycle_deltas": {"0": 0.706298828125, "1": 2.6051025390625, "2": 3.2060546875, "3": -2.77874755859375, "4": 1.28643798828125, "5": 0.41778564453125, "6": 1.61737060546875, "7": 1.47344970703125, "8": 3.47467041015625, "9": 1.92083740234375, "10": 0.62542724609375, "11": -0.323974609375, "12": 0.94000244140625, "13": 0.8309326171875, "14": 0.89166259765625, "15": 1.932861328125, "16": 2.9620361328125, "17": -0.212158203125, "18": 3.58355712890625, "19": 3.02008056640625, "20": 2.279052734375, "21": 1.5714111328125, "22": 0.61859130859375, "23": -0.16094970703125, "24": -0.95672607421875, "25": 2.36993408203125, "26": 1.543212890625, "27": 0.1123046875, "28": 2.30755615234375, "29": 1.49371337890625, "30": 1.13427734375, "31": 1.8604736328125, "32": 0.87109375, "33": 1.45684814453125, "34": 1.2861328125, "35": 3.1319580078125, "36": 0.45318603515625, "37": 2.51953125, "38": 3.081787109375, "39": -2.93157958984375, "40": 0.67608642578125, "41": 2.72027587890625, "42": 0.35064697265625, "43": -0.21380615234375, "44": 3.68072509765625, "45": 0.9913330078125, "46": 0.0321044921875, "47": 0.65753173828125, "48": 0.6573486328125, "49": -0.5374755859375, "50": 0.6904296875, "51": 2.20623779296875, "52": 1.0029296875, "53": 1.513671875, "54": 0.8712158203125, "55": 0.64581298828125, "56": 2.80389404296875, "57": -0.44964599609375, "58": 1.2738037109375, "59": 0.797119140625, "60": 0.60723876953125, "61": 3.21307373046875, "62": 0.594482421875, "63": 0.4984130859375}, "parent_mean_deltas": {"0": 1.4844894409179688, "1": 1.4015731811523438, "2": 1.3375473022460938, "3": 0.6204490661621094}, "interval_scope": "CONDITIONAL_ON_FOUR_FROZEN_PARENTS", "improved_equal_worse": [55, 0, 9], "adverse_lifecycles": [3, 11, 17, 23, 24, 39, 43, 49, 57]}, "mse_primary": {"mean": -11.399871488352174, "ci95": [-13.282329816783417, -9.444624889302348], "lifecycle_deltas": {"0": -1.7421673065195158, "1": -20.414040204444152, "2": -8.61672547457669, "3": -24.261078729834296, "4": -19.192023040727776, "5": 0.8974480834731438, "6": -12.323747154973535, "7": -8.18791987324548, "8": -15.527400962343826, "9": -15.503566703435212, "10": -15.809384372022265, "11": -3.5570175214080137, "12": -30.425994027197447, "13": -21.129488588776454, "14": -8.399599710252339, "15": -19.125841039049273, "16": -7.569622129773361, "17": -4.5909860903054565, "18": -14.827120415381103, "19": -19.97695618559105, "20": -14.36604798935452, "21": -21.95550251241208, "22": 8.184690597168736, "23": 3.0036864820824363, "24": -11.988032291147096, "25": -21.028616808435697, "26": 1.150775503424022, "27": -16.19437739246013, "28": -16.017606971095336, "29": -15.720157745159312, "30": -7.605387577631625, "31": -2.6556373649364566, "32": -7.6931256194033395, "33": -19.975173295577882, "34": -7.894679973000077, "35": -12.562845181783398, "36": -20.273980298332276, "37": -3.3969565581437386, "38": -14.361736496895325, "39": -17.510028637087572, "40": -12.02424337470189, "41": -12.396715856687571, "42": -11.981846240974875, "43": -11.019762552818886, "44": -13.97027645658764, "45": -7.172231578112722, "46": -21.459545667531568, "47": -18.132517293940012, "48": 1.2636207687133805, "49": -5.556613262510588, "50": -12.928279496514303, "51": -7.10973373512406, "52": 2.15810707784388, "53": -5.412895937541549, "54": -18.3153054956587, "55": -11.400853061359665, "56": 2.6081513205754625, "57": -6.680013831751204, "58": -8.961752616640013, "59": -23.761004753730283, "60": -10.122926961968922, "61": -12.000387225022394, "62": -18.436406162646207, "63": 2.365628716715989}, "positive_equal_negative": [8, 0, 56], "parent_mean_deltas": {"0": -10.930223016376264, "1": -12.002243632177679, "2": -10.786628172131616, "3": -11.880391132723135}, "interval_scope": "CONDITIONAL_ON_FOUR_FROZEN_PARENTS", "improved_equal_worse": [56, 0, 8], "adverse_lifecycles": [5, 22, 23, 26, 48, 52, 56, 63]}}
