{"case": "v6_crossing_rescue_pair_0", "completed_closures": 1, "status": "CLOSURE_COMPLETE", "total": 16}
{"case": "v6_crossing_rescue_pair_1", "completed_closures": 2, "status": "CLOSURE_COMPLETE", "total": 16}
{"case": "v6_crossing_rescue_pair_2", "completed_closures": 3, "status": "CLOSURE_COMPLETE", "total": 16}
{"case": "v6_crossing_rescue_pair_3", "completed_closures": 4, "status": "CLOSURE_COMPLETE", "total": 16}
{"case": "v6_spawn_edge_rescue_0", "completed_closures": 5, "status": "CLOSURE_COMPLETE", "total": 16}
{"case": "v6_spawn_edge_rescue_1", "completed_closures": 6, "status": "CLOSURE_COMPLETE", "total": 16}
{"case": "v6_spawn_edge_rescue_2", "completed_closures": 7, "status": "CLOSURE_COMPLETE", "total": 16}
{"case": "v6_spawn_edge_rescue_3", "completed_closures": 8, "status": "CLOSURE_COMPLETE", "total": 16}
{"case": "v6_crossed_vacancy_goal_detour_0", "completed_closures": 9, "status": "CLOSURE_COMPLETE", "total": 16}
{"case": "v6_crossed_vacancy_goal_detour_1", "completed_closures": 10, "status": "CLOSURE_COMPLETE", "total": 16}
{"case": "v6_crossed_vacancy_goal_detour_2", "completed_closures": 11, "status": "CLOSURE_COMPLETE", "total": 16}
{"case": "v6_crossed_vacancy_goal_detour_3", "completed_closures": 12, "status": "CLOSURE_COMPLETE", "total": 16}
{"case": "v6_control_last_pair_spawn_risk", "completed_closures": 13, "status": "CLOSURE_COMPLETE", "total": 16}
{"case": "v6_control_dense_merge_choice", "completed_closures": 14, "status": "CLOSURE_COMPLETE", "total": 16}
{"case": "v6_control_adjacent_1024_goal", "completed_closures": 15, "status": "CLOSURE_COMPLETE", "total": 16}
{"case": "exposed_left_successor_7", "completed_closures": 16, "status": "CLOSURE_COMPLETE", "total": 16}
{"sample_seed": 832101, "scenario": "PRIMARY_V7_SPLIT", "source_case_names": ["v6_crossing_rescue_pair_0", "v6_spawn_edge_rescue_0", "v6_crossed_vacancy_goal_detour_0"], "source_constraint_fit_satisfied": true, "status": "SOURCE_ENCODER_FROZEN"}
{"sample_seed": 832101, "scenario": "LOFO_crossing_rescue_pair", "source_case_names": ["v6_spawn_edge_rescue_0", "v6_crossed_vacancy_goal_detour_0"], "source_constraint_fit_satisfied": true, "status": "SOURCE_ENCODER_FROZEN"}
{"sample_seed": 832101, "scenario": "LOFO_spawn_edge_rescue", "source_case_names": ["v6_crossing_rescue_pair_0", "v6_crossed_vacancy_goal_detour_0"], "source_constraint_fit_satisfied": true, "status": "SOURCE_ENCODER_FROZEN"}
{"sample_seed": 832101, "scenario": "LOFO_crossed_vacancy_goal_detour", "source_case_names": ["v6_crossing_rescue_pair_0", "v6_spawn_edge_rescue_0"], "source_constraint_fit_satisfied": true, "status": "SOURCE_ENCODER_FROZEN"}
{"active_states": 162, "adapted_active_cells": 48, "adapted_target_constraints_satisfied": true, "case": "v6_crossing_rescue_pair_0", "sample_seed": 832101, "scenario": "PRIMARY_V7_SPLIT", "status": "SAMPLE_COMPLETE"}
{"active_states": 144, "adapted_active_cells": 71, "adapted_target_constraints_satisfied": true, "case": "v6_crossing_rescue_pair_1", "sample_seed": 832101, "scenario": "PRIMARY_V7_SPLIT", "status": "SAMPLE_COMPLETE"}
{"active_states": 173, "adapted_active_cells": 51, "adapted_target_constraints_satisfied": true, "case": "v6_crossing_rescue_pair_2", "sample_seed": 832101, "scenario": "PRIMARY_V7_SPLIT", "status": "SAMPLE_COMPLETE"}
{"active_states": 93, "adapted_active_cells": 78, "adapted_target_constraints_satisfied": false, "case": "v6_crossing_rescue_pair_3", "sample_seed": 832101, "scenario": "PRIMARY_V7_SPLIT", "status": "SAMPLE_COMPLETE"}
{"active_states": 8, "adapted_active_cells": 5, "adapted_target_constraints_satisfied": true, "case": "v6_spawn_edge_rescue_0", "sample_seed": 832101, "scenario": "PRIMARY_V7_SPLIT", "status": "SAMPLE_COMPLETE"}
{"active_states": 6, "adapted_active_cells": 6, "adapted_target_constraints_satisfied": true, "case": "v6_spawn_edge_rescue_1", "sample_seed": 832101, "scenario": "PRIMARY_V7_SPLIT", "status": "SAMPLE_COMPLETE"}
{"active_states": 6, "adapted_active_cells": 5, "adapted_target_constraints_satisfied": true, "case": "v6_spawn_edge_rescue_2", "sample_seed": 832101, "scenario": "PRIMARY_V7_SPLIT", "status": "SAMPLE_COMPLETE"}
{"active_states": 10, "adapted_active_cells": 9, "adapted_target_constraints_satisfied": true, "case": "v6_spawn_edge_rescue_3", "sample_seed": 832101, "scenario": "PRIMARY_V7_SPLIT", "status": "SAMPLE_COMPLETE"}
{"active_states": 93, "adapted_active_cells": 60, "adapted_target_constraints_satisfied": true, "case": "v6_crossed_vacancy_goal_detour_0", "sample_seed": 832101, "scenario": "PRIMARY_V7_SPLIT", "status": "SAMPLE_COMPLETE"}
{"active_states": 109, "adapted_active_cells": 60, "adapted_target_constraints_satisfied": true, "case": "v6_crossed_vacancy_goal_detour_1", "sample_seed": 832101, "scenario": "PRIMARY_V7_SPLIT", "status": "SAMPLE_COMPLETE"}
{"active_states": 105, "adapted_active_cells": 48, "adapted_target_constraints_satisfied": true, "case": "v6_crossed_vacancy_goal_detour_2", "sample_seed": 832101, "scenario": "PRIMARY_V7_SPLIT", "status": "SAMPLE_COMPLETE"}
{"active_states": 61, "adapted_active_cells": 46, "adapted_target_constraints_satisfied": true, "case": "v6_crossed_vacancy_goal_detour_3", "sample_seed": 832101, "scenario": "PRIMARY_V7_SPLIT", "status": "SAMPLE_COMPLETE"}
{"active_states": 6, "adapted_active_cells": 3, "adapted_target_constraints_satisfied": true, "case": "v6_control_last_pair_spawn_risk", "sample_seed": 832101, "scenario": "PRIMARY_V7_SPLIT", "status": "SAMPLE_COMPLETE"}
{"active_states": 202, "adapted_active_cells": 85, "adapted_target_constraints_satisfied": true, "case": "v6_control_dense_merge_choice", "sample_seed": 832101, "scenario": "PRIMARY_V7_SPLIT", "status": "SAMPLE_COMPLETE"}
{"active_states": 3, "adapted_active_cells": 2, "adapted_target_constraints_satisfied": true, "case": "v6_control_adjacent_1024_goal", "sample_seed": 832101, "scenario": "PRIMARY_V7_SPLIT", "status": "SAMPLE_COMPLETE"}
{"active_states": 13, "adapted_active_cells": 12, "adapted_target_constraints_satisfied": true, "case": "exposed_left_successor_7", "sample_seed": 832101, "scenario": "PRIMARY_V7_SPLIT", "status": "SAMPLE_COMPLETE"}
{"active_states": 8, "adapted_active_cells": 5, "adapted_target_constraints_satisfied": true, "case": "v6_spawn_edge_rescue_0", "sample_seed": 832101, "scenario": "LOFO_crossing_rescue_pair", "status": "SAMPLE_COMPLETE"}
{"active_states": 93, "adapted_active_cells": 60, "adapted_target_constraints_satisfied": true, "case": "v6_crossed_vacancy_goal_detour_0", "sample_seed": 832101, "scenario": "LOFO_crossing_rescue_pair", "status": "SAMPLE_COMPLETE"}
{"active_states": 162, "adapted_active_cells": 49, "adapted_target_constraints_satisfied": true, "case": "v6_crossing_rescue_pair_0", "sample_seed": 832101, "scenario": "LOFO_crossing_rescue_pair", "status": "SAMPLE_COMPLETE"}
{"active_states": 144, "adapted_active_cells": 75, "adapted_target_constraints_satisfied": true, "case": "v6_crossing_rescue_pair_1", "sample_seed": 832101, "scenario": "LOFO_crossing_rescue_pair", "status": "SAMPLE_COMPLETE"}
{"active_states": 173, "adapted_active_cells": 49, "adapted_target_constraints_satisfied": true, "case": "v6_crossing_rescue_pair_2", "sample_seed": 832101, "scenario": "LOFO_crossing_rescue_pair", "status": "SAMPLE_COMPLETE"}
{"active_states": 93, "adapted_active_cells": 79, "adapted_target_constraints_satisfied": false, "case": "v6_crossing_rescue_pair_3", "sample_seed": 832101, "scenario": "LOFO_crossing_rescue_pair", "status": "SAMPLE_COMPLETE"}
{"active_states": 162, "adapted_active_cells": 48, "adapted_target_constraints_satisfied": true, "case": "v6_crossing_rescue_pair_0", "sample_seed": 832101, "scenario": "LOFO_spawn_edge_rescue", "status": "SAMPLE_COMPLETE"}
{"active_states": 93, "adapted_active_cells": 60, "adapted_target_constraints_satisfied": true, "case": "v6_crossed_vacancy_goal_detour_0", "sample_seed": 832101, "scenario": "LOFO_spawn_edge_rescue", "status": "SAMPLE_COMPLETE"}
{"active_states": 8, "adapted_active_cells": 6, "adapted_target_constraints_satisfied": true, "case": "v6_spawn_edge_rescue_0", "sample_seed": 832101, "scenario": "LOFO_spawn_edge_rescue", "status": "SAMPLE_COMPLETE"}
{"active_states": 6, "adapted_active_cells": 6, "adapted_target_constraints_satisfied": true, "case": "v6_spawn_edge_rescue_1", "sample_seed": 832101, "scenario": "LOFO_spawn_edge_rescue", "status": "SAMPLE_COMPLETE"}
{"active_states": 6, "adapted_active_cells": 5, "adapted_target_constraints_satisfied": true, "case": "v6_spawn_edge_rescue_2", "sample_seed": 832101, "scenario": "LOFO_spawn_edge_rescue", "status": "SAMPLE_COMPLETE"}
{"active_states": 10, "adapted_active_cells": 9, "adapted_target_constraints_satisfied": true, "case": "v6_spawn_edge_rescue_3", "sample_seed": 832101, "scenario": "LOFO_spawn_edge_rescue", "status": "SAMPLE_COMPLETE"}
{"active_states": 162, "adapted_active_cells": 48, "adapted_target_constraints_satisfied": true, "case": "v6_crossing_rescue_pair_0", "sample_seed": 832101, "scenario": "LOFO_crossed_vacancy_goal_detour", "status": "SAMPLE_COMPLETE"}
{"active_states": 8, "adapted_active_cells": 5, "adapted_target_constraints_satisfied": true, "case": "v6_spawn_edge_rescue_0", "sample_seed": 832101, "scenario": "LOFO_crossed_vacancy_goal_detour", "status": "SAMPLE_COMPLETE"}
{"active_states": 93, "adapted_active_cells": 61, "adapted_target_constraints_satisfied": true, "case": "v6_crossed_vacancy_goal_detour_0", "sample_seed": 832101, "scenario": "LOFO_crossed_vacancy_goal_detour", "status": "SAMPLE_COMPLETE"}
{"active_states": 109, "adapted_active_cells": 59, "adapted_target_constraints_satisfied": true, "case": "v6_crossed_vacancy_goal_detour_1", "sample_seed": 832101, "scenario": "LOFO_crossed_vacancy_goal_detour", "status": "SAMPLE_COMPLETE"}
{"active_states": 105, "adapted_active_cells": 46, "adapted_target_constraints_satisfied": true, "case": "v6_crossed_vacancy_goal_detour_2", "sample_seed": 832101, "scenario": "LOFO_crossed_vacancy_goal_detour", "status": "SAMPLE_COMPLETE"}
{"active_states": 61, "adapted_active_cells": 43, "adapted_target_constraints_satisfied": true, "case": "v6_crossed_vacancy_goal_detour_3", "sample_seed": 832101, "scenario": "LOFO_crossed_vacancy_goal_detour", "status": "SAMPLE_COMPLETE"}
{"sample_seed": 832102, "scenario": "PRIMARY_V7_SPLIT", "source_case_names": ["v6_crossing_rescue_pair_0", "v6_spawn_edge_rescue_0", "v6_crossed_vacancy_goal_detour_0"], "source_constraint_fit_satisfied": true, "status": "SOURCE_ENCODER_FROZEN"}
{"sample_seed": 832102, "scenario": "LOFO_crossing_rescue_pair", "source_case_names": ["v6_spawn_edge_rescue_0", "v6_crossed_vacancy_goal_detour_0"], "source_constraint_fit_satisfied": true, "status": "SOURCE_ENCODER_FROZEN"}
{"sample_seed": 832102, "scenario": "LOFO_spawn_edge_rescue", "source_case_names": ["v6_crossing_rescue_pair_0", "v6_crossed_vacancy_goal_detour_0"], "source_constraint_fit_satisfied": true, "status": "SOURCE_ENCODER_FROZEN"}
{"sample_seed": 832102, "scenario": "LOFO_crossed_vacancy_goal_detour", "source_case_names": ["v6_crossing_rescue_pair_0", "v6_spawn_edge_rescue_0"], "source_constraint_fit_satisfied": true, "status": "SOURCE_ENCODER_FROZEN"}
{"active_states": 162, "adapted_active_cells": 48, "adapted_target_constraints_satisfied": true, "case": "v6_crossing_rescue_pair_0", "sample_seed": 832102, "scenario": "PRIMARY_V7_SPLIT", "status": "SAMPLE_COMPLETE"}
{"active_states": 144, "adapted_active_cells": 70, "adapted_target_constraints_satisfied": true, "case": "v6_crossing_rescue_pair_1", "sample_seed": 832102, "scenario": "PRIMARY_V7_SPLIT", "status": "SAMPLE_COMPLETE"}
{"active_states": 173, "adapted_active_cells": 50, "adapted_target_constraints_satisfied": true, "case": "v6_crossing_rescue_pair_2", "sample_seed": 832102, "scenario": "PRIMARY_V7_SPLIT", "status": "SAMPLE_COMPLETE"}
{"active_states": 93, "adapted_active_cells": 76, "adapted_target_constraints_satisfied": false, "case": "v6_crossing_rescue_pair_3", "sample_seed": 832102, "scenario": "PRIMARY_V7_SPLIT", "status": "SAMPLE_COMPLETE"}
{"active_states": 8, "adapted_active_cells": 5, "adapted_target_constraints_satisfied": true, "case": "v6_spawn_edge_rescue_0", "sample_seed": 832102, "scenario": "PRIMARY_V7_SPLIT", "status": "SAMPLE_COMPLETE"}
{"active_states": 6, "adapted_active_cells": 6, "adapted_target_constraints_satisfied": true, "case": "v6_spawn_edge_rescue_1", "sample_seed": 832102, "scenario": "PRIMARY_V7_SPLIT", "status": "SAMPLE_COMPLETE"}
{"active_states": 6, "adapted_active_cells": 5, "adapted_target_constraints_satisfied": true, "case": "v6_spawn_edge_rescue_2", "sample_seed": 832102, "scenario": "PRIMARY_V7_SPLIT", "status": "SAMPLE_COMPLETE"}
{"active_states": 10, "adapted_active_cells": 9, "adapted_target_constraints_satisfied": true, "case": "v6_spawn_edge_rescue_3", "sample_seed": 832102, "scenario": "PRIMARY_V7_SPLIT", "status": "SAMPLE_COMPLETE"}
{"active_states": 93, "adapted_active_cells": 59, "adapted_target_constraints_satisfied": true, "case": "v6_crossed_vacancy_goal_detour_0", "sample_seed": 832102, "scenario": "PRIMARY_V7_SPLIT", "status": "SAMPLE_COMPLETE"}
{"active_states": 109, "adapted_active_cells": 60, "adapted_target_constraints_satisfied": true, "case": "v6_crossed_vacancy_goal_detour_1", "sample_seed": 832102, "scenario": "PRIMARY_V7_SPLIT", "status": "SAMPLE_COMPLETE"}
{"active_states": 105, "adapted_active_cells": 48, "adapted_target_constraints_satisfied": true, "case": "v6_crossed_vacancy_goal_detour_2", "sample_seed": 832102, "scenario": "PRIMARY_V7_SPLIT", "status": "SAMPLE_COMPLETE"}
{"active_states": 61, "adapted_active_cells": 44, "adapted_target_constraints_satisfied": true, "case": "v6_crossed_vacancy_goal_detour_3", "sample_seed": 832102, "scenario": "PRIMARY_V7_SPLIT", "status": "SAMPLE_COMPLETE"}
{"active_states": 6, "adapted_active_cells": 3, "adapted_target_constraints_satisfied": true, "case": "v6_control_last_pair_spawn_risk", "sample_seed": 832102, "scenario": "PRIMARY_V7_SPLIT", "status": "SAMPLE_COMPLETE"}
{"active_states": 202, "adapted_active_cells": 85, "adapted_target_constraints_satisfied": true, "case": "v6_control_dense_merge_choice", "sample_seed": 832102, "scenario": "PRIMARY_V7_SPLIT", "status": "SAMPLE_COMPLETE"}
{"active_states": 3, "adapted_active_cells": 2, "adapted_target_constraints_satisfied": true, "case": "v6_control_adjacent_1024_goal", "sample_seed": 832102, "scenario": "PRIMARY_V7_SPLIT", "status": "SAMPLE_COMPLETE"}
{"active_states": 13, "adapted_active_cells": 12, "adapted_target_constraints_satisfied": true, "case": "exposed_left_successor_7", "sample_seed": 832102, "scenario": "PRIMARY_V7_SPLIT", "status": "SAMPLE_COMPLETE"}
{"active_states": 8, "adapted_active_cells": 5, "adapted_target_constraints_satisfied": true, "case": "v6_spawn_edge_rescue_0", "sample_seed": 832102, "scenario": "LOFO_crossing_rescue_pair", "status": "SAMPLE_COMPLETE"}
{"active_states": 93, "adapted_active_cells": 59, "adapted_target_constraints_satisfied": true, "case": "v6_crossed_vacancy_goal_detour_0", "sample_seed": 832102, "scenario": "LOFO_crossing_rescue_pair", "status": "SAMPLE_COMPLETE"}
{"active_states": 162, "adapted_active_cells": 49, "adapted_target_constraints_satisfied": true, "case": "v6_crossing_rescue_pair_0", "sample_seed": 832102, "scenario": "LOFO_crossing_rescue_pair", "status": "SAMPLE_COMPLETE"}
{"active_states": 144, "adapted_active_cells": 74, "adapted_target_constraints_satisfied": true, "case": "v6_crossing_rescue_pair_1", "sample_seed": 832102, "scenario": "LOFO_crossing_rescue_pair", "status": "SAMPLE_COMPLETE"}
{"active_states": 173, "adapted_active_cells": 48, "adapted_target_constraints_satisfied": true, "case": "v6_crossing_rescue_pair_2", "sample_seed": 832102, "scenario": "LOFO_crossing_rescue_pair", "status": "SAMPLE_COMPLETE"}
{"active_states": 93, "adapted_active_cells": 77, "adapted_target_constraints_satisfied": false, "case": "v6_crossing_rescue_pair_3", "sample_seed": 832102, "scenario": "LOFO_crossing_rescue_pair", "status": "SAMPLE_COMPLETE"}
{"active_states": 162, "adapted_active_cells": 48, "adapted_target_constraints_satisfied": true, "case": "v6_crossing_rescue_pair_0", "sample_seed": 832102, "scenario": "LOFO_spawn_edge_rescue", "status": "SAMPLE_COMPLETE"}
{"active_states": 93, "adapted_active_cells": 59, "adapted_target_constraints_satisfied": true, "case": "v6_crossed_vacancy_goal_detour_0", "sample_seed": 832102, "scenario": "LOFO_spawn_edge_rescue", "status": "SAMPLE_COMPLETE"}
{"active_states": 8, "adapted_active_cells": 6, "adapted_target_constraints_satisfied": true, "case": "v6_spawn_edge_rescue_0", "sample_seed": 832102, "scenario": "LOFO_spawn_edge_rescue", "status": "SAMPLE_COMPLETE"}
{"active_states": 6, "adapted_active_cells": 6, "adapted_target_constraints_satisfied": true, "case": "v6_spawn_edge_rescue_1", "sample_seed": 832102, "scenario": "LOFO_spawn_edge_rescue", "status": "SAMPLE_COMPLETE"}
{"active_states": 6, "adapted_active_cells": 5, "adapted_target_constraints_satisfied": true, "case": "v6_spawn_edge_rescue_2", "sample_seed": 832102, "scenario": "LOFO_spawn_edge_rescue", "status": "SAMPLE_COMPLETE"}
{"active_states": 10, "adapted_active_cells": 9, "adapted_target_constraints_satisfied": true, "case": "v6_spawn_edge_rescue_3", "sample_seed": 832102, "scenario": "LOFO_spawn_edge_rescue", "status": "SAMPLE_COMPLETE"}
{"active_states": 162, "adapted_active_cells": 48, "adapted_target_constraints_satisfied": true, "case": "v6_crossing_rescue_pair_0", "sample_seed": 832102, "scenario": "LOFO_crossed_vacancy_goal_detour", "status": "SAMPLE_COMPLETE"}
{"active_states": 8, "adapted_active_cells": 5, "adapted_target_constraints_satisfied": true, "case": "v6_spawn_edge_rescue_0", "sample_seed": 832102, "scenario": "LOFO_crossed_vacancy_goal_detour", "status": "SAMPLE_COMPLETE"}
{"active_states": 93, "adapted_active_cells": 60, "adapted_target_constraints_satisfied": true, "case": "v6_crossed_vacancy_goal_detour_0", "sample_seed": 832102, "scenario": "LOFO_crossed_vacancy_goal_detour", "status": "SAMPLE_COMPLETE"}
{"active_states": 109, "adapted_active_cells": 59, "adapted_target_constraints_satisfied": true, "case": "v6_crossed_vacancy_goal_detour_1", "sample_seed": 832102, "scenario": "LOFO_crossed_vacancy_goal_detour", "status": "SAMPLE_COMPLETE"}
{"active_states": 105, "adapted_active_cells": 46, "adapted_target_constraints_satisfied": true, "case": "v6_crossed_vacancy_goal_detour_2", "sample_seed": 832102, "scenario": "LOFO_crossed_vacancy_goal_detour", "status": "SAMPLE_COMPLETE"}
{"active_states": 61, "adapted_active_cells": 42, "adapted_target_constraints_satisfied": true, "case": "v6_crossed_vacancy_goal_detour_3", "sample_seed": 832102, "scenario": "LOFO_crossed_vacancy_goal_detour", "status": "SAMPLE_COMPLETE"}
{"sample_seed": 832103, "scenario": "PRIMARY_V7_SPLIT", "source_case_names": ["v6_crossing_rescue_pair_0", "v6_spawn_edge_rescue_0", "v6_crossed_vacancy_goal_detour_0"], "source_constraint_fit_satisfied": true, "status": "SOURCE_ENCODER_FROZEN"}
{"sample_seed": 832103, "scenario": "LOFO_crossing_rescue_pair", "source_case_names": ["v6_spawn_edge_rescue_0", "v6_crossed_vacancy_goal_detour_0"], "source_constraint_fit_satisfied": true, "status": "SOURCE_ENCODER_FROZEN"}
{"sample_seed": 832103, "scenario": "LOFO_spawn_edge_rescue", "source_case_names": ["v6_crossing_rescue_pair_0", "v6_crossed_vacancy_goal_detour_0"], "source_constraint_fit_satisfied": true, "status": "SOURCE_ENCODER_FROZEN"}
{"sample_seed": 832103, "scenario": "LOFO_crossed_vacancy_goal_detour", "source_case_names": ["v6_crossing_rescue_pair_0", "v6_spawn_edge_rescue_0"], "source_constraint_fit_satisfied": true, "status": "SOURCE_ENCODER_FROZEN"}
{"active_states": 162, "adapted_active_cells": 48, "adapted_target_constraints_satisfied": true, "case": "v6_crossing_rescue_pair_0", "sample_seed": 832103, "scenario": "PRIMARY_V7_SPLIT", "status": "SAMPLE_COMPLETE"}
{"active_states": 144, "adapted_active_cells": 69, "adapted_target_constraints_satisfied": true, "case": "v6_crossing_rescue_pair_1", "sample_seed": 832103, "scenario": "PRIMARY_V7_SPLIT", "status": "SAMPLE_COMPLETE"}
{"active_states": 173, "adapted_active_cells": 51, "adapted_target_constraints_satisfied": true, "case": "v6_crossing_rescue_pair_2", "sample_seed": 832103, "scenario": "PRIMARY_V7_SPLIT", "status": "SAMPLE_COMPLETE"}
{"active_states": 93, "adapted_active_cells": 77, "adapted_target_constraints_satisfied": false, "case": "v6_crossing_rescue_pair_3", "sample_seed": 832103, "scenario": "PRIMARY_V7_SPLIT", "status": "SAMPLE_COMPLETE"}
{"active_states": 8, "adapted_active_cells": 5, "adapted_target_constraints_satisfied": true, "case": "v6_spawn_edge_rescue_0", "sample_seed": 832103, "scenario": "PRIMARY_V7_SPLIT", "status": "SAMPLE_COMPLETE"}
{"active_states": 6, "adapted_active_cells": 6, "adapted_target_constraints_satisfied": true, "case": "v6_spawn_edge_rescue_1", "sample_seed": 832103, "scenario": "PRIMARY_V7_SPLIT", "status": "SAMPLE_COMPLETE"}
{"active_states": 6, "adapted_active_cells": 5, "adapted_target_constraints_satisfied": true, "case": "v6_spawn_edge_rescue_2", "sample_seed": 832103, "scenario": "PRIMARY_V7_SPLIT", "status": "SAMPLE_COMPLETE"}
{"active_states": 10, "adapted_active_cells": 9, "adapted_target_constraints_satisfied": true, "case": "v6_spawn_edge_rescue_3", "sample_seed": 832103, "scenario": "PRIMARY_V7_SPLIT", "status": "SAMPLE_COMPLETE"}
{"active_states": 93, "adapted_active_cells": 60, "adapted_target_constraints_satisfied": true, "case": "v6_crossed_vacancy_goal_detour_0", "sample_seed": 832103, "scenario": "PRIMARY_V7_SPLIT", "status": "SAMPLE_COMPLETE"}
{"active_states": 109, "adapted_active_cells": 60, "adapted_target_constraints_satisfied": true, "case": "v6_crossed_vacancy_goal_detour_1", "sample_seed": 832103, "scenario": "PRIMARY_V7_SPLIT", "status": "SAMPLE_COMPLETE"}
{"active_states": 105, "adapted_active_cells": 48, "adapted_target_constraints_satisfied": true, "case": "v6_crossed_vacancy_goal_detour_2", "sample_seed": 832103, "scenario": "PRIMARY_V7_SPLIT", "status": "SAMPLE_COMPLETE"}
{"active_states": 61, "adapted_active_cells": 46, "adapted_target_constraints_satisfied": true, "case": "v6_crossed_vacancy_goal_detour_3", "sample_seed": 832103, "scenario": "PRIMARY_V7_SPLIT", "status": "SAMPLE_COMPLETE"}
{"active_states": 6, "adapted_active_cells": 3, "adapted_target_constraints_satisfied": true, "case": "v6_control_last_pair_spawn_risk", "sample_seed": 832103, "scenario": "PRIMARY_V7_SPLIT", "status": "SAMPLE_COMPLETE"}
{"active_states": 202, "adapted_active_cells": 86, "adapted_target_constraints_satisfied": true, "case": "v6_control_dense_merge_choice", "sample_seed": 832103, "scenario": "PRIMARY_V7_SPLIT", "status": "SAMPLE_COMPLETE"}
{"active_states": 3, "adapted_active_cells": 2, "adapted_target_constraints_satisfied": true, "case": "v6_control_adjacent_1024_goal", "sample_seed": 832103, "scenario": "PRIMARY_V7_SPLIT", "status": "SAMPLE_COMPLETE"}
{"active_states": 13, "adapted_active_cells": 12, "adapted_target_constraints_satisfied": true, "case": "exposed_left_successor_7", "sample_seed": 832103, "scenario": "PRIMARY_V7_SPLIT", "status": "SAMPLE_COMPLETE"}
{"active_states": 8, "adapted_active_cells": 5, "adapted_target_constraints_satisfied": true, "case": "v6_spawn_edge_rescue_0", "sample_seed": 832103, "scenario": "LOFO_crossing_rescue_pair", "status": "SAMPLE_COMPLETE"}
{"active_states": 93, "adapted_active_cells": 60, "adapted_target_constraints_satisfied": true, "case": "v6_crossed_vacancy_goal_detour_0", "sample_seed": 832103, "scenario": "LOFO_crossing_rescue_pair", "status": "SAMPLE_COMPLETE"}
{"active_states": 162, "adapted_active_cells": 49, "adapted_target_constraints_satisfied": true, "case": "v6_crossing_rescue_pair_0", "sample_seed": 832103, "scenario": "LOFO_crossing_rescue_pair", "status": "SAMPLE_COMPLETE"}
{"active_states": 144, "adapted_active_cells": 73, "adapted_target_constraints_satisfied": true, "case": "v6_crossing_rescue_pair_1", "sample_seed": 832103, "scenario": "LOFO_crossing_rescue_pair", "status": "SAMPLE_COMPLETE"}
{"active_states": 173, "adapted_active_cells": 49, "adapted_target_constraints_satisfied": true, "case": "v6_crossing_rescue_pair_2", "sample_seed": 832103, "scenario": "LOFO_crossing_rescue_pair", "status": "SAMPLE_COMPLETE"}
{"active_states": 93, "adapted_active_cells": 78, "adapted_target_constraints_satisfied": false, "case": "v6_crossing_rescue_pair_3", "sample_seed": 832103, "scenario": "LOFO_crossing_rescue_pair", "status": "SAMPLE_COMPLETE"}
{"active_states": 162, "adapted_active_cells": 48, "adapted_target_constraints_satisfied": true, "case": "v6_crossing_rescue_pair_0", "sample_seed": 832103, "scenario": "LOFO_spawn_edge_rescue", "status": "SAMPLE_COMPLETE"}
{"active_states": 93, "adapted_active_cells": 60, "adapted_target_constraints_satisfied": true, "case": "v6_crossed_vacancy_goal_detour_0", "sample_seed": 832103, "scenario": "LOFO_spawn_edge_rescue", "status": "SAMPLE_COMPLETE"}
{"active_states": 8, "adapted_active_cells": 6, "adapted_target_constraints_satisfied": true, "case": "v6_spawn_edge_rescue_0", "sample_seed": 832103, "scenario": "LOFO_spawn_edge_rescue", "status": "SAMPLE_COMPLETE"}
{"active_states": 6, "adapted_active_cells": 6, "adapted_target_constraints_satisfied": true, "case": "v6_spawn_edge_rescue_1", "sample_seed": 832103, "scenario": "LOFO_spawn_edge_rescue", "status": "SAMPLE_COMPLETE"}
{"active_states": 6, "adapted_active_cells": 5, "adapted_target_constraints_satisfied": true, "case": "v6_spawn_edge_rescue_2", "sample_seed": 832103, "scenario": "LOFO_spawn_edge_rescue", "status": "SAMPLE_COMPLETE"}
{"active_states": 10, "adapted_active_cells": 9, "adapted_target_constraints_satisfied": true, "case": "v6_spawn_edge_rescue_3", "sample_seed": 832103, "scenario": "LOFO_spawn_edge_rescue", "status": "SAMPLE_COMPLETE"}
{"active_states": 162, "adapted_active_cells": 48, "adapted_target_constraints_satisfied": true, "case": "v6_crossing_rescue_pair_0", "sample_seed": 832103, "scenario": "LOFO_crossed_vacancy_goal_detour", "status": "SAMPLE_COMPLETE"}
{"active_states": 8, "adapted_active_cells": 5, "adapted_target_constraints_satisfied": true, "case": "v6_spawn_edge_rescue_0", "sample_seed": 832103, "scenario": "LOFO_crossed_vacancy_goal_detour", "status": "SAMPLE_COMPLETE"}
{"active_states": 93, "adapted_active_cells": 61, "adapted_target_constraints_satisfied": true, "case": "v6_crossed_vacancy_goal_detour_0", "sample_seed": 832103, "scenario": "LOFO_crossed_vacancy_goal_detour", "status": "SAMPLE_COMPLETE"}
{"active_states": 109, "adapted_active_cells": 59, "adapted_target_constraints_satisfied": true, "case": "v6_crossed_vacancy_goal_detour_1", "sample_seed": 832103, "scenario": "LOFO_crossed_vacancy_goal_detour", "status": "SAMPLE_COMPLETE"}
{"active_states": 105, "adapted_active_cells": 46, "adapted_target_constraints_satisfied": true, "case": "v6_crossed_vacancy_goal_detour_2", "sample_seed": 832103, "scenario": "LOFO_crossed_vacancy_goal_detour", "status": "SAMPLE_COMPLETE"}
{"active_states": 61, "adapted_active_cells": 43, "adapted_target_constraints_satisfied": true, "case": "v6_crossed_vacancy_goal_detour_3", "sample_seed": 832103, "scenario": "LOFO_crossed_vacancy_goal_detour", "status": "SAMPLE_COMPLETE"}
{"status": "DEVELOPMENT_COMPLETE", "output": "/home/erzhu419/mine_code/acfqp-controlled-predictive-quotient-exploration/reports/controlled_predictive_target_adaptation_v9.json"}
