{"phase": "acquisition", "lifecycle": 0, "allocation": "COVERAGE", "query": "reward", "used_transitions": 17696, "budget": 120000, "completed_blocks": 1, "incomplete_blocks": 0, "new_roots": 1}
{"phase": "acquisition", "lifecycle": 1, "allocation": "REPEAT", "query": "reward", "used_transitions": 19566, "budget": 120000, "completed_blocks": 1, "incomplete_blocks": 0, "new_roots": 0}
{"phase": "acquisition", "lifecycle": 2, "allocation": "COVERAGE", "query": "reward", "used_transitions": 20333, "budget": 120000, "completed_blocks": 1, "incomplete_blocks": 0, "new_roots": 1}
{"phase": "acquisition", "lifecycle": 0, "allocation": "COVERAGE", "query": "reward", "used_transitions": 37350, "budget": 120000, "completed_blocks": 2, "incomplete_blocks": 0, "new_roots": 2}
{"phase": "acquisition", "lifecycle": 1, "allocation": "REPEAT", "query": "reward", "used_transitions": 37443, "budget": 120000, "completed_blocks": 2, "incomplete_blocks": 0, "new_roots": 0}
{"phase": "acquisition", "lifecycle": 2, "allocation": "COVERAGE", "query": "reward", "used_transitions": 37974, "budget": 120000, "completed_blocks": 2, "incomplete_blocks": 0, "new_roots": 2}
{"phase": "acquisition", "lifecycle": 0, "allocation": "COVERAGE", "query": "reward", "used_transitions": 54234, "budget": 120000, "completed_blocks": 3, "incomplete_blocks": 0, "new_roots": 3}
{"phase": "acquisition", "lifecycle": 1, "allocation": "REPEAT", "query": "reward", "used_transitions": 57539, "budget": 120000, "completed_blocks": 3, "incomplete_blocks": 0, "new_roots": 0}
{"phase": "acquisition", "lifecycle": 2, "allocation": "COVERAGE", "query": "reward", "used_transitions": 58523, "budget": 120000, "completed_blocks": 3, "incomplete_blocks": 0, "new_roots": 3}
{"phase": "acquisition", "lifecycle": 0, "allocation": "COVERAGE", "query": "reward", "used_transitions": 74573, "budget": 120000, "completed_blocks": 4, "incomplete_blocks": 0, "new_roots": 4}
{"phase": "acquisition", "lifecycle": 1, "allocation": "REPEAT", "query": "reward", "used_transitions": 78120, "budget": 120000, "completed_blocks": 4, "incomplete_blocks": 0, "new_roots": 0}
{"phase": "acquisition", "lifecycle": 2, "allocation": "COVERAGE", "query": "reward", "used_transitions": 78052, "budget": 120000, "completed_blocks": 4, "incomplete_blocks": 0, "new_roots": 4}
{"phase": "acquisition", "lifecycle": 0, "allocation": "COVERAGE", "query": "reward", "used_transitions": 96260, "budget": 120000, "completed_blocks": 5, "incomplete_blocks": 0, "new_roots": 5}
{"phase": "acquisition", "lifecycle": 2, "allocation": "COVERAGE", "query": "reward", "used_transitions": 96827, "budget": 120000, "completed_blocks": 5, "incomplete_blocks": 0, "new_roots": 5}
{"phase": "acquisition", "lifecycle": 1, "allocation": "REPEAT", "query": "reward", "used_transitions": 98773, "budget": 120000, "completed_blocks": 5, "incomplete_blocks": 0, "new_roots": 0}
{"phase": "acquisition", "lifecycle": 0, "allocation": "COVERAGE", "query": "reward", "used_transitions": 116134, "budget": 120000, "completed_blocks": 6, "incomplete_blocks": 0, "new_roots": 6}
{"phase": "acquisition", "lifecycle": 2, "allocation": "COVERAGE", "query": "reward", "used_transitions": 114436, "budget": 120000, "completed_blocks": 6, "incomplete_blocks": 0, "new_roots": 6}
{"phase": "acquisition", "lifecycle": 1, "allocation": "REPEAT", "query": "reward", "used_transitions": 116443, "budget": 120000, "completed_blocks": 6, "incomplete_blocks": 0, "new_roots": 0}
{"phase": "acquisition", "lifecycle": 0, "allocation": "COVERAGE", "query": "reward", "used_transitions": 120000, "budget": 120000, "completed_blocks": 6, "incomplete_blocks": 1, "new_roots": 6}
{"phase": "acquisition", "lifecycle": 1, "allocation": "REPEAT", "query": "reward", "used_transitions": 120000, "budget": 120000, "completed_blocks": 6, "incomplete_blocks": 1, "new_roots": 0}
{"phase": "acquisition", "lifecycle": 2, "allocation": "COVERAGE", "query": "reward", "used_transitions": 120000, "budget": 120000, "completed_blocks": 6, "incomplete_blocks": 1, "new_roots": 6}
{"phase": "acquisition", "lifecycle": 1, "allocation": "REPEAT", "query": "risk_goal", "used_transitions": 19807, "budget": 120000, "completed_blocks": 1, "incomplete_blocks": 0, "new_roots": 0}
{"phase": "acquisition", "lifecycle": 0, "allocation": "COVERAGE", "query": "risk_goal", "used_transitions": 22362, "budget": 120000, "completed_blocks": 1, "incomplete_blocks": 0, "new_roots": 1}
{"phase": "acquisition", "lifecycle": 2, "allocation": "COVERAGE", "query": "risk_goal", "used_transitions": 20948, "budget": 120000, "completed_blocks": 1, "incomplete_blocks": 0, "new_roots": 1}
{"phase": "acquisition", "lifecycle": 1, "allocation": "REPEAT", "query": "risk_goal", "used_transitions": 38813, "budget": 120000, "completed_blocks": 2, "incomplete_blocks": 0, "new_roots": 0}
{"phase": "acquisition", "lifecycle": 0, "allocation": "COVERAGE", "query": "risk_goal", "used_transitions": 44712, "budget": 120000, "completed_blocks": 2, "incomplete_blocks": 0, "new_roots": 2}
{"phase": "acquisition", "lifecycle": 2, "allocation": "COVERAGE", "query": "risk_goal", "used_transitions": 42578, "budget": 120000, "completed_blocks": 2, "incomplete_blocks": 0, "new_roots": 2}
{"phase": "acquisition", "lifecycle": 1, "allocation": "REPEAT", "query": "risk_goal", "used_transitions": 62593, "budget": 120000, "completed_blocks": 3, "incomplete_blocks": 0, "new_roots": 0}
{"phase": "acquisition", "lifecycle": 0, "allocation": "COVERAGE", "query": "risk_goal", "used_transitions": 66094, "budget": 120000, "completed_blocks": 3, "incomplete_blocks": 0, "new_roots": 3}
{"phase": "acquisition", "lifecycle": 2, "allocation": "COVERAGE", "query": "risk_goal", "used_transitions": 64869, "budget": 120000, "completed_blocks": 3, "incomplete_blocks": 0, "new_roots": 3}
{"phase": "acquisition", "lifecycle": 1, "allocation": "REPEAT", "query": "risk_goal", "used_transitions": 82296, "budget": 120000, "completed_blocks": 4, "incomplete_blocks": 0, "new_roots": 0}
{"phase": "acquisition", "lifecycle": 2, "allocation": "COVERAGE", "query": "risk_goal", "used_transitions": 86976, "budget": 120000, "completed_blocks": 4, "incomplete_blocks": 0, "new_roots": 4}
{"phase": "acquisition", "lifecycle": 0, "allocation": "COVERAGE", "query": "risk_goal", "used_transitions": 91548, "budget": 120000, "completed_blocks": 4, "incomplete_blocks": 0, "new_roots": 4}
{"phase": "acquisition", "lifecycle": 1, "allocation": "REPEAT", "query": "risk_goal", "used_transitions": 99556, "budget": 120000, "completed_blocks": 5, "incomplete_blocks": 0, "new_roots": 0}
{"phase": "acquisition", "lifecycle": 2, "allocation": "COVERAGE", "query": "risk_goal", "used_transitions": 109266, "budget": 120000, "completed_blocks": 5, "incomplete_blocks": 0, "new_roots": 5}
{"phase": "acquisition", "lifecycle": 0, "allocation": "COVERAGE", "query": "risk_goal", "used_transitions": 115344, "budget": 120000, "completed_blocks": 5, "incomplete_blocks": 0, "new_roots": 5}
{"phase": "acquisition", "lifecycle": 0, "allocation": "COVERAGE", "query": "risk_goal", "used_transitions": 120000, "budget": 120000, "completed_blocks": 5, "incomplete_blocks": 1, "new_roots": 5}
{"phase": "acquisition", "lifecycle": 1, "allocation": "REPEAT", "query": "risk_goal", "used_transitions": 120000, "budget": 120000, "completed_blocks": 5, "incomplete_blocks": 1, "new_roots": 0}
{"phase": "acquisition", "lifecycle": 2, "allocation": "COVERAGE", "query": "risk_goal", "used_transitions": 120000, "budget": 120000, "completed_blocks": 5, "incomplete_blocks": 1, "new_roots": 5}
{"phase": "acquisition", "lifecycle": 0, "allocation": "REPEAT", "query": "reward", "used_transitions": 21577, "budget": 120000, "completed_blocks": 1, "incomplete_blocks": 0, "new_roots": 0}
{"phase": "acquisition", "lifecycle": 1, "allocation": "COVERAGE", "query": "reward", "used_transitions": 20754, "budget": 120000, "completed_blocks": 1, "incomplete_blocks": 0, "new_roots": 1}
{"phase": "acquisition", "lifecycle": 2, "allocation": "REPEAT", "query": "reward", "used_transitions": 20517, "budget": 120000, "completed_blocks": 1, "incomplete_blocks": 0, "new_roots": 0}
{"phase": "acquisition", "lifecycle": 1, "allocation": "COVERAGE", "query": "reward", "used_transitions": 39402, "budget": 120000, "completed_blocks": 2, "incomplete_blocks": 0, "new_roots": 2}
{"phase": "acquisition", "lifecycle": 2, "allocation": "REPEAT", "query": "reward", "used_transitions": 37856, "budget": 120000, "completed_blocks": 2, "incomplete_blocks": 0, "new_roots": 0}
{"phase": "acquisition", "lifecycle": 0, "allocation": "REPEAT", "query": "reward", "used_transitions": 41819, "budget": 120000, "completed_blocks": 2, "incomplete_blocks": 0, "new_roots": 0}
{"phase": "acquisition", "lifecycle": 2, "allocation": "REPEAT", "query": "reward", "used_transitions": 57495, "budget": 120000, "completed_blocks": 3, "incomplete_blocks": 0, "new_roots": 0}
{"phase": "acquisition", "lifecycle": 1, "allocation": "COVERAGE", "query": "reward", "used_transitions": 59870, "budget": 120000, "completed_blocks": 3, "incomplete_blocks": 0, "new_roots": 3}
{"phase": "acquisition", "lifecycle": 0, "allocation": "REPEAT", "query": "reward", "used_transitions": 61505, "budget": 120000, "completed_blocks": 3, "incomplete_blocks": 0, "new_roots": 0}
{"phase": "acquisition", "lifecycle": 2, "allocation": "REPEAT", "query": "reward", "used_transitions": 77890, "budget": 120000, "completed_blocks": 4, "incomplete_blocks": 0, "new_roots": 0}
{"phase": "acquisition", "lifecycle": 0, "allocation": "REPEAT", "query": "reward", "used_transitions": 81513, "budget": 120000, "completed_blocks": 4, "incomplete_blocks": 0, "new_roots": 0}
{"phase": "acquisition", "lifecycle": 1, "allocation": "COVERAGE", "query": "reward", "used_transitions": 84165, "budget": 120000, "completed_blocks": 4, "incomplete_blocks": 0, "new_roots": 4}
{"phase": "acquisition", "lifecycle": 0, "allocation": "REPEAT", "query": "reward", "used_transitions": 99608, "budget": 120000, "completed_blocks": 5, "incomplete_blocks": 0, "new_roots": 0}
{"phase": "acquisition", "lifecycle": 2, "allocation": "REPEAT", "query": "reward", "used_transitions": 97165, "budget": 120000, "completed_blocks": 5, "incomplete_blocks": 0, "new_roots": 0}
{"phase": "acquisition", "lifecycle": 1, "allocation": "COVERAGE", "query": "reward", "used_transitions": 107377, "budget": 120000, "completed_blocks": 5, "incomplete_blocks": 0, "new_roots": 5}
{"phase": "acquisition", "lifecycle": 0, "allocation": "REPEAT", "query": "reward", "used_transitions": 116472, "budget": 120000, "completed_blocks": 6, "incomplete_blocks": 0, "new_roots": 0}
{"phase": "acquisition", "lifecycle": 1, "allocation": "COVERAGE", "query": "reward", "used_transitions": 120000, "budget": 120000, "completed_blocks": 5, "incomplete_blocks": 1, "new_roots": 5}
{"phase": "acquisition", "lifecycle": 0, "allocation": "REPEAT", "query": "reward", "used_transitions": 120000, "budget": 120000, "completed_blocks": 6, "incomplete_blocks": 1, "new_roots": 0}
{"phase": "acquisition", "lifecycle": 2, "allocation": "REPEAT", "query": "reward", "used_transitions": 118871, "budget": 120000, "completed_blocks": 6, "incomplete_blocks": 0, "new_roots": 0}
{"phase": "acquisition", "lifecycle": 2, "allocation": "REPEAT", "query": "reward", "used_transitions": 120000, "budget": 120000, "completed_blocks": 6, "incomplete_blocks": 1, "new_roots": 0}
{"phase": "acquisition", "lifecycle": 1, "allocation": "COVERAGE", "query": "risk_goal", "used_transitions": 20866, "budget": 120000, "completed_blocks": 1, "incomplete_blocks": 0, "new_roots": 1}
{"phase": "acquisition", "lifecycle": 0, "allocation": "REPEAT", "query": "risk_goal", "used_transitions": 20852, "budget": 120000, "completed_blocks": 1, "incomplete_blocks": 0, "new_roots": 0}
{"phase": "acquisition", "lifecycle": 2, "allocation": "REPEAT", "query": "risk_goal", "used_transitions": 17568, "budget": 120000, "completed_blocks": 1, "incomplete_blocks": 0, "new_roots": 0}
{"phase": "acquisition", "lifecycle": 1, "allocation": "COVERAGE", "query": "risk_goal", "used_transitions": 42134, "budget": 120000, "completed_blocks": 2, "incomplete_blocks": 0, "new_roots": 2}
{"phase": "acquisition", "lifecycle": 0, "allocation": "REPEAT", "query": "risk_goal", "used_transitions": 42559, "budget": 120000, "completed_blocks": 2, "incomplete_blocks": 0, "new_roots": 0}
{"phase": "acquisition", "lifecycle": 2, "allocation": "REPEAT", "query": "risk_goal", "used_transitions": 43556, "budget": 120000, "completed_blocks": 2, "incomplete_blocks": 0, "new_roots": 0}
{"phase": "acquisition", "lifecycle": 1, "allocation": "COVERAGE", "query": "risk_goal", "used_transitions": 65076, "budget": 120000, "completed_blocks": 3, "incomplete_blocks": 0, "new_roots": 3}
{"phase": "acquisition", "lifecycle": 0, "allocation": "REPEAT", "query": "risk_goal", "used_transitions": 65269, "budget": 120000, "completed_blocks": 3, "incomplete_blocks": 0, "new_roots": 0}
{"phase": "acquisition", "lifecycle": 2, "allocation": "REPEAT", "query": "risk_goal", "used_transitions": 65588, "budget": 120000, "completed_blocks": 3, "incomplete_blocks": 0, "new_roots": 0}
{"phase": "acquisition", "lifecycle": 0, "allocation": "REPEAT", "query": "risk_goal", "used_transitions": 86345, "budget": 120000, "completed_blocks": 4, "incomplete_blocks": 0, "new_roots": 0}
{"phase": "acquisition", "lifecycle": 1, "allocation": "COVERAGE", "query": "risk_goal", "used_transitions": 87479, "budget": 120000, "completed_blocks": 4, "incomplete_blocks": 0, "new_roots": 4}
{"phase": "acquisition", "lifecycle": 2, "allocation": "REPEAT", "query": "risk_goal", "used_transitions": 86354, "budget": 120000, "completed_blocks": 4, "incomplete_blocks": 0, "new_roots": 0}
{"phase": "acquisition", "lifecycle": 0, "allocation": "REPEAT", "query": "risk_goal", "used_transitions": 107165, "budget": 120000, "completed_blocks": 5, "incomplete_blocks": 0, "new_roots": 0}
{"phase": "acquisition", "lifecycle": 1, "allocation": "COVERAGE", "query": "risk_goal", "used_transitions": 109205, "budget": 120000, "completed_blocks": 5, "incomplete_blocks": 0, "new_roots": 5}
{"phase": "acquisition", "lifecycle": 2, "allocation": "REPEAT", "query": "risk_goal", "used_transitions": 107307, "budget": 120000, "completed_blocks": 5, "incomplete_blocks": 0, "new_roots": 0}
{"phase": "acquisition", "lifecycle": 1, "allocation": "COVERAGE", "query": "risk_goal", "used_transitions": 120000, "budget": 120000, "completed_blocks": 5, "incomplete_blocks": 1, "new_roots": 5}
{"phase": "acquisition", "lifecycle": 0, "allocation": "REPEAT", "query": "risk_goal", "used_transitions": 120000, "budget": 120000, "completed_blocks": 5, "incomplete_blocks": 1, "new_roots": 0}
{"phase": "acquisition", "lifecycle": 2, "allocation": "REPEAT", "query": "risk_goal", "used_transitions": 120000, "budget": 120000, "completed_blocks": 5, "incomplete_blocks": 1, "new_roots": 0}
{"phase": "validation", "lifecycle": 1, "query": "reward", "root": 0, "complete": true, "transitions": 38139}
{"phase": "validation", "lifecycle": 0, "query": "reward", "root": 0, "complete": true, "transitions": 41861}
{"phase": "validation", "lifecycle": 2, "query": "reward", "root": 0, "complete": true, "transitions": 43401}
{"phase": "validation", "lifecycle": 1, "query": "reward", "root": 1, "complete": true, "transitions": 76458}
{"phase": "validation", "lifecycle": 0, "query": "reward", "root": 1, "complete": true, "transitions": 83740}
{"phase": "validation", "lifecycle": 2, "query": "reward", "root": 1, "complete": true, "transitions": 80107}
{"phase": "validation", "lifecycle": 1, "query": "reward", "root": 2, "complete": true, "transitions": 118357}
{"phase": "validation", "lifecycle": 2, "query": "reward", "root": 2, "complete": true, "transitions": 120382}
{"phase": "validation", "lifecycle": 0, "query": "reward", "root": 2, "complete": true, "transitions": 127491}
{"phase": "validation", "lifecycle": 1, "query": "reward", "root": 3, "complete": true, "transitions": 159594}
{"phase": "validation", "lifecycle": 2, "query": "reward", "root": 3, "complete": true, "transitions": 158715}
{"phase": "validation", "lifecycle": 0, "query": "reward", "root": 3, "complete": true, "transitions": 165578}
{"phase": "validation", "lifecycle": 1, "query": "risk_goal", "root": 0, "complete": true, "transitions": 202491}
{"phase": "validation", "lifecycle": 0, "query": "risk_goal", "root": 0, "complete": true, "transitions": 207607}
{"phase": "validation", "lifecycle": 2, "query": "risk_goal", "root": 0, "complete": true, "transitions": 203124}
{"phase": "validation", "lifecycle": 1, "query": "risk_goal", "root": 1, "complete": true, "transitions": 242364}
{"phase": "validation", "lifecycle": 2, "query": "risk_goal", "root": 1, "complete": true, "transitions": 246075}
{"phase": "validation", "lifecycle": 0, "query": "risk_goal", "root": 1, "complete": true, "transitions": 253257}
{"phase": "validation", "lifecycle": 1, "query": "risk_goal", "root": 2, "complete": true, "transitions": 289030}
{"phase": "validation", "lifecycle": 2, "query": "risk_goal", "root": 2, "complete": true, "transitions": 286348}
{"phase": "validation", "lifecycle": 0, "query": "risk_goal", "root": 2, "complete": true, "transitions": 296595}
{"phase": "validation", "lifecycle": 1, "query": "risk_goal", "root": 3, "complete": true, "transitions": 329306}
{"phase": "paired_games", "lifecycle": 1, "query": "reward", "replica": 0, "scores": {"FROZEN_V85": 3076, "COVERAGE": 7412, "REPEAT": 3076, "H2_ONLY": 7412}, "options": {"FROZEN_V85": "SNAKE_4", "COVERAGE": "SPACE_1", "REPEAT": "SNAKE_4", "H2_ONLY": null}, "outcomes": {"FROZEN_V85": "LOST", "COVERAGE": "LOST", "REPEAT": "LOST", "H2_ONLY": "LOST"}}
{"phase": "paired_games", "lifecycle": 1, "query": "risk_goal", "replica": 0, "scores": {"COVERAGE": 10760, "REPEAT": 12148, "H2_ONLY": 11516, "FROZEN_V85": 12148}, "options": {"COVERAGE": "SPACE_4", "REPEAT": "SNAKE_1", "H2_ONLY": null, "FROZEN_V85": "SNAKE_1"}, "outcomes": {"COVERAGE": "LOST", "REPEAT": "LOST", "H2_ONLY": "LOST", "FROZEN_V85": "LOST"}}
{"phase": "paired_games", "lifecycle": 1, "query": "reward", "replica": 1, "scores": {"COVERAGE": 7564, "REPEAT": 11932, "H2_ONLY": 11448, "FROZEN_V85": 11932}, "options": {"COVERAGE": "SPACE_4", "REPEAT": "SNAKE_4", "H2_ONLY": null, "FROZEN_V85": "SNAKE_4"}, "outcomes": {"COVERAGE": "LOST", "REPEAT": "LOST", "H2_ONLY": "LOST", "FROZEN_V85": "LOST"}}
{"phase": "paired_games", "lifecycle": 1, "query": "risk_goal", "replica": 1, "scores": {"REPEAT": 3424, "H2_ONLY": 7244, "FROZEN_V85": 3424, "COVERAGE": 7984}, "options": {"REPEAT": "SNAKE_1", "H2_ONLY": null, "FROZEN_V85": "SNAKE_1", "COVERAGE": "SPACE_4"}, "outcomes": {"REPEAT": "LOST", "H2_ONLY": "LOST", "FROZEN_V85": "LOST", "COVERAGE": "LOST"}}
{"phase": "validation", "lifecycle": 2, "query": "risk_goal", "root": 3, "complete": true, "transitions": 327428}
{"phase": "paired_games", "lifecycle": 1, "query": "reward", "replica": 2, "scores": {"REPEAT": 7768, "H2_ONLY": 7768, "FROZEN_V85": 6416, "COVERAGE": 6416}, "options": {"REPEAT": "SPACE_1", "H2_ONLY": null, "FROZEN_V85": "SNAKE_1", "COVERAGE": "SNAKE_1"}, "outcomes": {"REPEAT": "LOST", "H2_ONLY": "LOST", "FROZEN_V85": "LOST", "COVERAGE": "LOST"}}
{"phase": "validation", "lifecycle": 0, "query": "risk_goal", "root": 3, "complete": true, "transitions": 337599}
{"phase": "paired_games", "lifecycle": 2, "query": "reward", "replica": 0, "scores": {"COVERAGE": 8064, "REPEAT": 8064, "H2_ONLY": 8064, "FROZEN_V85": 10624}, "options": {"COVERAGE": "H2", "REPEAT": "H2", "H2_ONLY": null, "FROZEN_V85": "SPACE_4"}, "outcomes": {"COVERAGE": "LOST", "REPEAT": "LOST", "H2_ONLY": "LOST", "FROZEN_V85": "LOST"}}
{"phase": "paired_games", "lifecycle": 0, "query": "reward", "replica": 0, "scores": {"H2_ONLY": 3408, "FROZEN_V85": 7272, "COVERAGE": 3408, "REPEAT": 7272}, "options": {"H2_ONLY": null, "FROZEN_V85": "SPACE_4", "COVERAGE": "SPACE_1", "REPEAT": "SPACE_4"}, "outcomes": {"H2_ONLY": "LOST", "FROZEN_V85": "LOST", "COVERAGE": "LOST", "REPEAT": "LOST"}}
{"phase": "paired_games", "lifecycle": 1, "query": "risk_goal", "replica": 2, "scores": {"H2_ONLY": 7704, "FROZEN_V85": 12128, "COVERAGE": 7028, "REPEAT": 20412}, "options": {"H2_ONLY": null, "FROZEN_V85": "SNAKE_4", "COVERAGE": "SPACE_4", "REPEAT": "SNAKE_1"}, "outcomes": {"H2_ONLY": "LOST", "FROZEN_V85": "LOST", "COVERAGE": "LOST", "REPEAT": "WON"}}
{"phase": "paired_games", "lifecycle": 2, "query": "risk_goal", "replica": 0, "scores": {"REPEAT": 15468, "H2_ONLY": 7312, "FROZEN_V85": 7312, "COVERAGE": 6520}, "options": {"REPEAT": "SNAKE_1", "H2_ONLY": null, "FROZEN_V85": "SPACE_1", "COVERAGE": "SNAKE_4"}, "outcomes": {"REPEAT": "LOST", "H2_ONLY": "LOST", "FROZEN_V85": "LOST", "COVERAGE": "LOST"}}
{"phase": "paired_games", "lifecycle": 0, "query": "risk_goal", "replica": 0, "scores": {"FROZEN_V85": 7104, "COVERAGE": 7104, "REPEAT": 7104, "H2_ONLY": 7104}, "options": {"FROZEN_V85": "H2", "COVERAGE": "H2", "REPEAT": "H2", "H2_ONLY": null}, "outcomes": {"FROZEN_V85": "LOST", "COVERAGE": "LOST", "REPEAT": "LOST", "H2_ONLY": "LOST"}}
{"phase": "paired_games", "lifecycle": 1, "query": "reward", "replica": 3, "scores": {"H2_ONLY": 7180, "FROZEN_V85": 7548, "COVERAGE": 5700, "REPEAT": 7180}, "options": {"H2_ONLY": null, "FROZEN_V85": "SNAKE_4", "COVERAGE": "SPACE_4", "REPEAT": "SNAKE_1"}, "outcomes": {"H2_ONLY": "LOST", "FROZEN_V85": "LOST", "COVERAGE": "LOST", "REPEAT": "LOST"}}
{"phase": "paired_games", "lifecycle": 0, "query": "reward", "replica": 1, "scores": {"FROZEN_V85": 7212, "COVERAGE": 16200, "REPEAT": 7212, "H2_ONLY": 7212}, "options": {"FROZEN_V85": "SPACE_1", "COVERAGE": "SNAKE_4", "REPEAT": "SPACE_1", "H2_ONLY": null}, "outcomes": {"FROZEN_V85": "LOST", "COVERAGE": "LOST", "REPEAT": "LOST", "H2_ONLY": "LOST"}}
{"phase": "paired_games", "lifecycle": 2, "query": "reward", "replica": 1, "scores": {"REPEAT": 14448, "H2_ONLY": 12248, "FROZEN_V85": 7140, "COVERAGE": 12248}, "options": {"REPEAT": "SPACE_4", "H2_ONLY": null, "FROZEN_V85": "SNAKE_4", "COVERAGE": "SPACE_1"}, "outcomes": {"REPEAT": "LOST", "H2_ONLY": "LOST", "FROZEN_V85": "LOST", "COVERAGE": "LOST"}}
{"phase": "paired_games", "lifecycle": 1, "query": "risk_goal", "replica": 3, "scores": {"FROZEN_V85": 7852, "COVERAGE": 5700, "REPEAT": 7852, "H2_ONLY": 7852}, "options": {"FROZEN_V85": "SNAKE_1", "COVERAGE": "SPACE_4", "REPEAT": "SNAKE_1", "H2_ONLY": null}, "outcomes": {"FROZEN_V85": "LOST", "COVERAGE": "LOST", "REPEAT": "LOST", "H2_ONLY": "LOST"}}
{"phase": "paired_games", "lifecycle": 0, "query": "risk_goal", "replica": 1, "scores": {"COVERAGE": 7212, "REPEAT": 7212, "H2_ONLY": 7212, "FROZEN_V85": 7212}, "options": {"COVERAGE": "H2", "REPEAT": "H2", "H2_ONLY": null, "FROZEN_V85": "H2"}, "outcomes": {"COVERAGE": "LOST", "REPEAT": "LOST", "H2_ONLY": "LOST", "FROZEN_V85": "LOST"}}
{"phase": "paired_games", "lifecycle": 2, "query": "risk_goal", "replica": 1, "scores": {"H2_ONLY": 16088, "FROZEN_V85": 7112, "COVERAGE": 12232, "REPEAT": 7112}, "options": {"H2_ONLY": null, "FROZEN_V85": "SNAKE_1", "COVERAGE": "SNAKE_4", "REPEAT": "SNAKE_1"}, "outcomes": {"H2_ONLY": "LOST", "FROZEN_V85": "LOST", "COVERAGE": "LOST", "REPEAT": "LOST"}}
{"phase": "paired_games", "lifecycle": 1, "query": "reward", "replica": 4, "scores": {"FROZEN_V85": 14004, "COVERAGE": 14004, "REPEAT": 7152, "H2_ONLY": 14004}, "options": {"FROZEN_V85": "SPACE_1", "COVERAGE": "SPACE_1", "REPEAT": "SPACE_4", "H2_ONLY": null}, "outcomes": {"FROZEN_V85": "LOST", "COVERAGE": "LOST", "REPEAT": "LOST", "H2_ONLY": "LOST"}}
{"phase": "paired_games", "lifecycle": 0, "query": "reward", "replica": 2, "scores": {"COVERAGE": 14600, "REPEAT": 14600, "H2_ONLY": 14600, "FROZEN_V85": 14600}, "options": {"COVERAGE": "SPACE_1", "REPEAT": "SPACE_1", "H2_ONLY": null, "FROZEN_V85": "SPACE_4"}, "outcomes": {"COVERAGE": "LOST", "REPEAT": "LOST", "H2_ONLY": "LOST", "FROZEN_V85": "LOST"}}
{"phase": "paired_games", "lifecycle": 1, "query": "risk_goal", "replica": 4, "scores": {"COVERAGE": 7300, "REPEAT": 12412, "H2_ONLY": 15520, "FROZEN_V85": 15520}, "options": {"COVERAGE": "SPACE_4", "REPEAT": "SNAKE_1", "H2_ONLY": null, "FROZEN_V85": "SPACE_1"}, "outcomes": {"COVERAGE": "LOST", "REPEAT": "LOST", "H2_ONLY": "LOST", "FROZEN_V85": "LOST"}}
{"phase": "paired_games", "lifecycle": 2, "query": "reward", "replica": 2, "scores": {"H2_ONLY": 16880, "FROZEN_V85": 7252, "COVERAGE": 16880, "REPEAT": 16880}, "options": {"H2_ONLY": null, "FROZEN_V85": "SNAKE_4", "COVERAGE": "SPACE_1", "REPEAT": "SNAKE_1"}, "outcomes": {"H2_ONLY": "LOST", "FROZEN_V85": "LOST", "COVERAGE": "LOST", "REPEAT": "LOST"}}
{"phase": "paired_games", "lifecycle": 0, "query": "risk_goal", "replica": 2, "scores": {"REPEAT": 7236, "H2_ONLY": 14840, "FROZEN_V85": 7236, "COVERAGE": 7236}, "options": {"REPEAT": "SNAKE_1", "H2_ONLY": null, "FROZEN_V85": "SNAKE_1", "COVERAGE": "SNAKE_1"}, "outcomes": {"REPEAT": "LOST", "H2_ONLY": "LOST", "FROZEN_V85": "LOST", "COVERAGE": "LOST"}}
{"phase": "paired_games", "lifecycle": 1, "query": "reward", "replica": 5, "scores": {"COVERAGE": 6716, "REPEAT": 6716, "H2_ONLY": 6176, "FROZEN_V85": 6716}, "options": {"COVERAGE": "SPACE_4", "REPEAT": "SNAKE_4", "H2_ONLY": null, "FROZEN_V85": "SPACE_4"}, "outcomes": {"COVERAGE": "LOST", "REPEAT": "LOST", "H2_ONLY": "LOST", "FROZEN_V85": "LOST"}}
{"phase": "paired_games", "lifecycle": 2, "query": "risk_goal", "replica": 2, "scores": {"FROZEN_V85": 16772, "COVERAGE": 3236, "REPEAT": 3236, "H2_ONLY": 16772}, "options": {"FROZEN_V85": "SNAKE_1", "COVERAGE": "SPACE_4", "REPEAT": "SPACE_4", "H2_ONLY": null}, "outcomes": {"FROZEN_V85": "LOST", "COVERAGE": "LOST", "REPEAT": "LOST", "H2_ONLY": "LOST"}}
{"phase": "paired_games", "lifecycle": 1, "query": "risk_goal", "replica": 5, "scores": {"REPEAT": 7368, "H2_ONLY": 6176, "FROZEN_V85": 6684, "COVERAGE": 7368}, "options": {"REPEAT": "SNAKE_1", "H2_ONLY": null, "FROZEN_V85": "SNAKE_4", "COVERAGE": "SNAKE_1"}, "outcomes": {"REPEAT": "LOST", "H2_ONLY": "LOST", "FROZEN_V85": "LOST", "COVERAGE": "LOST"}}
{"phase": "paired_games", "lifecycle": 0, "query": "reward", "replica": 3, "scores": {"REPEAT": 11568, "H2_ONLY": 11568, "FROZEN_V85": 11568, "COVERAGE": 11568}, "options": {"REPEAT": "SPACE_4", "H2_ONLY": null, "FROZEN_V85": "SPACE_4", "COVERAGE": "SPACE_1"}, "outcomes": {"REPEAT": "LOST", "H2_ONLY": "LOST", "FROZEN_V85": "LOST", "COVERAGE": "LOST"}}
{"phase": "paired_games", "lifecycle": 2, "query": "reward", "replica": 3, "scores": {"FROZEN_V85": 3184, "COVERAGE": 3184, "REPEAT": 13788, "H2_ONLY": 11804}, "options": {"FROZEN_V85": "SPACE_4", "COVERAGE": "SPACE_4", "REPEAT": "SNAKE_1", "H2_ONLY": null}, "outcomes": {"FROZEN_V85": "LOST", "COVERAGE": "LOST", "REPEAT": "LOST", "H2_ONLY": "LOST"}}
{"phase": "paired_games", "lifecycle": 1, "query": "reward", "replica": 6, "scores": {"REPEAT": 6800, "H2_ONLY": 15872, "FROZEN_V85": 6800, "COVERAGE": 15872}, "options": {"REPEAT": "SNAKE_4", "H2_ONLY": null, "FROZEN_V85": "SNAKE_4", "COVERAGE": "SPACE_1"}, "outcomes": {"REPEAT": "LOST", "H2_ONLY": "LOST", "FROZEN_V85": "LOST", "COVERAGE": "LOST"}}
{"phase": "paired_games", "lifecycle": 0, "query": "risk_goal", "replica": 3, "scores": {"H2_ONLY": 15164, "FROZEN_V85": 7128, "COVERAGE": 7128, "REPEAT": 7128}, "options": {"H2_ONLY": null, "FROZEN_V85": "SNAKE_1", "COVERAGE": "SNAKE_1", "REPEAT": "SNAKE_1"}, "outcomes": {"H2_ONLY": "LOST", "FROZEN_V85": "LOST", "COVERAGE": "LOST", "REPEAT": "LOST"}}
{"phase": "paired_games", "lifecycle": 2, "query": "risk_goal", "replica": 3, "scores": {"COVERAGE": 11804, "REPEAT": 3184, "H2_ONLY": 11804, "FROZEN_V85": 11804}, "options": {"COVERAGE": "H2", "REPEAT": "SPACE_4", "H2_ONLY": null, "FROZEN_V85": "H2"}, "outcomes": {"COVERAGE": "LOST", "REPEAT": "LOST", "H2_ONLY": "LOST", "FROZEN_V85": "LOST"}}
{"phase": "paired_games", "lifecycle": 0, "query": "reward", "replica": 4, "scores": {"H2_ONLY": 7804, "FROZEN_V85": 6336, "COVERAGE": 6336, "REPEAT": 11512}, "options": {"H2_ONLY": null, "FROZEN_V85": "SNAKE_4", "COVERAGE": "SNAKE_4", "REPEAT": "SPACE_1"}, "outcomes": {"H2_ONLY": "LOST", "FROZEN_V85": "LOST", "COVERAGE": "LOST", "REPEAT": "LOST"}}
{"phase": "paired_games", "lifecycle": 1, "query": "risk_goal", "replica": 6, "scores": {"H2_ONLY": 20280, "FROZEN_V85": 5460, "COVERAGE": 7160, "REPEAT": 5460}, "options": {"H2_ONLY": null, "FROZEN_V85": "SNAKE_1", "COVERAGE": "SPACE_4", "REPEAT": "SNAKE_1"}, "outcomes": {"H2_ONLY": "WON", "FROZEN_V85": "LOST", "COVERAGE": "LOST", "REPEAT": "LOST"}}
{"phase": "paired_games", "lifecycle": 2, "query": "reward", "replica": 4, "scores": {"COVERAGE": 6836, "REPEAT": 6976, "H2_ONLY": 6976, "FROZEN_V85": 6836}, "options": {"COVERAGE": "SPACE_4", "REPEAT": "SPACE_1", "H2_ONLY": null, "FROZEN_V85": "SPACE_4"}, "outcomes": {"COVERAGE": "LOST", "REPEAT": "LOST", "H2_ONLY": "LOST", "FROZEN_V85": "LOST"}}
{"phase": "paired_games", "lifecycle": 0, "query": "risk_goal", "replica": 4, "scores": {"FROZEN_V85": 7400, "COVERAGE": 7400, "REPEAT": 7400, "H2_ONLY": 7400}, "options": {"FROZEN_V85": "H2", "COVERAGE": "H2", "REPEAT": "H2", "H2_ONLY": null}, "outcomes": {"FROZEN_V85": "LOST", "COVERAGE": "LOST", "REPEAT": "LOST", "H2_ONLY": "LOST"}}
{"phase": "paired_games", "lifecycle": 2, "query": "risk_goal", "replica": 4, "scores": {"REPEAT": 6836, "H2_ONLY": 6976, "FROZEN_V85": 6836, "COVERAGE": 6836}, "options": {"REPEAT": "SPACE_4", "H2_ONLY": null, "FROZEN_V85": "SPACE_4", "COVERAGE": "SPACE_4"}, "outcomes": {"REPEAT": "LOST", "H2_ONLY": "LOST", "FROZEN_V85": "LOST", "COVERAGE": "LOST"}}
{"phase": "paired_games", "lifecycle": 1, "query": "reward", "replica": 7, "scores": {"H2_ONLY": 5588, "FROZEN_V85": 8728, "COVERAGE": 12316, "REPEAT": 12592}, "options": {"H2_ONLY": null, "FROZEN_V85": "SNAKE_4", "COVERAGE": "SPACE_1", "REPEAT": "SNAKE_1"}, "outcomes": {"H2_ONLY": "LOST", "FROZEN_V85": "LOST", "COVERAGE": "LOST", "REPEAT": "LOST"}}
{"phase": "paired_games", "lifecycle": 2, "query": "reward", "replica": 5, "scores": {"REPEAT": 6452, "H2_ONLY": 6452, "FROZEN_V85": 6452, "COVERAGE": 6452}, "options": {"REPEAT": "SNAKE_1", "H2_ONLY": null, "FROZEN_V85": "SNAKE_1", "COVERAGE": "H2"}, "outcomes": {"REPEAT": "LOST", "H2_ONLY": "LOST", "FROZEN_V85": "LOST", "COVERAGE": "LOST"}}
{"phase": "paired_games", "lifecycle": 0, "query": "reward", "replica": 5, "scores": {"FROZEN_V85": 10508, "COVERAGE": 6504, "REPEAT": 10508, "H2_ONLY": 7404}, "options": {"FROZEN_V85": "SNAKE_1", "COVERAGE": "SPACE_4", "REPEAT": "SNAKE_1", "H2_ONLY": null}, "outcomes": {"FROZEN_V85": "LOST", "COVERAGE": "LOST", "REPEAT": "LOST", "H2_ONLY": "LOST"}}
{"phase": "paired_games", "lifecycle": 1, "query": "risk_goal", "replica": 7, "scores": {"FROZEN_V85": 12316, "COVERAGE": 12316, "REPEAT": 12316, "H2_ONLY": 5628}, "options": {"FROZEN_V85": "SPACE_1", "COVERAGE": "SPACE_4", "REPEAT": "SPACE_1", "H2_ONLY": null}, "outcomes": {"FROZEN_V85": "LOST", "COVERAGE": "LOST", "REPEAT": "LOST", "H2_ONLY": "LOST"}}
{"phase": "paired_games", "lifecycle": 2, "query": "risk_goal", "replica": 5, "scores": {"H2_ONLY": 6452, "FROZEN_V85": 6452, "COVERAGE": 6452, "REPEAT": 16676}, "options": {"H2_ONLY": null, "FROZEN_V85": "H2", "COVERAGE": "SPACE_1", "REPEAT": "SPACE_4"}, "outcomes": {"H2_ONLY": "LOST", "FROZEN_V85": "LOST", "COVERAGE": "LOST", "REPEAT": "LOST"}}
{"phase": "paired_games", "lifecycle": 0, "query": "risk_goal", "replica": 5, "scores": {"COVERAGE": 12416, "REPEAT": 12416, "H2_ONLY": 12416, "FROZEN_V85": 12416}, "options": {"COVERAGE": "H2", "REPEAT": "H2", "H2_ONLY": null, "FROZEN_V85": "H2"}, "outcomes": {"COVERAGE": "LOST", "REPEAT": "LOST", "H2_ONLY": "LOST", "FROZEN_V85": "LOST"}}
{"phase": "paired_games", "lifecycle": 2, "query": "reward", "replica": 6, "scores": {"H2_ONLY": 12472, "FROZEN_V85": 5596, "COVERAGE": 5596, "REPEAT": 6368}, "options": {"H2_ONLY": null, "FROZEN_V85": "SPACE_4", "COVERAGE": "SPACE_4", "REPEAT": "SNAKE_1"}, "outcomes": {"H2_ONLY": "LOST", "FROZEN_V85": "LOST", "COVERAGE": "LOST", "REPEAT": "LOST"}}
{"phase": "paired_games", "lifecycle": 0, "query": "reward", "replica": 6, "scores": {"COVERAGE": 12172, "REPEAT": 12148, "H2_ONLY": 7632, "FROZEN_V85": 12172}, "options": {"COVERAGE": "SPACE_4", "REPEAT": "SPACE_1", "H2_ONLY": null, "FROZEN_V85": "SPACE_4"}, "outcomes": {"COVERAGE": "LOST", "REPEAT": "LOST", "H2_ONLY": "LOST", "FROZEN_V85": "LOST"}}
{"phase": "paired_games", "lifecycle": 2, "query": "risk_goal", "replica": 6, "scores": {"FROZEN_V85": 12476, "COVERAGE": 12476, "REPEAT": 5596, "H2_ONLY": 12476}, "options": {"FROZEN_V85": "H2", "COVERAGE": "H2", "REPEAT": "SPACE_4", "H2_ONLY": null}, "outcomes": {"FROZEN_V85": "LOST", "COVERAGE": "LOST", "REPEAT": "LOST", "H2_ONLY": "LOST"}}
{"phase": "paired_games", "lifecycle": 0, "query": "risk_goal", "replica": 6, "scores": {"REPEAT": 7632, "H2_ONLY": 7632, "FROZEN_V85": 7632, "COVERAGE": 7632}, "options": {"REPEAT": "H2", "H2_ONLY": null, "FROZEN_V85": "H2", "COVERAGE": "H2"}, "outcomes": {"REPEAT": "LOST", "H2_ONLY": "LOST", "FROZEN_V85": "LOST", "COVERAGE": "LOST"}}
{"phase": "paired_games", "lifecycle": 2, "query": "reward", "replica": 7, "scores": {"FROZEN_V85": 7240, "COVERAGE": 7240, "REPEAT": 6780, "H2_ONLY": 12160}, "options": {"FROZEN_V85": "SNAKE_4", "COVERAGE": "SNAKE_4", "REPEAT": "SPACE_4", "H2_ONLY": null}, "outcomes": {"FROZEN_V85": "LOST", "COVERAGE": "LOST", "REPEAT": "LOST", "H2_ONLY": "LOST"}}
{"phase": "paired_games", "lifecycle": 0, "query": "reward", "replica": 7, "scores": {"REPEAT": 6784, "H2_ONLY": 6784, "FROZEN_V85": 6784, "COVERAGE": 6784}, "options": {"REPEAT": "SPACE_1", "H2_ONLY": null, "FROZEN_V85": "H2", "COVERAGE": "SPACE_1"}, "outcomes": {"REPEAT": "LOST", "H2_ONLY": "LOST", "FROZEN_V85": "LOST", "COVERAGE": "LOST"}}
{"phase": "paired_games", "lifecycle": 0, "query": "risk_goal", "replica": 7, "scores": {"H2_ONLY": 6784, "FROZEN_V85": 5800, "COVERAGE": 5800, "REPEAT": 12460}, "options": {"H2_ONLY": null, "FROZEN_V85": "SNAKE_4", "COVERAGE": "SNAKE_4", "REPEAT": "SNAKE_1"}, "outcomes": {"H2_ONLY": "LOST", "FROZEN_V85": "LOST", "COVERAGE": "LOST", "REPEAT": "LOST"}}
{"phase": "paired_games", "lifecycle": 2, "query": "risk_goal", "replica": 7, "scores": {"COVERAGE": 12160, "REPEAT": 12160, "H2_ONLY": 12160, "FROZEN_V85": 12160}, "options": {"COVERAGE": "H2", "REPEAT": "H2", "H2_ONLY": null, "FROZEN_V85": "H2"}, "outcomes": {"COVERAGE": "LOST", "REPEAT": "LOST", "H2_ONLY": "LOST", "FROZEN_V85": "LOST"}}
{"phase": "complete", "seconds": 767.2013005070039}
