{"phase": "fresh_fit", "lifecycle": 11, "budget": 256000, "roots": 24, "transitions": 256000, "fits": 2, "losses": {"4": 0.9320785493843777, "16": 0.9320894047196524}}
{"phase": "fresh_fit", "lifecycle": 12, "budget": 256000, "roots": 23, "transitions": 256000, "fits": 2, "losses": {"4": 0.9759262767251649, "16": 0.9759338446726836}}
{"phase": "fresh_fit", "lifecycle": 14, "budget": 256000, "roots": 24, "transitions": 256000, "fits": 2, "losses": {"4": 0.9319559484531448, "16": 0.9319638652729242}}
{"phase": "fresh_fit", "lifecycle": 13, "budget": 256000, "roots": 23, "transitions": 256000, "fits": 2, "losses": {"4": 1.0437265136571834, "16": 1.0422805003574585}}
{"phase": "fresh_fit", "lifecycle": 14, "budget": 512000, "roots": 47, "transitions": 256000, "fits": 2, "losses": {"4": 0.8622861140548002, "16": 0.8534346121524161}}
{"phase": "fresh_fit", "lifecycle": 12, "budget": 512000, "roots": 46, "transitions": 256000, "fits": 2, "losses": {"4": 1.016026487157442, "16": 1.0158842955237875}}
{"phase": "fresh_fit", "lifecycle": 11, "budget": 512000, "roots": 48, "transitions": 256000, "fits": 2, "losses": {"4": 0.9746117456796579, "16": 0.9687965852082528}}
{"phase": "fresh_fit", "lifecycle": 13, "budget": 512000, "roots": 46, "transitions": 256000, "fits": 2, "losses": {"4": 0.955401283767872, "16": 0.9400049855832234}}
{"phase": "paired_games", "lifecycle": 14, "checkpoint": 512000, "query": "reward", "replica": 0, "scores": {"H2_ONLY": 3132, "PREFIX_ONLY_DIRECT": 3132, "R4_H4_UNIFORM_SHRINK_DIRECT": 3132, "R4_H16_UNIFORM_SHRINK_DIRECT": 7104, "R4_H4_UNIFORM_SHRINK_DIRECT_FROZEN_HALF": 7104, "R4_H16_UNIFORM_SHRINK_DIRECT_FROZEN_HALF": 7104}}
{"phase": "paired_games", "lifecycle": 12, "checkpoint": 512000, "query": "reward", "replica": 0, "scores": {"H2_ONLY": 5488, "PREFIX_ONLY_DIRECT": 3104, "R4_H4_UNIFORM_SHRINK_DIRECT": 7380, "R4_H16_UNIFORM_SHRINK_DIRECT": 5488, "R4_H4_UNIFORM_SHRINK_DIRECT_FROZEN_HALF": 7380, "R4_H16_UNIFORM_SHRINK_DIRECT_FROZEN_HALF": 5488}}
{"phase": "paired_games", "lifecycle": 11, "checkpoint": 512000, "query": "reward", "replica": 0, "scores": {"H2_ONLY": 3900, "PREFIX_ONLY_DIRECT": 7884, "R4_H4_UNIFORM_SHRINK_DIRECT": 12204, "R4_H16_UNIFORM_SHRINK_DIRECT": 6472, "R4_H4_UNIFORM_SHRINK_DIRECT_FROZEN_HALF": 6472, "R4_H16_UNIFORM_SHRINK_DIRECT_FROZEN_HALF": 7884}}
{"phase": "paired_games", "lifecycle": 13, "checkpoint": 512000, "query": "reward", "replica": 0, "scores": {"H2_ONLY": 3476, "PREFIX_ONLY_DIRECT": 3476, "R4_H4_UNIFORM_SHRINK_DIRECT": 7920, "R4_H16_UNIFORM_SHRINK_DIRECT": 14776, "R4_H4_UNIFORM_SHRINK_DIRECT_FROZEN_HALF": 7920, "R4_H16_UNIFORM_SHRINK_DIRECT_FROZEN_HALF": 14776}}
{"phase": "paired_games", "lifecycle": 14, "checkpoint": 512000, "query": "risk_goal", "replica": 0, "scores": {"H2_ONLY": 3140, "PREFIX_ONLY_DIRECT": 3140, "R4_H4_UNIFORM_SHRINK_DIRECT": 3080, "R4_H16_UNIFORM_SHRINK_DIRECT": 3140, "R4_H4_UNIFORM_SHRINK_DIRECT_FROZEN_HALF": 7308, "R4_H16_UNIFORM_SHRINK_DIRECT_FROZEN_HALF": 16136}}
{"phase": "paired_games", "lifecycle": 12, "checkpoint": 512000, "query": "risk_goal", "replica": 0, "scores": {"H2_ONLY": 5492, "PREFIX_ONLY_DIRECT": 6392, "R4_H4_UNIFORM_SHRINK_DIRECT": 5492, "R4_H16_UNIFORM_SHRINK_DIRECT": 6392, "R4_H4_UNIFORM_SHRINK_DIRECT_FROZEN_HALF": 7380, "R4_H16_UNIFORM_SHRINK_DIRECT_FROZEN_HALF": 5492}}
{"phase": "paired_games", "lifecycle": 11, "checkpoint": 512000, "query": "risk_goal", "replica": 0, "scores": {"H2_ONLY": 3900, "PREFIX_ONLY_DIRECT": 7788, "R4_H4_UNIFORM_SHRINK_DIRECT": 7984, "R4_H16_UNIFORM_SHRINK_DIRECT": 12244, "R4_H4_UNIFORM_SHRINK_DIRECT_FROZEN_HALF": 12244, "R4_H16_UNIFORM_SHRINK_DIRECT_FROZEN_HALF": 12244}}
{"phase": "paired_games", "lifecycle": 13, "checkpoint": 512000, "query": "risk_goal", "replica": 0, "scores": {"H2_ONLY": 7060, "PREFIX_ONLY_DIRECT": 7060, "R4_H4_UNIFORM_SHRINK_DIRECT": 3304, "R4_H16_UNIFORM_SHRINK_DIRECT": 14672, "R4_H4_UNIFORM_SHRINK_DIRECT_FROZEN_HALF": 7920, "R4_H16_UNIFORM_SHRINK_DIRECT_FROZEN_HALF": 14672}}
{"phase": "paired_games", "lifecycle": 14, "checkpoint": 512000, "query": "reward", "replica": 1, "scores": {"H2_ONLY": 7140, "PREFIX_ONLY_DIRECT": 5616, "R4_H4_UNIFORM_SHRINK_DIRECT": 5616, "R4_H16_UNIFORM_SHRINK_DIRECT": 5616, "R4_H4_UNIFORM_SHRINK_DIRECT_FROZEN_HALF": 7428, "R4_H16_UNIFORM_SHRINK_DIRECT_FROZEN_HALF": 7140}}
{"phase": "paired_games", "lifecycle": 12, "checkpoint": 512000, "query": "reward", "replica": 1, "scores": {"H2_ONLY": 7320, "PREFIX_ONLY_DIRECT": 7320, "R4_H4_UNIFORM_SHRINK_DIRECT": 2432, "R4_H16_UNIFORM_SHRINK_DIRECT": 7392, "R4_H4_UNIFORM_SHRINK_DIRECT_FROZEN_HALF": 7392, "R4_H16_UNIFORM_SHRINK_DIRECT_FROZEN_HALF": 7392}}
{"phase": "paired_games", "lifecycle": 11, "checkpoint": 512000, "query": "reward", "replica": 1, "scores": {"H2_ONLY": 1540, "PREFIX_ONLY_DIRECT": 7184, "R4_H4_UNIFORM_SHRINK_DIRECT": 6116, "R4_H16_UNIFORM_SHRINK_DIRECT": 6116, "R4_H4_UNIFORM_SHRINK_DIRECT_FROZEN_HALF": 6116, "R4_H16_UNIFORM_SHRINK_DIRECT_FROZEN_HALF": 6116}}
{"phase": "paired_games", "lifecycle": 13, "checkpoint": 512000, "query": "reward", "replica": 1, "scores": {"H2_ONLY": 12092, "PREFIX_ONLY_DIRECT": 12092, "R4_H4_UNIFORM_SHRINK_DIRECT": 7316, "R4_H16_UNIFORM_SHRINK_DIRECT": 7316, "R4_H4_UNIFORM_SHRINK_DIRECT_FROZEN_HALF": 12092, "R4_H16_UNIFORM_SHRINK_DIRECT_FROZEN_HALF": 12092}}
{"phase": "paired_games", "lifecycle": 14, "checkpoint": 512000, "query": "risk_goal", "replica": 1, "scores": {"H2_ONLY": 7140, "PREFIX_ONLY_DIRECT": 5616, "R4_H4_UNIFORM_SHRINK_DIRECT": 14416, "R4_H16_UNIFORM_SHRINK_DIRECT": 5616, "R4_H4_UNIFORM_SHRINK_DIRECT_FROZEN_HALF": 5616, "R4_H16_UNIFORM_SHRINK_DIRECT_FROZEN_HALF": 12248}}
{"phase": "paired_games", "lifecycle": 12, "checkpoint": 512000, "query": "risk_goal", "replica": 1, "scores": {"H2_ONLY": 7352, "PREFIX_ONLY_DIRECT": 7352, "R4_H4_UNIFORM_SHRINK_DIRECT": 7352, "R4_H16_UNIFORM_SHRINK_DIRECT": 7352, "R4_H4_UNIFORM_SHRINK_DIRECT_FROZEN_HALF": 7424, "R4_H16_UNIFORM_SHRINK_DIRECT_FROZEN_HALF": 7424}}
{"phase": "paired_games", "lifecycle": 11, "checkpoint": 512000, "query": "risk_goal", "replica": 1, "scores": {"H2_ONLY": 12512, "PREFIX_ONLY_DIRECT": 7476, "R4_H4_UNIFORM_SHRINK_DIRECT": 12188, "R4_H16_UNIFORM_SHRINK_DIRECT": 5268, "R4_H4_UNIFORM_SHRINK_DIRECT_FROZEN_HALF": 12188, "R4_H16_UNIFORM_SHRINK_DIRECT_FROZEN_HALF": 12188}}
{"phase": "paired_games", "lifecycle": 13, "checkpoint": 512000, "query": "risk_goal", "replica": 1, "scores": {"H2_ONLY": 12092, "PREFIX_ONLY_DIRECT": 12092, "R4_H4_UNIFORM_SHRINK_DIRECT": 7160, "R4_H16_UNIFORM_SHRINK_DIRECT": 7160, "R4_H4_UNIFORM_SHRINK_DIRECT_FROZEN_HALF": 12092, "R4_H16_UNIFORM_SHRINK_DIRECT_FROZEN_HALF": 12092}}
{"phase": "paired_games", "lifecycle": 12, "checkpoint": 512000, "query": "reward", "replica": 2, "scores": {"H2_ONLY": 5640, "PREFIX_ONLY_DIRECT": 5640, "R4_H4_UNIFORM_SHRINK_DIRECT": 5640, "R4_H16_UNIFORM_SHRINK_DIRECT": 7088, "R4_H4_UNIFORM_SHRINK_DIRECT_FROZEN_HALF": 5640, "R4_H16_UNIFORM_SHRINK_DIRECT_FROZEN_HALF": 4124}}
{"phase": "paired_games", "lifecycle": 14, "checkpoint": 512000, "query": "reward", "replica": 2, "scores": {"H2_ONLY": 15576, "PREFIX_ONLY_DIRECT": 7240, "R4_H4_UNIFORM_SHRINK_DIRECT": 7240, "R4_H16_UNIFORM_SHRINK_DIRECT": 14464, "R4_H4_UNIFORM_SHRINK_DIRECT_FROZEN_HALF": 7240, "R4_H16_UNIFORM_SHRINK_DIRECT_FROZEN_HALF": 14464}}
{"phase": "paired_games", "lifecycle": 11, "checkpoint": 512000, "query": "reward", "replica": 2, "scores": {"H2_ONLY": 7144, "PREFIX_ONLY_DIRECT": 7144, "R4_H4_UNIFORM_SHRINK_DIRECT": 7144, "R4_H16_UNIFORM_SHRINK_DIRECT": 7144, "R4_H4_UNIFORM_SHRINK_DIRECT_FROZEN_HALF": 7144, "R4_H16_UNIFORM_SHRINK_DIRECT_FROZEN_HALF": 7144}}
{"phase": "paired_games", "lifecycle": 13, "checkpoint": 512000, "query": "reward", "replica": 2, "scores": {"H2_ONLY": 6388, "PREFIX_ONLY_DIRECT": 6388, "R4_H4_UNIFORM_SHRINK_DIRECT": 7480, "R4_H16_UNIFORM_SHRINK_DIRECT": 7480, "R4_H4_UNIFORM_SHRINK_DIRECT_FROZEN_HALF": 6088, "R4_H16_UNIFORM_SHRINK_DIRECT_FROZEN_HALF": 8476}}
{"phase": "paired_games", "lifecycle": 12, "checkpoint": 512000, "query": "risk_goal", "replica": 2, "scores": {"H2_ONLY": 5640, "PREFIX_ONLY_DIRECT": 5640, "R4_H4_UNIFORM_SHRINK_DIRECT": 5640, "R4_H16_UNIFORM_SHRINK_DIRECT": 7088, "R4_H4_UNIFORM_SHRINK_DIRECT_FROZEN_HALF": 7088, "R4_H16_UNIFORM_SHRINK_DIRECT_FROZEN_HALF": 7088}}
{"phase": "paired_games", "lifecycle": 14, "checkpoint": 512000, "query": "risk_goal", "replica": 2, "scores": {"H2_ONLY": 7204, "PREFIX_ONLY_DIRECT": 7240, "R4_H4_UNIFORM_SHRINK_DIRECT": 14436, "R4_H16_UNIFORM_SHRINK_DIRECT": 14436, "R4_H4_UNIFORM_SHRINK_DIRECT_FROZEN_HALF": 7240, "R4_H16_UNIFORM_SHRINK_DIRECT_FROZEN_HALF": 14436}}
{"phase": "paired_games", "lifecycle": 11, "checkpoint": 512000, "query": "risk_goal", "replica": 2, "scores": {"H2_ONLY": 7188, "PREFIX_ONLY_DIRECT": 7188, "R4_H4_UNIFORM_SHRINK_DIRECT": 7188, "R4_H16_UNIFORM_SHRINK_DIRECT": 7188, "R4_H4_UNIFORM_SHRINK_DIRECT_FROZEN_HALF": 7188, "R4_H16_UNIFORM_SHRINK_DIRECT_FROZEN_HALF": 7188}}
{"phase": "paired_games", "lifecycle": 13, "checkpoint": 512000, "query": "risk_goal", "replica": 2, "scores": {"H2_ONLY": 6468, "PREFIX_ONLY_DIRECT": 7524, "R4_H4_UNIFORM_SHRINK_DIRECT": 6468, "R4_H16_UNIFORM_SHRINK_DIRECT": 7524, "R4_H4_UNIFORM_SHRINK_DIRECT_FROZEN_HALF": 7524, "R4_H16_UNIFORM_SHRINK_DIRECT_FROZEN_HALF": 7524}}
{"phase": "paired_games", "lifecycle": 12, "checkpoint": 512000, "query": "reward", "replica": 3, "scores": {"H2_ONLY": 3468, "PREFIX_ONLY_DIRECT": 7244, "R4_H4_UNIFORM_SHRINK_DIRECT": 7764, "R4_H16_UNIFORM_SHRINK_DIRECT": 7076, "R4_H4_UNIFORM_SHRINK_DIRECT_FROZEN_HALF": 7076, "R4_H16_UNIFORM_SHRINK_DIRECT_FROZEN_HALF": 7076}}
{"phase": "paired_games", "lifecycle": 11, "checkpoint": 512000, "query": "reward", "replica": 3, "scores": {"H2_ONLY": 5416, "PREFIX_ONLY_DIRECT": 5416, "R4_H4_UNIFORM_SHRINK_DIRECT": 7568, "R4_H16_UNIFORM_SHRINK_DIRECT": 7568, "R4_H4_UNIFORM_SHRINK_DIRECT_FROZEN_HALF": 12860, "R4_H16_UNIFORM_SHRINK_DIRECT_FROZEN_HALF": 5416}}
{"phase": "paired_games", "lifecycle": 14, "checkpoint": 512000, "query": "reward", "replica": 3, "scores": {"H2_ONLY": 12724, "PREFIX_ONLY_DIRECT": 12724, "R4_H4_UNIFORM_SHRINK_DIRECT": 10848, "R4_H16_UNIFORM_SHRINK_DIRECT": 10848, "R4_H4_UNIFORM_SHRINK_DIRECT_FROZEN_HALF": 12724, "R4_H16_UNIFORM_SHRINK_DIRECT_FROZEN_HALF": 10432}}
{"phase": "paired_games", "lifecycle": 13, "checkpoint": 512000, "query": "reward", "replica": 3, "scores": {"H2_ONLY": 12060, "PREFIX_ONLY_DIRECT": 6592, "R4_H4_UNIFORM_SHRINK_DIRECT": 12060, "R4_H16_UNIFORM_SHRINK_DIRECT": 12060, "R4_H4_UNIFORM_SHRINK_DIRECT_FROZEN_HALF": 12060, "R4_H16_UNIFORM_SHRINK_DIRECT_FROZEN_HALF": 6592}}
{"phase": "paired_games", "lifecycle": 12, "checkpoint": 512000, "query": "risk_goal", "replica": 3, "scores": {"H2_ONLY": 7804, "PREFIX_ONLY_DIRECT": 7172, "R4_H4_UNIFORM_SHRINK_DIRECT": 7804, "R4_H16_UNIFORM_SHRINK_DIRECT": 7076, "R4_H4_UNIFORM_SHRINK_DIRECT_FROZEN_HALF": 7076, "R4_H16_UNIFORM_SHRINK_DIRECT_FROZEN_HALF": 12648}}
{"phase": "paired_games", "lifecycle": 14, "checkpoint": 512000, "query": "risk_goal", "replica": 3, "scores": {"H2_ONLY": 3388, "PREFIX_ONLY_DIRECT": 3388, "R4_H4_UNIFORM_SHRINK_DIRECT": 16004, "R4_H16_UNIFORM_SHRINK_DIRECT": 3388, "R4_H4_UNIFORM_SHRINK_DIRECT_FROZEN_HALF": 3388, "R4_H16_UNIFORM_SHRINK_DIRECT_FROZEN_HALF": 3388}}
{"phase": "paired_games", "lifecycle": 11, "checkpoint": 512000, "query": "risk_goal", "replica": 3, "scores": {"H2_ONLY": 5452, "PREFIX_ONLY_DIRECT": 5452, "R4_H4_UNIFORM_SHRINK_DIRECT": 7464, "R4_H16_UNIFORM_SHRINK_DIRECT": 7464, "R4_H4_UNIFORM_SHRINK_DIRECT_FROZEN_HALF": 12860, "R4_H16_UNIFORM_SHRINK_DIRECT_FROZEN_HALF": 5452}}
{"phase": "paired_games", "lifecycle": 12, "checkpoint": 512000, "query": "reward", "replica": 4, "scores": {"H2_ONLY": 7776, "PREFIX_ONLY_DIRECT": 7776, "R4_H4_UNIFORM_SHRINK_DIRECT": 7232, "R4_H16_UNIFORM_SHRINK_DIRECT": 7200, "R4_H4_UNIFORM_SHRINK_DIRECT_FROZEN_HALF": 7200, "R4_H16_UNIFORM_SHRINK_DIRECT_FROZEN_HALF": 7232}}
{"phase": "paired_games", "lifecycle": 13, "checkpoint": 512000, "query": "risk_goal", "replica": 3, "scores": {"H2_ONLY": 14324, "PREFIX_ONLY_DIRECT": 6592, "R4_H4_UNIFORM_SHRINK_DIRECT": 14324, "R4_H16_UNIFORM_SHRINK_DIRECT": 14324, "R4_H4_UNIFORM_SHRINK_DIRECT_FROZEN_HALF": 14324, "R4_H16_UNIFORM_SHRINK_DIRECT_FROZEN_HALF": 14324}}
{"phase": "paired_games", "lifecycle": 14, "checkpoint": 512000, "query": "reward", "replica": 4, "scores": {"H2_ONLY": 6892, "PREFIX_ONLY_DIRECT": 6892, "R4_H4_UNIFORM_SHRINK_DIRECT": 15880, "R4_H16_UNIFORM_SHRINK_DIRECT": 10428, "R4_H4_UNIFORM_SHRINK_DIRECT_FROZEN_HALF": 15880, "R4_H16_UNIFORM_SHRINK_DIRECT_FROZEN_HALF": 7284}}
{"phase": "paired_games", "lifecycle": 11, "checkpoint": 512000, "query": "reward", "replica": 4, "scores": {"H2_ONLY": 10944, "PREFIX_ONLY_DIRECT": 7140, "R4_H4_UNIFORM_SHRINK_DIRECT": 7140, "R4_H16_UNIFORM_SHRINK_DIRECT": 7140, "R4_H4_UNIFORM_SHRINK_DIRECT_FROZEN_HALF": 10944, "R4_H16_UNIFORM_SHRINK_DIRECT_FROZEN_HALF": 11696}}
{"phase": "paired_games", "lifecycle": 12, "checkpoint": 512000, "query": "risk_goal", "replica": 4, "scores": {"H2_ONLY": 7800, "PREFIX_ONLY_DIRECT": 7800, "R4_H4_UNIFORM_SHRINK_DIRECT": 10648, "R4_H16_UNIFORM_SHRINK_DIRECT": 10648, "R4_H4_UNIFORM_SHRINK_DIRECT_FROZEN_HALF": 10648, "R4_H16_UNIFORM_SHRINK_DIRECT_FROZEN_HALF": 3196}}
{"phase": "paired_games", "lifecycle": 13, "checkpoint": 512000, "query": "reward", "replica": 4, "scores": {"H2_ONLY": 14060, "PREFIX_ONLY_DIRECT": 14060, "R4_H4_UNIFORM_SHRINK_DIRECT": 15844, "R4_H16_UNIFORM_SHRINK_DIRECT": 7072, "R4_H4_UNIFORM_SHRINK_DIRECT_FROZEN_HALF": 7072, "R4_H16_UNIFORM_SHRINK_DIRECT_FROZEN_HALF": 7072}}
{"phase": "paired_games", "lifecycle": 14, "checkpoint": 512000, "query": "risk_goal", "replica": 4, "scores": {"H2_ONLY": 7760, "PREFIX_ONLY_DIRECT": 7760, "R4_H4_UNIFORM_SHRINK_DIRECT": 20292, "R4_H16_UNIFORM_SHRINK_DIRECT": 7912, "R4_H4_UNIFORM_SHRINK_DIRECT_FROZEN_HALF": 7912, "R4_H16_UNIFORM_SHRINK_DIRECT_FROZEN_HALF": 20292}}
{"phase": "paired_games", "lifecycle": 12, "checkpoint": 512000, "query": "reward", "replica": 5, "scores": {"H2_ONLY": 5544, "PREFIX_ONLY_DIRECT": 5544, "R4_H4_UNIFORM_SHRINK_DIRECT": 5048, "R4_H16_UNIFORM_SHRINK_DIRECT": 5544, "R4_H4_UNIFORM_SHRINK_DIRECT_FROZEN_HALF": 5048, "R4_H16_UNIFORM_SHRINK_DIRECT_FROZEN_HALF": 5048}}
{"phase": "paired_games", "lifecycle": 11, "checkpoint": 512000, "query": "risk_goal", "replica": 4, "scores": {"H2_ONLY": 12148, "PREFIX_ONLY_DIRECT": 12220, "R4_H4_UNIFORM_SHRINK_DIRECT": 12220, "R4_H16_UNIFORM_SHRINK_DIRECT": 12220, "R4_H4_UNIFORM_SHRINK_DIRECT_FROZEN_HALF": 12148, "R4_H16_UNIFORM_SHRINK_DIRECT_FROZEN_HALF": 11696}}
{"phase": "paired_games", "lifecycle": 13, "checkpoint": 512000, "query": "risk_goal", "replica": 4, "scores": {"H2_ONLY": 14060, "PREFIX_ONLY_DIRECT": 14060, "R4_H4_UNIFORM_SHRINK_DIRECT": 11672, "R4_H16_UNIFORM_SHRINK_DIRECT": 11672, "R4_H4_UNIFORM_SHRINK_DIRECT_FROZEN_HALF": 7072, "R4_H16_UNIFORM_SHRINK_DIRECT_FROZEN_HALF": 11672}}
{"phase": "paired_games", "lifecycle": 12, "checkpoint": 512000, "query": "risk_goal", "replica": 5, "scores": {"H2_ONLY": 5548, "PREFIX_ONLY_DIRECT": 5548, "R4_H4_UNIFORM_SHRINK_DIRECT": 5048, "R4_H16_UNIFORM_SHRINK_DIRECT": 5548, "R4_H4_UNIFORM_SHRINK_DIRECT_FROZEN_HALF": 5548, "R4_H16_UNIFORM_SHRINK_DIRECT_FROZEN_HALF": 5548}}
{"phase": "paired_games", "lifecycle": 11, "checkpoint": 512000, "query": "reward", "replica": 5, "scores": {"H2_ONLY": 5408, "PREFIX_ONLY_DIRECT": 5408, "R4_H4_UNIFORM_SHRINK_DIRECT": 11468, "R4_H16_UNIFORM_SHRINK_DIRECT": 11976, "R4_H4_UNIFORM_SHRINK_DIRECT_FROZEN_HALF": 11976, "R4_H16_UNIFORM_SHRINK_DIRECT_FROZEN_HALF": 11976}}
{"phase": "paired_games", "lifecycle": 14, "checkpoint": 512000, "query": "reward", "replica": 5, "scores": {"H2_ONLY": 7172, "PREFIX_ONLY_DIRECT": 7172, "R4_H4_UNIFORM_SHRINK_DIRECT": 15388, "R4_H16_UNIFORM_SHRINK_DIRECT": 12212, "R4_H4_UNIFORM_SHRINK_DIRECT_FROZEN_HALF": 12212, "R4_H16_UNIFORM_SHRINK_DIRECT_FROZEN_HALF": 12212}}
{"phase": "paired_games", "lifecycle": 12, "checkpoint": 512000, "query": "reward", "replica": 6, "scores": {"H2_ONLY": 7196, "PREFIX_ONLY_DIRECT": 7180, "R4_H4_UNIFORM_SHRINK_DIRECT": 7196, "R4_H16_UNIFORM_SHRINK_DIRECT": 7196, "R4_H4_UNIFORM_SHRINK_DIRECT_FROZEN_HALF": 7180, "R4_H16_UNIFORM_SHRINK_DIRECT_FROZEN_HALF": 7180}}
{"phase": "paired_games", "lifecycle": 13, "checkpoint": 512000, "query": "reward", "replica": 5, "scores": {"H2_ONLY": 16224, "PREFIX_ONLY_DIRECT": 16224, "R4_H4_UNIFORM_SHRINK_DIRECT": 16224, "R4_H16_UNIFORM_SHRINK_DIRECT": 16224, "R4_H4_UNIFORM_SHRINK_DIRECT_FROZEN_HALF": 16224, "R4_H16_UNIFORM_SHRINK_DIRECT_FROZEN_HALF": 16224}}
{"phase": "paired_games", "lifecycle": 11, "checkpoint": 512000, "query": "risk_goal", "replica": 5, "scores": {"H2_ONLY": 5732, "PREFIX_ONLY_DIRECT": 8824, "R4_H4_UNIFORM_SHRINK_DIRECT": 11984, "R4_H16_UNIFORM_SHRINK_DIRECT": 11984, "R4_H4_UNIFORM_SHRINK_DIRECT_FROZEN_HALF": 11984, "R4_H16_UNIFORM_SHRINK_DIRECT_FROZEN_HALF": 11984}}
{"phase": "paired_games", "lifecycle": 14, "checkpoint": 512000, "query": "risk_goal", "replica": 5, "scores": {"H2_ONLY": 7356, "PREFIX_ONLY_DIRECT": 7356, "R4_H4_UNIFORM_SHRINK_DIRECT": 12212, "R4_H16_UNIFORM_SHRINK_DIRECT": 12212, "R4_H4_UNIFORM_SHRINK_DIRECT_FROZEN_HALF": 20304, "R4_H16_UNIFORM_SHRINK_DIRECT_FROZEN_HALF": 12212}}
{"phase": "paired_games", "lifecycle": 12, "checkpoint": 512000, "query": "risk_goal", "replica": 6, "scores": {"H2_ONLY": 7196, "PREFIX_ONLY_DIRECT": 7180, "R4_H4_UNIFORM_SHRINK_DIRECT": 7196, "R4_H16_UNIFORM_SHRINK_DIRECT": 7196, "R4_H4_UNIFORM_SHRINK_DIRECT_FROZEN_HALF": 7196, "R4_H16_UNIFORM_SHRINK_DIRECT_FROZEN_HALF": 7196}}
{"phase": "paired_games", "lifecycle": 14, "checkpoint": 512000, "query": "reward", "replica": 6, "scores": {"H2_ONLY": 15504, "PREFIX_ONLY_DIRECT": 5472, "R4_H4_UNIFORM_SHRINK_DIRECT": 12292, "R4_H16_UNIFORM_SHRINK_DIRECT": 5472, "R4_H4_UNIFORM_SHRINK_DIRECT_FROZEN_HALF": 5472, "R4_H16_UNIFORM_SHRINK_DIRECT_FROZEN_HALF": 15504}}
{"phase": "paired_games", "lifecycle": 11, "checkpoint": 512000, "query": "reward", "replica": 6, "scores": {"H2_ONLY": 16364, "PREFIX_ONLY_DIRECT": 16364, "R4_H4_UNIFORM_SHRINK_DIRECT": 6484, "R4_H16_UNIFORM_SHRINK_DIRECT": 10944, "R4_H4_UNIFORM_SHRINK_DIRECT_FROZEN_HALF": 10944, "R4_H16_UNIFORM_SHRINK_DIRECT_FROZEN_HALF": 10944}}
{"phase": "paired_games", "lifecycle": 13, "checkpoint": 512000, "query": "risk_goal", "replica": 5, "scores": {"H2_ONLY": 16224, "PREFIX_ONLY_DIRECT": 16224, "R4_H4_UNIFORM_SHRINK_DIRECT": 16224, "R4_H16_UNIFORM_SHRINK_DIRECT": 16224, "R4_H4_UNIFORM_SHRINK_DIRECT_FROZEN_HALF": 16224, "R4_H16_UNIFORM_SHRINK_DIRECT_FROZEN_HALF": 16224}}
{"phase": "paired_games", "lifecycle": 12, "checkpoint": 512000, "query": "reward", "replica": 7, "scores": {"H2_ONLY": 12184, "PREFIX_ONLY_DIRECT": 12184, "R4_H4_UNIFORM_SHRINK_DIRECT": 12184, "R4_H16_UNIFORM_SHRINK_DIRECT": 7092, "R4_H4_UNIFORM_SHRINK_DIRECT_FROZEN_HALF": 7092, "R4_H16_UNIFORM_SHRINK_DIRECT_FROZEN_HALF": 7092}}
{"phase": "paired_games", "lifecycle": 14, "checkpoint": 512000, "query": "risk_goal", "replica": 6, "scores": {"H2_ONLY": 15504, "PREFIX_ONLY_DIRECT": 6056, "R4_H4_UNIFORM_SHRINK_DIRECT": 12292, "R4_H16_UNIFORM_SHRINK_DIRECT": 15504, "R4_H4_UNIFORM_SHRINK_DIRECT_FROZEN_HALF": 6056, "R4_H16_UNIFORM_SHRINK_DIRECT_FROZEN_HALF": 15504}}
{"phase": "paired_games", "lifecycle": 13, "checkpoint": 512000, "query": "reward", "replica": 6, "scores": {"H2_ONLY": 12252, "PREFIX_ONLY_DIRECT": 12252, "R4_H4_UNIFORM_SHRINK_DIRECT": 7196, "R4_H16_UNIFORM_SHRINK_DIRECT": 7196, "R4_H4_UNIFORM_SHRINK_DIRECT_FROZEN_HALF": 6684, "R4_H16_UNIFORM_SHRINK_DIRECT_FROZEN_HALF": 7196}}
{"phase": "paired_games", "lifecycle": 11, "checkpoint": 512000, "query": "risk_goal", "replica": 6, "scores": {"H2_ONLY": 16364, "PREFIX_ONLY_DIRECT": 16364, "R4_H4_UNIFORM_SHRINK_DIRECT": 16364, "R4_H16_UNIFORM_SHRINK_DIRECT": 10944, "R4_H4_UNIFORM_SHRINK_DIRECT_FROZEN_HALF": 10944, "R4_H16_UNIFORM_SHRINK_DIRECT_FROZEN_HALF": 10944}}
{"phase": "paired_games", "lifecycle": 12, "checkpoint": 512000, "query": "risk_goal", "replica": 7, "scores": {"H2_ONLY": 12184, "PREFIX_ONLY_DIRECT": 12184, "R4_H4_UNIFORM_SHRINK_DIRECT": 7112, "R4_H16_UNIFORM_SHRINK_DIRECT": 7112, "R4_H4_UNIFORM_SHRINK_DIRECT_FROZEN_HALF": 7112, "R4_H16_UNIFORM_SHRINK_DIRECT_FROZEN_HALF": 15472}}
{"phase": "paired_games", "lifecycle": 14, "checkpoint": 512000, "query": "reward", "replica": 7, "scores": {"H2_ONLY": 6868, "PREFIX_ONLY_DIRECT": 6868, "R4_H4_UNIFORM_SHRINK_DIRECT": 6868, "R4_H16_UNIFORM_SHRINK_DIRECT": 14004, "R4_H4_UNIFORM_SHRINK_DIRECT_FROZEN_HALF": 14004, "R4_H16_UNIFORM_SHRINK_DIRECT_FROZEN_HALF": 6868}}
{"phase": "paired_games", "lifecycle": 13, "checkpoint": 512000, "query": "risk_goal", "replica": 6, "scores": {"H2_ONLY": 12264, "PREFIX_ONLY_DIRECT": 12264, "R4_H4_UNIFORM_SHRINK_DIRECT": 7196, "R4_H16_UNIFORM_SHRINK_DIRECT": 6716, "R4_H4_UNIFORM_SHRINK_DIRECT_FROZEN_HALF": 12264, "R4_H16_UNIFORM_SHRINK_DIRECT_FROZEN_HALF": 7196}}
{"phase": "paired_games", "lifecycle": 11, "checkpoint": 512000, "query": "reward", "replica": 7, "scores": {"H2_ONLY": 5220, "PREFIX_ONLY_DIRECT": 5220, "R4_H4_UNIFORM_SHRINK_DIRECT": 5220, "R4_H16_UNIFORM_SHRINK_DIRECT": 11424, "R4_H4_UNIFORM_SHRINK_DIRECT_FROZEN_HALF": 11424, "R4_H16_UNIFORM_SHRINK_DIRECT_FROZEN_HALF": 11424}}
{"phase": "paired_games", "lifecycle": 13, "checkpoint": 512000, "query": "reward", "replica": 7, "scores": {"H2_ONLY": 7076, "PREFIX_ONLY_DIRECT": 7076, "R4_H4_UNIFORM_SHRINK_DIRECT": 7076, "R4_H16_UNIFORM_SHRINK_DIRECT": 6532, "R4_H4_UNIFORM_SHRINK_DIRECT_FROZEN_HALF": 7076, "R4_H16_UNIFORM_SHRINK_DIRECT_FROZEN_HALF": 6532}}
{"phase": "paired_games", "lifecycle": 14, "checkpoint": 512000, "query": "risk_goal", "replica": 7, "scores": {"H2_ONLY": 6868, "PREFIX_ONLY_DIRECT": 6868, "R4_H4_UNIFORM_SHRINK_DIRECT": 6868, "R4_H16_UNIFORM_SHRINK_DIRECT": 14020, "R4_H4_UNIFORM_SHRINK_DIRECT_FROZEN_HALF": 6868, "R4_H16_UNIFORM_SHRINK_DIRECT_FROZEN_HALF": 6868}}
{"phase": "paired_games", "lifecycle": 11, "checkpoint": 512000, "query": "risk_goal", "replica": 7, "scores": {"H2_ONLY": 10772, "PREFIX_ONLY_DIRECT": 10772, "R4_H4_UNIFORM_SHRINK_DIRECT": 11424, "R4_H16_UNIFORM_SHRINK_DIRECT": 11424, "R4_H4_UNIFORM_SHRINK_DIRECT_FROZEN_HALF": 11424, "R4_H16_UNIFORM_SHRINK_DIRECT_FROZEN_HALF": 11424}}
{"phase": "paired_games", "lifecycle": 13, "checkpoint": 512000, "query": "risk_goal", "replica": 7, "scores": {"H2_ONLY": 16476, "PREFIX_ONLY_DIRECT": 16476, "R4_H4_UNIFORM_SHRINK_DIRECT": 16476, "R4_H16_UNIFORM_SHRINK_DIRECT": 16476, "R4_H4_UNIFORM_SHRINK_DIRECT_FROZEN_HALF": 6532, "R4_H16_UNIFORM_SHRINK_DIRECT_FROZEN_HALF": 12320}}
{"phase": "independent_reference", "lifecycle": 12, "query": "reward", "episode": 0, "completed": 1, "expected": 64, "complete": true, "transitions": 75189}
{"phase": "independent_reference", "lifecycle": 12, "query": "risk_goal", "episode": 0, "completed": 2, "expected": 64, "complete": true, "transitions": 77226}
{"phase": "independent_reference", "lifecycle": 12, "query": "reward", "episode": 1, "completed": 3, "expected": 64, "complete": true, "transitions": 77945}
{"phase": "independent_reference", "lifecycle": 12, "query": "risk_goal", "episode": 1, "completed": 4, "expected": 64, "complete": true, "transitions": 85174}
{"phase": "independent_reference", "lifecycle": 12, "query": "reward", "episode": 2, "completed": 5, "expected": 64, "complete": true, "transitions": 77307}
{"phase": "independent_reference", "lifecycle": 12, "query": "reward", "episode": 3, "completed": 6, "expected": 64, "complete": true, "transitions": 79356}
{"phase": "independent_reference", "lifecycle": 12, "query": "risk_goal", "episode": 3, "completed": 7, "expected": 64, "complete": true, "transitions": 83013}
{"phase": "independent_reference", "lifecycle": 12, "query": "risk_goal", "episode": 2, "completed": 8, "expected": 64, "complete": true, "transitions": 90323}
{"phase": "independent_reference", "lifecycle": 12, "query": "reward", "episode": 4, "completed": 9, "expected": 64, "complete": true, "transitions": 74145}
{"phase": "independent_reference", "lifecycle": 12, "query": "risk_goal", "episode": 4, "completed": 10, "expected": 64, "complete": true, "transitions": 84975}
{"phase": "independent_reference", "lifecycle": 12, "query": "reward", "episode": 5, "completed": 11, "expected": 64, "complete": true, "transitions": 80929}
{"phase": "independent_reference", "lifecycle": 12, "query": "risk_goal", "episode": 5, "completed": 12, "expected": 64, "complete": true, "transitions": 87772}
{"phase": "independent_reference", "lifecycle": 12, "query": "reward", "episode": 6, "completed": 13, "expected": 64, "complete": true, "transitions": 76950}
{"phase": "independent_reference", "lifecycle": 12, "query": "reward", "episode": 7, "completed": 14, "expected": 64, "complete": true, "transitions": 73343}
{"phase": "independent_reference", "lifecycle": 12, "query": "risk_goal", "episode": 7, "completed": 15, "expected": 64, "complete": true, "transitions": 76433}
{"phase": "independent_reference", "lifecycle": 12, "query": "risk_goal", "episode": 6, "completed": 16, "expected": 64, "complete": true, "transitions": 87825}
{"phase": "independent_reference", "lifecycle": 14, "query": "reward", "episode": 0, "completed": 17, "expected": 64, "complete": true, "transitions": 75094}
{"phase": "independent_reference", "lifecycle": 14, "query": "risk_goal", "episode": 0, "completed": 18, "expected": 64, "complete": true, "transitions": 79817}
{"phase": "independent_reference", "lifecycle": 14, "query": "reward", "episode": 1, "completed": 19, "expected": 64, "complete": true, "transitions": 70365}
{"phase": "independent_reference", "lifecycle": 14, "query": "risk_goal", "episode": 1, "completed": 20, "expected": 64, "complete": true, "transitions": 81036}
{"phase": "independent_reference", "lifecycle": 14, "query": "reward", "episode": 2, "completed": 21, "expected": 64, "complete": true, "transitions": 84719}
{"phase": "independent_reference", "lifecycle": 14, "query": "reward", "episode": 3, "completed": 22, "expected": 64, "complete": true, "transitions": 75646}
{"phase": "independent_reference", "lifecycle": 14, "query": "risk_goal", "episode": 2, "completed": 23, "expected": 64, "complete": true, "transitions": 94031}
{"phase": "independent_reference", "lifecycle": 14, "query": "risk_goal", "episode": 3, "completed": 24, "expected": 64, "complete": true, "transitions": 89577}
{"phase": "independent_reference", "lifecycle": 14, "query": "reward", "episode": 4, "completed": 25, "expected": 64, "complete": true, "transitions": 75043}
{"phase": "independent_reference", "lifecycle": 14, "query": "risk_goal", "episode": 4, "completed": 26, "expected": 64, "complete": true, "transitions": 84924}
{"phase": "independent_reference", "lifecycle": 14, "query": "reward", "episode": 5, "completed": 27, "expected": 64, "complete": true, "transitions": 80739}
{"phase": "independent_reference", "lifecycle": 14, "query": "risk_goal", "episode": 5, "completed": 28, "expected": 64, "complete": true, "transitions": 83539}
{"phase": "independent_reference", "lifecycle": 14, "query": "reward", "episode": 6, "completed": 29, "expected": 64, "complete": true, "transitions": 79371}
{"phase": "independent_reference", "lifecycle": 14, "query": "risk_goal", "episode": 6, "completed": 30, "expected": 64, "complete": true, "transitions": 82820}
{"phase": "independent_reference", "lifecycle": 14, "query": "reward", "episode": 7, "completed": 31, "expected": 64, "complete": true, "transitions": 76390}
{"phase": "independent_reference", "lifecycle": 14, "query": "risk_goal", "episode": 7, "completed": 32, "expected": 64, "complete": true, "transitions": 77716}
{"phase": "independent_reference", "lifecycle": 11, "query": "reward", "episode": 0, "completed": 33, "expected": 64, "complete": true, "transitions": 85554}
{"phase": "independent_reference", "lifecycle": 11, "query": "reward", "episode": 1, "completed": 34, "expected": 64, "complete": true, "transitions": 77937}
{"phase": "independent_reference", "lifecycle": 11, "query": "risk_goal", "episode": 0, "completed": 35, "expected": 64, "complete": true, "transitions": 84486}
{"phase": "independent_reference", "lifecycle": 11, "query": "risk_goal", "episode": 1, "completed": 36, "expected": 64, "complete": true, "transitions": 82546}
{"phase": "independent_reference", "lifecycle": 11, "query": "reward", "episode": 2, "completed": 37, "expected": 64, "complete": true, "transitions": 86830}
{"phase": "independent_reference", "lifecycle": 11, "query": "reward", "episode": 3, "completed": 38, "expected": 64, "complete": true, "transitions": 83556}
{"phase": "independent_reference", "lifecycle": 11, "query": "risk_goal", "episode": 2, "completed": 39, "expected": 64, "complete": true, "transitions": 91541}
{"phase": "independent_reference", "lifecycle": 11, "query": "risk_goal", "episode": 3, "completed": 40, "expected": 64, "complete": true, "transitions": 85035}
{"phase": "independent_reference", "lifecycle": 11, "query": "reward", "episode": 4, "completed": 41, "expected": 64, "complete": true, "transitions": 80763}
{"phase": "independent_reference", "lifecycle": 11, "query": "reward", "episode": 5, "completed": 42, "expected": 64, "complete": true, "transitions": 74684}
{"phase": "independent_reference", "lifecycle": 11, "query": "risk_goal", "episode": 4, "completed": 43, "expected": 64, "complete": true, "transitions": 81148}
{"phase": "independent_reference", "lifecycle": 11, "query": "risk_goal", "episode": 5, "completed": 44, "expected": 64, "complete": true, "transitions": 85239}
{"phase": "independent_reference", "lifecycle": 11, "query": "reward", "episode": 6, "completed": 45, "expected": 64, "complete": true, "transitions": 76602}
{"phase": "independent_reference", "lifecycle": 11, "query": "reward", "episode": 7, "completed": 46, "expected": 64, "complete": true, "transitions": 80464}
{"phase": "independent_reference", "lifecycle": 11, "query": "risk_goal", "episode": 6, "completed": 47, "expected": 64, "complete": true, "transitions": 86292}
{"phase": "independent_reference", "lifecycle": 11, "query": "risk_goal", "episode": 7, "completed": 48, "expected": 64, "complete": true, "transitions": 83695}
{"phase": "independent_reference", "lifecycle": 13, "query": "reward", "episode": 0, "completed": 49, "expected": 64, "complete": true, "transitions": 82012}
{"phase": "independent_reference", "lifecycle": 13, "query": "risk_goal", "episode": 0, "completed": 50, "expected": 64, "complete": true, "transitions": 84259}
{"phase": "independent_reference", "lifecycle": 13, "query": "reward", "episode": 1, "completed": 51, "expected": 64, "complete": true, "transitions": 83612}
{"phase": "independent_reference", "lifecycle": 13, "query": "risk_goal", "episode": 1, "completed": 52, "expected": 64, "complete": true, "transitions": 84786}
{"phase": "independent_reference", "lifecycle": 13, "query": "reward", "episode": 2, "completed": 53, "expected": 64, "complete": true, "transitions": 78139}
{"phase": "independent_reference", "lifecycle": 13, "query": "risk_goal", "episode": 2, "completed": 54, "expected": 64, "complete": true, "transitions": 83003}
{"phase": "independent_reference", "lifecycle": 13, "query": "reward", "episode": 3, "completed": 55, "expected": 64, "complete": true, "transitions": 81974}
{"phase": "independent_reference", "lifecycle": 13, "query": "risk_goal", "episode": 3, "completed": 56, "expected": 64, "complete": true, "transitions": 83010}
{"phase": "independent_reference", "lifecycle": 13, "query": "reward", "episode": 4, "completed": 57, "expected": 64, "complete": true, "transitions": 85497}
{"phase": "independent_reference", "lifecycle": 13, "query": "risk_goal", "episode": 4, "completed": 58, "expected": 64, "complete": true, "transitions": 79524}
{"phase": "independent_reference", "lifecycle": 13, "query": "reward", "episode": 5, "completed": 59, "expected": 64, "complete": true, "transitions": 78601}
{"phase": "independent_reference", "lifecycle": 13, "query": "risk_goal", "episode": 5, "completed": 60, "expected": 64, "complete": true, "transitions": 82326}
{"phase": "independent_reference", "lifecycle": 13, "query": "reward", "episode": 6, "completed": 61, "expected": 64, "complete": true, "transitions": 79430}
{"phase": "independent_reference", "lifecycle": 13, "query": "reward", "episode": 7, "completed": 62, "expected": 64, "complete": true, "transitions": 78555}
{"phase": "independent_reference", "lifecycle": 13, "query": "risk_goal", "episode": 6, "completed": 63, "expected": 64, "complete": true, "transitions": 87202}
{"phase": "independent_reference", "lifecycle": 13, "query": "risk_goal", "episode": 7, "completed": 64, "expected": 64, "complete": true, "transitions": 85617}
{"phase": "complete", "seconds": 1949.2651261819992}
