{"event": "learner_frozen", "life": 0, "query": "risk1", "train_roots": 16}
{"event": "learner_frozen", "life": 2, "query": "risk1", "train_roots": 16}
{"event": "learner_frozen", "life": 3, "query": "risk1", "train_roots": 16}
{"event": "learner_frozen", "life": 1, "query": "risk1", "train_roots": 16}
{"event": "learner_frozen", "life": 0, "query": "risk8", "train_roots": 16}
{"event": "learner_frozen", "life": 2, "query": "risk8", "train_roots": 16}
{"event": "learner_frozen", "life": 3, "query": "risk8", "train_roots": 16}
{"event": "learner_frozen", "life": 1, "query": "risk8", "train_roots": 16}
{"event": "control_complete", "life": 0, "query": "risk1", "method": "H2"}
{"event": "control_complete", "life": 3, "query": "risk1", "method": "H2"}
{"event": "control_complete", "life": 2, "query": "risk1", "method": "H2"}
{"event": "control_complete", "life": 1, "query": "risk1", "method": "H2"}
{"event": "control_complete", "life": 0, "query": "risk1", "method": "ZERO"}
{"event": "control_complete", "life": 3, "query": "risk1", "method": "ZERO"}
{"event": "control_complete", "life": 1, "query": "risk1", "method": "ZERO"}
{"event": "control_complete", "life": 2, "query": "risk1", "method": "ZERO"}
{"event": "control_complete", "life": 0, "query": "risk1", "method": "LEARNED"}
{"event": "control_complete", "life": 3, "query": "risk1", "method": "LEARNED"}
{"event": "control_complete", "life": 1, "query": "risk1", "method": "LEARNED"}
{"event": "control_complete", "life": 2, "query": "risk1", "method": "LEARNED"}
{"event": "control_complete", "life": 0, "query": "risk8", "method": "H2"}
{"event": "control_complete", "life": 3, "query": "risk8", "method": "H2"}
{"event": "control_complete", "life": 1, "query": "risk8", "method": "H2"}
{"event": "control_complete", "life": 2, "query": "risk8", "method": "H2"}
{"event": "control_complete", "life": 3, "query": "risk8", "method": "ZERO"}
{"event": "control_complete", "life": 0, "query": "risk8", "method": "ZERO"}
{"event": "control_complete", "life": 1, "query": "risk8", "method": "ZERO"}
{"event": "control_complete", "life": 2, "query": "risk8", "method": "ZERO"}
{"event": "control_complete", "life": 3, "query": "risk8", "method": "LEARNED"}
{"event": "control_complete", "life": 0, "query": "risk8", "method": "LEARNED"}
{"event": "control_complete", "life": 1, "query": "risk8", "method": "LEARNED"}
{"event": "control_complete", "life": 2, "query": "risk8", "method": "LEARNED"}
{"status": "complete", "seconds": 36.707487850999314}
