{"event": "control_complete", "life": 1, "query": "risk1", "representation": "SINGLE", "mode": "DIRECT"}
{"event": "control_complete", "life": 2, "query": "risk1", "representation": "SINGLE", "mode": "DIRECT"}
{"event": "control_complete", "life": 3, "query": "risk1", "representation": "SINGLE", "mode": "DIRECT"}
{"event": "control_complete", "life": 0, "query": "risk1", "representation": "SINGLE", "mode": "DIRECT"}
{"event": "control_complete", "life": 1, "query": "risk1", "representation": "SINGLE", "mode": "H2"}
{"event": "control_complete", "life": 2, "query": "risk1", "representation": "SINGLE", "mode": "H2"}
{"event": "control_complete", "life": 3, "query": "risk1", "representation": "SINGLE", "mode": "H2"}
{"event": "control_complete", "life": 0, "query": "risk1", "representation": "SINGLE", "mode": "H2"}
{"event": "control_complete", "life": 1, "query": "risk1", "representation": "CAPACITY", "mode": "DIRECT"}
{"event": "control_complete", "life": 2, "query": "risk1", "representation": "CAPACITY", "mode": "DIRECT"}
{"event": "control_complete", "life": 0, "query": "risk1", "representation": "CAPACITY", "mode": "DIRECT"}
{"event": "control_complete", "life": 3, "query": "risk1", "representation": "CAPACITY", "mode": "DIRECT"}
{"event": "control_complete", "life": 0, "query": "risk1", "representation": "CAPACITY", "mode": "H2"}
{"event": "control_complete", "life": 1, "query": "risk1", "representation": "CAPACITY", "mode": "H2"}
{"event": "control_complete", "life": 2, "query": "risk1", "representation": "CAPACITY", "mode": "H2"}
{"event": "control_complete", "life": 3, "query": "risk1", "representation": "CAPACITY", "mode": "H2"}
{"event": "control_complete", "life": 0, "query": "risk8", "representation": "SINGLE", "mode": "DIRECT"}
{"event": "control_complete", "life": 1, "query": "risk8", "representation": "SINGLE", "mode": "DIRECT"}
{"event": "control_complete", "life": 3, "query": "risk8", "representation": "SINGLE", "mode": "DIRECT"}
{"event": "control_complete", "life": 2, "query": "risk8", "representation": "SINGLE", "mode": "DIRECT"}
{"event": "control_complete", "life": 0, "query": "risk8", "representation": "SINGLE", "mode": "H2"}
{"event": "control_complete", "life": 1, "query": "risk8", "representation": "SINGLE", "mode": "H2"}
{"event": "control_complete", "life": 3, "query": "risk8", "representation": "SINGLE", "mode": "H2"}
{"event": "control_complete", "life": 2, "query": "risk8", "representation": "SINGLE", "mode": "H2"}
{"event": "control_complete", "life": 0, "query": "risk8", "representation": "CAPACITY", "mode": "DIRECT"}
{"event": "control_complete", "life": 2, "query": "risk8", "representation": "CAPACITY", "mode": "DIRECT"}
{"event": "control_complete", "life": 1, "query": "risk8", "representation": "CAPACITY", "mode": "DIRECT"}
{"event": "control_complete", "life": 3, "query": "risk8", "representation": "CAPACITY", "mode": "DIRECT"}
{"event": "control_complete", "life": 0, "query": "risk8", "representation": "CAPACITY", "mode": "H2"}
{"event": "control_complete", "life": 1, "query": "risk8", "representation": "CAPACITY", "mode": "H2"}
{"event": "control_complete", "life": 2, "query": "risk8", "representation": "CAPACITY", "mode": "H2"}
{"event": "control_complete", "life": 3, "query": "risk8", "representation": "CAPACITY", "mode": "H2"}
{"status": "complete", "seconds": 39.37522863599588}
