{"event": "models_frozen", "life": 3, "query": "risk1", "training_roots": 32}
{"event": "models_frozen", "life": 2, "query": "risk1", "training_roots": 32}
{"event": "models_frozen", "life": 0, "query": "risk1", "training_roots": 32}
{"event": "models_frozen", "life": 1, "query": "risk1", "training_roots": 32}
{"event": "models_frozen", "life": 2, "query": "risk8", "training_roots": 32}
{"event": "models_frozen", "life": 3, "query": "risk8", "training_roots": 32}
{"event": "models_frozen", "life": 0, "query": "risk8", "training_roots": 32}
{"event": "models_frozen", "life": 1, "query": "risk8", "training_roots": 32}
{"event": "control_complete", "life": 0, "query": "risk1", "method": "H2"}
{"event": "control_complete", "life": 2, "query": "risk1", "method": "H2"}
{"event": "control_complete", "life": 3, "query": "risk1", "method": "H2"}
{"event": "control_complete", "life": 1, "query": "risk1", "method": "H2"}
{"event": "control_complete", "life": 3, "query": "risk1", "method": "ZERO"}
{"event": "control_complete", "life": 2, "query": "risk1", "method": "ZERO"}
{"event": "control_complete", "life": 1, "query": "risk1", "method": "ZERO"}
{"event": "control_complete", "life": 0, "query": "risk1", "method": "ZERO"}
{"event": "control_complete", "life": 3, "query": "risk1", "method": "UPDATED"}
{"event": "control_complete", "life": 0, "query": "risk1", "method": "UPDATED"}
{"event": "control_complete", "life": 1, "query": "risk1", "method": "UPDATED"}
{"event": "control_complete", "life": 2, "query": "risk1", "method": "UPDATED"}
{"event": "control_complete", "life": 3, "query": "risk1", "method": "SHARED"}
{"event": "control_complete", "life": 1, "query": "risk1", "method": "SHARED"}
{"event": "control_complete", "life": 0, "query": "risk1", "method": "SHARED"}
{"event": "control_complete", "life": 2, "query": "risk1", "method": "SHARED"}
{"event": "control_complete", "life": 3, "query": "risk8", "method": "H2"}
{"event": "control_complete", "life": 1, "query": "risk8", "method": "H2"}
{"event": "control_complete", "life": 0, "query": "risk8", "method": "H2"}
{"event": "control_complete", "life": 2, "query": "risk8", "method": "H2"}
{"event": "control_complete", "life": 3, "query": "risk8", "method": "ZERO"}
{"event": "control_complete", "life": 1, "query": "risk8", "method": "ZERO"}
{"event": "control_complete", "life": 0, "query": "risk8", "method": "ZERO"}
{"event": "control_complete", "life": 2, "query": "risk8", "method": "ZERO"}
{"event": "control_complete", "life": 1, "query": "risk8", "method": "UPDATED"}
{"event": "control_complete", "life": 0, "query": "risk8", "method": "UPDATED"}
{"event": "control_complete", "life": 3, "query": "risk8", "method": "UPDATED"}
{"event": "control_complete", "life": 2, "query": "risk8", "method": "UPDATED"}
{"event": "control_complete", "life": 1, "query": "risk8", "method": "SHARED"}
{"event": "control_complete", "life": 0, "query": "risk8", "method": "SHARED"}
{"event": "control_complete", "life": 3, "query": "risk8", "method": "SHARED"}
{"event": "control_complete", "life": 2, "query": "risk8", "method": "SHARED"}
{"status": "complete", "seconds": 63.69861362100346}
