{"event": "checkpoint_saved", "life": 2, "representation": "SINGLE", "teacher_query": "risk1", "age": 0, "updates": 0}
{"event": "checkpoint_saved", "life": 0, "representation": "SINGLE", "teacher_query": "risk1", "age": 0, "updates": 0}
{"event": "checkpoint_saved", "life": 3, "representation": "SINGLE", "teacher_query": "risk1", "age": 0, "updates": 0}
{"event": "checkpoint_saved", "life": 1, "representation": "SINGLE", "teacher_query": "risk1", "age": 0, "updates": 0}
{"event": "checkpoint_saved", "life": 3, "representation": "SINGLE", "teacher_query": "risk1", "age": 524288, "updates": 523984}
{"event": "checkpoint_saved", "life": 1, "representation": "SINGLE", "teacher_query": "risk1", "age": 524288, "updates": 523995}
{"event": "checkpoint_saved", "life": 2, "representation": "SINGLE", "teacher_query": "risk1", "age": 524288, "updates": 523991}
{"event": "checkpoint_saved", "life": 0, "representation": "SINGLE", "teacher_query": "risk1", "age": 524288, "updates": 523965}
{"event": "checkpoint_saved", "life": 3, "representation": "SINGLE", "teacher_query": "risk8", "age": 0, "updates": 0}
{"event": "checkpoint_saved", "life": 1, "representation": "SINGLE", "teacher_query": "risk8", "age": 0, "updates": 0}
{"event": "checkpoint_saved", "life": 2, "representation": "SINGLE", "teacher_query": "risk8", "age": 0, "updates": 0}
{"event": "checkpoint_saved", "life": 0, "representation": "SINGLE", "teacher_query": "risk8", "age": 0, "updates": 0}
{"event": "checkpoint_saved", "life": 2, "representation": "SINGLE", "teacher_query": "risk8", "age": 524288, "updates": 524007}
{"event": "checkpoint_saved", "life": 3, "representation": "SINGLE", "teacher_query": "risk8", "age": 524288, "updates": 523996}
{"event": "checkpoint_saved", "life": 1, "representation": "SINGLE", "teacher_query": "risk8", "age": 524288, "updates": 524006}
{"event": "checkpoint_saved", "life": 0, "representation": "SINGLE", "teacher_query": "risk8", "age": 524288, "updates": 524007}
{"event": "checkpoint_saved", "life": 2, "representation": "CAPACITY", "teacher_query": "risk1", "age": 0, "updates": 0}
{"event": "checkpoint_saved", "life": 3, "representation": "CAPACITY", "teacher_query": "risk1", "age": 0, "updates": 0}
{"event": "checkpoint_saved", "life": 1, "representation": "CAPACITY", "teacher_query": "risk1", "age": 0, "updates": 0}
{"event": "checkpoint_saved", "life": 0, "representation": "CAPACITY", "teacher_query": "risk1", "age": 0, "updates": 0}
{"event": "checkpoint_saved", "life": 0, "representation": "CAPACITY", "teacher_query": "risk1", "age": 524288, "updates": 523997}
{"event": "checkpoint_saved", "life": 2, "representation": "CAPACITY", "teacher_query": "risk1", "age": 524288, "updates": 523983}
{"event": "checkpoint_saved", "life": 3, "representation": "CAPACITY", "teacher_query": "risk1", "age": 524288, "updates": 523973}
{"event": "checkpoint_saved", "life": 1, "representation": "CAPACITY", "teacher_query": "risk1", "age": 524288, "updates": 523978}
{"event": "checkpoint_saved", "life": 0, "representation": "CAPACITY", "teacher_query": "risk8", "age": 0, "updates": 0}
{"event": "checkpoint_saved", "life": 2, "representation": "CAPACITY", "teacher_query": "risk8", "age": 0, "updates": 0}
{"event": "checkpoint_saved", "life": 3, "representation": "CAPACITY", "teacher_query": "risk8", "age": 0, "updates": 0}
{"event": "checkpoint_saved", "life": 1, "representation": "CAPACITY", "teacher_query": "risk8", "age": 0, "updates": 0}
{"event": "checkpoint_saved", "life": 1, "representation": "CAPACITY", "teacher_query": "risk8", "age": 524288, "updates": 524014}
{"event": "checkpoint_saved", "life": 2, "representation": "CAPACITY", "teacher_query": "risk8", "age": 524288, "updates": 524004}
{"event": "checkpoint_saved", "life": 3, "representation": "CAPACITY", "teacher_query": "risk8", "age": 524288, "updates": 524010}
{"event": "checkpoint_saved", "life": 0, "representation": "CAPACITY", "teacher_query": "risk8", "age": 524288, "updates": 524008}
{"event": "all_training_frozen"}
{"event": "control_complete", "life": 2, "representation": "SINGLE", "teacher_query": "risk1", "query": "risk2", "method": "INITIAL_H2"}
{"event": "control_complete", "life": 3, "representation": "SINGLE", "teacher_query": "risk1", "query": "risk2", "method": "INITIAL_H2"}
{"event": "control_complete", "life": 0, "representation": "SINGLE", "teacher_query": "risk1", "query": "risk2", "method": "INITIAL_H2"}
{"event": "control_complete", "life": 1, "representation": "SINGLE", "teacher_query": "risk1", "query": "risk2", "method": "INITIAL_H2"}
{"event": "control_complete", "life": 2, "representation": "SINGLE", "teacher_query": "risk1", "query": "risk6", "method": "INITIAL_H2"}
{"event": "control_complete", "life": 3, "representation": "SINGLE", "teacher_query": "risk1", "query": "risk6", "method": "INITIAL_H2"}
{"event": "control_complete", "life": 0, "representation": "SINGLE", "teacher_query": "risk1", "query": "risk6", "method": "INITIAL_H2"}
{"event": "control_complete", "life": 1, "representation": "SINGLE", "teacher_query": "risk1", "query": "risk6", "method": "INITIAL_H2"}
{"event": "control_complete", "life": 2, "representation": "SINGLE", "teacher_query": "risk1", "query": "risk1", "method": "LEARNED_H2"}
{"event": "control_complete", "life": 3, "representation": "SINGLE", "teacher_query": "risk1", "query": "risk1", "method": "LEARNED_H2"}
{"event": "control_complete", "life": 0, "representation": "SINGLE", "teacher_query": "risk1", "query": "risk1", "method": "LEARNED_H2"}
{"event": "control_complete", "life": 1, "representation": "SINGLE", "teacher_query": "risk1", "query": "risk1", "method": "LEARNED_H2"}
{"event": "control_complete", "life": 2, "representation": "SINGLE", "teacher_query": "risk1", "query": "risk2", "method": "LEARNED_H2"}
{"event": "control_complete", "life": 3, "representation": "SINGLE", "teacher_query": "risk1", "query": "risk2", "method": "LEARNED_H2"}
{"event": "control_complete", "life": 0, "representation": "SINGLE", "teacher_query": "risk1", "query": "risk2", "method": "LEARNED_H2"}
{"event": "control_complete", "life": 1, "representation": "SINGLE", "teacher_query": "risk1", "query": "risk2", "method": "LEARNED_H2"}
{"event": "control_complete", "life": 2, "representation": "SINGLE", "teacher_query": "risk1", "query": "risk6", "method": "LEARNED_H2"}
{"event": "control_complete", "life": 3, "representation": "SINGLE", "teacher_query": "risk1", "query": "risk6", "method": "LEARNED_H2"}
{"event": "control_complete", "life": 0, "representation": "SINGLE", "teacher_query": "risk1", "query": "risk6", "method": "LEARNED_H2"}
{"event": "control_complete", "life": 1, "representation": "SINGLE", "teacher_query": "risk1", "query": "risk6", "method": "LEARNED_H2"}
{"event": "control_complete", "life": 2, "representation": "SINGLE", "teacher_query": "risk8", "query": "risk2", "method": "INITIAL_H2"}
{"event": "control_complete", "life": 3, "representation": "SINGLE", "teacher_query": "risk8", "query": "risk2", "method": "INITIAL_H2"}
{"event": "control_complete", "life": 0, "representation": "SINGLE", "teacher_query": "risk8", "query": "risk2", "method": "INITIAL_H2"}
{"event": "control_complete", "life": 1, "representation": "SINGLE", "teacher_query": "risk8", "query": "risk2", "method": "INITIAL_H2"}
{"event": "control_complete", "life": 2, "representation": "SINGLE", "teacher_query": "risk8", "query": "risk6", "method": "INITIAL_H2"}
{"event": "control_complete", "life": 3, "representation": "SINGLE", "teacher_query": "risk8", "query": "risk6", "method": "INITIAL_H2"}
{"event": "control_complete", "life": 0, "representation": "SINGLE", "teacher_query": "risk8", "query": "risk6", "method": "INITIAL_H2"}
{"event": "control_complete", "life": 1, "representation": "SINGLE", "teacher_query": "risk8", "query": "risk6", "method": "INITIAL_H2"}
{"event": "control_complete", "life": 2, "representation": "SINGLE", "teacher_query": "risk8", "query": "risk8", "method": "LEARNED_H2"}
{"event": "control_complete", "life": 3, "representation": "SINGLE", "teacher_query": "risk8", "query": "risk8", "method": "LEARNED_H2"}
{"event": "control_complete", "life": 0, "representation": "SINGLE", "teacher_query": "risk8", "query": "risk8", "method": "LEARNED_H2"}
{"event": "control_complete", "life": 1, "representation": "SINGLE", "teacher_query": "risk8", "query": "risk8", "method": "LEARNED_H2"}
{"event": "control_complete", "life": 3, "representation": "SINGLE", "teacher_query": "risk8", "query": "risk2", "method": "LEARNED_H2"}
{"event": "control_complete", "life": 2, "representation": "SINGLE", "teacher_query": "risk8", "query": "risk2", "method": "LEARNED_H2"}
{"event": "control_complete", "life": 0, "representation": "SINGLE", "teacher_query": "risk8", "query": "risk2", "method": "LEARNED_H2"}
{"event": "control_complete", "life": 1, "representation": "SINGLE", "teacher_query": "risk8", "query": "risk2", "method": "LEARNED_H2"}
{"event": "control_complete", "life": 3, "representation": "SINGLE", "teacher_query": "risk8", "query": "risk6", "method": "LEARNED_H2"}
{"event": "control_complete", "life": 2, "representation": "SINGLE", "teacher_query": "risk8", "query": "risk6", "method": "LEARNED_H2"}
{"event": "control_complete", "life": 0, "representation": "SINGLE", "teacher_query": "risk8", "query": "risk6", "method": "LEARNED_H2"}
{"event": "control_complete", "life": 1, "representation": "SINGLE", "teacher_query": "risk8", "query": "risk6", "method": "LEARNED_H2"}
{"event": "control_complete", "life": 3, "representation": "CAPACITY", "teacher_query": "risk1", "query": "risk2", "method": "INITIAL_H2"}
{"event": "control_complete", "life": 2, "representation": "CAPACITY", "teacher_query": "risk1", "query": "risk2", "method": "INITIAL_H2"}
{"event": "control_complete", "life": 0, "representation": "CAPACITY", "teacher_query": "risk1", "query": "risk2", "method": "INITIAL_H2"}
{"event": "control_complete", "life": 3, "representation": "CAPACITY", "teacher_query": "risk1", "query": "risk6", "method": "INITIAL_H2"}
{"event": "control_complete", "life": 1, "representation": "CAPACITY", "teacher_query": "risk1", "query": "risk2", "method": "INITIAL_H2"}
{"event": "control_complete", "life": 2, "representation": "CAPACITY", "teacher_query": "risk1", "query": "risk6", "method": "INITIAL_H2"}
{"event": "control_complete", "life": 0, "representation": "CAPACITY", "teacher_query": "risk1", "query": "risk6", "method": "INITIAL_H2"}
{"event": "control_complete", "life": 3, "representation": "CAPACITY", "teacher_query": "risk1", "query": "risk1", "method": "LEARNED_H2"}
{"event": "control_complete", "life": 1, "representation": "CAPACITY", "teacher_query": "risk1", "query": "risk6", "method": "INITIAL_H2"}
{"event": "control_complete", "life": 2, "representation": "CAPACITY", "teacher_query": "risk1", "query": "risk1", "method": "LEARNED_H2"}
{"event": "control_complete", "life": 0, "representation": "CAPACITY", "teacher_query": "risk1", "query": "risk1", "method": "LEARNED_H2"}
{"event": "control_complete", "life": 3, "representation": "CAPACITY", "teacher_query": "risk1", "query": "risk2", "method": "LEARNED_H2"}
{"event": "control_complete", "life": 1, "representation": "CAPACITY", "teacher_query": "risk1", "query": "risk1", "method": "LEARNED_H2"}
{"event": "control_complete", "life": 2, "representation": "CAPACITY", "teacher_query": "risk1", "query": "risk2", "method": "LEARNED_H2"}
{"event": "control_complete", "life": 0, "representation": "CAPACITY", "teacher_query": "risk1", "query": "risk2", "method": "LEARNED_H2"}
{"event": "control_complete", "life": 3, "representation": "CAPACITY", "teacher_query": "risk1", "query": "risk6", "method": "LEARNED_H2"}
{"event": "control_complete", "life": 1, "representation": "CAPACITY", "teacher_query": "risk1", "query": "risk2", "method": "LEARNED_H2"}
{"event": "control_complete", "life": 2, "representation": "CAPACITY", "teacher_query": "risk1", "query": "risk6", "method": "LEARNED_H2"}
{"event": "control_complete", "life": 0, "representation": "CAPACITY", "teacher_query": "risk1", "query": "risk6", "method": "LEARNED_H2"}
{"event": "control_complete", "life": 1, "representation": "CAPACITY", "teacher_query": "risk1", "query": "risk6", "method": "LEARNED_H2"}
{"event": "control_complete", "life": 3, "representation": "CAPACITY", "teacher_query": "risk8", "query": "risk2", "method": "INITIAL_H2"}
{"event": "control_complete", "life": 2, "representation": "CAPACITY", "teacher_query": "risk8", "query": "risk2", "method": "INITIAL_H2"}
{"event": "control_complete", "life": 3, "representation": "CAPACITY", "teacher_query": "risk8", "query": "risk6", "method": "INITIAL_H2"}
{"event": "control_complete", "life": 0, "representation": "CAPACITY", "teacher_query": "risk8", "query": "risk2", "method": "INITIAL_H2"}
{"event": "control_complete", "life": 1, "representation": "CAPACITY", "teacher_query": "risk8", "query": "risk2", "method": "INITIAL_H2"}
{"event": "control_complete", "life": 2, "representation": "CAPACITY", "teacher_query": "risk8", "query": "risk6", "method": "INITIAL_H2"}
{"event": "control_complete", "life": 3, "representation": "CAPACITY", "teacher_query": "risk8", "query": "risk8", "method": "LEARNED_H2"}
{"event": "control_complete", "life": 0, "representation": "CAPACITY", "teacher_query": "risk8", "query": "risk6", "method": "INITIAL_H2"}
{"event": "control_complete", "life": 1, "representation": "CAPACITY", "teacher_query": "risk8", "query": "risk6", "method": "INITIAL_H2"}
{"event": "control_complete", "life": 2, "representation": "CAPACITY", "teacher_query": "risk8", "query": "risk8", "method": "LEARNED_H2"}
{"event": "control_complete", "life": 3, "representation": "CAPACITY", "teacher_query": "risk8", "query": "risk2", "method": "LEARNED_H2"}
{"event": "control_complete", "life": 0, "representation": "CAPACITY", "teacher_query": "risk8", "query": "risk8", "method": "LEARNED_H2"}
{"event": "control_complete", "life": 1, "representation": "CAPACITY", "teacher_query": "risk8", "query": "risk8", "method": "LEARNED_H2"}
{"event": "control_complete", "life": 2, "representation": "CAPACITY", "teacher_query": "risk8", "query": "risk2", "method": "LEARNED_H2"}
{"event": "control_complete", "life": 3, "representation": "CAPACITY", "teacher_query": "risk8", "query": "risk6", "method": "LEARNED_H2"}
{"event": "control_complete", "life": 0, "representation": "CAPACITY", "teacher_query": "risk8", "query": "risk2", "method": "LEARNED_H2"}
{"event": "control_complete", "life": 1, "representation": "CAPACITY", "teacher_query": "risk8", "query": "risk2", "method": "LEARNED_H2"}
{"event": "control_complete", "life": 2, "representation": "CAPACITY", "teacher_query": "risk8", "query": "risk6", "method": "LEARNED_H2"}
{"event": "control_complete", "life": 0, "representation": "CAPACITY", "teacher_query": "risk8", "query": "risk6", "method": "LEARNED_H2"}
{"event": "control_complete", "life": 1, "representation": "CAPACITY", "teacher_query": "risk8", "query": "risk6", "method": "LEARNED_H2"}
{"status": "complete", "seconds": 803.2699713330076}
