{'event': 'source_completed', 'phase': 'TRAIN_SOURCE', 'life': 2, 'games': 8}
{'event': 'source_completed', 'phase': 'TRAIN_SOURCE', 'life': 1, 'games': 8}
{'event': 'source_completed', 'phase': 'TRAIN_SOURCE', 'life': 0, 'games': 8}
{'event': 'source_completed', 'phase': 'TRAIN_SOURCE', 'life': 3, 'games': 8}
{'event': 'root_completed', 'phase': 'SCREEN', 'life': 3, 'heldout_life': 0, 'root_id': 'TRAIN_SOURCE:3:risk1:0:0'}
{'event': 'root_completed', 'phase': 'SCREEN', 'life': 0, 'heldout_life': 1, 'root_id': 'TRAIN_SOURCE:0:risk1:0:0'}
{'event': 'root_completed', 'phase': 'SCREEN', 'life': 1, 'heldout_life': 0, 'root_id': 'TRAIN_SOURCE:1:risk1:0:0'}
{'event': 'root_completed', 'phase': 'SCREEN', 'life': 2, 'heldout_life': 0, 'root_id': 'TRAIN_SOURCE:2:risk1:0:0'}
{'event': 'root_completed', 'phase': 'SCREEN', 'life': 3, 'heldout_life': 0, 'root_id': 'TRAIN_SOURCE:3:risk1:0:1'}
{'event': 'root_completed', 'phase': 'SCREEN', 'life': 1, 'heldout_life': 0, 'root_id': 'TRAIN_SOURCE:1:risk1:0:1'}
{'event': 'root_completed', 'phase': 'SCREEN', 'life': 0, 'heldout_life': 1, 'root_id': 'TRAIN_SOURCE:0:risk1:0:1'}
{'event': 'root_completed', 'phase': 'SCREEN', 'life': 2, 'heldout_life': 0, 'root_id': 'TRAIN_SOURCE:2:risk1:0:1'}
{'event': 'root_completed', 'phase': 'SCREEN', 'life': 2, 'heldout_life': 0, 'root_id': 'TRAIN_SOURCE:2:risk1:1:0'}
{'event': 'root_completed', 'phase': 'SCREEN', 'life': 1, 'heldout_life': 0, 'root_id': 'TRAIN_SOURCE:1:risk1:1:0'}
{'event': 'root_completed', 'phase': 'SCREEN', 'life': 3, 'heldout_life': 0, 'root_id': 'TRAIN_SOURCE:3:risk1:1:0'}
{'event': 'root_completed', 'phase': 'SCREEN', 'life': 0, 'heldout_life': 1, 'root_id': 'TRAIN_SOURCE:0:risk1:1:0'}
{'event': 'root_completed', 'phase': 'SCREEN', 'life': 2, 'heldout_life': 0, 'root_id': 'TRAIN_SOURCE:2:risk1:1:1'}
{'event': 'root_completed', 'phase': 'SCREEN', 'life': 1, 'heldout_life': 0, 'root_id': 'TRAIN_SOURCE:1:risk1:1:1'}
{'event': 'root_completed', 'phase': 'SCREEN', 'life': 3, 'heldout_life': 0, 'root_id': 'TRAIN_SOURCE:3:risk1:1:1'}
{'event': 'root_completed', 'phase': 'SCREEN', 'life': 0, 'heldout_life': 1, 'root_id': 'TRAIN_SOURCE:0:risk1:1:1'}
{'event': 'root_completed', 'phase': 'SCREEN', 'life': 1, 'heldout_life': 0, 'root_id': 'TRAIN_SOURCE:1:risk8:0:0'}
{'event': 'root_completed', 'phase': 'SCREEN', 'life': 2, 'heldout_life': 0, 'root_id': 'TRAIN_SOURCE:2:risk8:0:0'}
{'event': 'root_completed', 'phase': 'SCREEN', 'life': 3, 'heldout_life': 0, 'root_id': 'TRAIN_SOURCE:3:risk8:0:0'}
{'event': 'root_completed', 'phase': 'SCREEN', 'life': 1, 'heldout_life': 0, 'root_id': 'TRAIN_SOURCE:1:risk8:0:1'}
{'event': 'root_completed', 'phase': 'SCREEN', 'life': 2, 'heldout_life': 0, 'root_id': 'TRAIN_SOURCE:2:risk8:0:1'}
{'event': 'root_completed', 'phase': 'SCREEN', 'life': 0, 'heldout_life': 1, 'root_id': 'TRAIN_SOURCE:0:risk8:0:0'}
{'event': 'root_completed', 'phase': 'SCREEN', 'life': 3, 'heldout_life': 0, 'root_id': 'TRAIN_SOURCE:3:risk8:0:1'}
{'event': 'root_completed', 'phase': 'SCREEN', 'life': 0, 'heldout_life': 1, 'root_id': 'TRAIN_SOURCE:0:risk8:0:1'}
{'event': 'root_completed', 'phase': 'SCREEN', 'life': 1, 'heldout_life': 0, 'root_id': 'TRAIN_SOURCE:1:risk8:1:0'}
{'event': 'root_completed', 'phase': 'SCREEN', 'life': 2, 'heldout_life': 0, 'root_id': 'TRAIN_SOURCE:2:risk8:1:0'}
{'event': 'root_completed', 'phase': 'SCREEN', 'life': 3, 'heldout_life': 0, 'root_id': 'TRAIN_SOURCE:3:risk8:1:0'}
{'event': 'root_completed', 'phase': 'SCREEN', 'life': 1, 'heldout_life': 0, 'root_id': 'TRAIN_SOURCE:1:risk8:1:1'}
{'event': 'root_completed', 'phase': 'SCREEN', 'life': 2, 'heldout_life': 0, 'root_id': 'TRAIN_SOURCE:2:risk8:1:1'}
{'event': 'root_completed', 'phase': 'SCREEN', 'life': 0, 'heldout_life': 1, 'root_id': 'TRAIN_SOURCE:0:risk8:1:0'}
{'event': 'root_completed', 'phase': 'SCREEN', 'life': 3, 'heldout_life': 0, 'root_id': 'TRAIN_SOURCE:3:risk8:1:1'}
{'event': 'root_completed', 'phase': 'SCREEN', 'life': 1, 'heldout_life': 2, 'root_id': 'TRAIN_SOURCE:1:risk1:0:0'}
{'event': 'root_completed', 'phase': 'SCREEN', 'life': 0, 'heldout_life': 1, 'root_id': 'TRAIN_SOURCE:0:risk8:1:1'}
{'event': 'root_completed', 'phase': 'SCREEN', 'life': 3, 'heldout_life': 1, 'root_id': 'TRAIN_SOURCE:3:risk1:0:0'}
{'event': 'root_completed', 'phase': 'SCREEN', 'life': 2, 'heldout_life': 1, 'root_id': 'TRAIN_SOURCE:2:risk1:0:0'}
{'event': 'root_completed', 'phase': 'SCREEN', 'life': 1, 'heldout_life': 2, 'root_id': 'TRAIN_SOURCE:1:risk1:0:1'}
{'event': 'root_completed', 'phase': 'SCREEN', 'life': 3, 'heldout_life': 1, 'root_id': 'TRAIN_SOURCE:3:risk1:0:1'}
{'event': 'root_completed', 'phase': 'SCREEN', 'life': 2, 'heldout_life': 1, 'root_id': 'TRAIN_SOURCE:2:risk1:0:1'}
{'event': 'root_completed', 'phase': 'SCREEN', 'life': 0, 'heldout_life': 2, 'root_id': 'TRAIN_SOURCE:0:risk1:0:0'}
{'event': 'root_completed', 'phase': 'SCREEN', 'life': 1, 'heldout_life': 2, 'root_id': 'TRAIN_SOURCE:1:risk1:1:0'}
{'event': 'root_completed', 'phase': 'SCREEN', 'life': 1, 'heldout_life': 2, 'root_id': 'TRAIN_SOURCE:1:risk1:1:1'}
{'event': 'root_completed', 'phase': 'SCREEN', 'life': 3, 'heldout_life': 1, 'root_id': 'TRAIN_SOURCE:3:risk1:1:0'}
{'event': 'root_completed', 'phase': 'SCREEN', 'life': 0, 'heldout_life': 2, 'root_id': 'TRAIN_SOURCE:0:risk1:0:1'}
{'event': 'root_completed', 'phase': 'SCREEN', 'life': 2, 'heldout_life': 1, 'root_id': 'TRAIN_SOURCE:2:risk1:1:0'}
{'event': 'root_completed', 'phase': 'SCREEN', 'life': 2, 'heldout_life': 1, 'root_id': 'TRAIN_SOURCE:2:risk1:1:1'}
{'event': 'root_completed', 'phase': 'SCREEN', 'life': 3, 'heldout_life': 1, 'root_id': 'TRAIN_SOURCE:3:risk1:1:1'}
{'event': 'root_completed', 'phase': 'SCREEN', 'life': 1, 'heldout_life': 2, 'root_id': 'TRAIN_SOURCE:1:risk8:0:0'}
{'event': 'root_completed', 'phase': 'SCREEN', 'life': 0, 'heldout_life': 2, 'root_id': 'TRAIN_SOURCE:0:risk1:1:0'}
{'event': 'root_completed', 'phase': 'SCREEN', 'life': 1, 'heldout_life': 2, 'root_id': 'TRAIN_SOURCE:1:risk8:0:1'}
{'event': 'root_completed', 'phase': 'SCREEN', 'life': 0, 'heldout_life': 2, 'root_id': 'TRAIN_SOURCE:0:risk1:1:1'}
{'event': 'root_completed', 'phase': 'SCREEN', 'life': 2, 'heldout_life': 1, 'root_id': 'TRAIN_SOURCE:2:risk8:0:0'}
{'event': 'root_completed', 'phase': 'SCREEN', 'life': 3, 'heldout_life': 1, 'root_id': 'TRAIN_SOURCE:3:risk8:0:0'}
{'event': 'root_completed', 'phase': 'SCREEN', 'life': 2, 'heldout_life': 1, 'root_id': 'TRAIN_SOURCE:2:risk8:0:1'}
{'event': 'root_completed', 'phase': 'SCREEN', 'life': 3, 'heldout_life': 1, 'root_id': 'TRAIN_SOURCE:3:risk8:0:1'}
{'event': 'root_completed', 'phase': 'SCREEN', 'life': 1, 'heldout_life': 2, 'root_id': 'TRAIN_SOURCE:1:risk8:1:0'}
{'event': 'root_completed', 'phase': 'SCREEN', 'life': 0, 'heldout_life': 2, 'root_id': 'TRAIN_SOURCE:0:risk8:0:0'}
{'event': 'root_completed', 'phase': 'SCREEN', 'life': 0, 'heldout_life': 2, 'root_id': 'TRAIN_SOURCE:0:risk8:0:1'}
{'event': 'root_completed', 'phase': 'SCREEN', 'life': 1, 'heldout_life': 2, 'root_id': 'TRAIN_SOURCE:1:risk8:1:1'}
{'event': 'root_completed', 'phase': 'SCREEN', 'life': 2, 'heldout_life': 1, 'root_id': 'TRAIN_SOURCE:2:risk8:1:0'}
{'event': 'root_completed', 'phase': 'SCREEN', 'life': 3, 'heldout_life': 1, 'root_id': 'TRAIN_SOURCE:3:risk8:1:0'}
{'event': 'root_completed', 'phase': 'SCREEN', 'life': 2, 'heldout_life': 1, 'root_id': 'TRAIN_SOURCE:2:risk8:1:1'}
{'event': 'root_completed', 'phase': 'SCREEN', 'life': 3, 'heldout_life': 1, 'root_id': 'TRAIN_SOURCE:3:risk8:1:1'}
{'event': 'root_completed', 'phase': 'SCREEN', 'life': 1, 'heldout_life': 3, 'root_id': 'TRAIN_SOURCE:1:risk1:0:0'}
{'event': 'root_completed', 'phase': 'SCREEN', 'life': 0, 'heldout_life': 2, 'root_id': 'TRAIN_SOURCE:0:risk8:1:0'}
{'event': 'root_completed', 'phase': 'SCREEN', 'life': 1, 'heldout_life': 3, 'root_id': 'TRAIN_SOURCE:1:risk1:0:1'}
{'event': 'root_completed', 'phase': 'SCREEN', 'life': 2, 'heldout_life': 3, 'root_id': 'TRAIN_SOURCE:2:risk1:0:0'}
{'event': 'root_completed', 'phase': 'SCREEN', 'life': 3, 'heldout_life': 2, 'root_id': 'TRAIN_SOURCE:3:risk1:0:0'}
{'event': 'root_completed', 'phase': 'SCREEN', 'life': 0, 'heldout_life': 2, 'root_id': 'TRAIN_SOURCE:0:risk8:1:1'}
{'event': 'root_completed', 'phase': 'SCREEN', 'life': 3, 'heldout_life': 2, 'root_id': 'TRAIN_SOURCE:3:risk1:0:1'}
{'event': 'root_completed', 'phase': 'SCREEN', 'life': 2, 'heldout_life': 3, 'root_id': 'TRAIN_SOURCE:2:risk1:0:1'}
{'event': 'root_completed', 'phase': 'SCREEN', 'life': 1, 'heldout_life': 3, 'root_id': 'TRAIN_SOURCE:1:risk1:1:0'}
{'event': 'root_completed', 'phase': 'SCREEN', 'life': 1, 'heldout_life': 3, 'root_id': 'TRAIN_SOURCE:1:risk1:1:1'}
{'event': 'root_completed', 'phase': 'SCREEN', 'life': 0, 'heldout_life': 3, 'root_id': 'TRAIN_SOURCE:0:risk1:0:0'}
{'event': 'root_completed', 'phase': 'SCREEN', 'life': 3, 'heldout_life': 2, 'root_id': 'TRAIN_SOURCE:3:risk1:1:0'}
{'event': 'root_completed', 'phase': 'SCREEN', 'life': 2, 'heldout_life': 3, 'root_id': 'TRAIN_SOURCE:2:risk1:1:0'}
{'event': 'root_completed', 'phase': 'SCREEN', 'life': 0, 'heldout_life': 3, 'root_id': 'TRAIN_SOURCE:0:risk1:0:1'}
{'event': 'root_completed', 'phase': 'SCREEN', 'life': 3, 'heldout_life': 2, 'root_id': 'TRAIN_SOURCE:3:risk1:1:1'}
{'event': 'root_completed', 'phase': 'SCREEN', 'life': 2, 'heldout_life': 3, 'root_id': 'TRAIN_SOURCE:2:risk1:1:1'}
{'event': 'root_completed', 'phase': 'SCREEN', 'life': 1, 'heldout_life': 3, 'root_id': 'TRAIN_SOURCE:1:risk8:0:0'}
{'event': 'root_completed', 'phase': 'SCREEN', 'life': 1, 'heldout_life': 3, 'root_id': 'TRAIN_SOURCE:1:risk8:0:1'}
{'event': 'root_completed', 'phase': 'SCREEN', 'life': 0, 'heldout_life': 3, 'root_id': 'TRAIN_SOURCE:0:risk1:1:0'}
{'event': 'root_completed', 'phase': 'SCREEN', 'life': 3, 'heldout_life': 2, 'root_id': 'TRAIN_SOURCE:3:risk8:0:0'}
{'event': 'root_completed', 'phase': 'SCREEN', 'life': 2, 'heldout_life': 3, 'root_id': 'TRAIN_SOURCE:2:risk8:0:0'}
{'event': 'root_completed', 'phase': 'SCREEN', 'life': 0, 'heldout_life': 3, 'root_id': 'TRAIN_SOURCE:0:risk1:1:1'}
{'event': 'root_completed', 'phase': 'SCREEN', 'life': 3, 'heldout_life': 2, 'root_id': 'TRAIN_SOURCE:3:risk8:0:1'}
{'event': 'root_completed', 'phase': 'SCREEN', 'life': 2, 'heldout_life': 3, 'root_id': 'TRAIN_SOURCE:2:risk8:0:1'}
{'event': 'root_completed', 'phase': 'SCREEN', 'life': 1, 'heldout_life': 3, 'root_id': 'TRAIN_SOURCE:1:risk8:1:0'}
{'event': 'root_completed', 'phase': 'SCREEN', 'life': 1, 'heldout_life': 3, 'root_id': 'TRAIN_SOURCE:1:risk8:1:1'}
{'event': 'root_completed', 'phase': 'SCREEN', 'life': 3, 'heldout_life': 2, 'root_id': 'TRAIN_SOURCE:3:risk8:1:0'}
{'event': 'root_completed', 'phase': 'SCREEN', 'life': 0, 'heldout_life': 3, 'root_id': 'TRAIN_SOURCE:0:risk8:0:0'}
{'event': 'root_completed', 'phase': 'SCREEN', 'life': 0, 'heldout_life': 3, 'root_id': 'TRAIN_SOURCE:0:risk8:0:1'}
{'event': 'root_completed', 'phase': 'SCREEN', 'life': 2, 'heldout_life': 3, 'root_id': 'TRAIN_SOURCE:2:risk8:1:0'}
{'event': 'root_completed', 'phase': 'SCREEN', 'life': 3, 'heldout_life': 2, 'root_id': 'TRAIN_SOURCE:3:risk8:1:1'}
{'event': 'root_completed', 'phase': 'SCREEN', 'life': 2, 'heldout_life': 3, 'root_id': 'TRAIN_SOURCE:2:risk8:1:1'}
{'event': 'root_completed', 'phase': 'SCREEN', 'life': 0, 'heldout_life': 3, 'root_id': 'TRAIN_SOURCE:0:risk8:1:0'}
{'event': 'root_completed', 'phase': 'SCREEN', 'life': 0, 'heldout_life': 3, 'root_id': 'TRAIN_SOURCE:0:risk8:1:1'}
{'event': 'source_completed', 'phase': 'EVAL_SOURCE', 'life': 3, 'games': 8}
{'event': 'source_completed', 'phase': 'EVAL_SOURCE', 'life': 2, 'games': 8}
{'event': 'source_completed', 'phase': 'EVAL_SOURCE', 'life': 1, 'games': 8}
{'event': 'source_completed', 'phase': 'EVAL_SOURCE', 'life': 0, 'games': 8}
{'event': 'root_completed', 'phase': 'EVAL', 'life': 0, 'heldout_life': 0, 'root_id': 'EVAL_SOURCE:0:risk1:0:0'}
{'event': 'root_completed', 'phase': 'EVAL', 'life': 3, 'heldout_life': 3, 'root_id': 'EVAL_SOURCE:3:risk1:0:0'}
{'event': 'root_completed', 'phase': 'EVAL', 'life': 1, 'heldout_life': 1, 'root_id': 'EVAL_SOURCE:1:risk1:0:0'}
{'event': 'root_completed', 'phase': 'EVAL', 'life': 2, 'heldout_life': 2, 'root_id': 'EVAL_SOURCE:2:risk1:0:0'}
{'event': 'root_completed', 'phase': 'EVAL', 'life': 0, 'heldout_life': 0, 'root_id': 'EVAL_SOURCE:0:risk1:0:1'}
{'event': 'root_completed', 'phase': 'EVAL', 'life': 3, 'heldout_life': 3, 'root_id': 'EVAL_SOURCE:3:risk1:0:1'}
{'event': 'root_completed', 'phase': 'EVAL', 'life': 1, 'heldout_life': 1, 'root_id': 'EVAL_SOURCE:1:risk1:0:1'}
{'event': 'root_completed', 'phase': 'EVAL', 'life': 2, 'heldout_life': 2, 'root_id': 'EVAL_SOURCE:2:risk1:0:1'}
{'event': 'root_completed', 'phase': 'EVAL', 'life': 0, 'heldout_life': 0, 'root_id': 'EVAL_SOURCE:0:risk1:1:0'}
{'event': 'root_completed', 'phase': 'EVAL', 'life': 2, 'heldout_life': 2, 'root_id': 'EVAL_SOURCE:2:risk1:1:0'}
{'event': 'root_completed', 'phase': 'EVAL', 'life': 1, 'heldout_life': 1, 'root_id': 'EVAL_SOURCE:1:risk1:1:0'}
{'event': 'root_completed', 'phase': 'EVAL', 'life': 3, 'heldout_life': 3, 'root_id': 'EVAL_SOURCE:3:risk1:1:0'}
{'event': 'root_completed', 'phase': 'EVAL', 'life': 0, 'heldout_life': 0, 'root_id': 'EVAL_SOURCE:0:risk1:1:1'}
{'event': 'root_completed', 'phase': 'EVAL', 'life': 1, 'heldout_life': 1, 'root_id': 'EVAL_SOURCE:1:risk1:1:1'}
{'event': 'root_completed', 'phase': 'EVAL', 'life': 3, 'heldout_life': 3, 'root_id': 'EVAL_SOURCE:3:risk1:1:1'}
{'event': 'root_completed', 'phase': 'EVAL', 'life': 2, 'heldout_life': 2, 'root_id': 'EVAL_SOURCE:2:risk1:1:1'}
{'event': 'root_completed', 'phase': 'EVAL', 'life': 0, 'heldout_life': 0, 'root_id': 'EVAL_SOURCE:0:risk1:2:0'}
{'event': 'root_completed', 'phase': 'EVAL', 'life': 1, 'heldout_life': 1, 'root_id': 'EVAL_SOURCE:1:risk1:2:0'}
{'event': 'root_completed', 'phase': 'EVAL', 'life': 3, 'heldout_life': 3, 'root_id': 'EVAL_SOURCE:3:risk1:2:0'}
{'event': 'root_completed', 'phase': 'EVAL', 'life': 0, 'heldout_life': 0, 'root_id': 'EVAL_SOURCE:0:risk1:2:1'}
{'event': 'root_completed', 'phase': 'EVAL', 'life': 2, 'heldout_life': 2, 'root_id': 'EVAL_SOURCE:2:risk1:2:0'}
{'event': 'root_completed', 'phase': 'EVAL', 'life': 1, 'heldout_life': 1, 'root_id': 'EVAL_SOURCE:1:risk1:2:1'}
{'event': 'root_completed', 'phase': 'EVAL', 'life': 3, 'heldout_life': 3, 'root_id': 'EVAL_SOURCE:3:risk1:2:1'}
{'event': 'root_completed', 'phase': 'EVAL', 'life': 2, 'heldout_life': 2, 'root_id': 'EVAL_SOURCE:2:risk1:2:1'}
{'event': 'root_completed', 'phase': 'EVAL', 'life': 0, 'heldout_life': 0, 'root_id': 'EVAL_SOURCE:0:risk1:3:0'}
{'event': 'root_completed', 'phase': 'EVAL', 'life': 1, 'heldout_life': 1, 'root_id': 'EVAL_SOURCE:1:risk1:3:0'}
{'event': 'root_completed', 'phase': 'EVAL', 'life': 0, 'heldout_life': 0, 'root_id': 'EVAL_SOURCE:0:risk1:3:1'}
{'event': 'root_completed', 'phase': 'EVAL', 'life': 1, 'heldout_life': 1, 'root_id': 'EVAL_SOURCE:1:risk1:3:1'}
{'event': 'root_completed', 'phase': 'EVAL', 'life': 3, 'heldout_life': 3, 'root_id': 'EVAL_SOURCE:3:risk1:3:0'}
{'event': 'root_completed', 'phase': 'EVAL', 'life': 2, 'heldout_life': 2, 'root_id': 'EVAL_SOURCE:2:risk1:3:0'}
{'event': 'root_completed', 'phase': 'EVAL', 'life': 2, 'heldout_life': 2, 'root_id': 'EVAL_SOURCE:2:risk1:3:1'}
{'event': 'root_completed', 'phase': 'EVAL', 'life': 3, 'heldout_life': 3, 'root_id': 'EVAL_SOURCE:3:risk1:3:1'}
{'event': 'root_completed', 'phase': 'EVAL', 'life': 0, 'heldout_life': 0, 'root_id': 'EVAL_SOURCE:0:risk8:0:0'}
{'event': 'root_completed', 'phase': 'EVAL', 'life': 1, 'heldout_life': 1, 'root_id': 'EVAL_SOURCE:1:risk8:0:0'}
{'event': 'root_completed', 'phase': 'EVAL', 'life': 0, 'heldout_life': 0, 'root_id': 'EVAL_SOURCE:0:risk8:0:1'}
{'event': 'root_completed', 'phase': 'EVAL', 'life': 2, 'heldout_life': 2, 'root_id': 'EVAL_SOURCE:2:risk8:0:0'}
{'event': 'root_completed', 'phase': 'EVAL', 'life': 1, 'heldout_life': 1, 'root_id': 'EVAL_SOURCE:1:risk8:0:1'}
{'event': 'root_completed', 'phase': 'EVAL', 'life': 2, 'heldout_life': 2, 'root_id': 'EVAL_SOURCE:2:risk8:0:1'}
{'event': 'root_completed', 'phase': 'EVAL', 'life': 3, 'heldout_life': 3, 'root_id': 'EVAL_SOURCE:3:risk8:0:0'}
{'event': 'root_completed', 'phase': 'EVAL', 'life': 3, 'heldout_life': 3, 'root_id': 'EVAL_SOURCE:3:risk8:0:1'}
{'event': 'root_completed', 'phase': 'EVAL', 'life': 0, 'heldout_life': 0, 'root_id': 'EVAL_SOURCE:0:risk8:1:0'}
{'event': 'root_completed', 'phase': 'EVAL', 'life': 1, 'heldout_life': 1, 'root_id': 'EVAL_SOURCE:1:risk8:1:0'}
{'event': 'root_completed', 'phase': 'EVAL', 'life': 0, 'heldout_life': 0, 'root_id': 'EVAL_SOURCE:0:risk8:1:1'}
{'event': 'root_completed', 'phase': 'EVAL', 'life': 1, 'heldout_life': 1, 'root_id': 'EVAL_SOURCE:1:risk8:1:1'}
{'event': 'root_completed', 'phase': 'EVAL', 'life': 2, 'heldout_life': 2, 'root_id': 'EVAL_SOURCE:2:risk8:1:0'}
{'event': 'root_completed', 'phase': 'EVAL', 'life': 2, 'heldout_life': 2, 'root_id': 'EVAL_SOURCE:2:risk8:1:1'}
{'event': 'root_completed', 'phase': 'EVAL', 'life': 3, 'heldout_life': 3, 'root_id': 'EVAL_SOURCE:3:risk8:1:0'}
{'event': 'root_completed', 'phase': 'EVAL', 'life': 0, 'heldout_life': 0, 'root_id': 'EVAL_SOURCE:0:risk8:2:0'}
{'event': 'root_completed', 'phase': 'EVAL', 'life': 1, 'heldout_life': 1, 'root_id': 'EVAL_SOURCE:1:risk8:2:0'}
{'event': 'root_completed', 'phase': 'EVAL', 'life': 3, 'heldout_life': 3, 'root_id': 'EVAL_SOURCE:3:risk8:1:1'}
{'event': 'root_completed', 'phase': 'EVAL', 'life': 0, 'heldout_life': 0, 'root_id': 'EVAL_SOURCE:0:risk8:2:1'}
{'event': 'root_completed', 'phase': 'EVAL', 'life': 1, 'heldout_life': 1, 'root_id': 'EVAL_SOURCE:1:risk8:2:1'}
{'event': 'root_completed', 'phase': 'EVAL', 'life': 2, 'heldout_life': 2, 'root_id': 'EVAL_SOURCE:2:risk8:2:0'}
{'event': 'root_completed', 'phase': 'EVAL', 'life': 2, 'heldout_life': 2, 'root_id': 'EVAL_SOURCE:2:risk8:2:1'}
{'event': 'root_completed', 'phase': 'EVAL', 'life': 3, 'heldout_life': 3, 'root_id': 'EVAL_SOURCE:3:risk8:2:0'}
{'event': 'root_completed', 'phase': 'EVAL', 'life': 0, 'heldout_life': 0, 'root_id': 'EVAL_SOURCE:0:risk8:3:0'}
{'event': 'root_completed', 'phase': 'EVAL', 'life': 1, 'heldout_life': 1, 'root_id': 'EVAL_SOURCE:1:risk8:3:0'}
{'event': 'root_completed', 'phase': 'EVAL', 'life': 3, 'heldout_life': 3, 'root_id': 'EVAL_SOURCE:3:risk8:2:1'}
{'event': 'root_completed', 'phase': 'EVAL', 'life': 1, 'heldout_life': 1, 'root_id': 'EVAL_SOURCE:1:risk8:3:1'}
{'event': 'root_completed', 'phase': 'EVAL', 'life': 0, 'heldout_life': 0, 'root_id': 'EVAL_SOURCE:0:risk8:3:1'}
{'event': 'root_completed', 'phase': 'EVAL', 'life': 2, 'heldout_life': 2, 'root_id': 'EVAL_SOURCE:2:risk8:3:0'}
{'event': 'root_completed', 'phase': 'EVAL', 'life': 2, 'heldout_life': 2, 'root_id': 'EVAL_SOURCE:2:risk8:3:1'}
{'event': 'root_completed', 'phase': 'EVAL', 'life': 3, 'heldout_life': 3, 'root_id': 'EVAL_SOURCE:3:risk8:3:0'}
{'event': 'root_completed', 'phase': 'EVAL', 'life': 3, 'heldout_life': 3, 'root_id': 'EVAL_SOURCE:3:risk8:3:1'}
{'status': 'complete', 'seconds': 222.24216167698614}
