{"event": "training_block_complete", "life": 2, "query": "reward", "phase": "B", "method": "BANK", "transitions": 23326, "episodes": 64, "updates": 2757348, "banks": 2}
{"event": "training_block_complete", "life": 0, "query": "reward", "phase": "B", "method": "BANK", "transitions": 24685, "episodes": 64, "updates": 2737340, "banks": 2}
{"event": "training_block_complete", "life": 3, "query": "reward", "phase": "B", "method": "BANK", "transitions": 23229, "episodes": 64, "updates": 2751715, "banks": 2}
{"event": "training_block_complete", "life": 1, "query": "reward", "phase": "B", "method": "BANK", "transitions": 25295, "episodes": 64, "updates": 2776490, "banks": 2}
{"event": "training_block_complete", "life": 2, "query": "reward", "phase": "B", "method": "BANK", "transitions": 45340, "episodes": 128, "updates": 2779362, "banks": 2}
{"event": "training_block_complete", "life": 0, "query": "reward", "phase": "B", "method": "BANK", "transitions": 49883, "episodes": 128, "updates": 2762536, "banks": 2}
{"event": "training_block_complete", "life": 3, "query": "reward", "phase": "B", "method": "BANK", "transitions": 51739, "episodes": 128, "updates": 2780225, "banks": 2}
{"event": "training_block_complete", "life": 1, "query": "reward", "phase": "B", "method": "BANK", "transitions": 50814, "episodes": 128, "updates": 2801884, "banks": 3}
{"event": "training_block_complete", "life": 2, "query": "reward", "phase": "B", "method": "BANK", "transitions": 69770, "episodes": 192, "updates": 2803725, "banks": 3}
{"event": "training_block_complete", "life": 0, "query": "reward", "phase": "B", "method": "BANK", "transitions": 74271, "episodes": 192, "updates": 2786924, "banks": 2}
{"event": "training_block_complete", "life": 1, "query": "reward", "phase": "B", "method": "BANK", "transitions": 75621, "episodes": 192, "updates": 2826544, "banks": 3}
{"event": "training_block_complete", "life": 3, "query": "reward", "phase": "B", "method": "BANK", "transitions": 77860, "episodes": 192, "updates": 2806346, "banks": 2}
{"event": "training_block_complete", "life": 2, "query": "reward", "phase": "B", "method": "BANK", "transitions": 95408, "episodes": 256, "updates": 2829191, "banks": 3}
{"event": "training_block_complete", "life": 0, "query": "reward", "phase": "B", "method": "BANK", "transitions": 100024, "episodes": 256, "updates": 2812677, "banks": 2}
{"event": "training_block_complete", "life": 1, "query": "reward", "phase": "B", "method": "BANK", "transitions": 100986, "episodes": 256, "updates": 2851688, "banks": 4}
{"event": "training_block_complete", "life": 3, "query": "reward", "phase": "B", "method": "BANK", "transitions": 103871, "episodes": 256, "updates": 2832357, "banks": 2}
{"event": "training_block_complete", "life": 2, "query": "reward", "phase": "B", "method": "BANK", "transitions": 122047, "episodes": 320, "updates": 2855676, "banks": 3}
{"event": "training_block_complete", "life": 0, "query": "reward", "phase": "B", "method": "BANK", "transitions": 125713, "episodes": 320, "updates": 2838366, "banks": 2}
{"event": "training_block_complete", "life": 1, "query": "reward", "phase": "B", "method": "BANK", "transitions": 125158, "episodes": 320, "updates": 2875628, "banks": 4}
{"event": "training_block_complete", "life": 3, "query": "reward", "phase": "B", "method": "BANK", "transitions": 130778, "episodes": 320, "updates": 2859263, "banks": 2}
{"event": "training_block_complete", "life": 3, "query": "reward", "phase": "B", "method": "BANK", "transitions": 131174, "episodes": 322, "updates": 2859659, "banks": 2}
{"event": "training_block_complete", "life": 0, "query": "reward", "phase": "B", "method": "BANK", "transitions": 131074, "episodes": 334, "updates": 2843723, "banks": 2}
{"event": "training_block_complete", "life": 2, "query": "reward", "phase": "B", "method": "BANK", "transitions": 131437, "episodes": 342, "updates": 2865002, "banks": 3}
{"event": "training_block_complete", "life": 1, "query": "reward", "phase": "B", "method": "BANK", "transitions": 131196, "episodes": 334, "updates": 2881598, "banks": 4}
{"event": "training_block_complete", "life": 0, "query": "reward", "phase": "B", "method": "BANK", "transitions": 152721, "episodes": 384, "updates": 2865334, "banks": 3}
{"event": "training_block_complete", "life": 2, "query": "reward", "phase": "B", "method": "BANK", "transitions": 148682, "episodes": 384, "updates": 2882136, "banks": 3}
{"event": "training_block_complete", "life": 3, "query": "reward", "phase": "B", "method": "BANK", "transitions": 156449, "episodes": 384, "updates": 2884934, "banks": 2}
{"event": "training_block_complete", "life": 1, "query": "reward", "phase": "B", "method": "BANK", "transitions": 151350, "episodes": 384, "updates": 2901550, "banks": 4}
{"event": "training_block_complete", "life": 2, "query": "reward", "phase": "B", "method": "BANK", "transitions": 175378, "episodes": 448, "updates": 2908651, "banks": 3}
{"event": "training_block_complete", "life": 3, "query": "reward", "phase": "B", "method": "BANK", "transitions": 184389, "episodes": 448, "updates": 2912871, "banks": 3}
{"event": "training_block_complete", "life": 0, "query": "reward", "phase": "B", "method": "BANK", "transitions": 181635, "episodes": 448, "updates": 2894107, "banks": 3}
{"event": "training_block_complete", "life": 1, "query": "reward", "phase": "B", "method": "BANK", "transitions": 177819, "episodes": 448, "updates": 2927745, "banks": 4}
{"event": "training_block_complete", "life": 2, "query": "reward", "phase": "B", "method": "BANK", "transitions": 198918, "episodes": 512, "updates": 2932057, "banks": 3}
{"event": "training_block_complete", "life": 3, "query": "reward", "phase": "B", "method": "BANK", "transitions": 212137, "episodes": 512, "updates": 2940501, "banks": 3}
{"event": "training_block_complete", "life": 0, "query": "reward", "phase": "B", "method": "BANK", "transitions": 206509, "episodes": 512, "updates": 2918794, "banks": 3}
{"event": "training_block_complete", "life": 1, "query": "reward", "phase": "B", "method": "BANK", "transitions": 203464, "episodes": 512, "updates": 2953138, "banks": 4}
{"event": "training_block_complete", "life": 2, "query": "reward", "phase": "B", "method": "BANK", "transitions": 223613, "episodes": 576, "updates": 2956593, "banks": 3}
{"event": "training_block_complete", "life": 3, "query": "reward", "phase": "B", "method": "BANK", "transitions": 238231, "episodes": 576, "updates": 2966435, "banks": 3}
{"event": "training_block_complete", "life": 0, "query": "reward", "phase": "B", "method": "BANK", "transitions": 232056, "episodes": 576, "updates": 2944134, "banks": 3}
{"event": "training_block_complete", "life": 1, "query": "reward", "phase": "B", "method": "BANK", "transitions": 230428, "episodes": 576, "updates": 2979823, "banks": 4}
{"event": "training_block_complete", "life": 2, "query": "reward", "phase": "B", "method": "BANK", "transitions": 250239, "episodes": 640, "updates": 2983018, "banks": 3}
{"event": "training_block_complete", "life": 3, "query": "reward", "phase": "B", "method": "BANK", "transitions": 262980, "episodes": 640, "updates": 2991020, "banks": 3}
{"event": "training_block_complete", "life": 0, "query": "reward", "phase": "B", "method": "BANK", "transitions": 256855, "episodes": 640, "updates": 2968718, "banks": 3}
{"event": "training_block_complete", "life": 1, "query": "reward", "phase": "B", "method": "BANK", "transitions": 257307, "episodes": 640, "updates": 3006442, "banks": 4}
{"event": "training_block_complete", "life": 2, "query": "reward", "phase": "B", "method": "BANK", "transitions": 275812, "episodes": 704, "updates": 3008409, "banks": 3}
{"event": "training_block_complete", "life": 3, "query": "reward", "phase": "B", "method": "BANK", "transitions": 289874, "episodes": 704, "updates": 3017750, "banks": 3}
{"event": "training_block_complete", "life": 0, "query": "reward", "phase": "B", "method": "BANK", "transitions": 284066, "episodes": 704, "updates": 2995687, "banks": 3}
{"event": "training_block_complete", "life": 1, "query": "reward", "phase": "B", "method": "BANK", "transitions": 283848, "episodes": 704, "updates": 3032724, "banks": 4}
{"event": "training_block_complete", "life": 2, "query": "reward", "phase": "B", "method": "BANK", "transitions": 303858, "episodes": 768, "updates": 3036255, "banks": 3}
{"event": "training_block_complete", "life": 3, "query": "reward", "phase": "B", "method": "BANK", "transitions": 319157, "episodes": 768, "updates": 3046842, "banks": 3}
{"event": "training_block_complete", "life": 0, "query": "reward", "phase": "B", "method": "BANK", "transitions": 310745, "episodes": 768, "updates": 3022123, "banks": 3}
{"event": "training_block_complete", "life": 1, "query": "reward", "phase": "B", "method": "BANK", "transitions": 313041, "episodes": 768, "updates": 3061615, "banks": 4}
{"event": "training_block_complete", "life": 2, "query": "reward", "phase": "B", "method": "BANK", "transitions": 327489, "episodes": 832, "updates": 3059715, "banks": 3}
{"event": "training_block_complete", "life": 3, "query": "reward", "phase": "B", "method": "BANK", "transitions": 344089, "episodes": 832, "updates": 3071618, "banks": 3}
{"event": "training_block_complete", "life": 0, "query": "reward", "phase": "B", "method": "BANK", "transitions": 336521, "episodes": 832, "updates": 3047669, "banks": 3}
{"event": "training_block_complete", "life": 1, "query": "reward", "phase": "B", "method": "BANK", "transitions": 338155, "episodes": 832, "updates": 3086472, "banks": 4}
{"event": "training_block_complete", "life": 2, "query": "reward", "phase": "B", "method": "BANK", "transitions": 357231, "episodes": 896, "updates": 3089243, "banks": 3}
{"event": "training_block_complete", "life": 3, "query": "reward", "phase": "B", "method": "BANK", "transitions": 371035, "episodes": 896, "updates": 3098408, "banks": 3}
{"event": "training_block_complete", "life": 0, "query": "reward", "phase": "B", "method": "BANK", "transitions": 362760, "episodes": 896, "updates": 3073673, "banks": 3}
{"event": "training_block_complete", "life": 1, "query": "reward", "phase": "B", "method": "BANK", "transitions": 364801, "episodes": 896, "updates": 3112854, "banks": 4}
{"event": "training_block_complete", "life": 2, "query": "reward", "phase": "B", "method": "BANK", "transitions": 386522, "episodes": 960, "updates": 3118325, "banks": 3}
{"event": "training_block_complete", "life": 3, "query": "reward", "phase": "B", "method": "BANK", "transitions": 398406, "episodes": 960, "updates": 3125622, "banks": 3}
{"event": "training_block_complete", "life": 0, "query": "reward", "phase": "B", "method": "BANK", "transitions": 387765, "episodes": 960, "updates": 3098455, "banks": 3}
{"event": "training_block_complete", "life": 1, "query": "reward", "phase": "B", "method": "BANK", "transitions": 391290, "episodes": 960, "updates": 3139076, "banks": 4}
{"event": "training_block_complete", "life": 2, "query": "reward", "phase": "B", "method": "BANK", "transitions": 412027, "episodes": 1024, "updates": 3143636, "banks": 3}
{"event": "training_block_complete", "life": 3, "query": "reward", "phase": "B", "method": "BANK", "transitions": 426229, "episodes": 1024, "updates": 3153276, "banks": 3}
{"event": "training_block_complete", "life": 0, "query": "reward", "phase": "B", "method": "BANK", "transitions": 415035, "episodes": 1024, "updates": 3125468, "banks": 3}
{"event": "training_block_complete", "life": 1, "query": "reward", "phase": "B", "method": "BANK", "transitions": 418300, "episodes": 1024, "updates": 3165841, "banks": 4}
{"event": "training_block_complete", "life": 2, "query": "reward", "phase": "B", "method": "BANK", "transitions": 436236, "episodes": 1088, "updates": 3167664, "banks": 3}
{"event": "training_block_complete", "life": 3, "query": "reward", "phase": "B", "method": "BANK", "transitions": 454786, "episodes": 1088, "updates": 3181656, "banks": 3}
{"event": "training_block_complete", "life": 1, "query": "reward", "phase": "B", "method": "BANK", "transitions": 444887, "episodes": 1088, "updates": 3192159, "banks": 4}
{"event": "training_block_complete", "life": 0, "query": "reward", "phase": "B", "method": "BANK", "transitions": 444978, "episodes": 1088, "updates": 3155124, "banks": 3}
{"event": "training_block_complete", "life": 2, "query": "reward", "phase": "B", "method": "BANK", "transitions": 463497, "episodes": 1152, "updates": 3194734, "banks": 3}
{"event": "training_block_complete", "life": 3, "query": "reward", "phase": "B", "method": "BANK", "transitions": 484545, "episodes": 1152, "updates": 3211213, "banks": 3}
{"event": "training_block_complete", "life": 1, "query": "reward", "phase": "B", "method": "BANK", "transitions": 471310, "episodes": 1152, "updates": 3218312, "banks": 4}
{"event": "training_block_complete", "life": 0, "query": "reward", "phase": "B", "method": "BANK", "transitions": 472381, "episodes": 1152, "updates": 3182260, "banks": 3}
{"event": "training_block_complete", "life": 2, "query": "reward", "phase": "B", "method": "BANK", "transitions": 492196, "episodes": 1216, "updates": 3223238, "banks": 3}
{"event": "training_block_complete", "life": 3, "query": "reward", "phase": "B", "method": "BANK", "transitions": 512035, "episodes": 1216, "updates": 3238518, "banks": 3}
{"event": "training_block_complete", "life": 1, "query": "reward", "phase": "B", "method": "BANK", "transitions": 497451, "episodes": 1216, "updates": 3244200, "banks": 4}
{"event": "training_block_complete", "life": 0, "query": "reward", "phase": "B", "method": "BANK", "transitions": 501792, "episodes": 1216, "updates": 3211392, "banks": 3}
{"event": "training_block_complete", "life": 2, "query": "reward", "phase": "B", "method": "BANK", "transitions": 521346, "episodes": 1280, "updates": 3252176, "banks": 3}
{"event": "training_block_complete", "life": 3, "query": "reward", "phase": "B", "method": "BANK", "transitions": 524288, "episodes": 1243, "updates": 3250698, "banks": 3}
{"event": "training_block_complete", "life": 1, "query": "reward", "phase": "B", "method": "BANK", "transitions": 523991, "episodes": 1280, "updates": 3270482, "banks": 4}
{"event": "training_block_complete", "life": 2, "query": "reward", "phase": "B", "method": "BANK", "transitions": 524288, "episodes": 1287, "updates": 3255101, "banks": 3}
{"event": "training_block_complete", "life": 0, "query": "reward", "phase": "B", "method": "BANK", "transitions": 524288, "episodes": 1265, "updates": 3233649, "banks": 3}
{"event": "training_block_complete", "life": 1, "query": "reward", "phase": "B", "method": "BANK", "transitions": 524288, "episodes": 1281, "updates": 3270776, "banks": 4}
{"event": "training_block_complete", "life": 3, "query": "reward", "phase": "A_RETURN", "method": "BANK", "transitions": 51000, "episodes": 64, "updates": 3301693, "banks": 3}
{"event": "training_block_complete", "life": 2, "query": "reward", "phase": "A_RETURN", "method": "BANK", "transitions": 50670, "episodes": 64, "updates": 3305761, "banks": 3}
{"event": "training_block_complete", "life": 0, "query": "reward", "phase": "A_RETURN", "method": "BANK", "transitions": 50514, "episodes": 64, "updates": 3284155, "banks": 4}
{"event": "training_block_complete", "life": 1, "query": "reward", "phase": "A_RETURN", "method": "BANK", "transitions": 51888, "episodes": 64, "updates": 3322658, "banks": 4}
{"event": "training_block_complete", "life": 3, "query": "reward", "phase": "A_RETURN", "method": "BANK", "transitions": 99408, "episodes": 128, "updates": 3350099, "banks": 3}
{"event": "training_block_complete", "life": 2, "query": "reward", "phase": "A_RETURN", "method": "BANK", "transitions": 105276, "episodes": 128, "updates": 3360365, "banks": 3}
{"event": "training_block_complete", "life": 0, "query": "reward", "phase": "A_RETURN", "method": "BANK", "transitions": 102297, "episodes": 128, "updates": 3335929, "banks": 4}
{"event": "training_block_complete", "life": 1, "query": "reward", "phase": "A_RETURN", "method": "BANK", "transitions": 104371, "episodes": 128, "updates": 3375138, "banks": 4}
{"event": "training_block_complete", "life": 3, "query": "reward", "phase": "A_RETURN", "method": "BANK", "transitions": 131108, "episodes": 166, "updates": 3381799, "banks": 3}
{"event": "training_block_complete", "life": 2, "query": "reward", "phase": "A_RETURN", "method": "BANK", "transitions": 131671, "episodes": 164, "updates": 3386758, "banks": 3}
{"event": "training_block_complete", "life": 3, "query": "reward", "phase": "A_RETURN", "method": "BANK", "transitions": 151385, "episodes": 192, "updates": 3402075, "banks": 3}
{"event": "training_block_complete", "life": 0, "query": "reward", "phase": "A_RETURN", "method": "BANK", "transitions": 131912, "episodes": 164, "updates": 3365537, "banks": 4}
{"event": "training_block_complete", "life": 2, "query": "reward", "phase": "A_RETURN", "method": "BANK", "transitions": 156121, "episodes": 192, "updates": 3411204, "banks": 3}
{"event": "training_block_complete", "life": 1, "query": "reward", "phase": "A_RETURN", "method": "BANK", "transitions": 131392, "episodes": 161, "updates": 3402155, "banks": 4}
{"event": "training_block_complete", "life": 0, "query": "reward", "phase": "A_RETURN", "method": "BANK", "transitions": 156077, "episodes": 192, "updates": 3389695, "banks": 4}
{"event": "training_block_complete", "life": 1, "query": "reward", "phase": "A_RETURN", "method": "BANK", "transitions": 156245, "episodes": 192, "updates": 3427006, "banks": 4}
{"event": "training_block_complete", "life": 3, "query": "reward", "phase": "A_RETURN", "method": "BANK", "transitions": 200889, "episodes": 256, "updates": 3451574, "banks": 3}
{"event": "training_block_complete", "life": 2, "query": "reward", "phase": "A_RETURN", "method": "BANK", "transitions": 207647, "episodes": 256, "updates": 3462724, "banks": 3}
{"event": "training_block_complete", "life": 0, "query": "reward", "phase": "A_RETURN", "method": "BANK", "transitions": 211686, "episodes": 256, "updates": 3445298, "banks": 4}
{"event": "training_block_complete", "life": 1, "query": "reward", "phase": "A_RETURN", "method": "BANK", "transitions": 208909, "episodes": 256, "updates": 3479663, "banks": 4}
{"event": "training_block_complete", "life": 3, "query": "reward", "phase": "A_RETURN", "method": "BANK", "transitions": 253947, "episodes": 320, "updates": 3504628, "banks": 3}
{"event": "training_block_complete", "life": 2, "query": "reward", "phase": "A_RETURN", "method": "BANK", "transitions": 257559, "episodes": 320, "updates": 3512632, "banks": 3}
{"event": "training_block_complete", "life": 0, "query": "reward", "phase": "A_RETURN", "method": "BANK", "transitions": 268698, "episodes": 320, "updates": 3502295, "banks": 4}
{"event": "training_block_complete", "life": 1, "query": "reward", "phase": "A_RETURN", "method": "BANK", "transitions": 260336, "episodes": 320, "updates": 3531084, "banks": 4}
{"event": "training_block_complete", "life": 3, "query": "reward", "phase": "A_RETURN", "method": "BANK", "transitions": 306284, "episodes": 384, "updates": 3556960, "banks": 3}
{"event": "training_block_complete", "life": 2, "query": "reward", "phase": "A_RETURN", "method": "BANK", "transitions": 309420, "episodes": 384, "updates": 3564489, "banks": 3}
{"event": "training_block_complete", "life": 0, "query": "reward", "phase": "A_RETURN", "method": "BANK", "transitions": 326819, "episodes": 384, "updates": 3560407, "banks": 4}
{"event": "training_block_complete", "life": 1, "query": "reward", "phase": "A_RETURN", "method": "BANK", "transitions": 312335, "episodes": 384, "updates": 3583080, "banks": 4}
{"event": "training_block_complete", "life": 3, "query": "reward", "phase": "A_RETURN", "method": "BANK", "transitions": 363662, "episodes": 448, "updates": 3614327, "banks": 3}
{"event": "training_block_complete", "life": 2, "query": "reward", "phase": "A_RETURN", "method": "BANK", "transitions": 358720, "episodes": 448, "updates": 3613782, "banks": 3}
{"event": "training_block_complete", "life": 0, "query": "reward", "phase": "A_RETURN", "method": "BANK", "transitions": 380479, "episodes": 448, "updates": 3614053, "banks": 4}
{"event": "training_block_complete", "life": 1, "query": "reward", "phase": "A_RETURN", "method": "BANK", "transitions": 365981, "episodes": 448, "updates": 3636717, "banks": 4}
{"event": "training_block_complete", "life": 2, "query": "reward", "phase": "A_RETURN", "method": "BANK", "transitions": 411097, "episodes": 512, "updates": 3666150, "banks": 3}
{"event": "training_block_complete", "life": 3, "query": "reward", "phase": "A_RETURN", "method": "BANK", "transitions": 415807, "episodes": 512, "updates": 3666468, "banks": 3}
{"event": "training_block_complete", "life": 0, "query": "reward", "phase": "A_RETURN", "method": "BANK", "transitions": 433541, "episodes": 512, "updates": 3667107, "banks": 4}
{"event": "training_block_complete", "life": 1, "query": "reward", "phase": "A_RETURN", "method": "BANK", "transitions": 419618, "episodes": 512, "updates": 3690348, "banks": 4}
{"event": "training_block_complete", "life": 2, "query": "reward", "phase": "A_RETURN", "method": "BANK", "transitions": 464405, "episodes": 576, "updates": 3719453, "banks": 3}
{"event": "training_block_complete", "life": 3, "query": "reward", "phase": "A_RETURN", "method": "BANK", "transitions": 470573, "episodes": 576, "updates": 3721224, "banks": 3}
{"event": "training_block_complete", "life": 0, "query": "reward", "phase": "A_RETURN", "method": "BANK", "transitions": 486559, "episodes": 576, "updates": 3720123, "banks": 4}
{"event": "training_block_complete", "life": 1, "query": "reward", "phase": "A_RETURN", "method": "BANK", "transitions": 471956, "episodes": 576, "updates": 3742677, "banks": 4}
{"event": "training_block_complete", "life": 2, "query": "reward", "phase": "A_RETURN", "method": "BANK", "transitions": 516917, "episodes": 640, "updates": 3771959, "banks": 3}
{"event": "training_block_complete", "life": 3, "query": "reward", "phase": "A_RETURN", "method": "BANK", "transitions": 523585, "episodes": 640, "updates": 3774227, "banks": 3}
{"event": "training_block_complete", "life": 3, "query": "reward", "phase": "A_RETURN", "method": "BANK", "transitions": 524288, "episodes": 642, "updates": 3774929, "banks": 3}
{"event": "training_block_complete", "life": 2, "query": "reward", "phase": "A_RETURN", "method": "BANK", "transitions": 524288, "episodes": 648, "updates": 3779327, "banks": 3}
{"event": "training_block_complete", "life": 0, "query": "reward", "phase": "A_RETURN", "method": "BANK", "transitions": 524288, "episodes": 618, "updates": 3757845, "banks": 4}
{"event": "training_block_complete", "life": 3, "query": "risk_goal", "phase": "B", "method": "BANK", "transitions": 27258, "episodes": 64, "updates": 2831643, "banks": 2}
{"event": "training_block_complete", "life": 2, "query": "risk_goal", "phase": "B", "method": "BANK", "transitions": 26490, "episodes": 64, "updates": 2845662, "banks": 2}
{"event": "training_block_complete", "life": 1, "query": "reward", "phase": "A_RETURN", "method": "BANK", "transitions": 524288, "episodes": 640, "updates": 3794998, "banks": 4}
{"event": "training_block_complete", "life": 0, "query": "risk_goal", "phase": "B", "method": "BANK", "transitions": 27249, "episodes": 64, "updates": 2792199, "banks": 3}
{"event": "training_block_complete", "life": 3, "query": "risk_goal", "phase": "B", "method": "BANK", "transitions": 56133, "episodes": 128, "updates": 2860517, "banks": 2}
{"event": "training_block_complete", "life": 2, "query": "risk_goal", "phase": "B", "method": "BANK", "transitions": 53246, "episodes": 128, "updates": 2872407, "banks": 2}
{"event": "training_block_complete", "life": 0, "query": "risk_goal", "phase": "B", "method": "BANK", "transitions": 55955, "episodes": 128, "updates": 2820723, "banks": 3}
{"event": "training_block_complete", "life": 1, "query": "risk_goal", "phase": "B", "method": "BANK", "transitions": 26548, "episodes": 64, "updates": 2834985, "banks": 2}
{"event": "training_block_complete", "life": 3, "query": "risk_goal", "phase": "B", "method": "BANK", "transitions": 84179, "episodes": 192, "updates": 2888534, "banks": 3}
{"event": "training_block_complete", "life": 2, "query": "risk_goal", "phase": "B", "method": "BANK", "transitions": 82704, "episodes": 192, "updates": 2901821, "banks": 3}
{"event": "training_block_complete", "life": 0, "query": "risk_goal", "phase": "B", "method": "BANK", "transitions": 84047, "episodes": 192, "updates": 2848600, "banks": 3}
{"event": "training_block_complete", "life": 1, "query": "risk_goal", "phase": "B", "method": "BANK", "transitions": 53069, "episodes": 128, "updates": 2861499, "banks": 3}
{"event": "training_block_complete", "life": 3, "query": "risk_goal", "phase": "B", "method": "BANK", "transitions": 112568, "episodes": 256, "updates": 2916773, "banks": 3}
{"event": "training_block_complete", "life": 2, "query": "risk_goal", "phase": "B", "method": "BANK", "transitions": 110455, "episodes": 256, "updates": 2929384, "banks": 3}
{"event": "training_block_complete", "life": 0, "query": "risk_goal", "phase": "B", "method": "BANK", "transitions": 112377, "episodes": 256, "updates": 2876715, "banks": 3}
{"event": "training_block_complete", "life": 1, "query": "risk_goal", "phase": "B", "method": "BANK", "transitions": 81517, "episodes": 192, "updates": 2889760, "banks": 3}
{"event": "training_block_complete", "life": 3, "query": "risk_goal", "phase": "B", "method": "BANK", "transitions": 131212, "episodes": 301, "updates": 2935297, "banks": 3}
{"event": "training_block_complete", "life": 2, "query": "risk_goal", "phase": "B", "method": "BANK", "transitions": 131502, "episodes": 303, "updates": 2950252, "banks": 3}
{"event": "training_block_complete", "life": 1, "query": "risk_goal", "phase": "B", "method": "BANK", "transitions": 109068, "episodes": 256, "updates": 2917118, "banks": 3}
{"event": "training_block_complete", "life": 3, "query": "risk_goal", "phase": "B", "method": "BANK", "transitions": 140665, "episodes": 320, "updates": 2944697, "banks": 3}
{"event": "training_block_complete", "life": 0, "query": "risk_goal", "phase": "B", "method": "BANK", "transitions": 131466, "episodes": 303, "updates": 2895666, "banks": 3}
{"event": "training_block_complete", "life": 2, "query": "risk_goal", "phase": "B", "method": "BANK", "transitions": 139255, "episodes": 320, "updates": 2957932, "banks": 3}
{"event": "training_block_complete", "life": 0, "query": "risk_goal", "phase": "B", "method": "BANK", "transitions": 138054, "episodes": 320, "updates": 2902204, "banks": 3}
{"event": "training_block_complete", "life": 3, "query": "risk_goal", "phase": "B", "method": "BANK", "transitions": 169181, "episodes": 384, "updates": 2973025, "banks": 3}
{"event": "training_block_complete", "life": 2, "query": "risk_goal", "phase": "B", "method": "BANK", "transitions": 168576, "episodes": 384, "updates": 2986993, "banks": 3}
{"event": "training_block_complete", "life": 0, "query": "risk_goal", "phase": "B", "method": "BANK", "transitions": 164571, "episodes": 384, "updates": 2928537, "banks": 3}
{"event": "training_block_complete", "life": 1, "query": "risk_goal", "phase": "B", "method": "BANK", "transitions": 131092, "episodes": 306, "updates": 2938980, "banks": 3}
{"event": "training_block_complete", "life": 1, "query": "risk_goal", "phase": "B", "method": "BANK", "transitions": 137410, "episodes": 320, "updates": 2945254, "banks": 3}
{"event": "training_block_complete", "life": 3, "query": "risk_goal", "phase": "B", "method": "BANK", "transitions": 196312, "episodes": 448, "updates": 3000000, "banks": 3}
{"event": "training_block_complete", "life": 2, "query": "risk_goal", "phase": "B", "method": "BANK", "transitions": 197839, "episodes": 448, "updates": 3015961, "banks": 3}
{"event": "training_block_complete", "life": 0, "query": "risk_goal", "phase": "B", "method": "BANK", "transitions": 195736, "episodes": 448, "updates": 2959486, "banks": 3}
{"event": "training_block_complete", "life": 1, "query": "risk_goal", "phase": "B", "method": "BANK", "transitions": 166330, "episodes": 384, "updates": 2973929, "banks": 3}
{"event": "training_block_complete", "life": 3, "query": "risk_goal", "phase": "B", "method": "BANK", "transitions": 226484, "episodes": 512, "updates": 3029991, "banks": 3}
{"event": "training_block_complete", "life": 0, "query": "risk_goal", "phase": "B", "method": "BANK", "transitions": 223458, "episodes": 512, "updates": 2987009, "banks": 3}
{"event": "training_block_complete", "life": 2, "query": "risk_goal", "phase": "B", "method": "BANK", "transitions": 227317, "episodes": 512, "updates": 3045158, "banks": 3}
{"event": "training_block_complete", "life": 1, "query": "risk_goal", "phase": "B", "method": "BANK", "transitions": 195190, "episodes": 448, "updates": 3002516, "banks": 3}
{"event": "training_block_complete", "life": 3, "query": "risk_goal", "phase": "B", "method": "BANK", "transitions": 255082, "episodes": 576, "updates": 3058414, "banks": 3}
{"event": "training_block_complete", "life": 0, "query": "risk_goal", "phase": "B", "method": "BANK", "transitions": 251012, "episodes": 576, "updates": 3014369, "banks": 3}
{"event": "training_block_complete", "life": 2, "query": "risk_goal", "phase": "B", "method": "BANK", "transitions": 256772, "episodes": 576, "updates": 3074321, "banks": 3}
{"event": "training_block_complete", "life": 1, "query": "risk_goal", "phase": "B", "method": "BANK", "transitions": 222949, "episodes": 512, "updates": 3030009, "banks": 3}
{"event": "training_block_complete", "life": 3, "query": "risk_goal", "phase": "B", "method": "BANK", "transitions": 286350, "episodes": 640, "updates": 3089494, "banks": 4}
{"event": "training_block_complete", "life": 0, "query": "risk_goal", "phase": "B", "method": "BANK", "transitions": 277062, "episodes": 640, "updates": 3040230, "banks": 3}
{"event": "training_block_complete", "life": 2, "query": "risk_goal", "phase": "B", "method": "BANK", "transitions": 285539, "episodes": 640, "updates": 3102810, "banks": 3}
{"event": "training_block_complete", "life": 1, "query": "risk_goal", "phase": "B", "method": "BANK", "transitions": 250493, "episodes": 576, "updates": 3057307, "banks": 3}
{"event": "training_block_complete", "life": 3, "query": "risk_goal", "phase": "B", "method": "BANK", "transitions": 317180, "episodes": 704, "updates": 3120041, "banks": 4}
{"event": "training_block_complete", "life": 0, "query": "risk_goal", "phase": "B", "method": "BANK", "transitions": 306702, "episodes": 704, "updates": 3069655, "banks": 3}
{"event": "training_block_complete", "life": 2, "query": "risk_goal", "phase": "B", "method": "BANK", "transitions": 314659, "episodes": 704, "updates": 3131646, "banks": 3}
{"event": "training_block_complete", "life": 1, "query": "risk_goal", "phase": "B", "method": "BANK", "transitions": 280594, "episodes": 640, "updates": 3087118, "banks": 3}
{"event": "training_block_complete", "life": 0, "query": "risk_goal", "phase": "B", "method": "BANK", "transitions": 335046, "episodes": 768, "updates": 3097790, "banks": 3}
{"event": "training_block_complete", "life": 2, "query": "risk_goal", "phase": "B", "method": "BANK", "transitions": 343636, "episodes": 768, "updates": 3160371, "banks": 3}
{"event": "training_block_complete", "life": 3, "query": "risk_goal", "phase": "B", "method": "BANK", "transitions": 346699, "episodes": 768, "updates": 3149268, "banks": 4}
{"event": "training_block_complete", "life": 1, "query": "risk_goal", "phase": "B", "method": "BANK", "transitions": 310827, "episodes": 704, "updates": 3117076, "banks": 3}
{"event": "training_block_complete", "life": 0, "query": "risk_goal", "phase": "B", "method": "BANK", "transitions": 364379, "episodes": 832, "updates": 3126935, "banks": 3}
{"event": "training_block_complete", "life": 2, "query": "risk_goal", "phase": "B", "method": "BANK", "transitions": 375699, "episodes": 832, "updates": 3192126, "banks": 3}
{"event": "training_block_complete", "life": 3, "query": "risk_goal", "phase": "B", "method": "BANK", "transitions": 375446, "episodes": 832, "updates": 3177756, "banks": 4}
{"event": "training_block_complete", "life": 1, "query": "risk_goal", "phase": "B", "method": "BANK", "transitions": 341094, "episodes": 768, "updates": 3147050, "banks": 3}
{"event": "training_block_complete", "life": 2, "query": "risk_goal", "phase": "B", "method": "BANK", "transitions": 404805, "episodes": 896, "updates": 3220949, "banks": 3}
{"event": "training_block_complete", "life": 0, "query": "risk_goal", "phase": "B", "method": "BANK", "transitions": 394095, "episodes": 896, "updates": 3156450, "banks": 3}
{"event": "training_block_complete", "life": 3, "query": "risk_goal", "phase": "B", "method": "BANK", "transitions": 403795, "episodes": 896, "updates": 3205831, "banks": 4}
{"event": "training_block_complete", "life": 2, "query": "risk_goal", "phase": "B", "method": "BANK", "transitions": 433248, "episodes": 960, "updates": 3249124, "banks": 3}
{"event": "training_block_complete", "life": 0, "query": "risk_goal", "phase": "B", "method": "BANK", "transitions": 422982, "episodes": 960, "updates": 3185127, "banks": 3}
{"event": "training_block_complete", "life": 1, "query": "risk_goal", "phase": "B", "method": "BANK", "transitions": 371879, "episodes": 832, "updates": 3177539, "banks": 3}
{"event": "training_block_complete", "life": 3, "query": "risk_goal", "phase": "B", "method": "BANK", "transitions": 432455, "episodes": 960, "updates": 3234211, "banks": 4}
{"event": "training_block_complete", "life": 0, "query": "risk_goal", "phase": "B", "method": "BANK", "transitions": 451599, "episodes": 1024, "updates": 3213544, "banks": 3}
{"event": "training_block_complete", "life": 1, "query": "risk_goal", "phase": "B", "method": "BANK", "transitions": 400386, "episodes": 896, "updates": 3205768, "banks": 3}
{"event": "training_block_complete", "life": 2, "query": "risk_goal", "phase": "B", "method": "BANK", "transitions": 464632, "episodes": 1024, "updates": 3280188, "banks": 3}
{"event": "training_block_complete", "life": 3, "query": "risk_goal", "phase": "B", "method": "BANK", "transitions": 461817, "episodes": 1024, "updates": 3263284, "banks": 4}
{"event": "training_block_complete", "life": 0, "query": "risk_goal", "phase": "B", "method": "BANK", "transitions": 479890, "episodes": 1088, "updates": 3241631, "banks": 3}
{"event": "training_block_complete", "life": 1, "query": "risk_goal", "phase": "B", "method": "BANK", "transitions": 429842, "episodes": 960, "updates": 3234950, "banks": 3}
{"event": "training_block_complete", "life": 2, "query": "risk_goal", "phase": "B", "method": "BANK", "transitions": 493884, "episodes": 1088, "updates": 3309178, "banks": 3}
{"event": "training_block_complete", "life": 3, "query": "risk_goal", "phase": "B", "method": "BANK", "transitions": 494383, "episodes": 1088, "updates": 3295536, "banks": 4}
{"event": "training_block_complete", "life": 0, "query": "risk_goal", "phase": "B", "method": "BANK", "transitions": 508476, "episodes": 1152, "updates": 3270004, "banks": 3}
{"event": "training_block_complete", "life": 2, "query": "risk_goal", "phase": "B", "method": "BANK", "transitions": 523217, "episodes": 1152, "updates": 3338241, "banks": 3}
{"event": "training_block_complete", "life": 1, "query": "risk_goal", "phase": "B", "method": "BANK", "transitions": 461031, "episodes": 1024, "updates": 3265838, "banks": 3}
{"event": "training_block_complete", "life": 3, "query": "risk_goal", "phase": "B", "method": "BANK", "transitions": 523989, "episodes": 1152, "updates": 3324851, "banks": 4}
{"event": "training_block_complete", "life": 2, "query": "risk_goal", "phase": "B", "method": "BANK", "transitions": 524288, "episodes": 1155, "updates": 3339299, "banks": 3}
{"event": "training_block_complete", "life": 1, "query": "risk_goal", "phase": "B", "method": "BANK", "transitions": 489536, "episodes": 1088, "updates": 3294082, "banks": 3}
{"event": "training_block_complete", "life": 0, "query": "risk_goal", "phase": "B", "method": "BANK", "transitions": 524288, "episodes": 1185, "updates": 3285698, "banks": 3}
{"event": "training_block_complete", "life": 3, "query": "risk_goal", "phase": "B", "method": "BANK", "transitions": 524288, "episodes": 1154, "updates": 3325148, "banks": 4}
{"event": "training_block_complete", "life": 1, "query": "risk_goal", "phase": "B", "method": "BANK", "transitions": 517590, "episodes": 1152, "updates": 3321878, "banks": 3}
{"event": "training_block_complete", "life": 1, "query": "risk_goal", "phase": "B", "method": "BANK", "transitions": 524288, "episodes": 1165, "updates": 3328521, "banks": 3}
{"event": "training_block_complete", "life": 2, "query": "risk_goal", "phase": "A_RETURN", "method": "BANK", "transitions": 52359, "episodes": 64, "updates": 3391649, "banks": 4}
{"event": "training_block_complete", "life": 0, "query": "risk_goal", "phase": "A_RETURN", "method": "BANK", "transitions": 52196, "episodes": 64, "updates": 3337891, "banks": 3}
{"event": "training_block_complete", "life": 3, "query": "risk_goal", "phase": "A_RETURN", "method": "BANK", "transitions": 54124, "episodes": 64, "updates": 3379261, "banks": 4}
{"event": "training_block_complete", "life": 2, "query": "risk_goal", "phase": "A_RETURN", "method": "BANK", "transitions": 105404, "episodes": 128, "updates": 3444676, "banks": 4}
{"event": "training_block_complete", "life": 0, "query": "risk_goal", "phase": "A_RETURN", "method": "BANK", "transitions": 104795, "episodes": 128, "updates": 3390482, "banks": 3}
{"event": "training_block_complete", "life": 1, "query": "risk_goal", "phase": "A_RETURN", "method": "BANK", "transitions": 54435, "episodes": 64, "updates": 3382947, "banks": 4}
{"event": "training_block_complete", "life": 3, "query": "risk_goal", "phase": "A_RETURN", "method": "BANK", "transitions": 107622, "episodes": 128, "updates": 3432752, "banks": 4}
{"event": "training_block_complete", "life": 2, "query": "risk_goal", "phase": "A_RETURN", "method": "BANK", "transitions": 131882, "episodes": 161, "updates": 3471153, "banks": 4}
{"event": "training_block_complete", "life": 0, "query": "risk_goal", "phase": "A_RETURN", "method": "BANK", "transitions": 131499, "episodes": 161, "updates": 3417181, "banks": 3}
{"event": "training_block_complete", "life": 1, "query": "risk_goal", "phase": "A_RETURN", "method": "BANK", "transitions": 105514, "episodes": 128, "updates": 3434019, "banks": 4}
{"event": "training_block_complete", "life": 3, "query": "risk_goal", "phase": "A_RETURN", "method": "BANK", "transitions": 131318, "episodes": 155, "updates": 3456445, "banks": 4}
{"event": "training_block_complete", "life": 0, "query": "risk_goal", "phase": "A_RETURN", "method": "BANK", "transitions": 157299, "episodes": 192, "updates": 3442978, "banks": 3}
{"event": "training_block_complete", "life": 2, "query": "risk_goal", "phase": "A_RETURN", "method": "BANK", "transitions": 158122, "episodes": 192, "updates": 3497389, "banks": 4}
{"event": "training_block_complete", "life": 3, "query": "risk_goal", "phase": "A_RETURN", "method": "BANK", "transitions": 162305, "episodes": 192, "updates": 3487429, "banks": 4}
{"event": "training_block_complete", "life": 1, "query": "risk_goal", "phase": "A_RETURN", "method": "BANK", "transitions": 131903, "episodes": 158, "updates": 3460402, "banks": 4}
{"event": "training_block_complete", "life": 0, "query": "risk_goal", "phase": "A_RETURN", "method": "BANK", "transitions": 209993, "episodes": 256, "updates": 3495659, "banks": 3}
{"event": "training_block_complete", "life": 2, "query": "risk_goal", "phase": "A_RETURN", "method": "BANK", "transitions": 213906, "episodes": 256, "updates": 3553161, "banks": 4}
{"event": "training_block_complete", "life": 1, "query": "risk_goal", "phase": "A_RETURN", "method": "BANK", "transitions": 159424, "episodes": 192, "updates": 3487918, "banks": 4}
{"event": "training_block_complete", "life": 3, "query": "risk_goal", "phase": "A_RETURN", "method": "BANK", "transitions": 216022, "episodes": 256, "updates": 3541139, "banks": 4}
{"event": "training_block_complete", "life": 0, "query": "risk_goal", "phase": "A_RETURN", "method": "BANK", "transitions": 263403, "episodes": 320, "updates": 3549063, "banks": 3}
{"event": "training_block_complete", "life": 2, "query": "risk_goal", "phase": "A_RETURN", "method": "BANK", "transitions": 270239, "episodes": 320, "updates": 3609486, "banks": 4}
{"event": "training_block_complete", "life": 1, "query": "risk_goal", "phase": "A_RETURN", "method": "BANK", "transitions": 211751, "episodes": 256, "updates": 3540239, "banks": 4}
{"event": "training_block_complete", "life": 3, "query": "risk_goal", "phase": "A_RETURN", "method": "BANK", "transitions": 267753, "episodes": 320, "updates": 3592863, "banks": 4}
{"event": "training_block_complete", "life": 0, "query": "risk_goal", "phase": "A_RETURN", "method": "BANK", "transitions": 315792, "episodes": 384, "updates": 3601445, "banks": 3}
{"event": "training_block_complete", "life": 2, "query": "risk_goal", "phase": "A_RETURN", "method": "BANK", "transitions": 321496, "episodes": 384, "updates": 3660735, "banks": 4}
{"event": "training_block_complete", "life": 1, "query": "risk_goal", "phase": "A_RETURN", "method": "BANK", "transitions": 266447, "episodes": 320, "updates": 3594917, "banks": 4}
{"event": "training_block_complete", "life": 3, "query": "risk_goal", "phase": "A_RETURN", "method": "BANK", "transitions": 323228, "episodes": 384, "updates": 3648331, "banks": 4}
{"event": "training_block_complete", "life": 0, "query": "risk_goal", "phase": "A_RETURN", "method": "BANK", "transitions": 366755, "episodes": 448, "updates": 3652401, "banks": 3}
{"event": "training_block_complete", "life": 2, "query": "risk_goal", "phase": "A_RETURN", "method": "BANK", "transitions": 378566, "episodes": 448, "updates": 3717789, "banks": 4}
{"event": "training_block_complete", "life": 1, "query": "risk_goal", "phase": "A_RETURN", "method": "BANK", "transitions": 317165, "episodes": 384, "updates": 3645627, "banks": 4}
{"event": "training_block_complete", "life": 3, "query": "risk_goal", "phase": "A_RETURN", "method": "BANK", "transitions": 376046, "episodes": 448, "updates": 3701141, "banks": 4}
{"event": "training_block_complete", "life": 0, "query": "risk_goal", "phase": "A_RETURN", "method": "BANK", "transitions": 422368, "episodes": 512, "updates": 3708002, "banks": 3}
{"event": "training_block_complete", "life": 2, "query": "risk_goal", "phase": "A_RETURN", "method": "BANK", "transitions": 436447, "episodes": 512, "updates": 3775655, "banks": 4}
{"event": "training_block_complete", "life": 1, "query": "risk_goal", "phase": "A_RETURN", "method": "BANK", "transitions": 373485, "episodes": 448, "updates": 3701935, "banks": 4}
{"event": "training_block_complete", "life": 3, "query": "risk_goal", "phase": "A_RETURN", "method": "BANK", "transitions": 429395, "episodes": 512, "updates": 3754473, "banks": 4}
{"event": "training_block_complete", "life": 0, "query": "risk_goal", "phase": "A_RETURN", "method": "BANK", "transitions": 474476, "episodes": 576, "updates": 3760105, "banks": 3}
{"event": "training_block_complete", "life": 2, "query": "risk_goal", "phase": "A_RETURN", "method": "BANK", "transitions": 491719, "episodes": 576, "updates": 3830908, "banks": 4}
{"event": "training_block_complete", "life": 1, "query": "risk_goal", "phase": "A_RETURN", "method": "BANK", "transitions": 427528, "episodes": 512, "updates": 3755966, "banks": 4}
{"event": "training_block_complete", "life": 3, "query": "risk_goal", "phase": "A_RETURN", "method": "BANK", "transitions": 483697, "episodes": 576, "updates": 3808768, "banks": 4}
{"event": "training_block_complete", "life": 0, "query": "risk_goal", "phase": "A_RETURN", "method": "BANK", "transitions": 524288, "episodes": 637, "updates": 3809908, "banks": 3}
{"event": "training_block_complete", "life": 1, "query": "risk_goal", "phase": "A_RETURN", "method": "BANK", "transitions": 483002, "episodes": 576, "updates": 3811430, "banks": 4}
{"event": "training_block_complete", "life": 2, "query": "risk_goal", "phase": "A_RETURN", "method": "BANK", "transitions": 524288, "episodes": 615, "updates": 3863469, "banks": 4}
{"event": "training_block_complete", "life": 3, "query": "risk_goal", "phase": "A_RETURN", "method": "BANK", "transitions": 524288, "episodes": 626, "updates": 3849352, "banks": 4}
{"event": "training_block_complete", "life": 1, "query": "risk_goal", "phase": "A_RETURN", "method": "BANK", "transitions": 524288, "episodes": 625, "updates": 3852704, "banks": 4}
{"status": "complete", "seconds": 540.2035460909974}
