{"event": "arm_evaluated", "life": 2, "query": "risk1", "arm": "H2", "games": 16}
{"event": "arm_evaluated", "life": 3, "query": "risk1", "arm": "H2", "games": 16}
{"event": "arm_evaluated", "life": 1, "query": "risk1", "arm": "H2", "games": 16}
{"event": "arm_evaluated", "life": 0, "query": "risk1", "arm": "H2", "games": 16}
{"event": "arm_evaluated", "life": 0, "query": "risk1", "arm": "OLD", "games": 16}
{"event": "arm_evaluated", "life": 3, "query": "risk1", "arm": "OLD", "games": 16}
{"event": "arm_evaluated", "life": 1, "query": "risk1", "arm": "OLD", "games": 16}
{"event": "arm_evaluated", "life": 2, "query": "risk1", "arm": "OLD", "games": 16}
{"event": "arm_evaluated", "life": 0, "query": "risk1", "arm": "REPAIR_H2", "games": 16}
{"event": "arm_evaluated", "life": 3, "query": "risk1", "arm": "REPAIR_H2", "games": 16}
{"event": "arm_evaluated", "life": 1, "query": "risk1", "arm": "REPAIR_H2", "games": 16}
{"event": "arm_evaluated", "life": 2, "query": "risk1", "arm": "REPAIR_H2", "games": 16}
{"event": "arm_evaluated", "life": 0, "query": "risk1", "arm": "REPAIR_GATE", "games": 16}
{"event": "arm_evaluated", "life": 3, "query": "risk1", "arm": "REPAIR_GATE", "games": 16}
{"event": "arm_evaluated", "life": 1, "query": "risk1", "arm": "REPAIR_GATE", "games": 16}
{"event": "arm_evaluated", "life": 2, "query": "risk1", "arm": "REPAIR_GATE", "games": 16}
{"event": "arm_evaluated", "life": 0, "query": "risk8", "arm": "H2", "games": 16}
{"event": "arm_evaluated", "life": 1, "query": "risk8", "arm": "H2", "games": 16}
{"event": "arm_evaluated", "life": 3, "query": "risk8", "arm": "H2", "games": 16}
{"event": "arm_evaluated", "life": 2, "query": "risk8", "arm": "H2", "games": 16}
{"event": "arm_evaluated", "life": 0, "query": "risk8", "arm": "OLD", "games": 16}
{"event": "arm_evaluated", "life": 1, "query": "risk8", "arm": "OLD", "games": 16}
{"event": "arm_evaluated", "life": 2, "query": "risk8", "arm": "OLD", "games": 16}
{"event": "arm_evaluated", "life": 3, "query": "risk8", "arm": "OLD", "games": 16}
{"event": "arm_evaluated", "life": 3, "query": "risk8", "arm": "REPAIR_H2", "games": 16}
{"event": "arm_evaluated", "life": 0, "query": "risk8", "arm": "REPAIR_H2", "games": 16}
{"event": "arm_evaluated", "life": 1, "query": "risk8", "arm": "REPAIR_H2", "games": 16}
{"event": "arm_evaluated", "life": 2, "query": "risk8", "arm": "REPAIR_H2", "games": 16}
{"event": "arm_evaluated", "life": 0, "query": "risk8", "arm": "REPAIR_GATE", "games": 16}
{"event": "arm_evaluated", "life": 3, "query": "risk8", "arm": "REPAIR_GATE", "games": 16}
{"event": "arm_evaluated", "life": 2, "query": "risk8", "arm": "REPAIR_GATE", "games": 16}
{"event": "arm_evaluated", "life": 1, "query": "risk8", "arm": "REPAIR_GATE", "games": 16}
{"status": "complete", "seconds": 74.45373148299404}
