{"phase": "fit_complete", "lifecycle": 0, "variant": "BASE", "training_roots": 20, "tree_fits": 2}
{"phase": "fit_complete", "lifecycle": 1, "variant": "BASE", "training_roots": 20, "tree_fits": 2}
{"phase": "fit_complete", "lifecycle": 2, "variant": "BASE", "training_roots": 20, "tree_fits": 2}
{"phase": "acquisition", "lifecycle": 1, "allocation": "EVIDENCE", "query": "reward", "root_episode": 8, "root_attempt_index": 0, "used_transitions": 19489, "budget": 120000, "completed_blocks": 1, "incomplete_blocks": 0}
{"phase": "acquisition", "lifecycle": 0, "allocation": "BALANCED", "query": "reward", "root_episode": 0, "root_attempt_index": 0, "used_transitions": 18990, "budget": 120000, "completed_blocks": 1, "incomplete_blocks": 0}
{"phase": "acquisition", "lifecycle": 2, "allocation": "BALANCED", "query": "reward", "root_episode": 2, "root_attempt_index": 0, "used_transitions": 21178, "budget": 120000, "completed_blocks": 1, "incomplete_blocks": 0}
{"phase": "acquisition", "lifecycle": 1, "allocation": "EVIDENCE", "query": "reward", "root_episode": 7, "root_attempt_index": 0, "used_transitions": 38217, "budget": 120000, "completed_blocks": 2, "incomplete_blocks": 0}
{"phase": "acquisition", "lifecycle": 0, "allocation": "BALANCED", "query": "reward", "root_episode": 1, "root_attempt_index": 0, "used_transitions": 39088, "budget": 120000, "completed_blocks": 2, "incomplete_blocks": 0}
{"phase": "acquisition", "lifecycle": 2, "allocation": "BALANCED", "query": "reward", "root_episode": 3, "root_attempt_index": 0, "used_transitions": 41505, "budget": 120000, "completed_blocks": 2, "incomplete_blocks": 0}
{"phase": "acquisition", "lifecycle": 1, "allocation": "EVIDENCE", "query": "reward", "root_episode": 3, "root_attempt_index": 0, "used_transitions": 58930, "budget": 120000, "completed_blocks": 3, "incomplete_blocks": 0}
{"phase": "acquisition", "lifecycle": 0, "allocation": "BALANCED", "query": "reward", "root_episode": 2, "root_attempt_index": 0, "used_transitions": 59824, "budget": 120000, "completed_blocks": 3, "incomplete_blocks": 0}
{"phase": "acquisition", "lifecycle": 2, "allocation": "BALANCED", "query": "reward", "root_episode": 5, "root_attempt_index": 0, "used_transitions": 64005, "budget": 120000, "completed_blocks": 3, "incomplete_blocks": 0}
{"phase": "acquisition", "lifecycle": 1, "allocation": "EVIDENCE", "query": "reward", "root_episode": 10, "root_attempt_index": 0, "used_transitions": 78044, "budget": 120000, "completed_blocks": 4, "incomplete_blocks": 0}
{"phase": "acquisition", "lifecycle": 0, "allocation": "BALANCED", "query": "reward", "root_episode": 3, "root_attempt_index": 0, "used_transitions": 78436, "budget": 120000, "completed_blocks": 4, "incomplete_blocks": 0}
{"phase": "acquisition", "lifecycle": 2, "allocation": "BALANCED", "query": "reward", "root_episode": 6, "root_attempt_index": 0, "used_transitions": 81649, "budget": 120000, "completed_blocks": 4, "incomplete_blocks": 0}
{"phase": "acquisition", "lifecycle": 0, "allocation": "BALANCED", "query": "reward", "root_episode": 5, "root_attempt_index": 0, "used_transitions": 95818, "budget": 120000, "completed_blocks": 5, "incomplete_blocks": 0}
{"phase": "acquisition", "lifecycle": 1, "allocation": "EVIDENCE", "query": "reward", "root_episode": 6, "root_attempt_index": 0, "used_transitions": 97192, "budget": 120000, "completed_blocks": 5, "incomplete_blocks": 0}
{"phase": "acquisition", "lifecycle": 2, "allocation": "BALANCED", "query": "reward", "root_episode": 7, "root_attempt_index": 0, "used_transitions": 102103, "budget": 120000, "completed_blocks": 5, "incomplete_blocks": 0}
{"phase": "acquisition", "lifecycle": 0, "allocation": "BALANCED", "query": "reward", "root_episode": 6, "root_attempt_index": 0, "used_transitions": 115482, "budget": 120000, "completed_blocks": 6, "incomplete_blocks": 0}
{"phase": "acquisition", "lifecycle": 1, "allocation": "EVIDENCE", "query": "reward", "root_episode": 0, "root_attempt_index": 0, "used_transitions": 115636, "budget": 120000, "completed_blocks": 6, "incomplete_blocks": 0}
{"phase": "acquisition", "lifecycle": 1, "allocation": "EVIDENCE", "query": "reward", "root_episode": 11, "root_attempt_index": 0, "used_transitions": 120000, "budget": 120000, "completed_blocks": 6, "incomplete_blocks": 1}
{"phase": "acquisition", "lifecycle": 2, "allocation": "BALANCED", "query": "reward", "root_episode": 8, "root_attempt_index": 0, "used_transitions": 120000, "budget": 120000, "completed_blocks": 5, "incomplete_blocks": 1}
{"phase": "acquisition", "lifecycle": 0, "allocation": "BALANCED", "query": "reward", "root_episode": 7, "root_attempt_index": 0, "used_transitions": 120000, "budget": 120000, "completed_blocks": 6, "incomplete_blocks": 1}
{"phase": "acquisition", "lifecycle": 2, "allocation": "BALANCED", "query": "risk_goal", "root_episode": 3, "root_attempt_index": 0, "used_transitions": 19987, "budget": 120000, "completed_blocks": 1, "incomplete_blocks": 0}
{"phase": "acquisition", "lifecycle": 1, "allocation": "EVIDENCE", "query": "risk_goal", "root_episode": 5, "root_attempt_index": 0, "used_transitions": 21519, "budget": 120000, "completed_blocks": 1, "incomplete_blocks": 0}
{"phase": "acquisition", "lifecycle": 0, "allocation": "BALANCED", "query": "risk_goal", "root_episode": 1, "root_attempt_index": 0, "used_transitions": 23938, "budget": 120000, "completed_blocks": 1, "incomplete_blocks": 0}
{"phase": "acquisition", "lifecycle": 1, "allocation": "EVIDENCE", "query": "risk_goal", "root_episode": 11, "root_attempt_index": 0, "used_transitions": 41188, "budget": 120000, "completed_blocks": 2, "incomplete_blocks": 0}
{"phase": "acquisition", "lifecycle": 2, "allocation": "BALANCED", "query": "risk_goal", "root_episode": 5, "root_attempt_index": 0, "used_transitions": 40568, "budget": 120000, "completed_blocks": 2, "incomplete_blocks": 0}
{"phase": "acquisition", "lifecycle": 0, "allocation": "BALANCED", "query": "risk_goal", "root_episode": 2, "root_attempt_index": 0, "used_transitions": 45169, "budget": 120000, "completed_blocks": 2, "incomplete_blocks": 0}
{"phase": "acquisition", "lifecycle": 1, "allocation": "EVIDENCE", "query": "risk_goal", "root_episode": 8, "root_attempt_index": 0, "used_transitions": 61931, "budget": 120000, "completed_blocks": 3, "incomplete_blocks": 0}
{"phase": "acquisition", "lifecycle": 2, "allocation": "BALANCED", "query": "risk_goal", "root_episode": 6, "root_attempt_index": 0, "used_transitions": 62126, "budget": 120000, "completed_blocks": 3, "incomplete_blocks": 0}
{"phase": "acquisition", "lifecycle": 0, "allocation": "BALANCED", "query": "risk_goal", "root_episode": 3, "root_attempt_index": 0, "used_transitions": 68951, "budget": 120000, "completed_blocks": 3, "incomplete_blocks": 0}
{"phase": "acquisition", "lifecycle": 1, "allocation": "EVIDENCE", "query": "risk_goal", "root_episode": 5, "root_attempt_index": 1, "used_transitions": 82325, "budget": 120000, "completed_blocks": 4, "incomplete_blocks": 0}
{"phase": "acquisition", "lifecycle": 2, "allocation": "BALANCED", "query": "risk_goal", "root_episode": 7, "root_attempt_index": 0, "used_transitions": 83173, "budget": 120000, "completed_blocks": 4, "incomplete_blocks": 0}
{"phase": "acquisition", "lifecycle": 0, "allocation": "BALANCED", "query": "risk_goal", "root_episode": 5, "root_attempt_index": 0, "used_transitions": 91004, "budget": 120000, "completed_blocks": 4, "incomplete_blocks": 0}
{"phase": "acquisition", "lifecycle": 1, "allocation": "EVIDENCE", "query": "risk_goal", "root_episode": 1, "root_attempt_index": 0, "used_transitions": 103251, "budget": 120000, "completed_blocks": 5, "incomplete_blocks": 0}
{"phase": "acquisition", "lifecycle": 2, "allocation": "BALANCED", "query": "risk_goal", "root_episode": 8, "root_attempt_index": 0, "used_transitions": 106881, "budget": 120000, "completed_blocks": 5, "incomplete_blocks": 0}
{"phase": "acquisition", "lifecycle": 0, "allocation": "BALANCED", "query": "risk_goal", "root_episode": 6, "root_attempt_index": 0, "used_transitions": 109593, "budget": 120000, "completed_blocks": 5, "incomplete_blocks": 0}
{"phase": "acquisition", "lifecycle": 1, "allocation": "EVIDENCE", "query": "risk_goal", "root_episode": 0, "root_attempt_index": 0, "used_transitions": 120000, "budget": 120000, "completed_blocks": 5, "incomplete_blocks": 1}
{"phase": "fit_complete", "lifecycle": 1, "variant": "EVIDENCE", "training_roots": 20, "tree_fits": 2}
{"phase": "acquisition", "lifecycle": 2, "allocation": "BALANCED", "query": "risk_goal", "root_episode": 10, "root_attempt_index": 0, "used_transitions": 120000, "budget": 120000, "completed_blocks": 5, "incomplete_blocks": 1}
{"phase": "fit_complete", "lifecycle": 2, "variant": "BALANCED", "training_roots": 20, "tree_fits": 2}
{"phase": "acquisition", "lifecycle": 0, "allocation": "BALANCED", "query": "risk_goal", "root_episode": 7, "root_attempt_index": 0, "used_transitions": 120000, "budget": 120000, "completed_blocks": 5, "incomplete_blocks": 1}
{"phase": "fit_complete", "lifecycle": 0, "variant": "BALANCED", "training_roots": 20, "tree_fits": 2}
{"phase": "acquisition", "lifecycle": 2, "allocation": "EVIDENCE", "query": "reward", "root_episode": 10, "root_attempt_index": 0, "used_transitions": 16370, "budget": 120000, "completed_blocks": 1, "incomplete_blocks": 0}
{"phase": "acquisition", "lifecycle": 1, "allocation": "BALANCED", "query": "reward", "root_episode": 1, "root_attempt_index": 0, "used_transitions": 21116, "budget": 120000, "completed_blocks": 1, "incomplete_blocks": 0}
{"phase": "acquisition", "lifecycle": 0, "allocation": "EVIDENCE", "query": "reward", "root_episode": 8, "root_attempt_index": 0, "used_transitions": 23645, "budget": 120000, "completed_blocks": 1, "incomplete_blocks": 0}
{"phase": "acquisition", "lifecycle": 2, "allocation": "EVIDENCE", "query": "reward", "root_episode": 1, "root_attempt_index": 0, "used_transitions": 35444, "budget": 120000, "completed_blocks": 2, "incomplete_blocks": 0}
{"phase": "acquisition", "lifecycle": 1, "allocation": "BALANCED", "query": "reward", "root_episode": 2, "root_attempt_index": 0, "used_transitions": 42546, "budget": 120000, "completed_blocks": 2, "incomplete_blocks": 0}
{"phase": "acquisition", "lifecycle": 0, "allocation": "EVIDENCE", "query": "reward", "root_episode": 0, "root_attempt_index": 0, "used_transitions": 42635, "budget": 120000, "completed_blocks": 2, "incomplete_blocks": 0}
{"phase": "acquisition", "lifecycle": 2, "allocation": "EVIDENCE", "query": "reward", "root_episode": 5, "root_attempt_index": 0, "used_transitions": 57944, "budget": 120000, "completed_blocks": 3, "incomplete_blocks": 0}
{"phase": "acquisition", "lifecycle": 1, "allocation": "BALANCED", "query": "reward", "root_episode": 3, "root_attempt_index": 0, "used_transitions": 63259, "budget": 120000, "completed_blocks": 3, "incomplete_blocks": 0}
{"phase": "acquisition", "lifecycle": 0, "allocation": "EVIDENCE", "query": "reward", "root_episode": 7, "root_attempt_index": 0, "used_transitions": 62986, "budget": 120000, "completed_blocks": 3, "incomplete_blocks": 0}
{"phase": "acquisition", "lifecycle": 2, "allocation": "EVIDENCE", "query": "reward", "root_episode": 11, "root_attempt_index": 0, "used_transitions": 80224, "budget": 120000, "completed_blocks": 4, "incomplete_blocks": 0}
{"phase": "acquisition", "lifecycle": 1, "allocation": "BALANCED", "query": "reward", "root_episode": 5, "root_attempt_index": 0, "used_transitions": 82538, "budget": 120000, "completed_blocks": 4, "incomplete_blocks": 0}
{"phase": "acquisition", "lifecycle": 0, "allocation": "EVIDENCE", "query": "reward", "root_episode": 5, "root_attempt_index": 0, "used_transitions": 80368, "budget": 120000, "completed_blocks": 4, "incomplete_blocks": 0}
{"phase": "acquisition", "lifecycle": 2, "allocation": "EVIDENCE", "query": "reward", "root_episode": 6, "root_attempt_index": 0, "used_transitions": 97868, "budget": 120000, "completed_blocks": 5, "incomplete_blocks": 0}
{"phase": "acquisition", "lifecycle": 0, "allocation": "EVIDENCE", "query": "reward", "root_episode": 3, "root_attempt_index": 0, "used_transitions": 98980, "budget": 120000, "completed_blocks": 5, "incomplete_blocks": 0}
{"phase": "acquisition", "lifecycle": 1, "allocation": "BALANCED", "query": "reward", "root_episode": 6, "root_attempt_index": 0, "used_transitions": 101686, "budget": 120000, "completed_blocks": 5, "incomplete_blocks": 0}
{"phase": "acquisition", "lifecycle": 1, "allocation": "BALANCED", "query": "reward", "root_episode": 7, "root_attempt_index": 0, "used_transitions": 120000, "budget": 120000, "completed_blocks": 5, "incomplete_blocks": 1}
{"phase": "acquisition", "lifecycle": 2, "allocation": "EVIDENCE", "query": "reward", "root_episode": 2, "root_attempt_index": 0, "used_transitions": 119046, "budget": 120000, "completed_blocks": 6, "incomplete_blocks": 0}
{"phase": "acquisition", "lifecycle": 2, "allocation": "EVIDENCE", "query": "reward", "root_episode": 1, "root_attempt_index": 1, "used_transitions": 120000, "budget": 120000, "completed_blocks": 6, "incomplete_blocks": 1}
{"phase": "acquisition", "lifecycle": 0, "allocation": "EVIDENCE", "query": "reward", "root_episode": 1, "root_attempt_index": 0, "used_transitions": 119078, "budget": 120000, "completed_blocks": 6, "incomplete_blocks": 0}
{"phase": "acquisition", "lifecycle": 0, "allocation": "EVIDENCE", "query": "reward", "root_episode": 3, "root_attempt_index": 1, "used_transitions": 120000, "budget": 120000, "completed_blocks": 6, "incomplete_blocks": 1}
{"phase": "acquisition", "lifecycle": 1, "allocation": "BALANCED", "query": "risk_goal", "root_episode": 2, "root_attempt_index": 0, "used_transitions": 23105, "budget": 120000, "completed_blocks": 1, "incomplete_blocks": 0}
{"phase": "acquisition", "lifecycle": 2, "allocation": "EVIDENCE", "query": "risk_goal", "root_episode": 2, "root_attempt_index": 0, "used_transitions": 22707, "budget": 120000, "completed_blocks": 1, "incomplete_blocks": 0}
{"phase": "acquisition", "lifecycle": 0, "allocation": "EVIDENCE", "query": "risk_goal", "root_episode": 5, "root_attempt_index": 0, "used_transitions": 22053, "budget": 120000, "completed_blocks": 1, "incomplete_blocks": 0}
{"phase": "acquisition", "lifecycle": 2, "allocation": "EVIDENCE", "query": "risk_goal", "root_episode": 0, "root_attempt_index": 0, "used_transitions": 42011, "budget": 120000, "completed_blocks": 2, "incomplete_blocks": 0}
{"phase": "acquisition", "lifecycle": 1, "allocation": "BALANCED", "query": "risk_goal", "root_episode": 3, "root_attempt_index": 0, "used_transitions": 44488, "budget": 120000, "completed_blocks": 2, "incomplete_blocks": 0}
{"phase": "acquisition", "lifecycle": 0, "allocation": "EVIDENCE", "query": "risk_goal", "root_episode": 8, "root_attempt_index": 0, "used_transitions": 42881, "budget": 120000, "completed_blocks": 2, "incomplete_blocks": 0}
{"phase": "acquisition", "lifecycle": 2, "allocation": "EVIDENCE", "query": "risk_goal", "root_episode": 10, "root_attempt_index": 0, "used_transitions": 61722, "budget": 120000, "completed_blocks": 3, "incomplete_blocks": 0}
{"phase": "acquisition", "lifecycle": 0, "allocation": "EVIDENCE", "query": "risk_goal", "root_episode": 7, "root_attempt_index": 0, "used_transitions": 63225, "budget": 120000, "completed_blocks": 3, "incomplete_blocks": 0}
{"phase": "acquisition", "lifecycle": 1, "allocation": "BALANCED", "query": "risk_goal", "root_episode": 5, "root_attempt_index": 0, "used_transitions": 66007, "budget": 120000, "completed_blocks": 3, "incomplete_blocks": 0}
{"phase": "acquisition", "lifecycle": 2, "allocation": "EVIDENCE", "query": "risk_goal", "root_episode": 10, "root_attempt_index": 1, "used_transitions": 79301, "budget": 120000, "completed_blocks": 4, "incomplete_blocks": 0}
{"phase": "acquisition", "lifecycle": 1, "allocation": "BALANCED", "query": "risk_goal", "root_episode": 6, "root_attempt_index": 0, "used_transitions": 85757, "budget": 120000, "completed_blocks": 4, "incomplete_blocks": 0}
{"phase": "acquisition", "lifecycle": 0, "allocation": "EVIDENCE", "query": "risk_goal", "root_episode": 8, "root_attempt_index": 1, "used_transitions": 86469, "budget": 120000, "completed_blocks": 4, "incomplete_blocks": 0}
{"phase": "acquisition", "lifecycle": 2, "allocation": "EVIDENCE", "query": "risk_goal", "root_episode": 10, "root_attempt_index": 2, "used_transitions": 101668, "budget": 120000, "completed_blocks": 5, "incomplete_blocks": 0}
{"phase": "acquisition", "lifecycle": 1, "allocation": "BALANCED", "query": "risk_goal", "root_episode": 7, "root_attempt_index": 0, "used_transitions": 106907, "budget": 120000, "completed_blocks": 5, "incomplete_blocks": 0}
{"phase": "acquisition", "lifecycle": 0, "allocation": "EVIDENCE", "query": "risk_goal", "root_episode": 5, "root_attempt_index": 1, "used_transitions": 106844, "budget": 120000, "completed_blocks": 5, "incomplete_blocks": 0}
{"phase": "acquisition", "lifecycle": 1, "allocation": "BALANCED", "query": "risk_goal", "root_episode": 8, "root_attempt_index": 0, "used_transitions": 120000, "budget": 120000, "completed_blocks": 5, "incomplete_blocks": 1}
{"phase": "fit_complete", "lifecycle": 1, "variant": "BALANCED", "training_roots": 20, "tree_fits": 2}
{"phase": "acquisition", "lifecycle": 2, "allocation": "EVIDENCE", "query": "risk_goal", "root_episode": 3, "root_attempt_index": 0, "used_transitions": 120000, "budget": 120000, "completed_blocks": 5, "incomplete_blocks": 1}
{"phase": "fit_complete", "lifecycle": 2, "variant": "EVIDENCE", "training_roots": 20, "tree_fits": 2}
{"phase": "acquisition", "lifecycle": 0, "allocation": "EVIDENCE", "query": "risk_goal", "root_episode": 0, "root_attempt_index": 0, "used_transitions": 120000, "budget": 120000, "completed_blocks": 5, "incomplete_blocks": 1}
{"phase": "fit_complete", "lifecycle": 0, "variant": "EVIDENCE", "training_roots": 20, "tree_fits": 2}
{"phase": "confirmation", "lifecycle": 1, "query": "reward", "root_episode": 0, "complete_block": true, "used_transitions": 18653}
{"phase": "confirmation", "lifecycle": 2, "query": "reward", "root_episode": 0, "complete_block": true, "used_transitions": 17484}
{"phase": "confirmation", "lifecycle": 0, "query": "reward", "root_episode": 0, "complete_block": true, "used_transitions": 20403}
{"phase": "confirmation", "lifecycle": 1, "query": "reward", "root_episode": 1, "complete_block": true, "used_transitions": 35485}
{"phase": "confirmation", "lifecycle": 2, "query": "reward", "root_episode": 1, "complete_block": true, "used_transitions": 37849}
{"phase": "confirmation", "lifecycle": 0, "query": "reward", "root_episode": 1, "complete_block": true, "used_transitions": 40605}
{"phase": "confirmation", "lifecycle": 1, "query": "reward", "root_episode": 2, "complete_block": true, "used_transitions": 55231}
{"phase": "confirmation", "lifecycle": 2, "query": "reward", "root_episode": 2, "complete_block": true, "used_transitions": 56882}
{"phase": "confirmation", "lifecycle": 0, "query": "reward", "root_episode": 2, "complete_block": true, "used_transitions": 61389}
{"phase": "confirmation", "lifecycle": 2, "query": "reward", "root_episode": 3, "complete_block": true, "used_transitions": 74284}
{"phase": "confirmation", "lifecycle": 1, "query": "reward", "root_episode": 3, "complete_block": true, "used_transitions": 76585}
{"phase": "confirmation", "lifecycle": 0, "query": "reward", "root_episode": 3, "complete_block": true, "used_transitions": 80276}
{"phase": "confirmation", "lifecycle": 1, "query": "reward", "root_episode": 5, "complete_block": true, "used_transitions": 96586}
{"phase": "confirmation", "lifecycle": 2, "query": "reward", "root_episode": 5, "complete_block": true, "used_transitions": 95594}
{"phase": "confirmation", "lifecycle": 0, "query": "reward", "root_episode": 5, "complete_block": true, "used_transitions": 100508}
{"phase": "confirmation", "lifecycle": 1, "query": "reward", "root_episode": 6, "complete_block": true, "used_transitions": 115718}
{"phase": "confirmation", "lifecycle": 2, "query": "reward", "root_episode": 6, "complete_block": true, "used_transitions": 114557}
{"phase": "confirmation", "lifecycle": 0, "query": "reward", "root_episode": 6, "complete_block": true, "used_transitions": 117737}
{"phase": "confirmation", "lifecycle": 1, "query": "reward", "root_episode": 7, "complete_block": true, "used_transitions": 131263}
{"phase": "confirmation", "lifecycle": 2, "query": "reward", "root_episode": 7, "complete_block": true, "used_transitions": 132977}
{"phase": "confirmation", "lifecycle": 0, "query": "reward", "root_episode": 7, "complete_block": true, "used_transitions": 137567}
{"phase": "confirmation", "lifecycle": 1, "query": "reward", "root_episode": 8, "complete_block": true, "used_transitions": 149662}
{"phase": "confirmation", "lifecycle": 2, "query": "reward", "root_episode": 8, "complete_block": true, "used_transitions": 153457}
{"phase": "confirmation", "lifecycle": 0, "query": "reward", "root_episode": 8, "complete_block": true, "used_transitions": 157784}
{"phase": "confirmation", "lifecycle": 1, "query": "reward", "root_episode": 10, "complete_block": true, "used_transitions": 168166}
{"phase": "confirmation", "lifecycle": 2, "query": "reward", "root_episode": 10, "complete_block": true, "used_transitions": 171794}
{"phase": "confirmation", "lifecycle": 0, "query": "reward", "root_episode": 10, "complete_block": true, "used_transitions": 179247}
{"phase": "confirmation", "lifecycle": 1, "query": "reward", "root_episode": 11, "complete_block": true, "used_transitions": 187780}
{"phase": "confirmation", "lifecycle": 2, "query": "reward", "root_episode": 11, "complete_block": true, "used_transitions": 194362}
{"phase": "confirmation", "lifecycle": 0, "query": "reward", "root_episode": 11, "complete_block": true, "used_transitions": 200105}
{"phase": "confirmation", "lifecycle": 1, "query": "risk_goal", "root_episode": 0, "complete_block": true, "used_transitions": 206917}
{"phase": "confirmation", "lifecycle": 2, "query": "risk_goal", "root_episode": 0, "complete_block": true, "used_transitions": 214795}
{"phase": "confirmation", "lifecycle": 0, "query": "risk_goal", "root_episode": 0, "complete_block": true, "used_transitions": 218573}
{"phase": "confirmation", "lifecycle": 1, "query": "risk_goal", "root_episode": 1, "complete_block": true, "used_transitions": 225755}
{"phase": "confirmation", "lifecycle": 2, "query": "risk_goal", "root_episode": 1, "complete_block": true, "used_transitions": 235765}
{"phase": "confirmation", "lifecycle": 0, "query": "risk_goal", "root_episode": 1, "complete_block": true, "used_transitions": 239982}
{"phase": "confirmation", "lifecycle": 1, "query": "risk_goal", "root_episode": 2, "complete_block": true, "used_transitions": 246726}
{"phase": "confirmation", "lifecycle": 2, "query": "risk_goal", "root_episode": 2, "complete_block": true, "used_transitions": 256015}
{"phase": "confirmation", "lifecycle": 0, "query": "risk_goal", "root_episode": 2, "complete_block": true, "used_transitions": 261010}
{"phase": "confirmation", "lifecycle": 1, "query": "risk_goal", "root_episode": 3, "complete_block": true, "used_transitions": 266930}
{"phase": "confirmation", "lifecycle": 2, "query": "risk_goal", "root_episode": 3, "complete_block": true, "used_transitions": 277077}
{"phase": "confirmation", "lifecycle": 1, "query": "risk_goal", "root_episode": 5, "complete_block": true, "used_transitions": 287421}
{"phase": "confirmation", "lifecycle": 0, "query": "risk_goal", "root_episode": 3, "complete_block": true, "used_transitions": 284786}
{"phase": "confirmation", "lifecycle": 2, "query": "risk_goal", "root_episode": 5, "complete_block": true, "used_transitions": 299437}
{"phase": "confirmation", "lifecycle": 1, "query": "risk_goal", "root_episode": 6, "complete_block": true, "used_transitions": 309847}
{"phase": "confirmation", "lifecycle": 0, "query": "risk_goal", "root_episode": 5, "complete_block": true, "used_transitions": 307166}
{"phase": "confirmation", "lifecycle": 2, "query": "risk_goal", "root_episode": 6, "complete_block": true, "used_transitions": 321782}
{"phase": "confirmation", "lifecycle": 1, "query": "risk_goal", "root_episode": 7, "complete_block": true, "used_transitions": 330135}
{"phase": "confirmation", "lifecycle": 0, "query": "risk_goal", "root_episode": 6, "complete_block": true, "used_transitions": 326976}
{"phase": "confirmation", "lifecycle": 2, "query": "risk_goal", "root_episode": 7, "complete_block": true, "used_transitions": 342198}
{"phase": "confirmation", "lifecycle": 0, "query": "risk_goal", "root_episode": 7, "complete_block": true, "used_transitions": 346183}
{"phase": "confirmation", "lifecycle": 1, "query": "risk_goal", "root_episode": 8, "complete_block": true, "used_transitions": 355852}
{"phase": "confirmation", "lifecycle": 2, "query": "risk_goal", "root_episode": 8, "complete_block": true, "used_transitions": 365234}
{"phase": "confirmation", "lifecycle": 0, "query": "risk_goal", "root_episode": 8, "complete_block": true, "used_transitions": 366838}
{"phase": "confirmation", "lifecycle": 1, "query": "risk_goal", "root_episode": 10, "complete_block": true, "used_transitions": 377049}
{"phase": "confirmation", "lifecycle": 2, "query": "risk_goal", "root_episode": 10, "complete_block": true, "used_transitions": 386692}
{"phase": "confirmation", "lifecycle": 0, "query": "risk_goal", "root_episode": 10, "complete_block": true, "used_transitions": 388216}
{"phase": "confirmation", "lifecycle": 1, "query": "risk_goal", "root_episode": 11, "complete_block": true, "used_transitions": 399476}
{"phase": "paired_games", "lifecycle": 1, "query": "reward", "replica": 0, "scores": {"BASE_POINT": 3264, "BASE_SUPPORTED": 3264, "BALANCED_POINT": 3448, "BALANCED_SUPPORTED": 3264, "EVIDENCE_POINT": 3448, "EVIDENCE_SUPPORTED": 3264, "H2_ONLY": 3264}, "options": {"BASE_POINT": "SPACE_1", "BASE_SUPPORTED": "H2", "BALANCED_POINT": "SPACE_4", "BALANCED_SUPPORTED": "H2", "EVIDENCE_POINT": "SPACE_4", "EVIDENCE_SUPPORTED": "H2", "H2_ONLY": null}, "outcomes": {"BASE_POINT": "LOST", "BASE_SUPPORTED": "LOST", "BALANCED_POINT": "LOST", "BALANCED_SUPPORTED": "LOST", "EVIDENCE_POINT": "LOST", "EVIDENCE_SUPPORTED": "LOST", "H2_ONLY": "LOST"}}
{"phase": "paired_games", "lifecycle": 1, "query": "risk_goal", "replica": 0, "scores": {"BASE_SUPPORTED": 13860, "BALANCED_POINT": 3312, "BALANCED_SUPPORTED": 13860, "EVIDENCE_POINT": 3312, "EVIDENCE_SUPPORTED": 13860, "H2_ONLY": 13860, "BASE_POINT": 3312}, "options": {"BASE_SUPPORTED": "H2", "BALANCED_POINT": "SNAKE_1", "BALANCED_SUPPORTED": "H2", "EVIDENCE_POINT": "SNAKE_1", "EVIDENCE_SUPPORTED": "H2", "H2_ONLY": null, "BASE_POINT": "SNAKE_1"}, "outcomes": {"BASE_SUPPORTED": "LOST", "BALANCED_POINT": "LOST", "BALANCED_SUPPORTED": "LOST", "EVIDENCE_POINT": "LOST", "EVIDENCE_SUPPORTED": "LOST", "H2_ONLY": "LOST", "BASE_POINT": "LOST"}}
{"phase": "confirmation", "lifecycle": 2, "query": "risk_goal", "root_episode": 11, "complete_block": true, "used_transitions": 408756}
{"phase": "paired_games", "lifecycle": 1, "query": "reward", "replica": 1, "scores": {"BASE_SUPPORTED": 15200, "BALANCED_POINT": 15200, "BALANCED_SUPPORTED": 15200, "EVIDENCE_POINT": 15200, "EVIDENCE_SUPPORTED": 15200, "H2_ONLY": 15200, "BASE_POINT": 15200}, "options": {"BASE_SUPPORTED": "H2", "BALANCED_POINT": "SPACE_4", "BALANCED_SUPPORTED": "H2", "EVIDENCE_POINT": "SPACE_4", "EVIDENCE_SUPPORTED": "H2", "H2_ONLY": null, "BASE_POINT": "SNAKE_1"}, "outcomes": {"BASE_SUPPORTED": "LOST", "BALANCED_POINT": "LOST", "BALANCED_SUPPORTED": "LOST", "EVIDENCE_POINT": "LOST", "EVIDENCE_SUPPORTED": "LOST", "H2_ONLY": "LOST", "BASE_POINT": "LOST"}}
{"phase": "paired_games", "lifecycle": 2, "query": "reward", "replica": 0, "scores": {"BASE_SUPPORTED": 6464, "BALANCED_POINT": 5440, "BALANCED_SUPPORTED": 5440, "EVIDENCE_POINT": 6464, "EVIDENCE_SUPPORTED": 6464, "H2_ONLY": 6464, "BASE_POINT": 14440}, "options": {"BASE_SUPPORTED": "H2", "BALANCED_POINT": "SNAKE_4", "BALANCED_SUPPORTED": "SNAKE_4", "EVIDENCE_POINT": "H2", "EVIDENCE_SUPPORTED": "H2", "H2_ONLY": null, "BASE_POINT": "SNAKE_1"}, "outcomes": {"BASE_SUPPORTED": "LOST", "BALANCED_POINT": "LOST", "BALANCED_SUPPORTED": "LOST", "EVIDENCE_POINT": "LOST", "EVIDENCE_SUPPORTED": "LOST", "H2_ONLY": "LOST", "BASE_POINT": "LOST"}}
{"phase": "confirmation", "lifecycle": 0, "query": "risk_goal", "root_episode": 11, "complete_block": true, "used_transitions": 410552}
{"phase": "paired_games", "lifecycle": 2, "query": "risk_goal", "replica": 0, "scores": {"BALANCED_POINT": 15360, "BALANCED_SUPPORTED": 6388, "EVIDENCE_POINT": 14452, "EVIDENCE_SUPPORTED": 6388, "H2_ONLY": 6388, "BASE_POINT": 15360, "BASE_SUPPORTED": 6388}, "options": {"BALANCED_POINT": "SPACE_4", "BALANCED_SUPPORTED": "H2", "EVIDENCE_POINT": "SPACE_1", "EVIDENCE_SUPPORTED": "H2", "H2_ONLY": null, "BASE_POINT": "SPACE_4", "BASE_SUPPORTED": "H2"}, "outcomes": {"BALANCED_POINT": "LOST", "BALANCED_SUPPORTED": "LOST", "EVIDENCE_POINT": "LOST", "EVIDENCE_SUPPORTED": "LOST", "H2_ONLY": "LOST", "BASE_POINT": "LOST", "BASE_SUPPORTED": "LOST"}}
{"phase": "paired_games", "lifecycle": 1, "query": "risk_goal", "replica": 1, "scores": {"BALANCED_POINT": 11408, "BALANCED_SUPPORTED": 11408, "EVIDENCE_POINT": 11408, "EVIDENCE_SUPPORTED": 11408, "H2_ONLY": 11408, "BASE_POINT": 11408, "BASE_SUPPORTED": 11408}, "options": {"BALANCED_POINT": "SNAKE_1", "BALANCED_SUPPORTED": "H2", "EVIDENCE_POINT": "SNAKE_1", "EVIDENCE_SUPPORTED": "H2", "H2_ONLY": null, "BASE_POINT": "SNAKE_1", "BASE_SUPPORTED": "H2"}, "outcomes": {"BALANCED_POINT": "LOST", "BALANCED_SUPPORTED": "LOST", "EVIDENCE_POINT": "LOST", "EVIDENCE_SUPPORTED": "LOST", "H2_ONLY": "LOST", "BASE_POINT": "LOST", "BASE_SUPPORTED": "LOST"}}
{"phase": "paired_games", "lifecycle": 0, "query": "reward", "replica": 0, "scores": {"H2_ONLY": 7380, "BASE_POINT": 20232, "BASE_SUPPORTED": 20232, "BALANCED_POINT": 13812, "BALANCED_SUPPORTED": 7380, "EVIDENCE_POINT": 13812, "EVIDENCE_SUPPORTED": 7380}, "options": {"H2_ONLY": null, "BASE_POINT": "SNAKE_4", "BASE_SUPPORTED": "SNAKE_4", "BALANCED_POINT": "SNAKE_1", "BALANCED_SUPPORTED": "H2", "EVIDENCE_POINT": "SNAKE_1", "EVIDENCE_SUPPORTED": "H2"}, "outcomes": {"H2_ONLY": "LOST", "BASE_POINT": "WON", "BASE_SUPPORTED": "WON", "BALANCED_POINT": "LOST", "BALANCED_SUPPORTED": "LOST", "EVIDENCE_POINT": "LOST", "EVIDENCE_SUPPORTED": "LOST"}}
{"phase": "paired_games", "lifecycle": 1, "query": "reward", "replica": 2, "scores": {"BALANCED_POINT": 7200, "BALANCED_SUPPORTED": 5760, "EVIDENCE_POINT": 7200, "EVIDENCE_SUPPORTED": 5760, "H2_ONLY": 5760, "BASE_POINT": 5760, "BASE_SUPPORTED": 5760}, "options": {"BALANCED_POINT": "SPACE_4", "BALANCED_SUPPORTED": "H2", "EVIDENCE_POINT": "SPACE_4", "EVIDENCE_SUPPORTED": "H2", "H2_ONLY": null, "BASE_POINT": "SPACE_1", "BASE_SUPPORTED": "H2"}, "outcomes": {"BALANCED_POINT": "LOST", "BALANCED_SUPPORTED": "LOST", "EVIDENCE_POINT": "LOST", "EVIDENCE_SUPPORTED": "LOST", "H2_ONLY": "LOST", "BASE_POINT": "LOST", "BASE_SUPPORTED": "LOST"}}
{"phase": "paired_games", "lifecycle": 2, "query": "reward", "replica": 1, "scores": {"BALANCED_POINT": 5732, "BALANCED_SUPPORTED": 13564, "EVIDENCE_POINT": 12500, "EVIDENCE_SUPPORTED": 12500, "H2_ONLY": 13564, "BASE_POINT": 12500, "BASE_SUPPORTED": 12500}, "options": {"BALANCED_POINT": "SPACE_4", "BALANCED_SUPPORTED": "H2", "EVIDENCE_POINT": "SNAKE_4", "EVIDENCE_SUPPORTED": "SNAKE_4", "H2_ONLY": null, "BASE_POINT": "SNAKE_4", "BASE_SUPPORTED": "SNAKE_4"}, "outcomes": {"BALANCED_POINT": "LOST", "BALANCED_SUPPORTED": "LOST", "EVIDENCE_POINT": "LOST", "EVIDENCE_SUPPORTED": "LOST", "H2_ONLY": "LOST", "BASE_POINT": "LOST", "BASE_SUPPORTED": "LOST"}}
{"phase": "paired_games", "lifecycle": 0, "query": "risk_goal", "replica": 0, "scores": {"BASE_POINT": 7336, "BASE_SUPPORTED": 7336, "BALANCED_POINT": 7200, "BALANCED_SUPPORTED": 7336, "EVIDENCE_POINT": 7336, "EVIDENCE_SUPPORTED": 7336, "H2_ONLY": 7336}, "options": {"BASE_POINT": "H2", "BASE_SUPPORTED": "H2", "BALANCED_POINT": "SPACE_1", "BALANCED_SUPPORTED": "H2", "EVIDENCE_POINT": "H2", "EVIDENCE_SUPPORTED": "H2", "H2_ONLY": null}, "outcomes": {"BASE_POINT": "LOST", "BASE_SUPPORTED": "LOST", "BALANCED_POINT": "LOST", "BALANCED_SUPPORTED": "LOST", "EVIDENCE_POINT": "LOST", "EVIDENCE_SUPPORTED": "LOST", "H2_ONLY": "LOST"}}
{"phase": "paired_games", "lifecycle": 1, "query": "risk_goal", "replica": 2, "scores": {"BALANCED_SUPPORTED": 6928, "EVIDENCE_POINT": 11720, "EVIDENCE_SUPPORTED": 6928, "H2_ONLY": 6928, "BASE_POINT": 11688, "BASE_SUPPORTED": 6928, "BALANCED_POINT": 11688}, "options": {"BALANCED_SUPPORTED": "H2", "EVIDENCE_POINT": "SNAKE_1", "EVIDENCE_SUPPORTED": "H2", "H2_ONLY": null, "BASE_POINT": "SPACE_4", "BASE_SUPPORTED": "H2", "BALANCED_POINT": "SPACE_4"}, "outcomes": {"BALANCED_SUPPORTED": "LOST", "EVIDENCE_POINT": "LOST", "EVIDENCE_SUPPORTED": "LOST", "H2_ONLY": "LOST", "BASE_POINT": "LOST", "BASE_SUPPORTED": "LOST", "BALANCED_POINT": "LOST"}}
{"phase": "paired_games", "lifecycle": 0, "query": "reward", "replica": 1, "scores": {"BASE_POINT": 12860, "BASE_SUPPORTED": 4696, "BALANCED_POINT": 7096, "BALANCED_SUPPORTED": 4696, "EVIDENCE_POINT": 7096, "EVIDENCE_SUPPORTED": 7096, "H2_ONLY": 4696}, "options": {"BASE_POINT": "SNAKE_1", "BASE_SUPPORTED": "H2", "BALANCED_POINT": "SNAKE_4", "BALANCED_SUPPORTED": "H2", "EVIDENCE_POINT": "SNAKE_4", "EVIDENCE_SUPPORTED": "SNAKE_4", "H2_ONLY": null}, "outcomes": {"BASE_POINT": "LOST", "BASE_SUPPORTED": "LOST", "BALANCED_POINT": "LOST", "BALANCED_SUPPORTED": "LOST", "EVIDENCE_POINT": "LOST", "EVIDENCE_SUPPORTED": "LOST", "H2_ONLY": "LOST"}}
{"phase": "paired_games", "lifecycle": 2, "query": "risk_goal", "replica": 1, "scores": {"BALANCED_SUPPORTED": 13564, "EVIDENCE_POINT": 20252, "EVIDENCE_SUPPORTED": 13564, "H2_ONLY": 13564, "BASE_POINT": 20252, "BASE_SUPPORTED": 13564, "BALANCED_POINT": 13604}, "options": {"BALANCED_SUPPORTED": "H2", "EVIDENCE_POINT": "SPACE_1", "EVIDENCE_SUPPORTED": "H2", "H2_ONLY": null, "BASE_POINT": "SPACE_1", "BASE_SUPPORTED": "H2", "BALANCED_POINT": "SPACE_4"}, "outcomes": {"BALANCED_SUPPORTED": "LOST", "EVIDENCE_POINT": "WON", "EVIDENCE_SUPPORTED": "LOST", "H2_ONLY": "LOST", "BASE_POINT": "WON", "BASE_SUPPORTED": "LOST", "BALANCED_POINT": "LOST"}}
{"phase": "paired_games", "lifecycle": 1, "query": "reward", "replica": 3, "scores": {"BALANCED_SUPPORTED": 7332, "EVIDENCE_POINT": 7332, "EVIDENCE_SUPPORTED": 7332, "H2_ONLY": 7332, "BASE_POINT": 6780, "BASE_SUPPORTED": 7332, "BALANCED_POINT": 6488}, "options": {"BALANCED_SUPPORTED": "H2", "EVIDENCE_POINT": "H2", "EVIDENCE_SUPPORTED": "H2", "H2_ONLY": null, "BASE_POINT": "SPACE_1", "BASE_SUPPORTED": "H2", "BALANCED_POINT": "SPACE_4"}, "outcomes": {"BALANCED_SUPPORTED": "LOST", "EVIDENCE_POINT": "LOST", "EVIDENCE_SUPPORTED": "LOST", "H2_ONLY": "LOST", "BASE_POINT": "LOST", "BASE_SUPPORTED": "LOST", "BALANCED_POINT": "LOST"}}
{"phase": "paired_games", "lifecycle": 0, "query": "risk_goal", "replica": 1, "scores": {"BASE_SUPPORTED": 4696, "BALANCED_POINT": 4696, "BALANCED_SUPPORTED": 4696, "EVIDENCE_POINT": 4696, "EVIDENCE_SUPPORTED": 4696, "H2_ONLY": 4696, "BASE_POINT": 4696}, "options": {"BASE_SUPPORTED": "H2", "BALANCED_POINT": "H2", "BALANCED_SUPPORTED": "H2", "EVIDENCE_POINT": "H2", "EVIDENCE_SUPPORTED": "H2", "H2_ONLY": null, "BASE_POINT": "H2"}, "outcomes": {"BASE_SUPPORTED": "LOST", "BALANCED_POINT": "LOST", "BALANCED_SUPPORTED": "LOST", "EVIDENCE_POINT": "LOST", "EVIDENCE_SUPPORTED": "LOST", "H2_ONLY": "LOST", "BASE_POINT": "LOST"}}
{"phase": "paired_games", "lifecycle": 2, "query": "reward", "replica": 2, "scores": {"BALANCED_SUPPORTED": 7044, "EVIDENCE_POINT": 5868, "EVIDENCE_SUPPORTED": 7044, "H2_ONLY": 7044, "BASE_POINT": 5868, "BASE_SUPPORTED": 7044, "BALANCED_POINT": 7044}, "options": {"BALANCED_SUPPORTED": "H2", "EVIDENCE_POINT": "SPACE_4", "EVIDENCE_SUPPORTED": "H2", "H2_ONLY": null, "BASE_POINT": "SPACE_4", "BASE_SUPPORTED": "H2", "BALANCED_POINT": "SNAKE_1"}, "outcomes": {"BALANCED_SUPPORTED": "LOST", "EVIDENCE_POINT": "LOST", "EVIDENCE_SUPPORTED": "LOST", "H2_ONLY": "LOST", "BASE_POINT": "LOST", "BASE_SUPPORTED": "LOST", "BALANCED_POINT": "LOST"}}
{"phase": "paired_games", "lifecycle": 1, "query": "risk_goal", "replica": 3, "scores": {"EVIDENCE_POINT": 6444, "EVIDENCE_SUPPORTED": 7332, "H2_ONLY": 7332, "BASE_POINT": 6444, "BASE_SUPPORTED": 7332, "BALANCED_POINT": 6444, "BALANCED_SUPPORTED": 7332}, "options": {"EVIDENCE_POINT": "SNAKE_1", "EVIDENCE_SUPPORTED": "H2", "H2_ONLY": null, "BASE_POINT": "SNAKE_1", "BASE_SUPPORTED": "H2", "BALANCED_POINT": "SNAKE_1", "BALANCED_SUPPORTED": "H2"}, "outcomes": {"EVIDENCE_POINT": "LOST", "EVIDENCE_SUPPORTED": "LOST", "H2_ONLY": "LOST", "BASE_POINT": "LOST", "BASE_SUPPORTED": "LOST", "BALANCED_POINT": "LOST", "BALANCED_SUPPORTED": "LOST"}}
{"phase": "paired_games", "lifecycle": 0, "query": "reward", "replica": 2, "scores": {"BASE_SUPPORTED": 14328, "BALANCED_POINT": 6620, "BALANCED_SUPPORTED": 16036, "EVIDENCE_POINT": 6620, "EVIDENCE_SUPPORTED": 16036, "H2_ONLY": 16036, "BASE_POINT": 14328}, "options": {"BASE_SUPPORTED": "SNAKE_4", "BALANCED_POINT": "SNAKE_1", "BALANCED_SUPPORTED": "H2", "EVIDENCE_POINT": "SNAKE_1", "EVIDENCE_SUPPORTED": "H2", "H2_ONLY": null, "BASE_POINT": "SNAKE_4"}, "outcomes": {"BASE_SUPPORTED": "LOST", "BALANCED_POINT": "LOST", "BALANCED_SUPPORTED": "LOST", "EVIDENCE_POINT": "LOST", "EVIDENCE_SUPPORTED": "LOST", "H2_ONLY": "LOST", "BASE_POINT": "LOST"}}
{"phase": "paired_games", "lifecycle": 1, "query": "reward", "replica": 4, "scores": {"EVIDENCE_POINT": 12448, "EVIDENCE_SUPPORTED": 7116, "H2_ONLY": 7116, "BASE_POINT": 7064, "BASE_SUPPORTED": 7116, "BALANCED_POINT": 12448, "BALANCED_SUPPORTED": 7116}, "options": {"EVIDENCE_POINT": "SPACE_4", "EVIDENCE_SUPPORTED": "H2", "H2_ONLY": null, "BASE_POINT": "SPACE_1", "BASE_SUPPORTED": "H2", "BALANCED_POINT": "SPACE_4", "BALANCED_SUPPORTED": "H2"}, "outcomes": {"EVIDENCE_POINT": "LOST", "EVIDENCE_SUPPORTED": "LOST", "H2_ONLY": "LOST", "BASE_POINT": "LOST", "BASE_SUPPORTED": "LOST", "BALANCED_POINT": "LOST", "BALANCED_SUPPORTED": "LOST"}}
{"phase": "paired_games", "lifecycle": 2, "query": "risk_goal", "replica": 2, "scores": {"EVIDENCE_POINT": 5868, "EVIDENCE_SUPPORTED": 15400, "H2_ONLY": 15400, "BASE_POINT": 5868, "BASE_SUPPORTED": 15400, "BALANCED_POINT": 5868, "BALANCED_SUPPORTED": 15400}, "options": {"EVIDENCE_POINT": "SPACE_4", "EVIDENCE_SUPPORTED": "H2", "H2_ONLY": null, "BASE_POINT": "SPACE_4", "BASE_SUPPORTED": "H2", "BALANCED_POINT": "SPACE_4", "BALANCED_SUPPORTED": "H2"}, "outcomes": {"EVIDENCE_POINT": "LOST", "EVIDENCE_SUPPORTED": "LOST", "H2_ONLY": "LOST", "BASE_POINT": "LOST", "BASE_SUPPORTED": "LOST", "BALANCED_POINT": "LOST", "BALANCED_SUPPORTED": "LOST"}}
{"phase": "paired_games", "lifecycle": 1, "query": "risk_goal", "replica": 4, "scores": {"EVIDENCE_SUPPORTED": 7116, "H2_ONLY": 7116, "BASE_POINT": 3148, "BASE_SUPPORTED": 7116, "BALANCED_POINT": 3148, "BALANCED_SUPPORTED": 7116, "EVIDENCE_POINT": 3148}, "options": {"EVIDENCE_SUPPORTED": "H2", "H2_ONLY": null, "BASE_POINT": "SNAKE_1", "BASE_SUPPORTED": "H2", "BALANCED_POINT": "SNAKE_1", "BALANCED_SUPPORTED": "H2", "EVIDENCE_POINT": "SNAKE_1"}, "outcomes": {"EVIDENCE_SUPPORTED": "LOST", "H2_ONLY": "LOST", "BASE_POINT": "LOST", "BASE_SUPPORTED": "LOST", "BALANCED_POINT": "LOST", "BALANCED_SUPPORTED": "LOST", "EVIDENCE_POINT": "LOST"}}
{"phase": "paired_games", "lifecycle": 2, "query": "reward", "replica": 3, "scores": {"EVIDENCE_POINT": 7020, "EVIDENCE_SUPPORTED": 7020, "H2_ONLY": 7020, "BASE_POINT": 15544, "BASE_SUPPORTED": 7020, "BALANCED_POINT": 15544, "BALANCED_SUPPORTED": 7020}, "options": {"EVIDENCE_POINT": "H2", "EVIDENCE_SUPPORTED": "H2", "H2_ONLY": null, "BASE_POINT": "SNAKE_1", "BASE_SUPPORTED": "H2", "BALANCED_POINT": "SNAKE_1", "BALANCED_SUPPORTED": "H2"}, "outcomes": {"EVIDENCE_POINT": "LOST", "EVIDENCE_SUPPORTED": "LOST", "H2_ONLY": "LOST", "BASE_POINT": "LOST", "BASE_SUPPORTED": "LOST", "BALANCED_POINT": "LOST", "BALANCED_SUPPORTED": "LOST"}}
{"phase": "paired_games", "lifecycle": 0, "query": "risk_goal", "replica": 2, "scores": {"BALANCED_POINT": 16096, "BALANCED_SUPPORTED": 16096, "EVIDENCE_POINT": 16096, "EVIDENCE_SUPPORTED": 16096, "H2_ONLY": 16096, "BASE_POINT": 16096, "BASE_SUPPORTED": 16096}, "options": {"BALANCED_POINT": "SPACE_1", "BALANCED_SUPPORTED": "H2", "EVIDENCE_POINT": "H2", "EVIDENCE_SUPPORTED": "H2", "H2_ONLY": null, "BASE_POINT": "H2", "BASE_SUPPORTED": "H2"}, "outcomes": {"BALANCED_POINT": "LOST", "BALANCED_SUPPORTED": "LOST", "EVIDENCE_POINT": "LOST", "EVIDENCE_SUPPORTED": "LOST", "H2_ONLY": "LOST", "BASE_POINT": "LOST", "BASE_SUPPORTED": "LOST"}}
{"phase": "paired_games", "lifecycle": 1, "query": "reward", "replica": 5, "scores": {"EVIDENCE_SUPPORTED": 12364, "H2_ONLY": 12364, "BASE_POINT": 12364, "BASE_SUPPORTED": 12364, "BALANCED_POINT": 7116, "BALANCED_SUPPORTED": 12364, "EVIDENCE_POINT": 7116}, "options": {"EVIDENCE_SUPPORTED": "H2", "H2_ONLY": null, "BASE_POINT": "SNAKE_1", "BASE_SUPPORTED": "H2", "BALANCED_POINT": "SPACE_4", "BALANCED_SUPPORTED": "H2", "EVIDENCE_POINT": "SPACE_4"}, "outcomes": {"EVIDENCE_SUPPORTED": "LOST", "H2_ONLY": "LOST", "BASE_POINT": "LOST", "BASE_SUPPORTED": "LOST", "BALANCED_POINT": "LOST", "BALANCED_SUPPORTED": "LOST", "EVIDENCE_POINT": "LOST"}}
{"phase": "paired_games", "lifecycle": 2, "query": "risk_goal", "replica": 3, "scores": {"EVIDENCE_SUPPORTED": 7020, "H2_ONLY": 7020, "BASE_POINT": 12280, "BASE_SUPPORTED": 7020, "BALANCED_POINT": 11712, "BALANCED_SUPPORTED": 7020, "EVIDENCE_POINT": 12280}, "options": {"EVIDENCE_SUPPORTED": "H2", "H2_ONLY": null, "BASE_POINT": "SPACE_1", "BASE_SUPPORTED": "H2", "BALANCED_POINT": "SPACE_4", "BALANCED_SUPPORTED": "H2", "EVIDENCE_POINT": "SPACE_1"}, "outcomes": {"EVIDENCE_SUPPORTED": "LOST", "H2_ONLY": "LOST", "BASE_POINT": "LOST", "BASE_SUPPORTED": "LOST", "BALANCED_POINT": "LOST", "BALANCED_SUPPORTED": "LOST", "EVIDENCE_POINT": "LOST"}}
{"phase": "paired_games", "lifecycle": 0, "query": "reward", "replica": 3, "scores": {"BALANCED_POINT": 5300, "BALANCED_SUPPORTED": 16048, "EVIDENCE_POINT": 3088, "EVIDENCE_SUPPORTED": 3088, "H2_ONLY": 16048, "BASE_POINT": 5300, "BASE_SUPPORTED": 16048}, "options": {"BALANCED_POINT": "SNAKE_1", "BALANCED_SUPPORTED": "H2", "EVIDENCE_POINT": "SNAKE_4", "EVIDENCE_SUPPORTED": "SNAKE_4", "H2_ONLY": null, "BASE_POINT": "SNAKE_1", "BASE_SUPPORTED": "H2"}, "outcomes": {"BALANCED_POINT": "LOST", "BALANCED_SUPPORTED": "LOST", "EVIDENCE_POINT": "LOST", "EVIDENCE_SUPPORTED": "LOST", "H2_ONLY": "LOST", "BASE_POINT": "LOST", "BASE_SUPPORTED": "LOST"}}
{"phase": "paired_games", "lifecycle": 2, "query": "reward", "replica": 4, "scores": {"EVIDENCE_SUPPORTED": 7136, "H2_ONLY": 5380, "BASE_POINT": 7136, "BASE_SUPPORTED": 7136, "BALANCED_POINT": 10484, "BALANCED_SUPPORTED": 5380, "EVIDENCE_POINT": 7136}, "options": {"EVIDENCE_SUPPORTED": "SNAKE_4", "H2_ONLY": null, "BASE_POINT": "SNAKE_4", "BASE_SUPPORTED": "SNAKE_4", "BALANCED_POINT": "SNAKE_1", "BALANCED_SUPPORTED": "H2", "EVIDENCE_POINT": "SNAKE_4"}, "outcomes": {"EVIDENCE_SUPPORTED": "LOST", "H2_ONLY": "LOST", "BASE_POINT": "LOST", "BASE_SUPPORTED": "LOST", "BALANCED_POINT": "LOST", "BALANCED_SUPPORTED": "LOST", "EVIDENCE_POINT": "LOST"}}
{"phase": "paired_games", "lifecycle": 1, "query": "risk_goal", "replica": 5, "scores": {"H2_ONLY": 12276, "BASE_POINT": 12276, "BASE_SUPPORTED": 12276, "BALANCED_POINT": 12276, "BALANCED_SUPPORTED": 12276, "EVIDENCE_POINT": 12276, "EVIDENCE_SUPPORTED": 12276}, "options": {"H2_ONLY": null, "BASE_POINT": "SNAKE_1", "BASE_SUPPORTED": "H2", "BALANCED_POINT": "SNAKE_1", "BALANCED_SUPPORTED": "H2", "EVIDENCE_POINT": "SNAKE_1", "EVIDENCE_SUPPORTED": "H2"}, "outcomes": {"H2_ONLY": "LOST", "BASE_POINT": "LOST", "BASE_SUPPORTED": "LOST", "BALANCED_POINT": "LOST", "BALANCED_SUPPORTED": "LOST", "EVIDENCE_POINT": "LOST", "EVIDENCE_SUPPORTED": "LOST"}}
{"phase": "paired_games", "lifecycle": 0, "query": "risk_goal", "replica": 3, "scores": {"BALANCED_SUPPORTED": 14548, "EVIDENCE_POINT": 14548, "EVIDENCE_SUPPORTED": 14548, "H2_ONLY": 14548, "BASE_POINT": 14548, "BASE_SUPPORTED": 14548, "BALANCED_POINT": 14548}, "options": {"BALANCED_SUPPORTED": "H2", "EVIDENCE_POINT": "H2", "EVIDENCE_SUPPORTED": "H2", "H2_ONLY": null, "BASE_POINT": "H2", "BASE_SUPPORTED": "H2", "BALANCED_POINT": "H2"}, "outcomes": {"BALANCED_SUPPORTED": "LOST", "EVIDENCE_POINT": "LOST", "EVIDENCE_SUPPORTED": "LOST", "H2_ONLY": "LOST", "BASE_POINT": "LOST", "BASE_SUPPORTED": "LOST", "BALANCED_POINT": "LOST"}}
{"phase": "paired_games", "lifecycle": 2, "query": "risk_goal", "replica": 4, "scores": {"H2_ONLY": 5380, "BASE_POINT": 12212, "BASE_SUPPORTED": 5380, "BALANCED_POINT": 3100, "BALANCED_SUPPORTED": 5380, "EVIDENCE_POINT": 12212, "EVIDENCE_SUPPORTED": 5380}, "options": {"H2_ONLY": null, "BASE_POINT": "SPACE_1", "BASE_SUPPORTED": "H2", "BALANCED_POINT": "SPACE_4", "BALANCED_SUPPORTED": "H2", "EVIDENCE_POINT": "SPACE_1", "EVIDENCE_SUPPORTED": "H2"}, "outcomes": {"H2_ONLY": "LOST", "BASE_POINT": "LOST", "BASE_SUPPORTED": "LOST", "BALANCED_POINT": "LOST", "BALANCED_SUPPORTED": "LOST", "EVIDENCE_POINT": "LOST", "EVIDENCE_SUPPORTED": "LOST"}}
{"phase": "paired_games", "lifecycle": 1, "query": "reward", "replica": 6, "scores": {"H2_ONLY": 6920, "BASE_POINT": 12104, "BASE_SUPPORTED": 6920, "BALANCED_POINT": 14584, "BALANCED_SUPPORTED": 6920, "EVIDENCE_POINT": 6920, "EVIDENCE_SUPPORTED": 6920}, "options": {"H2_ONLY": null, "BASE_POINT": "SNAKE_1", "BASE_SUPPORTED": "H2", "BALANCED_POINT": "SPACE_4", "BALANCED_SUPPORTED": "H2", "EVIDENCE_POINT": "H2", "EVIDENCE_SUPPORTED": "H2"}, "outcomes": {"H2_ONLY": "LOST", "BASE_POINT": "LOST", "BASE_SUPPORTED": "LOST", "BALANCED_POINT": "LOST", "BALANCED_SUPPORTED": "LOST", "EVIDENCE_POINT": "LOST", "EVIDENCE_SUPPORTED": "LOST"}}
{"phase": "paired_games", "lifecycle": 0, "query": "reward", "replica": 4, "scores": {"BALANCED_SUPPORTED": 3276, "EVIDENCE_POINT": 3276, "EVIDENCE_SUPPORTED": 3276, "H2_ONLY": 3276, "BASE_POINT": 5724, "BASE_SUPPORTED": 3276, "BALANCED_POINT": 3276}, "options": {"BALANCED_SUPPORTED": "H2", "EVIDENCE_POINT": "SPACE_1", "EVIDENCE_SUPPORTED": "H2", "H2_ONLY": null, "BASE_POINT": "SNAKE_1", "BASE_SUPPORTED": "H2", "BALANCED_POINT": "SPACE_1"}, "outcomes": {"BALANCED_SUPPORTED": "LOST", "EVIDENCE_POINT": "LOST", "EVIDENCE_SUPPORTED": "LOST", "H2_ONLY": "LOST", "BASE_POINT": "LOST", "BASE_SUPPORTED": "LOST", "BALANCED_POINT": "LOST"}}
{"phase": "paired_games", "lifecycle": 2, "query": "reward", "replica": 5, "scores": {"H2_ONLY": 3068, "BASE_POINT": 7172, "BASE_SUPPORTED": 7172, "BALANCED_POINT": 7172, "BALANCED_SUPPORTED": 7172, "EVIDENCE_POINT": 7172, "EVIDENCE_SUPPORTED": 7172}, "options": {"H2_ONLY": null, "BASE_POINT": "SNAKE_4", "BASE_SUPPORTED": "SNAKE_4", "BALANCED_POINT": "SNAKE_4", "BALANCED_SUPPORTED": "SNAKE_4", "EVIDENCE_POINT": "SNAKE_4", "EVIDENCE_SUPPORTED": "SNAKE_4"}, "outcomes": {"H2_ONLY": "LOST", "BASE_POINT": "LOST", "BASE_SUPPORTED": "LOST", "BALANCED_POINT": "LOST", "BALANCED_SUPPORTED": "LOST", "EVIDENCE_POINT": "LOST", "EVIDENCE_SUPPORTED": "LOST"}}
{"phase": "paired_games", "lifecycle": 1, "query": "risk_goal", "replica": 6, "scores": {"BASE_POINT": 14596, "BASE_SUPPORTED": 6976, "BALANCED_POINT": 14596, "BALANCED_SUPPORTED": 6976, "EVIDENCE_POINT": 12104, "EVIDENCE_SUPPORTED": 6976, "H2_ONLY": 6976}, "options": {"BASE_POINT": "SPACE_4", "BASE_SUPPORTED": "H2", "BALANCED_POINT": "SPACE_4", "BALANCED_SUPPORTED": "H2", "EVIDENCE_POINT": "SNAKE_1", "EVIDENCE_SUPPORTED": "H2", "H2_ONLY": null}, "outcomes": {"BASE_POINT": "LOST", "BASE_SUPPORTED": "LOST", "BALANCED_POINT": "LOST", "BALANCED_SUPPORTED": "LOST", "EVIDENCE_POINT": "LOST", "EVIDENCE_SUPPORTED": "LOST", "H2_ONLY": "LOST"}}
{"phase": "paired_games", "lifecycle": 0, "query": "risk_goal", "replica": 4, "scores": {"EVIDENCE_POINT": 14436, "EVIDENCE_SUPPORTED": 3516, "H2_ONLY": 3516, "BASE_POINT": 14436, "BASE_SUPPORTED": 3516, "BALANCED_POINT": 3516, "BALANCED_SUPPORTED": 3516}, "options": {"EVIDENCE_POINT": "SNAKE_1", "EVIDENCE_SUPPORTED": "H2", "H2_ONLY": null, "BASE_POINT": "SNAKE_1", "BASE_SUPPORTED": "H2", "BALANCED_POINT": "SPACE_1", "BALANCED_SUPPORTED": "H2"}, "outcomes": {"EVIDENCE_POINT": "LOST", "EVIDENCE_SUPPORTED": "LOST", "H2_ONLY": "LOST", "BASE_POINT": "LOST", "BASE_SUPPORTED": "LOST", "BALANCED_POINT": "LOST", "BALANCED_SUPPORTED": "LOST"}}
{"phase": "paired_games", "lifecycle": 2, "query": "risk_goal", "replica": 5, "scores": {"BASE_POINT": 7504, "BASE_SUPPORTED": 3068, "BALANCED_POINT": 7504, "BALANCED_SUPPORTED": 3068, "EVIDENCE_POINT": 15684, "EVIDENCE_SUPPORTED": 3068, "H2_ONLY": 3068}, "options": {"BASE_POINT": "SPACE_4", "BASE_SUPPORTED": "H2", "BALANCED_POINT": "SPACE_4", "BALANCED_SUPPORTED": "H2", "EVIDENCE_POINT": "SPACE_1", "EVIDENCE_SUPPORTED": "H2", "H2_ONLY": null}, "outcomes": {"BASE_POINT": "LOST", "BASE_SUPPORTED": "LOST", "BALANCED_POINT": "LOST", "BALANCED_SUPPORTED": "LOST", "EVIDENCE_POINT": "LOST", "EVIDENCE_SUPPORTED": "LOST", "H2_ONLY": "LOST"}}
{"phase": "paired_games", "lifecycle": 1, "query": "reward", "replica": 7, "scores": {"BASE_POINT": 5660, "BASE_SUPPORTED": 6184, "BALANCED_POINT": 3128, "BALANCED_SUPPORTED": 6184, "EVIDENCE_POINT": 6184, "EVIDENCE_SUPPORTED": 6184, "H2_ONLY": 6184}, "options": {"BASE_POINT": "SPACE_1", "BASE_SUPPORTED": "H2", "BALANCED_POINT": "SPACE_4", "BALANCED_SUPPORTED": "H2", "EVIDENCE_POINT": "H2", "EVIDENCE_SUPPORTED": "H2", "H2_ONLY": null}, "outcomes": {"BASE_POINT": "LOST", "BASE_SUPPORTED": "LOST", "BALANCED_POINT": "LOST", "BALANCED_SUPPORTED": "LOST", "EVIDENCE_POINT": "LOST", "EVIDENCE_SUPPORTED": "LOST", "H2_ONLY": "LOST"}}
{"phase": "paired_games", "lifecycle": 0, "query": "reward", "replica": 5, "scores": {"EVIDENCE_POINT": 6976, "EVIDENCE_SUPPORTED": 6976, "H2_ONLY": 14300, "BASE_POINT": 15264, "BASE_SUPPORTED": 14300, "BALANCED_POINT": 6976, "BALANCED_SUPPORTED": 14300}, "options": {"EVIDENCE_POINT": "SNAKE_4", "EVIDENCE_SUPPORTED": "SNAKE_4", "H2_ONLY": null, "BASE_POINT": "SNAKE_1", "BASE_SUPPORTED": "H2", "BALANCED_POINT": "SNAKE_4", "BALANCED_SUPPORTED": "H2"}, "outcomes": {"EVIDENCE_POINT": "LOST", "EVIDENCE_SUPPORTED": "LOST", "H2_ONLY": "LOST", "BASE_POINT": "LOST", "BASE_SUPPORTED": "LOST", "BALANCED_POINT": "LOST", "BALANCED_SUPPORTED": "LOST"}}
{"phase": "paired_games", "lifecycle": 2, "query": "reward", "replica": 6, "scores": {"BASE_POINT": 11896, "BASE_SUPPORTED": 10700, "BALANCED_POINT": 14600, "BALANCED_SUPPORTED": 10700, "EVIDENCE_POINT": 11896, "EVIDENCE_SUPPORTED": 10700, "H2_ONLY": 10700}, "options": {"BASE_POINT": "SPACE_4", "BASE_SUPPORTED": "H2", "BALANCED_POINT": "SNAKE_1", "BALANCED_SUPPORTED": "H2", "EVIDENCE_POINT": "SPACE_4", "EVIDENCE_SUPPORTED": "H2", "H2_ONLY": null}, "outcomes": {"BASE_POINT": "LOST", "BASE_SUPPORTED": "LOST", "BALANCED_POINT": "LOST", "BALANCED_SUPPORTED": "LOST", "EVIDENCE_POINT": "LOST", "EVIDENCE_SUPPORTED": "LOST", "H2_ONLY": "LOST"}}
{"phase": "paired_games", "lifecycle": 1, "query": "risk_goal", "replica": 7, "scores": {"BASE_SUPPORTED": 6448, "BALANCED_POINT": 7228, "BALANCED_SUPPORTED": 6448, "EVIDENCE_POINT": 7400, "EVIDENCE_SUPPORTED": 6448, "H2_ONLY": 6448, "BASE_POINT": 7228}, "options": {"BASE_SUPPORTED": "H2", "BALANCED_POINT": "SPACE_4", "BALANCED_SUPPORTED": "H2", "EVIDENCE_POINT": "SNAKE_1", "EVIDENCE_SUPPORTED": "H2", "H2_ONLY": null, "BASE_POINT": "SPACE_4"}, "outcomes": {"BASE_SUPPORTED": "LOST", "BALANCED_POINT": "LOST", "BALANCED_SUPPORTED": "LOST", "EVIDENCE_POINT": "LOST", "EVIDENCE_SUPPORTED": "LOST", "H2_ONLY": "LOST", "BASE_POINT": "LOST"}}
{"phase": "paired_games", "lifecycle": 2, "query": "risk_goal", "replica": 6, "scores": {"BASE_SUPPORTED": 12536, "BALANCED_POINT": 12212, "BALANCED_SUPPORTED": 12536, "EVIDENCE_POINT": 12212, "EVIDENCE_SUPPORTED": 12536, "H2_ONLY": 12536, "BASE_POINT": 12212}, "options": {"BASE_SUPPORTED": "H2", "BALANCED_POINT": "SPACE_4", "BALANCED_SUPPORTED": "H2", "EVIDENCE_POINT": "SPACE_4", "EVIDENCE_SUPPORTED": "H2", "H2_ONLY": null, "BASE_POINT": "SPACE_4"}, "outcomes": {"BASE_SUPPORTED": "LOST", "BALANCED_POINT": "LOST", "BALANCED_SUPPORTED": "LOST", "EVIDENCE_POINT": "LOST", "EVIDENCE_SUPPORTED": "LOST", "H2_ONLY": "LOST", "BASE_POINT": "LOST"}}
{"phase": "paired_games", "lifecycle": 0, "query": "risk_goal", "replica": 5, "scores": {"EVIDENCE_SUPPORTED": 14680, "H2_ONLY": 14680, "BASE_POINT": 14680, "BASE_SUPPORTED": 14680, "BALANCED_POINT": 14680, "BALANCED_SUPPORTED": 14680, "EVIDENCE_POINT": 14680}, "options": {"EVIDENCE_SUPPORTED": "H2", "H2_ONLY": null, "BASE_POINT": "H2", "BASE_SUPPORTED": "H2", "BALANCED_POINT": "SPACE_1", "BALANCED_SUPPORTED": "H2", "EVIDENCE_POINT": "H2"}, "outcomes": {"EVIDENCE_SUPPORTED": "LOST", "H2_ONLY": "LOST", "BASE_POINT": "LOST", "BASE_SUPPORTED": "LOST", "BALANCED_POINT": "LOST", "BALANCED_SUPPORTED": "LOST", "EVIDENCE_POINT": "LOST"}}
{"phase": "paired_games", "lifecycle": 1, "query": "reward", "replica": 8, "scores": {"BASE_SUPPORTED": 11512, "BALANCED_POINT": 12064, "BALANCED_SUPPORTED": 11512, "EVIDENCE_POINT": 12064, "EVIDENCE_SUPPORTED": 11512, "H2_ONLY": 11512, "BASE_POINT": 3148}, "options": {"BASE_SUPPORTED": "H2", "BALANCED_POINT": "SPACE_4", "BALANCED_SUPPORTED": "H2", "EVIDENCE_POINT": "SPACE_4", "EVIDENCE_SUPPORTED": "H2", "H2_ONLY": null, "BASE_POINT": "SNAKE_1"}, "outcomes": {"BASE_SUPPORTED": "LOST", "BALANCED_POINT": "LOST", "BALANCED_SUPPORTED": "LOST", "EVIDENCE_POINT": "LOST", "EVIDENCE_SUPPORTED": "LOST", "H2_ONLY": "LOST", "BASE_POINT": "LOST"}}
{"phase": "paired_games", "lifecycle": 2, "query": "reward", "replica": 7, "scores": {"BASE_SUPPORTED": 6568, "BALANCED_POINT": 6568, "BALANCED_SUPPORTED": 6568, "EVIDENCE_POINT": 6568, "EVIDENCE_SUPPORTED": 6568, "H2_ONLY": 6568, "BASE_POINT": 6568}, "options": {"BASE_SUPPORTED": "H2", "BALANCED_POINT": "SPACE_4", "BALANCED_SUPPORTED": "H2", "EVIDENCE_POINT": "SPACE_4", "EVIDENCE_SUPPORTED": "H2", "H2_ONLY": null, "BASE_POINT": "SPACE_4"}, "outcomes": {"BASE_SUPPORTED": "LOST", "BALANCED_POINT": "LOST", "BALANCED_SUPPORTED": "LOST", "EVIDENCE_POINT": "LOST", "EVIDENCE_SUPPORTED": "LOST", "H2_ONLY": "LOST", "BASE_POINT": "LOST"}}
{"phase": "paired_games", "lifecycle": 0, "query": "reward", "replica": 6, "scores": {"EVIDENCE_SUPPORTED": 12160, "H2_ONLY": 12160, "BASE_POINT": 6988, "BASE_SUPPORTED": 12160, "BALANCED_POINT": 6988, "BALANCED_SUPPORTED": 12160, "EVIDENCE_POINT": 6988}, "options": {"EVIDENCE_SUPPORTED": "H2", "H2_ONLY": null, "BASE_POINT": "SNAKE_1", "BASE_SUPPORTED": "H2", "BALANCED_POINT": "SNAKE_1", "BALANCED_SUPPORTED": "H2", "EVIDENCE_POINT": "SNAKE_1"}, "outcomes": {"EVIDENCE_SUPPORTED": "LOST", "H2_ONLY": "LOST", "BASE_POINT": "LOST", "BASE_SUPPORTED": "LOST", "BALANCED_POINT": "LOST", "BALANCED_SUPPORTED": "LOST", "EVIDENCE_POINT": "LOST"}}
{"phase": "paired_games", "lifecycle": 1, "query": "risk_goal", "replica": 8, "scores": {"BALANCED_POINT": 13660, "BALANCED_SUPPORTED": 15272, "EVIDENCE_POINT": 3412, "EVIDENCE_SUPPORTED": 15272, "H2_ONLY": 15272, "BASE_POINT": 13660, "BASE_SUPPORTED": 15272}, "options": {"BALANCED_POINT": "SPACE_4", "BALANCED_SUPPORTED": "H2", "EVIDENCE_POINT": "SNAKE_1", "EVIDENCE_SUPPORTED": "H2", "H2_ONLY": null, "BASE_POINT": "SPACE_4", "BASE_SUPPORTED": "H2"}, "outcomes": {"BALANCED_POINT": "LOST", "BALANCED_SUPPORTED": "LOST", "EVIDENCE_POINT": "LOST", "EVIDENCE_SUPPORTED": "LOST", "H2_ONLY": "LOST", "BASE_POINT": "LOST", "BASE_SUPPORTED": "LOST"}}
{"phase": "paired_games", "lifecycle": 2, "query": "risk_goal", "replica": 7, "scores": {"BALANCED_POINT": 14384, "BALANCED_SUPPORTED": 14384, "EVIDENCE_POINT": 14384, "EVIDENCE_SUPPORTED": 14384, "H2_ONLY": 14384, "BASE_POINT": 14384, "BASE_SUPPORTED": 14384}, "options": {"BALANCED_POINT": "SPACE_4", "BALANCED_SUPPORTED": "H2", "EVIDENCE_POINT": "SPACE_4", "EVIDENCE_SUPPORTED": "H2", "H2_ONLY": null, "BASE_POINT": "SPACE_4", "BASE_SUPPORTED": "H2"}, "outcomes": {"BALANCED_POINT": "LOST", "BALANCED_SUPPORTED": "LOST", "EVIDENCE_POINT": "LOST", "EVIDENCE_SUPPORTED": "LOST", "H2_ONLY": "LOST", "BASE_POINT": "LOST", "BASE_SUPPORTED": "LOST"}}
{"phase": "paired_games", "lifecycle": 0, "query": "risk_goal", "replica": 6, "scores": {"H2_ONLY": 12160, "BASE_POINT": 12160, "BASE_SUPPORTED": 12160, "BALANCED_POINT": 12160, "BALANCED_SUPPORTED": 12160, "EVIDENCE_POINT": 12160, "EVIDENCE_SUPPORTED": 12160}, "options": {"H2_ONLY": null, "BASE_POINT": "H2", "BASE_SUPPORTED": "H2", "BALANCED_POINT": "SPACE_1", "BALANCED_SUPPORTED": "H2", "EVIDENCE_POINT": "H2", "EVIDENCE_SUPPORTED": "H2"}, "outcomes": {"H2_ONLY": "LOST", "BASE_POINT": "LOST", "BASE_SUPPORTED": "LOST", "BALANCED_POINT": "LOST", "BALANCED_SUPPORTED": "LOST", "EVIDENCE_POINT": "LOST", "EVIDENCE_SUPPORTED": "LOST"}}
{"phase": "paired_games", "lifecycle": 1, "query": "reward", "replica": 9, "scores": {"BALANCED_POINT": 7536, "BALANCED_SUPPORTED": 12228, "EVIDENCE_POINT": 7536, "EVIDENCE_SUPPORTED": 12228, "H2_ONLY": 12228, "BASE_POINT": 12496, "BASE_SUPPORTED": 12228}, "options": {"BALANCED_POINT": "SPACE_4", "BALANCED_SUPPORTED": "H2", "EVIDENCE_POINT": "SPACE_4", "EVIDENCE_SUPPORTED": "H2", "H2_ONLY": null, "BASE_POINT": "SPACE_1", "BASE_SUPPORTED": "H2"}, "outcomes": {"BALANCED_POINT": "LOST", "BALANCED_SUPPORTED": "LOST", "EVIDENCE_POINT": "LOST", "EVIDENCE_SUPPORTED": "LOST", "H2_ONLY": "LOST", "BASE_POINT": "LOST", "BASE_SUPPORTED": "LOST"}}
{"phase": "paired_games", "lifecycle": 2, "query": "reward", "replica": 8, "scores": {"BALANCED_POINT": 6960, "BALANCED_SUPPORTED": 7108, "EVIDENCE_POINT": 6960, "EVIDENCE_SUPPORTED": 7108, "H2_ONLY": 7108, "BASE_POINT": 6960, "BASE_SUPPORTED": 7108}, "options": {"BALANCED_POINT": "SPACE_4", "BALANCED_SUPPORTED": "H2", "EVIDENCE_POINT": "SPACE_4", "EVIDENCE_SUPPORTED": "H2", "H2_ONLY": null, "BASE_POINT": "SPACE_4", "BASE_SUPPORTED": "H2"}, "outcomes": {"BALANCED_POINT": "LOST", "BALANCED_SUPPORTED": "LOST", "EVIDENCE_POINT": "LOST", "EVIDENCE_SUPPORTED": "LOST", "H2_ONLY": "LOST", "BASE_POINT": "LOST", "BASE_SUPPORTED": "LOST"}}
{"phase": "paired_games", "lifecycle": 1, "query": "risk_goal", "replica": 9, "scores": {"BALANCED_SUPPORTED": 6620, "EVIDENCE_POINT": 4916, "EVIDENCE_SUPPORTED": 6620, "H2_ONLY": 6620, "BASE_POINT": 7420, "BASE_SUPPORTED": 6620, "BALANCED_POINT": 7420}, "options": {"BALANCED_SUPPORTED": "H2", "EVIDENCE_POINT": "SNAKE_1", "EVIDENCE_SUPPORTED": "H2", "H2_ONLY": null, "BASE_POINT": "SPACE_4", "BASE_SUPPORTED": "H2", "BALANCED_POINT": "SPACE_4"}, "outcomes": {"BALANCED_SUPPORTED": "LOST", "EVIDENCE_POINT": "LOST", "EVIDENCE_SUPPORTED": "LOST", "H2_ONLY": "LOST", "BASE_POINT": "LOST", "BASE_SUPPORTED": "LOST", "BALANCED_POINT": "LOST"}}
{"phase": "paired_games", "lifecycle": 0, "query": "reward", "replica": 7, "scores": {"H2_ONLY": 15152, "BASE_POINT": 10480, "BASE_SUPPORTED": 15152, "BALANCED_POINT": 10480, "BALANCED_SUPPORTED": 15152, "EVIDENCE_POINT": 10480, "EVIDENCE_SUPPORTED": 15152}, "options": {"H2_ONLY": null, "BASE_POINT": "SNAKE_1", "BASE_SUPPORTED": "H2", "BALANCED_POINT": "SNAKE_1", "BALANCED_SUPPORTED": "H2", "EVIDENCE_POINT": "SNAKE_1", "EVIDENCE_SUPPORTED": "H2"}, "outcomes": {"H2_ONLY": "LOST", "BASE_POINT": "LOST", "BASE_SUPPORTED": "LOST", "BALANCED_POINT": "LOST", "BALANCED_SUPPORTED": "LOST", "EVIDENCE_POINT": "LOST", "EVIDENCE_SUPPORTED": "LOST"}}
{"phase": "paired_games", "lifecycle": 2, "query": "risk_goal", "replica": 8, "scores": {"BALANCED_SUPPORTED": 7392, "EVIDENCE_POINT": 6964, "EVIDENCE_SUPPORTED": 7392, "H2_ONLY": 7392, "BASE_POINT": 6964, "BASE_SUPPORTED": 7392, "BALANCED_POINT": 6964}, "options": {"BALANCED_SUPPORTED": "H2", "EVIDENCE_POINT": "SPACE_4", "EVIDENCE_SUPPORTED": "H2", "H2_ONLY": null, "BASE_POINT": "SPACE_4", "BASE_SUPPORTED": "H2", "BALANCED_POINT": "SPACE_4"}, "outcomes": {"BALANCED_SUPPORTED": "LOST", "EVIDENCE_POINT": "LOST", "EVIDENCE_SUPPORTED": "LOST", "H2_ONLY": "LOST", "BASE_POINT": "LOST", "BASE_SUPPORTED": "LOST", "BALANCED_POINT": "LOST"}}
{"phase": "paired_games", "lifecycle": 1, "query": "reward", "replica": 10, "scores": {"BALANCED_SUPPORTED": 7172, "EVIDENCE_POINT": 7172, "EVIDENCE_SUPPORTED": 7172, "H2_ONLY": 7172, "BASE_POINT": 7056, "BASE_SUPPORTED": 7172, "BALANCED_POINT": 6468}, "options": {"BALANCED_SUPPORTED": "H2", "EVIDENCE_POINT": "H2", "EVIDENCE_SUPPORTED": "H2", "H2_ONLY": null, "BASE_POINT": "SNAKE_1", "BASE_SUPPORTED": "H2", "BALANCED_POINT": "SPACE_4"}, "outcomes": {"BALANCED_SUPPORTED": "LOST", "EVIDENCE_POINT": "LOST", "EVIDENCE_SUPPORTED": "LOST", "H2_ONLY": "LOST", "BASE_POINT": "LOST", "BASE_SUPPORTED": "LOST", "BALANCED_POINT": "LOST"}}
{"phase": "paired_games", "lifecycle": 2, "query": "reward", "replica": 9, "scores": {"BALANCED_SUPPORTED": 5376, "EVIDENCE_POINT": 13156, "EVIDENCE_SUPPORTED": 5376, "H2_ONLY": 5376, "BASE_POINT": 13156, "BASE_SUPPORTED": 5376, "BALANCED_POINT": 13156}, "options": {"BALANCED_SUPPORTED": "H2", "EVIDENCE_POINT": "SPACE_4", "EVIDENCE_SUPPORTED": "H2", "H2_ONLY": null, "BASE_POINT": "SPACE_4", "BASE_SUPPORTED": "H2", "BALANCED_POINT": "SPACE_4"}, "outcomes": {"BALANCED_SUPPORTED": "LOST", "EVIDENCE_POINT": "LOST", "EVIDENCE_SUPPORTED": "LOST", "H2_ONLY": "LOST", "BASE_POINT": "LOST", "BASE_SUPPORTED": "LOST", "BALANCED_POINT": "LOST"}}
{"phase": "paired_games", "lifecycle": 1, "query": "risk_goal", "replica": 10, "scores": {"EVIDENCE_POINT": 7056, "EVIDENCE_SUPPORTED": 7172, "H2_ONLY": 7172, "BASE_POINT": 6468, "BASE_SUPPORTED": 7172, "BALANCED_POINT": 6468, "BALANCED_SUPPORTED": 7172}, "options": {"EVIDENCE_POINT": "SNAKE_1", "EVIDENCE_SUPPORTED": "H2", "H2_ONLY": null, "BASE_POINT": "SPACE_4", "BASE_SUPPORTED": "H2", "BALANCED_POINT": "SPACE_4", "BALANCED_SUPPORTED": "H2"}, "outcomes": {"EVIDENCE_POINT": "LOST", "EVIDENCE_SUPPORTED": "LOST", "H2_ONLY": "LOST", "BASE_POINT": "LOST", "BASE_SUPPORTED": "LOST", "BALANCED_POINT": "LOST", "BALANCED_SUPPORTED": "LOST"}}
{"phase": "paired_games", "lifecycle": 0, "query": "risk_goal", "replica": 7, "scores": {"BASE_POINT": 14864, "BASE_SUPPORTED": 14864, "BALANCED_POINT": 3172, "BALANCED_SUPPORTED": 14864, "EVIDENCE_POINT": 14864, "EVIDENCE_SUPPORTED": 14864, "H2_ONLY": 14864}, "options": {"BASE_POINT": "H2", "BASE_SUPPORTED": "H2", "BALANCED_POINT": "SPACE_1", "BALANCED_SUPPORTED": "H2", "EVIDENCE_POINT": "H2", "EVIDENCE_SUPPORTED": "H2", "H2_ONLY": null}, "outcomes": {"BASE_POINT": "LOST", "BASE_SUPPORTED": "LOST", "BALANCED_POINT": "LOST", "BALANCED_SUPPORTED": "LOST", "EVIDENCE_POINT": "LOST", "EVIDENCE_SUPPORTED": "LOST", "H2_ONLY": "LOST"}}
{"phase": "paired_games", "lifecycle": 2, "query": "risk_goal", "replica": 9, "scores": {"EVIDENCE_POINT": 5384, "EVIDENCE_SUPPORTED": 5384, "H2_ONLY": 5384, "BASE_POINT": 5384, "BASE_SUPPORTED": 5384, "BALANCED_POINT": 6688, "BALANCED_SUPPORTED": 5384}, "options": {"EVIDENCE_POINT": "SPACE_1", "EVIDENCE_SUPPORTED": "H2", "H2_ONLY": null, "BASE_POINT": "SPACE_1", "BASE_SUPPORTED": "H2", "BALANCED_POINT": "SPACE_4", "BALANCED_SUPPORTED": "H2"}, "outcomes": {"EVIDENCE_POINT": "LOST", "EVIDENCE_SUPPORTED": "LOST", "H2_ONLY": "LOST", "BASE_POINT": "LOST", "BASE_SUPPORTED": "LOST", "BALANCED_POINT": "LOST", "BALANCED_SUPPORTED": "LOST"}}
{"phase": "paired_games", "lifecycle": 0, "query": "reward", "replica": 8, "scores": {"BASE_POINT": 5704, "BASE_SUPPORTED": 3224, "BALANCED_POINT": 6896, "BALANCED_SUPPORTED": 3224, "EVIDENCE_POINT": 6896, "EVIDENCE_SUPPORTED": 6896, "H2_ONLY": 3224}, "options": {"BASE_POINT": "SNAKE_1", "BASE_SUPPORTED": "H2", "BALANCED_POINT": "SNAKE_4", "BALANCED_SUPPORTED": "H2", "EVIDENCE_POINT": "SNAKE_4", "EVIDENCE_SUPPORTED": "SNAKE_4", "H2_ONLY": null}, "outcomes": {"BASE_POINT": "LOST", "BASE_SUPPORTED": "LOST", "BALANCED_POINT": "LOST", "BALANCED_SUPPORTED": "LOST", "EVIDENCE_POINT": "LOST", "EVIDENCE_SUPPORTED": "LOST", "H2_ONLY": "LOST"}}
{"phase": "paired_games", "lifecycle": 1, "query": "reward", "replica": 11, "scores": {"EVIDENCE_POINT": 7144, "EVIDENCE_SUPPORTED": 6420, "H2_ONLY": 6420, "BASE_POINT": 16356, "BASE_SUPPORTED": 6420, "BALANCED_POINT": 7144, "BALANCED_SUPPORTED": 6420}, "options": {"EVIDENCE_POINT": "SPACE_4", "EVIDENCE_SUPPORTED": "H2", "H2_ONLY": null, "BASE_POINT": "SNAKE_1", "BASE_SUPPORTED": "H2", "BALANCED_POINT": "SPACE_4", "BALANCED_SUPPORTED": "H2"}, "outcomes": {"EVIDENCE_POINT": "LOST", "EVIDENCE_SUPPORTED": "LOST", "H2_ONLY": "LOST", "BASE_POINT": "LOST", "BASE_SUPPORTED": "LOST", "BALANCED_POINT": "LOST", "BALANCED_SUPPORTED": "LOST"}}
{"phase": "paired_games", "lifecycle": 2, "query": "reward", "replica": 10, "scores": {"EVIDENCE_POINT": 7032, "EVIDENCE_SUPPORTED": 7032, "H2_ONLY": 5440, "BASE_POINT": 7032, "BASE_SUPPORTED": 7032, "BALANCED_POINT": 7032, "BALANCED_SUPPORTED": 7032}, "options": {"EVIDENCE_POINT": "SNAKE_4", "EVIDENCE_SUPPORTED": "SNAKE_4", "H2_ONLY": null, "BASE_POINT": "SNAKE_4", "BASE_SUPPORTED": "SNAKE_4", "BALANCED_POINT": "SNAKE_4", "BALANCED_SUPPORTED": "SNAKE_4"}, "outcomes": {"EVIDENCE_POINT": "LOST", "EVIDENCE_SUPPORTED": "LOST", "H2_ONLY": "LOST", "BASE_POINT": "LOST", "BASE_SUPPORTED": "LOST", "BALANCED_POINT": "LOST", "BALANCED_SUPPORTED": "LOST"}}
{"phase": "paired_games", "lifecycle": 0, "query": "risk_goal", "replica": 8, "scores": {"BASE_SUPPORTED": 6912, "BALANCED_POINT": 14176, "BALANCED_SUPPORTED": 6912, "EVIDENCE_POINT": 6912, "EVIDENCE_SUPPORTED": 6912, "H2_ONLY": 6912, "BASE_POINT": 6912}, "options": {"BASE_SUPPORTED": "H2", "BALANCED_POINT": "SPACE_1", "BALANCED_SUPPORTED": "H2", "EVIDENCE_POINT": "H2", "EVIDENCE_SUPPORTED": "H2", "H2_ONLY": null, "BASE_POINT": "H2"}, "outcomes": {"BASE_SUPPORTED": "LOST", "BALANCED_POINT": "LOST", "BALANCED_SUPPORTED": "LOST", "EVIDENCE_POINT": "LOST", "EVIDENCE_SUPPORTED": "LOST", "H2_ONLY": "LOST", "BASE_POINT": "LOST"}}
{"phase": "paired_games", "lifecycle": 2, "query": "risk_goal", "replica": 10, "scores": {"EVIDENCE_SUPPORTED": 5440, "H2_ONLY": 5440, "BASE_POINT": 14268, "BASE_SUPPORTED": 5440, "BALANCED_POINT": 14268, "BALANCED_SUPPORTED": 5440, "EVIDENCE_POINT": 5440}, "options": {"EVIDENCE_SUPPORTED": "H2", "H2_ONLY": null, "BASE_POINT": "SPACE_4", "BASE_SUPPORTED": "H2", "BALANCED_POINT": "SPACE_4", "BALANCED_SUPPORTED": "H2", "EVIDENCE_POINT": "SNAKE_1"}, "outcomes": {"EVIDENCE_SUPPORTED": "LOST", "H2_ONLY": "LOST", "BASE_POINT": "LOST", "BASE_SUPPORTED": "LOST", "BALANCED_POINT": "LOST", "BALANCED_SUPPORTED": "LOST", "EVIDENCE_POINT": "LOST"}}
{"phase": "paired_games", "lifecycle": 1, "query": "risk_goal", "replica": 11, "scores": {"EVIDENCE_SUPPORTED": 14316, "H2_ONLY": 14316, "BASE_POINT": 15488, "BASE_SUPPORTED": 14316, "BALANCED_POINT": 15488, "BALANCED_SUPPORTED": 14316, "EVIDENCE_POINT": 15488}, "options": {"EVIDENCE_SUPPORTED": "H2", "H2_ONLY": null, "BASE_POINT": "SNAKE_1", "BASE_SUPPORTED": "H2", "BALANCED_POINT": "SNAKE_1", "BALANCED_SUPPORTED": "H2", "EVIDENCE_POINT": "SNAKE_1"}, "outcomes": {"EVIDENCE_SUPPORTED": "LOST", "H2_ONLY": "LOST", "BASE_POINT": "LOST", "BASE_SUPPORTED": "LOST", "BALANCED_POINT": "LOST", "BALANCED_SUPPORTED": "LOST", "EVIDENCE_POINT": "LOST"}}
{"phase": "paired_games", "lifecycle": 2, "query": "reward", "replica": 11, "scores": {"EVIDENCE_SUPPORTED": 3208, "H2_ONLY": 3208, "BASE_POINT": 6772, "BASE_SUPPORTED": 3208, "BALANCED_POINT": 7180, "BALANCED_SUPPORTED": 3208, "EVIDENCE_POINT": 3208}, "options": {"EVIDENCE_SUPPORTED": "H2", "H2_ONLY": null, "BASE_POINT": "SPACE_4", "BASE_SUPPORTED": "H2", "BALANCED_POINT": "SNAKE_1", "BALANCED_SUPPORTED": "H2", "EVIDENCE_POINT": "H2"}, "outcomes": {"EVIDENCE_SUPPORTED": "LOST", "H2_ONLY": "LOST", "BASE_POINT": "LOST", "BASE_SUPPORTED": "LOST", "BALANCED_POINT": "LOST", "BALANCED_SUPPORTED": "LOST", "EVIDENCE_POINT": "LOST"}}
{"phase": "paired_games", "lifecycle": 0, "query": "reward", "replica": 9, "scores": {"BASE_SUPPORTED": 14792, "BALANCED_POINT": 12152, "BALANCED_SUPPORTED": 14792, "EVIDENCE_POINT": 12152, "EVIDENCE_SUPPORTED": 14792, "H2_ONLY": 14792, "BASE_POINT": 12152}, "options": {"BASE_SUPPORTED": "H2", "BALANCED_POINT": "SNAKE_1", "BALANCED_SUPPORTED": "H2", "EVIDENCE_POINT": "SNAKE_1", "EVIDENCE_SUPPORTED": "H2", "H2_ONLY": null, "BASE_POINT": "SNAKE_1"}, "outcomes": {"BASE_SUPPORTED": "LOST", "BALANCED_POINT": "LOST", "BALANCED_SUPPORTED": "LOST", "EVIDENCE_POINT": "LOST", "EVIDENCE_SUPPORTED": "LOST", "H2_ONLY": "LOST", "BASE_POINT": "LOST"}}
{"phase": "paired_games", "lifecycle": 1, "query": "reward", "replica": 12, "scores": {"EVIDENCE_SUPPORTED": 5432, "H2_ONLY": 5432, "BASE_POINT": 7344, "BASE_SUPPORTED": 5432, "BALANCED_POINT": 15164, "BALANCED_SUPPORTED": 5432, "EVIDENCE_POINT": 5432}, "options": {"EVIDENCE_SUPPORTED": "H2", "H2_ONLY": null, "BASE_POINT": "SNAKE_1", "BASE_SUPPORTED": "H2", "BALANCED_POINT": "SPACE_4", "BALANCED_SUPPORTED": "H2", "EVIDENCE_POINT": "H2"}, "outcomes": {"EVIDENCE_SUPPORTED": "LOST", "H2_ONLY": "LOST", "BASE_POINT": "LOST", "BASE_SUPPORTED": "LOST", "BALANCED_POINT": "LOST", "BALANCED_SUPPORTED": "LOST", "EVIDENCE_POINT": "LOST"}}
{"phase": "paired_games", "lifecycle": 2, "query": "risk_goal", "replica": 11, "scores": {"H2_ONLY": 3220, "BASE_POINT": 3220, "BASE_SUPPORTED": 3220, "BALANCED_POINT": 6772, "BALANCED_SUPPORTED": 3220, "EVIDENCE_POINT": 3220, "EVIDENCE_SUPPORTED": 3220}, "options": {"H2_ONLY": null, "BASE_POINT": "SPACE_1", "BASE_SUPPORTED": "H2", "BALANCED_POINT": "SPACE_4", "BALANCED_SUPPORTED": "H2", "EVIDENCE_POINT": "SPACE_1", "EVIDENCE_SUPPORTED": "H2"}, "outcomes": {"H2_ONLY": "LOST", "BASE_POINT": "LOST", "BASE_SUPPORTED": "LOST", "BALANCED_POINT": "LOST", "BALANCED_SUPPORTED": "LOST", "EVIDENCE_POINT": "LOST", "EVIDENCE_SUPPORTED": "LOST"}}
{"phase": "paired_games", "lifecycle": 2, "query": "reward", "replica": 12, "scores": {"H2_ONLY": 5644, "BASE_POINT": 6628, "BASE_SUPPORTED": 6628, "BALANCED_POINT": 6628, "BALANCED_SUPPORTED": 6628, "EVIDENCE_POINT": 6628, "EVIDENCE_SUPPORTED": 6628}, "options": {"H2_ONLY": null, "BASE_POINT": "SNAKE_4", "BASE_SUPPORTED": "SNAKE_4", "BALANCED_POINT": "SNAKE_4", "BALANCED_SUPPORTED": "SNAKE_4", "EVIDENCE_POINT": "SNAKE_4", "EVIDENCE_SUPPORTED": "SNAKE_4"}, "outcomes": {"H2_ONLY": "LOST", "BASE_POINT": "LOST", "BASE_SUPPORTED": "LOST", "BALANCED_POINT": "LOST", "BALANCED_SUPPORTED": "LOST", "EVIDENCE_POINT": "LOST", "EVIDENCE_SUPPORTED": "LOST"}}
{"phase": "paired_games", "lifecycle": 0, "query": "risk_goal", "replica": 9, "scores": {"BALANCED_POINT": 7448, "BALANCED_SUPPORTED": 14796, "EVIDENCE_POINT": 14796, "EVIDENCE_SUPPORTED": 14796, "H2_ONLY": 14796, "BASE_POINT": 14796, "BASE_SUPPORTED": 14796}, "options": {"BALANCED_POINT": "SPACE_1", "BALANCED_SUPPORTED": "H2", "EVIDENCE_POINT": "H2", "EVIDENCE_SUPPORTED": "H2", "H2_ONLY": null, "BASE_POINT": "H2", "BASE_SUPPORTED": "H2"}, "outcomes": {"BALANCED_POINT": "LOST", "BALANCED_SUPPORTED": "LOST", "EVIDENCE_POINT": "LOST", "EVIDENCE_SUPPORTED": "LOST", "H2_ONLY": "LOST", "BASE_POINT": "LOST", "BASE_SUPPORTED": "LOST"}}
{"phase": "paired_games", "lifecycle": 1, "query": "risk_goal", "replica": 12, "scores": {"H2_ONLY": 15440, "BASE_POINT": 12148, "BASE_SUPPORTED": 15440, "BALANCED_POINT": 12148, "BALANCED_SUPPORTED": 15440, "EVIDENCE_POINT": 12148, "EVIDENCE_SUPPORTED": 15440}, "options": {"H2_ONLY": null, "BASE_POINT": "SNAKE_1", "BASE_SUPPORTED": "H2", "BALANCED_POINT": "SNAKE_1", "BALANCED_SUPPORTED": "H2", "EVIDENCE_POINT": "SNAKE_1", "EVIDENCE_SUPPORTED": "H2"}, "outcomes": {"H2_ONLY": "LOST", "BASE_POINT": "LOST", "BASE_SUPPORTED": "LOST", "BALANCED_POINT": "LOST", "BALANCED_SUPPORTED": "LOST", "EVIDENCE_POINT": "LOST", "EVIDENCE_SUPPORTED": "LOST"}}
{"phase": "paired_games", "lifecycle": 2, "query": "risk_goal", "replica": 12, "scores": {"BASE_POINT": 10720, "BASE_SUPPORTED": 3256, "BALANCED_POINT": 10720, "BALANCED_SUPPORTED": 3256, "EVIDENCE_POINT": 10720, "EVIDENCE_SUPPORTED": 3256, "H2_ONLY": 3256}, "options": {"BASE_POINT": "SPACE_4", "BASE_SUPPORTED": "H2", "BALANCED_POINT": "SPACE_4", "BALANCED_SUPPORTED": "H2", "EVIDENCE_POINT": "SPACE_4", "EVIDENCE_SUPPORTED": "H2", "H2_ONLY": null}, "outcomes": {"BASE_POINT": "LOST", "BASE_SUPPORTED": "LOST", "BALANCED_POINT": "LOST", "BALANCED_SUPPORTED": "LOST", "EVIDENCE_POINT": "LOST", "EVIDENCE_SUPPORTED": "LOST", "H2_ONLY": "LOST"}}
{"phase": "paired_games", "lifecycle": 2, "query": "reward", "replica": 13, "scores": {"BASE_POINT": 7204, "BASE_SUPPORTED": 3628, "BALANCED_POINT": 7204, "BALANCED_SUPPORTED": 3628, "EVIDENCE_POINT": 3628, "EVIDENCE_SUPPORTED": 3628, "H2_ONLY": 3628}, "options": {"BASE_POINT": "SNAKE_1", "BASE_SUPPORTED": "H2", "BALANCED_POINT": "SNAKE_1", "BALANCED_SUPPORTED": "H2", "EVIDENCE_POINT": "H2", "EVIDENCE_SUPPORTED": "H2", "H2_ONLY": null}, "outcomes": {"BASE_POINT": "LOST", "BASE_SUPPORTED": "LOST", "BALANCED_POINT": "LOST", "BALANCED_SUPPORTED": "LOST", "EVIDENCE_POINT": "LOST", "EVIDENCE_SUPPORTED": "LOST", "H2_ONLY": "LOST"}}
{"phase": "paired_games", "lifecycle": 0, "query": "reward", "replica": 10, "scores": {"BALANCED_POINT": 7244, "BALANCED_SUPPORTED": 11492, "EVIDENCE_POINT": 6420, "EVIDENCE_SUPPORTED": 11492, "H2_ONLY": 11492, "BASE_POINT": 7244, "BASE_SUPPORTED": 7244}, "options": {"BALANCED_POINT": "SNAKE_4", "BALANCED_SUPPORTED": "H2", "EVIDENCE_POINT": "SPACE_1", "EVIDENCE_SUPPORTED": "H2", "H2_ONLY": null, "BASE_POINT": "SNAKE_4", "BASE_SUPPORTED": "SNAKE_4"}, "outcomes": {"BALANCED_POINT": "LOST", "BALANCED_SUPPORTED": "LOST", "EVIDENCE_POINT": "LOST", "EVIDENCE_SUPPORTED": "LOST", "H2_ONLY": "LOST", "BASE_POINT": "LOST", "BASE_SUPPORTED": "LOST"}}
{"phase": "paired_games", "lifecycle": 1, "query": "reward", "replica": 13, "scores": {"H2_ONLY": 12132, "BASE_POINT": 16064, "BASE_SUPPORTED": 12132, "BALANCED_POINT": 12132, "BALANCED_SUPPORTED": 12132, "EVIDENCE_POINT": 12132, "EVIDENCE_SUPPORTED": 12132}, "options": {"H2_ONLY": null, "BASE_POINT": "SNAKE_1", "BASE_SUPPORTED": "H2", "BALANCED_POINT": "SPACE_4", "BALANCED_SUPPORTED": "H2", "EVIDENCE_POINT": "SPACE_4", "EVIDENCE_SUPPORTED": "H2"}, "outcomes": {"H2_ONLY": "LOST", "BASE_POINT": "LOST", "BASE_SUPPORTED": "LOST", "BALANCED_POINT": "LOST", "BALANCED_SUPPORTED": "LOST", "EVIDENCE_POINT": "LOST", "EVIDENCE_SUPPORTED": "LOST"}}
{"phase": "paired_games", "lifecycle": 2, "query": "risk_goal", "replica": 13, "scores": {"BASE_SUPPORTED": 3628, "BALANCED_POINT": 3180, "BALANCED_SUPPORTED": 3628, "EVIDENCE_POINT": 7164, "EVIDENCE_SUPPORTED": 3628, "H2_ONLY": 3628, "BASE_POINT": 7164}, "options": {"BASE_SUPPORTED": "H2", "BALANCED_POINT": "SPACE_4", "BALANCED_SUPPORTED": "H2", "EVIDENCE_POINT": "SPACE_1", "EVIDENCE_SUPPORTED": "H2", "H2_ONLY": null, "BASE_POINT": "SPACE_1"}, "outcomes": {"BASE_SUPPORTED": "LOST", "BALANCED_POINT": "LOST", "BALANCED_SUPPORTED": "LOST", "EVIDENCE_POINT": "LOST", "EVIDENCE_SUPPORTED": "LOST", "H2_ONLY": "LOST", "BASE_POINT": "LOST"}}
{"phase": "paired_games", "lifecycle": 0, "query": "risk_goal", "replica": 10, "scores": {"BALANCED_SUPPORTED": 11492, "EVIDENCE_POINT": 11492, "EVIDENCE_SUPPORTED": 11492, "H2_ONLY": 11492, "BASE_POINT": 11492, "BASE_SUPPORTED": 11492, "BALANCED_POINT": 12168}, "options": {"BALANCED_SUPPORTED": "H2", "EVIDENCE_POINT": "H2", "EVIDENCE_SUPPORTED": "H2", "H2_ONLY": null, "BASE_POINT": "H2", "BASE_SUPPORTED": "H2", "BALANCED_POINT": "SPACE_1"}, "outcomes": {"BALANCED_SUPPORTED": "LOST", "EVIDENCE_POINT": "LOST", "EVIDENCE_SUPPORTED": "LOST", "H2_ONLY": "LOST", "BASE_POINT": "LOST", "BASE_SUPPORTED": "LOST", "BALANCED_POINT": "LOST"}}
{"phase": "paired_games", "lifecycle": 2, "query": "reward", "replica": 14, "scores": {"BASE_SUPPORTED": 7120, "BALANCED_POINT": 3824, "BALANCED_SUPPORTED": 11464, "EVIDENCE_POINT": 7120, "EVIDENCE_SUPPORTED": 7120, "H2_ONLY": 11464, "BASE_POINT": 7120}, "options": {"BASE_SUPPORTED": "SNAKE_4", "BALANCED_POINT": "SPACE_4", "BALANCED_SUPPORTED": "H2", "EVIDENCE_POINT": "SNAKE_4", "EVIDENCE_SUPPORTED": "SNAKE_4", "H2_ONLY": null, "BASE_POINT": "SNAKE_4"}, "outcomes": {"BASE_SUPPORTED": "LOST", "BALANCED_POINT": "LOST", "BALANCED_SUPPORTED": "LOST", "EVIDENCE_POINT": "LOST", "EVIDENCE_SUPPORTED": "LOST", "H2_ONLY": "LOST", "BASE_POINT": "LOST"}}
{"phase": "paired_games", "lifecycle": 1, "query": "risk_goal", "replica": 13, "scores": {"BASE_POINT": 13848, "BASE_SUPPORTED": 12132, "BALANCED_POINT": 13848, "BALANCED_SUPPORTED": 12132, "EVIDENCE_POINT": 13848, "EVIDENCE_SUPPORTED": 12132, "H2_ONLY": 12132}, "options": {"BASE_POINT": "SNAKE_1", "BASE_SUPPORTED": "H2", "BALANCED_POINT": "SNAKE_1", "BALANCED_SUPPORTED": "H2", "EVIDENCE_POINT": "SNAKE_1", "EVIDENCE_SUPPORTED": "H2", "H2_ONLY": null}, "outcomes": {"BASE_POINT": "LOST", "BASE_SUPPORTED": "LOST", "BALANCED_POINT": "LOST", "BALANCED_SUPPORTED": "LOST", "EVIDENCE_POINT": "LOST", "EVIDENCE_SUPPORTED": "LOST", "H2_ONLY": "LOST"}}
{"phase": "paired_games", "lifecycle": 0, "query": "reward", "replica": 11, "scores": {"BALANCED_SUPPORTED": 12420, "EVIDENCE_POINT": 12420, "EVIDENCE_SUPPORTED": 12420, "H2_ONLY": 12420, "BASE_POINT": 12420, "BASE_SUPPORTED": 12420, "BALANCED_POINT": 12420}, "options": {"BALANCED_SUPPORTED": "H2", "EVIDENCE_POINT": "SNAKE_1", "EVIDENCE_SUPPORTED": "H2", "H2_ONLY": null, "BASE_POINT": "SNAKE_1", "BASE_SUPPORTED": "H2", "BALANCED_POINT": "SNAKE_1"}, "outcomes": {"BALANCED_SUPPORTED": "LOST", "EVIDENCE_POINT": "LOST", "EVIDENCE_SUPPORTED": "LOST", "H2_ONLY": "LOST", "BASE_POINT": "LOST", "BASE_SUPPORTED": "LOST", "BALANCED_POINT": "LOST"}}
{"phase": "paired_games", "lifecycle": 1, "query": "reward", "replica": 14, "scores": {"BASE_POINT": 4952, "BASE_SUPPORTED": 7152, "BALANCED_POINT": 7228, "BALANCED_SUPPORTED": 7152, "EVIDENCE_POINT": 7152, "EVIDENCE_SUPPORTED": 7152, "H2_ONLY": 7152}, "options": {"BASE_POINT": "SPACE_1", "BASE_SUPPORTED": "H2", "BALANCED_POINT": "SPACE_4", "BALANCED_SUPPORTED": "H2", "EVIDENCE_POINT": "H2", "EVIDENCE_SUPPORTED": "H2", "H2_ONLY": null}, "outcomes": {"BASE_POINT": "LOST", "BASE_SUPPORTED": "LOST", "BALANCED_POINT": "LOST", "BALANCED_SUPPORTED": "LOST", "EVIDENCE_POINT": "LOST", "EVIDENCE_SUPPORTED": "LOST", "H2_ONLY": "LOST"}}
{"phase": "paired_games", "lifecycle": 2, "query": "risk_goal", "replica": 14, "scores": {"BALANCED_POINT": 14568, "BALANCED_SUPPORTED": 13844, "EVIDENCE_POINT": 14568, "EVIDENCE_SUPPORTED": 13844, "H2_ONLY": 13844, "BASE_POINT": 14568, "BASE_SUPPORTED": 13844}, "options": {"BALANCED_POINT": "SPACE_4", "BALANCED_SUPPORTED": "H2", "EVIDENCE_POINT": "SPACE_4", "EVIDENCE_SUPPORTED": "H2", "H2_ONLY": null, "BASE_POINT": "SPACE_4", "BASE_SUPPORTED": "H2"}, "outcomes": {"BALANCED_POINT": "LOST", "BALANCED_SUPPORTED": "LOST", "EVIDENCE_POINT": "LOST", "EVIDENCE_SUPPORTED": "LOST", "H2_ONLY": "LOST", "BASE_POINT": "LOST", "BASE_SUPPORTED": "LOST"}}
{"phase": "paired_games", "lifecycle": 2, "query": "reward", "replica": 15, "scores": {"BALANCED_POINT": 7120, "BALANCED_SUPPORTED": 7120, "EVIDENCE_POINT": 7120, "EVIDENCE_SUPPORTED": 7120, "H2_ONLY": 12052, "BASE_POINT": 7120, "BASE_SUPPORTED": 7120}, "options": {"BALANCED_POINT": "SNAKE_4", "BALANCED_SUPPORTED": "SNAKE_4", "EVIDENCE_POINT": "SNAKE_4", "EVIDENCE_SUPPORTED": "SNAKE_4", "H2_ONLY": null, "BASE_POINT": "SNAKE_4", "BASE_SUPPORTED": "SNAKE_4"}, "outcomes": {"BALANCED_POINT": "LOST", "BALANCED_SUPPORTED": "LOST", "EVIDENCE_POINT": "LOST", "EVIDENCE_SUPPORTED": "LOST", "H2_ONLY": "LOST", "BASE_POINT": "LOST", "BASE_SUPPORTED": "LOST"}}
{"phase": "paired_games", "lifecycle": 0, "query": "risk_goal", "replica": 11, "scores": {"EVIDENCE_POINT": 12420, "EVIDENCE_SUPPORTED": 12420, "H2_ONLY": 12420, "BASE_POINT": 12420, "BASE_SUPPORTED": 12420, "BALANCED_POINT": 12420, "BALANCED_SUPPORTED": 12420}, "options": {"EVIDENCE_POINT": "H2", "EVIDENCE_SUPPORTED": "H2", "H2_ONLY": null, "BASE_POINT": "H2", "BASE_SUPPORTED": "H2", "BALANCED_POINT": "SPACE_1", "BALANCED_SUPPORTED": "H2"}, "outcomes": {"EVIDENCE_POINT": "LOST", "EVIDENCE_SUPPORTED": "LOST", "H2_ONLY": "LOST", "BASE_POINT": "LOST", "BASE_SUPPORTED": "LOST", "BALANCED_POINT": "LOST", "BALANCED_SUPPORTED": "LOST"}}
{"phase": "paired_games", "lifecycle": 1, "query": "risk_goal", "replica": 14, "scores": {"BASE_SUPPORTED": 14636, "BALANCED_POINT": 7016, "BALANCED_SUPPORTED": 14636, "EVIDENCE_POINT": 7016, "EVIDENCE_SUPPORTED": 14636, "H2_ONLY": 14636, "BASE_POINT": 7016}, "options": {"BASE_SUPPORTED": "H2", "BALANCED_POINT": "SNAKE_1", "BALANCED_SUPPORTED": "H2", "EVIDENCE_POINT": "SNAKE_1", "EVIDENCE_SUPPORTED": "H2", "H2_ONLY": null, "BASE_POINT": "SNAKE_1"}, "outcomes": {"BASE_SUPPORTED": "LOST", "BALANCED_POINT": "LOST", "BALANCED_SUPPORTED": "LOST", "EVIDENCE_POINT": "LOST", "EVIDENCE_SUPPORTED": "LOST", "H2_ONLY": "LOST", "BASE_POINT": "LOST"}}
{"phase": "paired_games", "lifecycle": 0, "query": "reward", "replica": 12, "scores": {"EVIDENCE_POINT": 3180, "EVIDENCE_SUPPORTED": 3180, "H2_ONLY": 3180, "BASE_POINT": 12124, "BASE_SUPPORTED": 3180, "BALANCED_POINT": 12124, "BALANCED_SUPPORTED": 3180}, "options": {"EVIDENCE_POINT": "SPACE_1", "EVIDENCE_SUPPORTED": "H2", "H2_ONLY": null, "BASE_POINT": "SNAKE_1", "BASE_SUPPORTED": "H2", "BALANCED_POINT": "SNAKE_1", "BALANCED_SUPPORTED": "H2"}, "outcomes": {"EVIDENCE_POINT": "LOST", "EVIDENCE_SUPPORTED": "LOST", "H2_ONLY": "LOST", "BASE_POINT": "LOST", "BASE_SUPPORTED": "LOST", "BALANCED_POINT": "LOST", "BALANCED_SUPPORTED": "LOST"}}
{"phase": "paired_games", "lifecycle": 1, "query": "reward", "replica": 15, "scores": {"BASE_SUPPORTED": 12244, "BALANCED_POINT": 5744, "BALANCED_SUPPORTED": 12244, "EVIDENCE_POINT": 5744, "EVIDENCE_SUPPORTED": 12244, "H2_ONLY": 12244, "BASE_POINT": 5480}, "options": {"BASE_SUPPORTED": "H2", "BALANCED_POINT": "SPACE_4", "BALANCED_SUPPORTED": "H2", "EVIDENCE_POINT": "SPACE_4", "EVIDENCE_SUPPORTED": "H2", "H2_ONLY": null, "BASE_POINT": "SPACE_1"}, "outcomes": {"BASE_SUPPORTED": "LOST", "BALANCED_POINT": "LOST", "BALANCED_SUPPORTED": "LOST", "EVIDENCE_POINT": "LOST", "EVIDENCE_SUPPORTED": "LOST", "H2_ONLY": "LOST", "BASE_POINT": "LOST"}}
{"phase": "paired_games", "lifecycle": 2, "query": "risk_goal", "replica": 15, "scores": {"BALANCED_SUPPORTED": 12052, "EVIDENCE_POINT": 12052, "EVIDENCE_SUPPORTED": 12052, "H2_ONLY": 12052, "BASE_POINT": 7180, "BASE_SUPPORTED": 12052, "BALANCED_POINT": 7180}, "options": {"BALANCED_SUPPORTED": "H2", "EVIDENCE_POINT": "SPACE_1", "EVIDENCE_SUPPORTED": "H2", "H2_ONLY": null, "BASE_POINT": "SPACE_4", "BASE_SUPPORTED": "H2", "BALANCED_POINT": "SPACE_4"}, "outcomes": {"BALANCED_SUPPORTED": "LOST", "EVIDENCE_POINT": "LOST", "EVIDENCE_SUPPORTED": "LOST", "H2_ONLY": "LOST", "BASE_POINT": "LOST", "BASE_SUPPORTED": "LOST", "BALANCED_POINT": "LOST"}}
{"phase": "paired_games", "lifecycle": 0, "query": "risk_goal", "replica": 12, "scores": {"EVIDENCE_SUPPORTED": 3180, "H2_ONLY": 3180, "BASE_POINT": 3180, "BASE_SUPPORTED": 3180, "BALANCED_POINT": 3180, "BALANCED_SUPPORTED": 3180, "EVIDENCE_POINT": 3180}, "options": {"EVIDENCE_SUPPORTED": "H2", "H2_ONLY": null, "BASE_POINT": "H2", "BASE_SUPPORTED": "H2", "BALANCED_POINT": "SPACE_1", "BALANCED_SUPPORTED": "H2", "EVIDENCE_POINT": "H2"}, "outcomes": {"EVIDENCE_SUPPORTED": "LOST", "H2_ONLY": "LOST", "BASE_POINT": "LOST", "BASE_SUPPORTED": "LOST", "BALANCED_POINT": "LOST", "BALANCED_SUPPORTED": "LOST", "EVIDENCE_POINT": "LOST"}}
{"phase": "paired_games", "lifecycle": 0, "query": "reward", "replica": 13, "scores": {"EVIDENCE_SUPPORTED": 3168, "H2_ONLY": 3168, "BASE_POINT": 7280, "BASE_SUPPORTED": 3168, "BALANCED_POINT": 7280, "BALANCED_SUPPORTED": 3168, "EVIDENCE_POINT": 3168}, "options": {"EVIDENCE_SUPPORTED": "H2", "H2_ONLY": null, "BASE_POINT": "SNAKE_1", "BASE_SUPPORTED": "H2", "BALANCED_POINT": "SNAKE_1", "BALANCED_SUPPORTED": "H2", "EVIDENCE_POINT": "SPACE_1"}, "outcomes": {"EVIDENCE_SUPPORTED": "LOST", "H2_ONLY": "LOST", "BASE_POINT": "LOST", "BASE_SUPPORTED": "LOST", "BALANCED_POINT": "LOST", "BALANCED_SUPPORTED": "LOST", "EVIDENCE_POINT": "LOST"}}
{"phase": "paired_games", "lifecycle": 0, "query": "risk_goal", "replica": 13, "scores": {"H2_ONLY": 3168, "BASE_POINT": 3168, "BASE_SUPPORTED": 3168, "BALANCED_POINT": 3168, "BALANCED_SUPPORTED": 3168, "EVIDENCE_POINT": 3168, "EVIDENCE_SUPPORTED": 3168}, "options": {"H2_ONLY": null, "BASE_POINT": "H2", "BASE_SUPPORTED": "H2", "BALANCED_POINT": "SPACE_1", "BALANCED_SUPPORTED": "H2", "EVIDENCE_POINT": "H2", "EVIDENCE_SUPPORTED": "H2"}, "outcomes": {"H2_ONLY": "LOST", "BASE_POINT": "LOST", "BASE_SUPPORTED": "LOST", "BALANCED_POINT": "LOST", "BALANCED_SUPPORTED": "LOST", "EVIDENCE_POINT": "LOST", "EVIDENCE_SUPPORTED": "LOST"}}
{"phase": "paired_games", "lifecycle": 1, "query": "risk_goal", "replica": 15, "scores": {"BALANCED_POINT": 5744, "BALANCED_SUPPORTED": 16188, "EVIDENCE_POINT": 15356, "EVIDENCE_SUPPORTED": 16188, "H2_ONLY": 16188, "BASE_POINT": 5744, "BASE_SUPPORTED": 16188}, "options": {"BALANCED_POINT": "SPACE_4", "BALANCED_SUPPORTED": "H2", "EVIDENCE_POINT": "SNAKE_1", "EVIDENCE_SUPPORTED": "H2", "H2_ONLY": null, "BASE_POINT": "SPACE_4", "BASE_SUPPORTED": "H2"}, "outcomes": {"BALANCED_POINT": "LOST", "BALANCED_SUPPORTED": "LOST", "EVIDENCE_POINT": "LOST", "EVIDENCE_SUPPORTED": "LOST", "H2_ONLY": "LOST", "BASE_POINT": "LOST", "BASE_SUPPORTED": "LOST"}}
{"phase": "paired_games", "lifecycle": 0, "query": "reward", "replica": 14, "scores": {"H2_ONLY": 12180, "BASE_POINT": 12180, "BASE_SUPPORTED": 12180, "BALANCED_POINT": 12180, "BALANCED_SUPPORTED": 12180, "EVIDENCE_POINT": 12180, "EVIDENCE_SUPPORTED": 12180}, "options": {"H2_ONLY": null, "BASE_POINT": "SNAKE_1", "BASE_SUPPORTED": "H2", "BALANCED_POINT": "SNAKE_1", "BALANCED_SUPPORTED": "H2", "EVIDENCE_POINT": "SNAKE_1", "EVIDENCE_SUPPORTED": "H2"}, "outcomes": {"H2_ONLY": "LOST", "BASE_POINT": "LOST", "BASE_SUPPORTED": "LOST", "BALANCED_POINT": "LOST", "BALANCED_SUPPORTED": "LOST", "EVIDENCE_POINT": "LOST", "EVIDENCE_SUPPORTED": "LOST"}}
{"phase": "paired_games", "lifecycle": 0, "query": "risk_goal", "replica": 14, "scores": {"BASE_POINT": 12212, "BASE_SUPPORTED": 12212, "BALANCED_POINT": 12212, "BALANCED_SUPPORTED": 12212, "EVIDENCE_POINT": 12212, "EVIDENCE_SUPPORTED": 12212, "H2_ONLY": 12212}, "options": {"BASE_POINT": "H2", "BASE_SUPPORTED": "H2", "BALANCED_POINT": "H2", "BALANCED_SUPPORTED": "H2", "EVIDENCE_POINT": "H2", "EVIDENCE_SUPPORTED": "H2", "H2_ONLY": null}, "outcomes": {"BASE_POINT": "LOST", "BASE_SUPPORTED": "LOST", "BALANCED_POINT": "LOST", "BALANCED_SUPPORTED": "LOST", "EVIDENCE_POINT": "LOST", "EVIDENCE_SUPPORTED": "LOST", "H2_ONLY": "LOST"}}
{"phase": "paired_games", "lifecycle": 0, "query": "reward", "replica": 15, "scores": {"BASE_POINT": 5732, "BASE_SUPPORTED": 11272, "BALANCED_POINT": 5732, "BALANCED_SUPPORTED": 11272, "EVIDENCE_POINT": 5732, "EVIDENCE_SUPPORTED": 11272, "H2_ONLY": 11272}, "options": {"BASE_POINT": "SNAKE_1", "BASE_SUPPORTED": "H2", "BALANCED_POINT": "SNAKE_1", "BALANCED_SUPPORTED": "H2", "EVIDENCE_POINT": "SNAKE_1", "EVIDENCE_SUPPORTED": "H2", "H2_ONLY": null}, "outcomes": {"BASE_POINT": "LOST", "BASE_SUPPORTED": "LOST", "BALANCED_POINT": "LOST", "BALANCED_SUPPORTED": "LOST", "EVIDENCE_POINT": "LOST", "EVIDENCE_SUPPORTED": "LOST", "H2_ONLY": "LOST"}}
{"phase": "paired_games", "lifecycle": 0, "query": "risk_goal", "replica": 15, "scores": {"BASE_SUPPORTED": 11272, "BALANCED_POINT": 5636, "BALANCED_SUPPORTED": 11272, "EVIDENCE_POINT": 11272, "EVIDENCE_SUPPORTED": 11272, "H2_ONLY": 11272, "BASE_POINT": 11272}, "options": {"BASE_SUPPORTED": "H2", "BALANCED_POINT": "SPACE_1", "BALANCED_SUPPORTED": "H2", "EVIDENCE_POINT": "H2", "EVIDENCE_SUPPORTED": "H2", "H2_ONLY": null, "BASE_POINT": "H2"}, "outcomes": {"BASE_SUPPORTED": "LOST", "BALANCED_POINT": "LOST", "BALANCED_SUPPORTED": "LOST", "EVIDENCE_POINT": "LOST", "EVIDENCE_SUPPORTED": "LOST", "H2_ONLY": "LOST", "BASE_POINT": "LOST"}}
{"phase": "complete", "seconds": 759.5378242490115}
