{"phase": "learned", "lifecycle": 0, "episodes": 39, "training_roots": 12, "new_validation_roots": 6, "branch_transitions": 7469, "acceptance_transitions": 3584, "mse_accepted": false, "decision_accepted": false}
{"phase": "game", "lifecycle": 0, "episodes": 39, "method": "H2_ONLY", "query": "reward", "replica": 0, "score": 11992, "status": "LOST"}
{"phase": "game", "lifecycle": 0, "episodes": 39, "method": "FROZEN_PLAN", "query": "reward", "replica": 0, "score": 1772, "status": "LOST"}
{"phase": "game", "lifecycle": 0, "episodes": 39, "method": "FIXED_PLAN", "query": "reward", "replica": 0, "score": 6856, "status": "LOST"}
{"phase": "game", "lifecycle": 0, "episodes": 39, "method": "MSE_PLAN", "query": "reward", "replica": 0, "score": 1772, "status": "LOST"}
{"phase": "game", "lifecycle": 0, "episodes": 39, "method": "DECISION_PLAN", "query": "reward", "replica": 0, "score": 1772, "status": "LOST"}
{"phase": "game", "lifecycle": 0, "episodes": 39, "method": "FROZEN_PLAN", "query": "risk_goal", "replica": 0, "score": 1772, "status": "LOST"}
{"phase": "game", "lifecycle": 0, "episodes": 39, "method": "FIXED_PLAN", "query": "risk_goal", "replica": 0, "score": 6536, "status": "LOST"}
{"phase": "game", "lifecycle": 0, "episodes": 39, "method": "MSE_PLAN", "query": "risk_goal", "replica": 0, "score": 1772, "status": "LOST"}
{"phase": "game", "lifecycle": 0, "episodes": 39, "method": "DECISION_PLAN", "query": "risk_goal", "replica": 0, "score": 1772, "status": "LOST"}
{"phase": "game", "lifecycle": 0, "episodes": 39, "method": "H2_ONLY", "query": "risk_goal", "replica": 0, "score": 11992, "status": "LOST"}
{"phase": "game", "lifecycle": 0, "episodes": 39, "method": "FROZEN_PLAN", "query": "reward", "replica": 1, "score": 1036, "status": "LOST"}
{"phase": "game", "lifecycle": 0, "episodes": 39, "method": "FIXED_PLAN", "query": "reward", "replica": 1, "score": 13912, "status": "LOST"}
{"phase": "game", "lifecycle": 0, "episodes": 39, "method": "MSE_PLAN", "query": "reward", "replica": 1, "score": 1036, "status": "LOST"}
{"phase": "game", "lifecycle": 0, "episodes": 39, "method": "DECISION_PLAN", "query": "reward", "replica": 1, "score": 1036, "status": "LOST"}
{"phase": "game", "lifecycle": 0, "episodes": 39, "method": "H2_ONLY", "query": "reward", "replica": 1, "score": 7308, "status": "LOST"}
{"phase": "game", "lifecycle": 0, "episodes": 39, "method": "FIXED_PLAN", "query": "risk_goal", "replica": 1, "score": 1492, "status": "LOST"}
{"phase": "game", "lifecycle": 0, "episodes": 39, "method": "MSE_PLAN", "query": "risk_goal", "replica": 1, "score": 2976, "status": "LOST"}
{"phase": "game", "lifecycle": 0, "episodes": 39, "method": "DECISION_PLAN", "query": "risk_goal", "replica": 1, "score": 2976, "status": "LOST"}
{"phase": "game", "lifecycle": 0, "episodes": 39, "method": "H2_ONLY", "query": "risk_goal", "replica": 1, "score": 7448, "status": "LOST"}
{"phase": "game", "lifecycle": 0, "episodes": 39, "method": "FROZEN_PLAN", "query": "risk_goal", "replica": 1, "score": 2976, "status": "LOST"}
{"phase": "learned", "lifecycle": 0, "episodes": 75, "training_roots": 12, "new_validation_roots": 8, "branch_transitions": 7408, "acceptance_transitions": 3584, "mse_accepted": true, "decision_accepted": false}
{"phase": "game", "lifecycle": 0, "episodes": 75, "method": "FROZEN_PLAN", "query": "reward", "replica": 0, "score": 1772, "status": "LOST"}
{"phase": "game", "lifecycle": 0, "episodes": 75, "method": "FIXED_PLAN", "query": "reward", "replica": 0, "score": 12304, "status": "LOST"}
{"phase": "game", "lifecycle": 0, "episodes": 75, "method": "MSE_PLAN", "query": "reward", "replica": 0, "score": 6472, "status": "LOST"}
{"phase": "game", "lifecycle": 0, "episodes": 75, "method": "DECISION_PLAN", "query": "reward", "replica": 0, "score": 1772, "status": "LOST"}
{"phase": "game", "lifecycle": 0, "episodes": 75, "method": "H2_ONLY", "query": "reward", "replica": 0, "score": 11992, "status": "LOST"}
{"phase": "game", "lifecycle": 0, "episodes": 75, "method": "FIXED_PLAN", "query": "risk_goal", "replica": 0, "score": 7072, "status": "LOST"}
{"phase": "game", "lifecycle": 0, "episodes": 75, "method": "MSE_PLAN", "query": "risk_goal", "replica": 0, "score": 3316, "status": "LOST"}
{"phase": "game", "lifecycle": 0, "episodes": 75, "method": "DECISION_PLAN", "query": "risk_goal", "replica": 0, "score": 1772, "status": "LOST"}
{"phase": "game", "lifecycle": 0, "episodes": 75, "method": "H2_ONLY", "query": "risk_goal", "replica": 0, "score": 11992, "status": "LOST"}
{"phase": "game", "lifecycle": 0, "episodes": 75, "method": "FROZEN_PLAN", "query": "risk_goal", "replica": 0, "score": 1772, "status": "LOST"}
{"phase": "game", "lifecycle": 0, "episodes": 75, "method": "FIXED_PLAN", "query": "reward", "replica": 1, "score": 3172, "status": "LOST"}
{"phase": "game", "lifecycle": 0, "episodes": 75, "method": "MSE_PLAN", "query": "reward", "replica": 1, "score": 760, "status": "LOST"}
{"phase": "game", "lifecycle": 0, "episodes": 75, "method": "DECISION_PLAN", "query": "reward", "replica": 1, "score": 1036, "status": "LOST"}
{"phase": "game", "lifecycle": 0, "episodes": 75, "method": "H2_ONLY", "query": "reward", "replica": 1, "score": 7308, "status": "LOST"}
{"phase": "game", "lifecycle": 0, "episodes": 75, "method": "FROZEN_PLAN", "query": "reward", "replica": 1, "score": 1036, "status": "LOST"}
{"phase": "game", "lifecycle": 0, "episodes": 75, "method": "MSE_PLAN", "query": "risk_goal", "replica": 1, "score": 7020, "status": "LOST"}
{"phase": "game", "lifecycle": 0, "episodes": 75, "method": "DECISION_PLAN", "query": "risk_goal", "replica": 1, "score": 2976, "status": "LOST"}
{"phase": "game", "lifecycle": 0, "episodes": 75, "method": "H2_ONLY", "query": "risk_goal", "replica": 1, "score": 7448, "status": "LOST"}
{"phase": "game", "lifecycle": 0, "episodes": 75, "method": "FROZEN_PLAN", "query": "risk_goal", "replica": 1, "score": 2976, "status": "LOST"}
{"phase": "game", "lifecycle": 0, "episodes": 75, "method": "FIXED_PLAN", "query": "risk_goal", "replica": 1, "score": 2888, "status": "LOST"}
{"phase": "learned", "lifecycle": 1, "episodes": 39, "training_roots": 12, "new_validation_roots": 8, "branch_transitions": 8196, "acceptance_transitions": 4095, "mse_accepted": true, "decision_accepted": false}
{"phase": "game", "lifecycle": 1, "episodes": 39, "method": "FROZEN_PLAN", "query": "reward", "replica": 0, "score": 2412, "status": "LOST"}
{"phase": "game", "lifecycle": 1, "episodes": 39, "method": "FIXED_PLAN", "query": "reward", "replica": 0, "score": 1524, "status": "LOST"}
{"phase": "game", "lifecycle": 1, "episodes": 39, "method": "MSE_PLAN", "query": "reward", "replica": 0, "score": 2652, "status": "LOST"}
{"phase": "game", "lifecycle": 1, "episodes": 39, "method": "DECISION_PLAN", "query": "reward", "replica": 0, "score": 2412, "status": "LOST"}
{"phase": "game", "lifecycle": 1, "episodes": 39, "method": "H2_ONLY", "query": "reward", "replica": 0, "score": 6436, "status": "LOST"}
{"phase": "game", "lifecycle": 1, "episodes": 39, "method": "FIXED_PLAN", "query": "risk_goal", "replica": 0, "score": 2668, "status": "LOST"}
{"phase": "game", "lifecycle": 1, "episodes": 39, "method": "MSE_PLAN", "query": "risk_goal", "replica": 0, "score": 1664, "status": "LOST"}
{"phase": "game", "lifecycle": 1, "episodes": 39, "method": "DECISION_PLAN", "query": "risk_goal", "replica": 0, "score": 3624, "status": "LOST"}
{"phase": "game", "lifecycle": 1, "episodes": 39, "method": "H2_ONLY", "query": "risk_goal", "replica": 0, "score": 6436, "status": "LOST"}
{"phase": "game", "lifecycle": 1, "episodes": 39, "method": "FROZEN_PLAN", "query": "risk_goal", "replica": 0, "score": 3624, "status": "LOST"}
{"phase": "game", "lifecycle": 1, "episodes": 39, "method": "FIXED_PLAN", "query": "reward", "replica": 1, "score": 6280, "status": "LOST"}
{"phase": "game", "lifecycle": 1, "episodes": 39, "method": "MSE_PLAN", "query": "reward", "replica": 1, "score": 3156, "status": "LOST"}
{"phase": "game", "lifecycle": 1, "episodes": 39, "method": "DECISION_PLAN", "query": "reward", "replica": 1, "score": 3460, "status": "LOST"}
{"phase": "game", "lifecycle": 1, "episodes": 39, "method": "H2_ONLY", "query": "reward", "replica": 1, "score": 12460, "status": "LOST"}
{"phase": "game", "lifecycle": 1, "episodes": 39, "method": "FROZEN_PLAN", "query": "reward", "replica": 1, "score": 3460, "status": "LOST"}
{"phase": "game", "lifecycle": 1, "episodes": 39, "method": "MSE_PLAN", "query": "risk_goal", "replica": 1, "score": 5344, "status": "LOST"}
{"phase": "game", "lifecycle": 1, "episodes": 39, "method": "DECISION_PLAN", "query": "risk_goal", "replica": 1, "score": 2860, "status": "LOST"}
{"phase": "game", "lifecycle": 1, "episodes": 39, "method": "H2_ONLY", "query": "risk_goal", "replica": 1, "score": 12392, "status": "LOST"}
{"phase": "game", "lifecycle": 1, "episodes": 39, "method": "FROZEN_PLAN", "query": "risk_goal", "replica": 1, "score": 2860, "status": "LOST"}
{"phase": "game", "lifecycle": 1, "episodes": 39, "method": "FIXED_PLAN", "query": "risk_goal", "replica": 1, "score": 2840, "status": "LOST"}
{"phase": "learned", "lifecycle": 1, "episodes": 75, "training_roots": 12, "new_validation_roots": 8, "branch_transitions": 7827, "acceptance_transitions": 4012, "mse_accepted": true, "decision_accepted": false}
{"phase": "game", "lifecycle": 1, "episodes": 75, "method": "FIXED_PLAN", "query": "reward", "replica": 0, "score": 11368, "status": "LOST"}
{"phase": "game", "lifecycle": 1, "episodes": 75, "method": "MSE_PLAN", "query": "reward", "replica": 0, "score": 2492, "status": "LOST"}
{"phase": "game", "lifecycle": 1, "episodes": 75, "method": "DECISION_PLAN", "query": "reward", "replica": 0, "score": 2412, "status": "LOST"}
{"phase": "game", "lifecycle": 1, "episodes": 75, "method": "H2_ONLY", "query": "reward", "replica": 0, "score": 6436, "status": "LOST"}
{"phase": "game", "lifecycle": 1, "episodes": 75, "method": "FROZEN_PLAN", "query": "reward", "replica": 0, "score": 2412, "status": "LOST"}
{"phase": "game", "lifecycle": 1, "episodes": 75, "method": "MSE_PLAN", "query": "risk_goal", "replica": 0, "score": 8040, "status": "LOST"}
{"phase": "game", "lifecycle": 1, "episodes": 75, "method": "DECISION_PLAN", "query": "risk_goal", "replica": 0, "score": 3624, "status": "LOST"}
{"phase": "game", "lifecycle": 1, "episodes": 75, "method": "H2_ONLY", "query": "risk_goal", "replica": 0, "score": 6436, "status": "LOST"}
{"phase": "game", "lifecycle": 1, "episodes": 75, "method": "FROZEN_PLAN", "query": "risk_goal", "replica": 0, "score": 3624, "status": "LOST"}
{"phase": "game", "lifecycle": 1, "episodes": 75, "method": "FIXED_PLAN", "query": "risk_goal", "replica": 0, "score": 2716, "status": "LOST"}
{"phase": "game", "lifecycle": 1, "episodes": 75, "method": "MSE_PLAN", "query": "reward", "replica": 1, "score": 4660, "status": "LOST"}
{"phase": "game", "lifecycle": 1, "episodes": 75, "method": "DECISION_PLAN", "query": "reward", "replica": 1, "score": 3460, "status": "LOST"}
{"phase": "game", "lifecycle": 1, "episodes": 75, "method": "H2_ONLY", "query": "reward", "replica": 1, "score": 12460, "status": "LOST"}
{"phase": "game", "lifecycle": 1, "episodes": 75, "method": "FROZEN_PLAN", "query": "reward", "replica": 1, "score": 3460, "status": "LOST"}
{"phase": "game", "lifecycle": 1, "episodes": 75, "method": "FIXED_PLAN", "query": "reward", "replica": 1, "score": 7096, "status": "LOST"}
{"phase": "game", "lifecycle": 1, "episodes": 75, "method": "DECISION_PLAN", "query": "risk_goal", "replica": 1, "score": 2860, "status": "LOST"}
{"phase": "game", "lifecycle": 1, "episodes": 75, "method": "H2_ONLY", "query": "risk_goal", "replica": 1, "score": 12392, "status": "LOST"}
{"phase": "game", "lifecycle": 1, "episodes": 75, "method": "FROZEN_PLAN", "query": "risk_goal", "replica": 1, "score": 2860, "status": "LOST"}
{"phase": "game", "lifecycle": 1, "episodes": 75, "method": "FIXED_PLAN", "query": "risk_goal", "replica": 1, "score": 6492, "status": "LOST"}
{"phase": "game", "lifecycle": 1, "episodes": 75, "method": "MSE_PLAN", "query": "risk_goal", "replica": 1, "score": 1284, "status": "LOST"}
{"phase": "learned", "lifecycle": 2, "episodes": 39, "training_roots": 12, "new_validation_roots": 8, "branch_transitions": 8291, "acceptance_transitions": 3231, "mse_accepted": false, "decision_accepted": false}
{"phase": "game", "lifecycle": 2, "episodes": 39, "method": "FIXED_PLAN", "query": "reward", "replica": 0, "score": 7048, "status": "LOST"}
{"phase": "game", "lifecycle": 2, "episodes": 39, "method": "MSE_PLAN", "query": "reward", "replica": 0, "score": 1700, "status": "LOST"}
{"phase": "game", "lifecycle": 2, "episodes": 39, "method": "DECISION_PLAN", "query": "reward", "replica": 0, "score": 1700, "status": "LOST"}
{"phase": "game", "lifecycle": 2, "episodes": 39, "method": "H2_ONLY", "query": "reward", "replica": 0, "score": 6340, "status": "LOST"}
{"phase": "game", "lifecycle": 2, "episodes": 39, "method": "FROZEN_PLAN", "query": "reward", "replica": 0, "score": 1700, "status": "LOST"}
{"phase": "game", "lifecycle": 2, "episodes": 39, "method": "MSE_PLAN", "query": "risk_goal", "replica": 0, "score": 6304, "status": "LOST"}
{"phase": "game", "lifecycle": 2, "episodes": 39, "method": "DECISION_PLAN", "query": "risk_goal", "replica": 0, "score": 6304, "status": "LOST"}
{"phase": "game", "lifecycle": 2, "episodes": 39, "method": "H2_ONLY", "query": "risk_goal", "replica": 0, "score": 6340, "status": "LOST"}
{"phase": "game", "lifecycle": 2, "episodes": 39, "method": "FROZEN_PLAN", "query": "risk_goal", "replica": 0, "score": 6304, "status": "LOST"}
{"phase": "game", "lifecycle": 2, "episodes": 39, "method": "FIXED_PLAN", "query": "risk_goal", "replica": 0, "score": 3140, "status": "LOST"}
{"phase": "game", "lifecycle": 2, "episodes": 39, "method": "MSE_PLAN", "query": "reward", "replica": 1, "score": 5016, "status": "LOST"}
{"phase": "game", "lifecycle": 2, "episodes": 39, "method": "DECISION_PLAN", "query": "reward", "replica": 1, "score": 5016, "status": "LOST"}
{"phase": "game", "lifecycle": 2, "episodes": 39, "method": "H2_ONLY", "query": "reward", "replica": 1, "score": 7020, "status": "LOST"}
{"phase": "game", "lifecycle": 2, "episodes": 39, "method": "FROZEN_PLAN", "query": "reward", "replica": 1, "score": 5016, "status": "LOST"}
{"phase": "game", "lifecycle": 2, "episodes": 39, "method": "FIXED_PLAN", "query": "reward", "replica": 1, "score": 3604, "status": "LOST"}
{"phase": "game", "lifecycle": 2, "episodes": 39, "method": "DECISION_PLAN", "query": "risk_goal", "replica": 1, "score": 3484, "status": "LOST"}
{"phase": "game", "lifecycle": 2, "episodes": 39, "method": "H2_ONLY", "query": "risk_goal", "replica": 1, "score": 7020, "status": "LOST"}
{"phase": "game", "lifecycle": 2, "episodes": 39, "method": "FROZEN_PLAN", "query": "risk_goal", "replica": 1, "score": 3484, "status": "LOST"}
{"phase": "game", "lifecycle": 2, "episodes": 39, "method": "FIXED_PLAN", "query": "risk_goal", "replica": 1, "score": 6852, "status": "LOST"}
{"phase": "game", "lifecycle": 2, "episodes": 39, "method": "MSE_PLAN", "query": "risk_goal", "replica": 1, "score": 3484, "status": "LOST"}
{"phase": "learned", "lifecycle": 2, "episodes": 75, "training_roots": 12, "new_validation_roots": 8, "branch_transitions": 8028, "acceptance_transitions": 4027, "mse_accepted": true, "decision_accepted": false}
{"phase": "game", "lifecycle": 2, "episodes": 75, "method": "MSE_PLAN", "query": "reward", "replica": 0, "score": 6856, "status": "LOST"}
{"phase": "game", "lifecycle": 2, "episodes": 75, "method": "DECISION_PLAN", "query": "reward", "replica": 0, "score": 1700, "status": "LOST"}
{"phase": "game", "lifecycle": 2, "episodes": 75, "method": "H2_ONLY", "query": "reward", "replica": 0, "score": 6340, "status": "LOST"}
{"phase": "game", "lifecycle": 2, "episodes": 75, "method": "FROZEN_PLAN", "query": "reward", "replica": 0, "score": 1700, "status": "LOST"}
{"phase": "game", "lifecycle": 2, "episodes": 75, "method": "FIXED_PLAN", "query": "reward", "replica": 0, "score": 6404, "status": "LOST"}
{"phase": "game", "lifecycle": 2, "episodes": 75, "method": "DECISION_PLAN", "query": "risk_goal", "replica": 0, "score": 6304, "status": "LOST"}
{"phase": "game", "lifecycle": 2, "episodes": 75, "method": "H2_ONLY", "query": "risk_goal", "replica": 0, "score": 6340, "status": "LOST"}
{"phase": "game", "lifecycle": 2, "episodes": 75, "method": "FROZEN_PLAN", "query": "risk_goal", "replica": 0, "score": 6304, "status": "LOST"}
{"phase": "game", "lifecycle": 2, "episodes": 75, "method": "FIXED_PLAN", "query": "risk_goal", "replica": 0, "score": 2164, "status": "LOST"}
{"phase": "game", "lifecycle": 2, "episodes": 75, "method": "MSE_PLAN", "query": "risk_goal", "replica": 0, "score": 1216, "status": "LOST"}
{"phase": "game", "lifecycle": 2, "episodes": 75, "method": "DECISION_PLAN", "query": "reward", "replica": 1, "score": 5016, "status": "LOST"}
{"phase": "game", "lifecycle": 2, "episodes": 75, "method": "H2_ONLY", "query": "reward", "replica": 1, "score": 7020, "status": "LOST"}
{"phase": "game", "lifecycle": 2, "episodes": 75, "method": "FROZEN_PLAN", "query": "reward", "replica": 1, "score": 5016, "status": "LOST"}
{"phase": "game", "lifecycle": 2, "episodes": 75, "method": "FIXED_PLAN", "query": "reward", "replica": 1, "score": 6568, "status": "LOST"}
{"phase": "game", "lifecycle": 2, "episodes": 75, "method": "MSE_PLAN", "query": "reward", "replica": 1, "score": 3228, "status": "LOST"}
{"phase": "game", "lifecycle": 2, "episodes": 75, "method": "H2_ONLY", "query": "risk_goal", "replica": 1, "score": 7020, "status": "LOST"}
{"phase": "game", "lifecycle": 2, "episodes": 75, "method": "FROZEN_PLAN", "query": "risk_goal", "replica": 1, "score": 3484, "status": "LOST"}
{"phase": "game", "lifecycle": 2, "episodes": 75, "method": "FIXED_PLAN", "query": "risk_goal", "replica": 1, "score": 7160, "status": "LOST"}
{"phase": "game", "lifecycle": 2, "episodes": 75, "method": "MSE_PLAN", "query": "risk_goal", "replica": 1, "score": 7112, "status": "LOST"}
{"phase": "game", "lifecycle": 2, "episodes": 75, "method": "DECISION_PLAN", "query": "risk_goal", "replica": 1, "score": 3484, "status": "LOST"}
{"phase": "complete", "seconds": 104.71548916900065}
