{"batches": 32, "case": "v6_crossing_rescue_pair_0", "sample_seed": 832101, "stage": "A", "status": "WARM_FROZEN"}
{"case": "v6_crossing_rescue_pair_0", "query": "risk_0", "sample_seed": 832101, "stage": "B", "status": "EXECUTION_TREES_FROZEN"}
{"case": "v6_crossing_rescue_pair_0", "query": "risk_0_05", "sample_seed": 832101, "stage": "B", "status": "EXECUTION_TREES_FROZEN"}
{"case": "v6_crossing_rescue_pair_0", "query": "risk_0_2", "sample_seed": 832101, "stage": "B", "status": "EXECUTION_TREES_FROZEN"}
{"case": "v6_crossing_rescue_pair_0", "query": "risk_1", "sample_seed": 832101, "stage": "B", "status": "EXECUTION_TREES_FROZEN"}
{"case": "v6_crossing_rescue_pair_0", "query": "risk_5", "sample_seed": 832101, "stage": "B", "status": "EXECUTION_TREES_FROZEN"}
{"case": "v6_crossing_rescue_pair_0", "query": "goal_1_risk_1", "sample_seed": 832101, "stage": "B", "status": "EXECUTION_TREES_FROZEN"}
{"case": "v6_crossing_rescue_pair_0", "query": "probe_risk_0_1", "sample_seed": 832101, "stage": "B", "status": "EXECUTION_TREES_FROZEN"}
{"case": "v6_crossing_rescue_pair_0", "query": "probe_risk_0_5", "sample_seed": 832101, "stage": "B", "status": "EXECUTION_TREES_FROZEN"}
{"case": "v6_crossing_rescue_pair_0", "query": "probe_risk_2", "sample_seed": 832101, "stage": "B", "status": "EXECUTION_TREES_FROZEN"}
{"case": "v6_crossing_rescue_pair_0", "query": "probe_goal_2_risk_0_5", "sample_seed": 832101, "stage": "B", "status": "EXECUTION_TREES_FROZEN"}
{"batches": 32, "case": "v6_crossing_rescue_pair_0", "sample_seed": 832102, "stage": "A", "status": "WARM_FROZEN"}
{"case": "v6_crossing_rescue_pair_0", "query": "risk_0", "sample_seed": 832102, "stage": "B", "status": "EXECUTION_TREES_FROZEN"}
{"case": "v6_crossing_rescue_pair_0", "query": "risk_0_05", "sample_seed": 832102, "stage": "B", "status": "EXECUTION_TREES_FROZEN"}
{"case": "v6_crossing_rescue_pair_0", "query": "risk_0_2", "sample_seed": 832102, "stage": "B", "status": "EXECUTION_TREES_FROZEN"}
{"case": "v6_crossing_rescue_pair_0", "query": "risk_1", "sample_seed": 832102, "stage": "B", "status": "EXECUTION_TREES_FROZEN"}
{"case": "v6_crossing_rescue_pair_0", "query": "risk_5", "sample_seed": 832102, "stage": "B", "status": "EXECUTION_TREES_FROZEN"}
{"case": "v6_crossing_rescue_pair_0", "query": "goal_1_risk_1", "sample_seed": 832102, "stage": "B", "status": "EXECUTION_TREES_FROZEN"}
{"case": "v6_crossing_rescue_pair_0", "query": "probe_risk_0_1", "sample_seed": 832102, "stage": "B", "status": "EXECUTION_TREES_FROZEN"}
{"case": "v6_crossing_rescue_pair_0", "query": "probe_risk_0_5", "sample_seed": 832102, "stage": "B", "status": "EXECUTION_TREES_FROZEN"}
{"case": "v6_crossing_rescue_pair_0", "query": "probe_risk_2", "sample_seed": 832102, "stage": "B", "status": "EXECUTION_TREES_FROZEN"}
{"case": "v6_crossing_rescue_pair_0", "query": "probe_goal_2_risk_0_5", "sample_seed": 832102, "stage": "B", "status": "EXECUTION_TREES_FROZEN"}
{"batches": 32, "case": "v6_crossing_rescue_pair_0", "sample_seed": 832103, "stage": "A", "status": "WARM_FROZEN"}
{"case": "v6_crossing_rescue_pair_0", "query": "risk_0", "sample_seed": 832103, "stage": "B", "status": "EXECUTION_TREES_FROZEN"}
{"case": "v6_crossing_rescue_pair_0", "query": "risk_0_05", "sample_seed": 832103, "stage": "B", "status": "EXECUTION_TREES_FROZEN"}
{"case": "v6_crossing_rescue_pair_0", "query": "risk_0_2", "sample_seed": 832103, "stage": "B", "status": "EXECUTION_TREES_FROZEN"}
{"case": "v6_crossing_rescue_pair_0", "query": "risk_1", "sample_seed": 832103, "stage": "B", "status": "EXECUTION_TREES_FROZEN"}
{"case": "v6_crossing_rescue_pair_0", "query": "risk_5", "sample_seed": 832103, "stage": "B", "status": "EXECUTION_TREES_FROZEN"}
{"case": "v6_crossing_rescue_pair_0", "query": "goal_1_risk_1", "sample_seed": 832103, "stage": "B", "status": "EXECUTION_TREES_FROZEN"}
{"case": "v6_crossing_rescue_pair_0", "query": "probe_risk_0_1", "sample_seed": 832103, "stage": "B", "status": "EXECUTION_TREES_FROZEN"}
{"case": "v6_crossing_rescue_pair_0", "query": "probe_risk_0_5", "sample_seed": 832103, "stage": "B", "status": "EXECUTION_TREES_FROZEN"}
{"case": "v6_crossing_rescue_pair_0", "query": "probe_risk_2", "sample_seed": 832103, "stage": "B", "status": "EXECUTION_TREES_FROZEN"}
{"case": "v6_crossing_rescue_pair_0", "query": "probe_goal_2_risk_0_5", "sample_seed": 832103, "stage": "B", "status": "EXECUTION_TREES_FROZEN"}
{"batches": 32, "case": "v6_crossing_rescue_pair_1", "sample_seed": 832101, "stage": "A", "status": "WARM_FROZEN"}
{"case": "v6_crossing_rescue_pair_1", "query": "risk_0", "sample_seed": 832101, "stage": "B", "status": "EXECUTION_TREES_FROZEN"}
{"case": "v6_crossing_rescue_pair_1", "query": "risk_0_05", "sample_seed": 832101, "stage": "B", "status": "EXECUTION_TREES_FROZEN"}
{"case": "v6_crossing_rescue_pair_1", "query": "risk_0_2", "sample_seed": 832101, "stage": "B", "status": "EXECUTION_TREES_FROZEN"}
{"case": "v6_crossing_rescue_pair_1", "query": "risk_1", "sample_seed": 832101, "stage": "B", "status": "EXECUTION_TREES_FROZEN"}
{"case": "v6_crossing_rescue_pair_1", "query": "risk_5", "sample_seed": 832101, "stage": "B", "status": "EXECUTION_TREES_FROZEN"}
{"case": "v6_crossing_rescue_pair_1", "query": "goal_1_risk_1", "sample_seed": 832101, "stage": "B", "status": "EXECUTION_TREES_FROZEN"}
{"case": "v6_crossing_rescue_pair_1", "query": "probe_risk_0_1", "sample_seed": 832101, "stage": "B", "status": "EXECUTION_TREES_FROZEN"}
{"case": "v6_crossing_rescue_pair_1", "query": "probe_risk_0_5", "sample_seed": 832101, "stage": "B", "status": "EXECUTION_TREES_FROZEN"}
{"case": "v6_crossing_rescue_pair_1", "query": "probe_risk_2", "sample_seed": 832101, "stage": "B", "status": "EXECUTION_TREES_FROZEN"}
{"case": "v6_crossing_rescue_pair_1", "query": "probe_goal_2_risk_0_5", "sample_seed": 832101, "stage": "B", "status": "EXECUTION_TREES_FROZEN"}
{"batches": 32, "case": "v6_crossing_rescue_pair_1", "sample_seed": 832102, "stage": "A", "status": "WARM_FROZEN"}
{"case": "v6_crossing_rescue_pair_1", "query": "risk_0", "sample_seed": 832102, "stage": "B", "status": "EXECUTION_TREES_FROZEN"}
{"case": "v6_crossing_rescue_pair_1", "query": "risk_0_05", "sample_seed": 832102, "stage": "B", "status": "EXECUTION_TREES_FROZEN"}
{"case": "v6_crossing_rescue_pair_1", "query": "risk_0_2", "sample_seed": 832102, "stage": "B", "status": "EXECUTION_TREES_FROZEN"}
{"case": "v6_crossing_rescue_pair_1", "query": "risk_1", "sample_seed": 832102, "stage": "B", "status": "EXECUTION_TREES_FROZEN"}
{"case": "v6_crossing_rescue_pair_1", "query": "risk_5", "sample_seed": 832102, "stage": "B", "status": "EXECUTION_TREES_FROZEN"}
{"case": "v6_crossing_rescue_pair_1", "query": "goal_1_risk_1", "sample_seed": 832102, "stage": "B", "status": "EXECUTION_TREES_FROZEN"}
{"case": "v6_crossing_rescue_pair_1", "query": "probe_risk_0_1", "sample_seed": 832102, "stage": "B", "status": "EXECUTION_TREES_FROZEN"}
{"case": "v6_crossing_rescue_pair_1", "query": "probe_risk_0_5", "sample_seed": 832102, "stage": "B", "status": "EXECUTION_TREES_FROZEN"}
{"case": "v6_crossing_rescue_pair_1", "query": "probe_risk_2", "sample_seed": 832102, "stage": "B", "status": "EXECUTION_TREES_FROZEN"}
{"case": "v6_crossing_rescue_pair_1", "query": "probe_goal_2_risk_0_5", "sample_seed": 832102, "stage": "B", "status": "EXECUTION_TREES_FROZEN"}
{"batches": 32, "case": "v6_crossing_rescue_pair_1", "sample_seed": 832103, "stage": "A", "status": "WARM_FROZEN"}
{"case": "v6_crossing_rescue_pair_1", "query": "risk_0", "sample_seed": 832103, "stage": "B", "status": "EXECUTION_TREES_FROZEN"}
{"case": "v6_crossing_rescue_pair_1", "query": "risk_0_05", "sample_seed": 832103, "stage": "B", "status": "EXECUTION_TREES_FROZEN"}
{"case": "v6_crossing_rescue_pair_1", "query": "risk_0_2", "sample_seed": 832103, "stage": "B", "status": "EXECUTION_TREES_FROZEN"}
{"case": "v6_crossing_rescue_pair_1", "query": "risk_1", "sample_seed": 832103, "stage": "B", "status": "EXECUTION_TREES_FROZEN"}
{"case": "v6_crossing_rescue_pair_1", "query": "risk_5", "sample_seed": 832103, "stage": "B", "status": "EXECUTION_TREES_FROZEN"}
{"case": "v6_crossing_rescue_pair_1", "query": "goal_1_risk_1", "sample_seed": 832103, "stage": "B", "status": "EXECUTION_TREES_FROZEN"}
{"case": "v6_crossing_rescue_pair_1", "query": "probe_risk_0_1", "sample_seed": 832103, "stage": "B", "status": "EXECUTION_TREES_FROZEN"}
{"case": "v6_crossing_rescue_pair_1", "query": "probe_risk_0_5", "sample_seed": 832103, "stage": "B", "status": "EXECUTION_TREES_FROZEN"}
{"case": "v6_crossing_rescue_pair_1", "query": "probe_risk_2", "sample_seed": 832103, "stage": "B", "status": "EXECUTION_TREES_FROZEN"}
{"case": "v6_crossing_rescue_pair_1", "query": "probe_goal_2_risk_0_5", "sample_seed": 832103, "stage": "B", "status": "EXECUTION_TREES_FROZEN"}
{"batches": 32, "case": "v6_crossing_rescue_pair_2", "sample_seed": 832101, "stage": "A", "status": "WARM_FROZEN"}
{"case": "v6_crossing_rescue_pair_2", "query": "risk_0", "sample_seed": 832101, "stage": "B", "status": "EXECUTION_TREES_FROZEN"}
{"case": "v6_crossing_rescue_pair_2", "query": "risk_0_05", "sample_seed": 832101, "stage": "B", "status": "EXECUTION_TREES_FROZEN"}
{"case": "v6_crossing_rescue_pair_2", "query": "risk_0_2", "sample_seed": 832101, "stage": "B", "status": "EXECUTION_TREES_FROZEN"}
{"case": "v6_crossing_rescue_pair_2", "query": "risk_1", "sample_seed": 832101, "stage": "B", "status": "EXECUTION_TREES_FROZEN"}
{"case": "v6_crossing_rescue_pair_2", "query": "risk_5", "sample_seed": 832101, "stage": "B", "status": "EXECUTION_TREES_FROZEN"}
{"case": "v6_crossing_rescue_pair_2", "query": "goal_1_risk_1", "sample_seed": 832101, "stage": "B", "status": "EXECUTION_TREES_FROZEN"}
{"case": "v6_crossing_rescue_pair_2", "query": "probe_risk_0_1", "sample_seed": 832101, "stage": "B", "status": "EXECUTION_TREES_FROZEN"}
{"case": "v6_crossing_rescue_pair_2", "query": "probe_risk_0_5", "sample_seed": 832101, "stage": "B", "status": "EXECUTION_TREES_FROZEN"}
{"case": "v6_crossing_rescue_pair_2", "query": "probe_risk_2", "sample_seed": 832101, "stage": "B", "status": "EXECUTION_TREES_FROZEN"}
{"case": "v6_crossing_rescue_pair_2", "query": "probe_goal_2_risk_0_5", "sample_seed": 832101, "stage": "B", "status": "EXECUTION_TREES_FROZEN"}
{"batches": 32, "case": "v6_crossing_rescue_pair_2", "sample_seed": 832102, "stage": "A", "status": "WARM_FROZEN"}
{"case": "v6_crossing_rescue_pair_2", "query": "risk_0", "sample_seed": 832102, "stage": "B", "status": "EXECUTION_TREES_FROZEN"}
{"case": "v6_crossing_rescue_pair_2", "query": "risk_0_05", "sample_seed": 832102, "stage": "B", "status": "EXECUTION_TREES_FROZEN"}
{"case": "v6_crossing_rescue_pair_2", "query": "risk_0_2", "sample_seed": 832102, "stage": "B", "status": "EXECUTION_TREES_FROZEN"}
{"case": "v6_crossing_rescue_pair_2", "query": "risk_1", "sample_seed": 832102, "stage": "B", "status": "EXECUTION_TREES_FROZEN"}
{"case": "v6_crossing_rescue_pair_2", "query": "risk_5", "sample_seed": 832102, "stage": "B", "status": "EXECUTION_TREES_FROZEN"}
{"case": "v6_crossing_rescue_pair_2", "query": "goal_1_risk_1", "sample_seed": 832102, "stage": "B", "status": "EXECUTION_TREES_FROZEN"}
{"case": "v6_crossing_rescue_pair_2", "query": "probe_risk_0_1", "sample_seed": 832102, "stage": "B", "status": "EXECUTION_TREES_FROZEN"}
{"case": "v6_crossing_rescue_pair_2", "query": "probe_risk_0_5", "sample_seed": 832102, "stage": "B", "status": "EXECUTION_TREES_FROZEN"}
{"case": "v6_crossing_rescue_pair_2", "query": "probe_risk_2", "sample_seed": 832102, "stage": "B", "status": "EXECUTION_TREES_FROZEN"}
{"case": "v6_crossing_rescue_pair_2", "query": "probe_goal_2_risk_0_5", "sample_seed": 832102, "stage": "B", "status": "EXECUTION_TREES_FROZEN"}
{"batches": 32, "case": "v6_crossing_rescue_pair_2", "sample_seed": 832103, "stage": "A", "status": "WARM_FROZEN"}
{"case": "v6_crossing_rescue_pair_2", "query": "risk_0", "sample_seed": 832103, "stage": "B", "status": "EXECUTION_TREES_FROZEN"}
{"case": "v6_crossing_rescue_pair_2", "query": "risk_0_05", "sample_seed": 832103, "stage": "B", "status": "EXECUTION_TREES_FROZEN"}
{"case": "v6_crossing_rescue_pair_2", "query": "risk_0_2", "sample_seed": 832103, "stage": "B", "status": "EXECUTION_TREES_FROZEN"}
{"case": "v6_crossing_rescue_pair_2", "query": "risk_1", "sample_seed": 832103, "stage": "B", "status": "EXECUTION_TREES_FROZEN"}
{"case": "v6_crossing_rescue_pair_2", "query": "risk_5", "sample_seed": 832103, "stage": "B", "status": "EXECUTION_TREES_FROZEN"}
{"case": "v6_crossing_rescue_pair_2", "query": "goal_1_risk_1", "sample_seed": 832103, "stage": "B", "status": "EXECUTION_TREES_FROZEN"}
{"case": "v6_crossing_rescue_pair_2", "query": "probe_risk_0_1", "sample_seed": 832103, "stage": "B", "status": "EXECUTION_TREES_FROZEN"}
{"case": "v6_crossing_rescue_pair_2", "query": "probe_risk_0_5", "sample_seed": 832103, "stage": "B", "status": "EXECUTION_TREES_FROZEN"}
{"case": "v6_crossing_rescue_pair_2", "query": "probe_risk_2", "sample_seed": 832103, "stage": "B", "status": "EXECUTION_TREES_FROZEN"}
{"case": "v6_crossing_rescue_pair_2", "query": "probe_goal_2_risk_0_5", "sample_seed": 832103, "stage": "B", "status": "EXECUTION_TREES_FROZEN"}
{"batches": 32, "case": "v6_crossing_rescue_pair_3", "sample_seed": 832101, "stage": "A", "status": "WARM_FROZEN"}
{"case": "v6_crossing_rescue_pair_3", "query": "risk_0", "sample_seed": 832101, "stage": "B", "status": "EXECUTION_TREES_FROZEN"}
{"case": "v6_crossing_rescue_pair_3", "query": "risk_0_05", "sample_seed": 832101, "stage": "B", "status": "EXECUTION_TREES_FROZEN"}
{"case": "v6_crossing_rescue_pair_3", "query": "risk_0_2", "sample_seed": 832101, "stage": "B", "status": "EXECUTION_TREES_FROZEN"}
{"case": "v6_crossing_rescue_pair_3", "query": "risk_1", "sample_seed": 832101, "stage": "B", "status": "EXECUTION_TREES_FROZEN"}
{"case": "v6_crossing_rescue_pair_3", "query": "risk_5", "sample_seed": 832101, "stage": "B", "status": "EXECUTION_TREES_FROZEN"}
{"case": "v6_crossing_rescue_pair_3", "query": "goal_1_risk_1", "sample_seed": 832101, "stage": "B", "status": "EXECUTION_TREES_FROZEN"}
{"case": "v6_crossing_rescue_pair_3", "query": "probe_risk_0_1", "sample_seed": 832101, "stage": "B", "status": "EXECUTION_TREES_FROZEN"}
{"case": "v6_crossing_rescue_pair_3", "query": "probe_risk_0_5", "sample_seed": 832101, "stage": "B", "status": "EXECUTION_TREES_FROZEN"}
{"case": "v6_crossing_rescue_pair_3", "query": "probe_risk_2", "sample_seed": 832101, "stage": "B", "status": "EXECUTION_TREES_FROZEN"}
{"case": "v6_crossing_rescue_pair_3", "query": "probe_goal_2_risk_0_5", "sample_seed": 832101, "stage": "B", "status": "EXECUTION_TREES_FROZEN"}
{"batches": 32, "case": "v6_crossing_rescue_pair_3", "sample_seed": 832102, "stage": "A", "status": "WARM_FROZEN"}
{"case": "v6_crossing_rescue_pair_3", "query": "risk_0", "sample_seed": 832102, "stage": "B", "status": "EXECUTION_TREES_FROZEN"}
{"case": "v6_crossing_rescue_pair_3", "query": "risk_0_05", "sample_seed": 832102, "stage": "B", "status": "EXECUTION_TREES_FROZEN"}
{"case": "v6_crossing_rescue_pair_3", "query": "risk_0_2", "sample_seed": 832102, "stage": "B", "status": "EXECUTION_TREES_FROZEN"}
{"case": "v6_crossing_rescue_pair_3", "query": "risk_1", "sample_seed": 832102, "stage": "B", "status": "EXECUTION_TREES_FROZEN"}
{"case": "v6_crossing_rescue_pair_3", "query": "risk_5", "sample_seed": 832102, "stage": "B", "status": "EXECUTION_TREES_FROZEN"}
{"case": "v6_crossing_rescue_pair_3", "query": "goal_1_risk_1", "sample_seed": 832102, "stage": "B", "status": "EXECUTION_TREES_FROZEN"}
{"case": "v6_crossing_rescue_pair_3", "query": "probe_risk_0_1", "sample_seed": 832102, "stage": "B", "status": "EXECUTION_TREES_FROZEN"}
{"case": "v6_crossing_rescue_pair_3", "query": "probe_risk_0_5", "sample_seed": 832102, "stage": "B", "status": "EXECUTION_TREES_FROZEN"}
{"case": "v6_crossing_rescue_pair_3", "query": "probe_risk_2", "sample_seed": 832102, "stage": "B", "status": "EXECUTION_TREES_FROZEN"}
{"case": "v6_crossing_rescue_pair_3", "query": "probe_goal_2_risk_0_5", "sample_seed": 832102, "stage": "B", "status": "EXECUTION_TREES_FROZEN"}
{"batches": 32, "case": "v6_crossing_rescue_pair_3", "sample_seed": 832103, "stage": "A", "status": "WARM_FROZEN"}
{"case": "v6_crossing_rescue_pair_3", "query": "risk_0", "sample_seed": 832103, "stage": "B", "status": "EXECUTION_TREES_FROZEN"}
{"case": "v6_crossing_rescue_pair_3", "query": "risk_0_05", "sample_seed": 832103, "stage": "B", "status": "EXECUTION_TREES_FROZEN"}
{"case": "v6_crossing_rescue_pair_3", "query": "risk_0_2", "sample_seed": 832103, "stage": "B", "status": "EXECUTION_TREES_FROZEN"}
{"case": "v6_crossing_rescue_pair_3", "query": "risk_1", "sample_seed": 832103, "stage": "B", "status": "EXECUTION_TREES_FROZEN"}
{"case": "v6_crossing_rescue_pair_3", "query": "risk_5", "sample_seed": 832103, "stage": "B", "status": "EXECUTION_TREES_FROZEN"}
{"case": "v6_crossing_rescue_pair_3", "query": "goal_1_risk_1", "sample_seed": 832103, "stage": "B", "status": "EXECUTION_TREES_FROZEN"}
{"case": "v6_crossing_rescue_pair_3", "query": "probe_risk_0_1", "sample_seed": 832103, "stage": "B", "status": "EXECUTION_TREES_FROZEN"}
{"case": "v6_crossing_rescue_pair_3", "query": "probe_risk_0_5", "sample_seed": 832103, "stage": "B", "status": "EXECUTION_TREES_FROZEN"}
{"case": "v6_crossing_rescue_pair_3", "query": "probe_risk_2", "sample_seed": 832103, "stage": "B", "status": "EXECUTION_TREES_FROZEN"}
{"case": "v6_crossing_rescue_pair_3", "query": "probe_goal_2_risk_0_5", "sample_seed": 832103, "stage": "B", "status": "EXECUTION_TREES_FROZEN"}
{"batches": 8, "case": "v6_spawn_edge_rescue_0", "sample_seed": 832101, "stage": "A", "status": "WARM_FROZEN"}
{"case": "v6_spawn_edge_rescue_0", "query": "risk_0", "sample_seed": 832101, "stage": "B", "status": "EXECUTION_TREES_FROZEN"}
{"case": "v6_spawn_edge_rescue_0", "query": "risk_0_05", "sample_seed": 832101, "stage": "B", "status": "EXECUTION_TREES_FROZEN"}
{"case": "v6_spawn_edge_rescue_0", "query": "risk_0_2", "sample_seed": 832101, "stage": "B", "status": "EXECUTION_TREES_FROZEN"}
{"case": "v6_spawn_edge_rescue_0", "query": "risk_1", "sample_seed": 832101, "stage": "B", "status": "EXECUTION_TREES_FROZEN"}
{"case": "v6_spawn_edge_rescue_0", "query": "risk_5", "sample_seed": 832101, "stage": "B", "status": "EXECUTION_TREES_FROZEN"}
{"case": "v6_spawn_edge_rescue_0", "query": "goal_1_risk_1", "sample_seed": 832101, "stage": "B", "status": "EXECUTION_TREES_FROZEN"}
{"case": "v6_spawn_edge_rescue_0", "query": "probe_risk_0_1", "sample_seed": 832101, "stage": "B", "status": "EXECUTION_TREES_FROZEN"}
{"case": "v6_spawn_edge_rescue_0", "query": "probe_risk_0_5", "sample_seed": 832101, "stage": "B", "status": "EXECUTION_TREES_FROZEN"}
{"case": "v6_spawn_edge_rescue_0", "query": "probe_risk_2", "sample_seed": 832101, "stage": "B", "status": "EXECUTION_TREES_FROZEN"}
{"case": "v6_spawn_edge_rescue_0", "query": "probe_goal_2_risk_0_5", "sample_seed": 832101, "stage": "B", "status": "EXECUTION_TREES_FROZEN"}
{"batches": 10, "case": "v6_spawn_edge_rescue_0", "sample_seed": 832102, "stage": "A", "status": "WARM_FROZEN"}
{"case": "v6_spawn_edge_rescue_0", "query": "risk_0", "sample_seed": 832102, "stage": "B", "status": "EXECUTION_TREES_FROZEN"}
{"case": "v6_spawn_edge_rescue_0", "query": "risk_0_05", "sample_seed": 832102, "stage": "B", "status": "EXECUTION_TREES_FROZEN"}
{"case": "v6_spawn_edge_rescue_0", "query": "risk_0_2", "sample_seed": 832102, "stage": "B", "status": "EXECUTION_TREES_FROZEN"}
{"case": "v6_spawn_edge_rescue_0", "query": "risk_1", "sample_seed": 832102, "stage": "B", "status": "EXECUTION_TREES_FROZEN"}
{"case": "v6_spawn_edge_rescue_0", "query": "risk_5", "sample_seed": 832102, "stage": "B", "status": "EXECUTION_TREES_FROZEN"}
{"case": "v6_spawn_edge_rescue_0", "query": "goal_1_risk_1", "sample_seed": 832102, "stage": "B", "status": "EXECUTION_TREES_FROZEN"}
{"case": "v6_spawn_edge_rescue_0", "query": "probe_risk_0_1", "sample_seed": 832102, "stage": "B", "status": "EXECUTION_TREES_FROZEN"}
{"case": "v6_spawn_edge_rescue_0", "query": "probe_risk_0_5", "sample_seed": 832102, "stage": "B", "status": "EXECUTION_TREES_FROZEN"}
{"case": "v6_spawn_edge_rescue_0", "query": "probe_risk_2", "sample_seed": 832102, "stage": "B", "status": "EXECUTION_TREES_FROZEN"}
{"case": "v6_spawn_edge_rescue_0", "query": "probe_goal_2_risk_0_5", "sample_seed": 832102, "stage": "B", "status": "EXECUTION_TREES_FROZEN"}
{"batches": 8, "case": "v6_spawn_edge_rescue_0", "sample_seed": 832103, "stage": "A", "status": "WARM_FROZEN"}
{"case": "v6_spawn_edge_rescue_0", "query": "risk_0", "sample_seed": 832103, "stage": "B", "status": "EXECUTION_TREES_FROZEN"}
{"case": "v6_spawn_edge_rescue_0", "query": "risk_0_05", "sample_seed": 832103, "stage": "B", "status": "EXECUTION_TREES_FROZEN"}
{"case": "v6_spawn_edge_rescue_0", "query": "risk_0_2", "sample_seed": 832103, "stage": "B", "status": "EXECUTION_TREES_FROZEN"}
{"case": "v6_spawn_edge_rescue_0", "query": "risk_1", "sample_seed": 832103, "stage": "B", "status": "EXECUTION_TREES_FROZEN"}
{"case": "v6_spawn_edge_rescue_0", "query": "risk_5", "sample_seed": 832103, "stage": "B", "status": "EXECUTION_TREES_FROZEN"}
{"case": "v6_spawn_edge_rescue_0", "query": "goal_1_risk_1", "sample_seed": 832103, "stage": "B", "status": "EXECUTION_TREES_FROZEN"}
{"case": "v6_spawn_edge_rescue_0", "query": "probe_risk_0_1", "sample_seed": 832103, "stage": "B", "status": "EXECUTION_TREES_FROZEN"}
{"case": "v6_spawn_edge_rescue_0", "query": "probe_risk_0_5", "sample_seed": 832103, "stage": "B", "status": "EXECUTION_TREES_FROZEN"}
{"case": "v6_spawn_edge_rescue_0", "query": "probe_risk_2", "sample_seed": 832103, "stage": "B", "status": "EXECUTION_TREES_FROZEN"}
{"case": "v6_spawn_edge_rescue_0", "query": "probe_goal_2_risk_0_5", "sample_seed": 832103, "stage": "B", "status": "EXECUTION_TREES_FROZEN"}
{"batches": 8, "case": "v6_spawn_edge_rescue_1", "sample_seed": 832101, "stage": "A", "status": "WARM_FROZEN"}
{"case": "v6_spawn_edge_rescue_1", "query": "risk_0", "sample_seed": 832101, "stage": "B", "status": "EXECUTION_TREES_FROZEN"}
{"case": "v6_spawn_edge_rescue_1", "query": "risk_0_05", "sample_seed": 832101, "stage": "B", "status": "EXECUTION_TREES_FROZEN"}
{"case": "v6_spawn_edge_rescue_1", "query": "risk_0_2", "sample_seed": 832101, "stage": "B", "status": "EXECUTION_TREES_FROZEN"}
{"case": "v6_spawn_edge_rescue_1", "query": "risk_1", "sample_seed": 832101, "stage": "B", "status": "EXECUTION_TREES_FROZEN"}
{"case": "v6_spawn_edge_rescue_1", "query": "risk_5", "sample_seed": 832101, "stage": "B", "status": "EXECUTION_TREES_FROZEN"}
{"case": "v6_spawn_edge_rescue_1", "query": "goal_1_risk_1", "sample_seed": 832101, "stage": "B", "status": "EXECUTION_TREES_FROZEN"}
{"case": "v6_spawn_edge_rescue_1", "query": "probe_risk_0_1", "sample_seed": 832101, "stage": "B", "status": "EXECUTION_TREES_FROZEN"}
{"case": "v6_spawn_edge_rescue_1", "query": "probe_risk_0_5", "sample_seed": 832101, "stage": "B", "status": "EXECUTION_TREES_FROZEN"}
{"case": "v6_spawn_edge_rescue_1", "query": "probe_risk_2", "sample_seed": 832101, "stage": "B", "status": "EXECUTION_TREES_FROZEN"}
{"case": "v6_spawn_edge_rescue_1", "query": "probe_goal_2_risk_0_5", "sample_seed": 832101, "stage": "B", "status": "EXECUTION_TREES_FROZEN"}
{"batches": 8, "case": "v6_spawn_edge_rescue_1", "sample_seed": 832102, "stage": "A", "status": "WARM_FROZEN"}
{"case": "v6_spawn_edge_rescue_1", "query": "risk_0", "sample_seed": 832102, "stage": "B", "status": "EXECUTION_TREES_FROZEN"}
{"case": "v6_spawn_edge_rescue_1", "query": "risk_0_05", "sample_seed": 832102, "stage": "B", "status": "EXECUTION_TREES_FROZEN"}
{"case": "v6_spawn_edge_rescue_1", "query": "risk_0_2", "sample_seed": 832102, "stage": "B", "status": "EXECUTION_TREES_FROZEN"}
{"case": "v6_spawn_edge_rescue_1", "query": "risk_1", "sample_seed": 832102, "stage": "B", "status": "EXECUTION_TREES_FROZEN"}
{"case": "v6_spawn_edge_rescue_1", "query": "risk_5", "sample_seed": 832102, "stage": "B", "status": "EXECUTION_TREES_FROZEN"}
{"case": "v6_spawn_edge_rescue_1", "query": "goal_1_risk_1", "sample_seed": 832102, "stage": "B", "status": "EXECUTION_TREES_FROZEN"}
{"case": "v6_spawn_edge_rescue_1", "query": "probe_risk_0_1", "sample_seed": 832102, "stage": "B", "status": "EXECUTION_TREES_FROZEN"}
{"case": "v6_spawn_edge_rescue_1", "query": "probe_risk_0_5", "sample_seed": 832102, "stage": "B", "status": "EXECUTION_TREES_FROZEN"}
{"case": "v6_spawn_edge_rescue_1", "query": "probe_risk_2", "sample_seed": 832102, "stage": "B", "status": "EXECUTION_TREES_FROZEN"}
{"case": "v6_spawn_edge_rescue_1", "query": "probe_goal_2_risk_0_5", "sample_seed": 832102, "stage": "B", "status": "EXECUTION_TREES_FROZEN"}
{"batches": 8, "case": "v6_spawn_edge_rescue_1", "sample_seed": 832103, "stage": "A", "status": "WARM_FROZEN"}
{"case": "v6_spawn_edge_rescue_1", "query": "risk_0", "sample_seed": 832103, "stage": "B", "status": "EXECUTION_TREES_FROZEN"}
{"case": "v6_spawn_edge_rescue_1", "query": "risk_0_05", "sample_seed": 832103, "stage": "B", "status": "EXECUTION_TREES_FROZEN"}
{"case": "v6_spawn_edge_rescue_1", "query": "risk_0_2", "sample_seed": 832103, "stage": "B", "status": "EXECUTION_TREES_FROZEN"}
{"case": "v6_spawn_edge_rescue_1", "query": "risk_1", "sample_seed": 832103, "stage": "B", "status": "EXECUTION_TREES_FROZEN"}
{"case": "v6_spawn_edge_rescue_1", "query": "risk_5", "sample_seed": 832103, "stage": "B", "status": "EXECUTION_TREES_FROZEN"}
{"case": "v6_spawn_edge_rescue_1", "query": "goal_1_risk_1", "sample_seed": 832103, "stage": "B", "status": "EXECUTION_TREES_FROZEN"}
{"case": "v6_spawn_edge_rescue_1", "query": "probe_risk_0_1", "sample_seed": 832103, "stage": "B", "status": "EXECUTION_TREES_FROZEN"}
{"case": "v6_spawn_edge_rescue_1", "query": "probe_risk_0_5", "sample_seed": 832103, "stage": "B", "status": "EXECUTION_TREES_FROZEN"}
{"case": "v6_spawn_edge_rescue_1", "query": "probe_risk_2", "sample_seed": 832103, "stage": "B", "status": "EXECUTION_TREES_FROZEN"}
{"case": "v6_spawn_edge_rescue_1", "query": "probe_goal_2_risk_0_5", "sample_seed": 832103, "stage": "B", "status": "EXECUTION_TREES_FROZEN"}
{"batches": 12, "case": "v6_spawn_edge_rescue_2", "sample_seed": 832101, "stage": "A", "status": "WARM_FROZEN"}
{"case": "v6_spawn_edge_rescue_2", "query": "risk_0", "sample_seed": 832101, "stage": "B", "status": "EXECUTION_TREES_FROZEN"}
{"case": "v6_spawn_edge_rescue_2", "query": "risk_0_05", "sample_seed": 832101, "stage": "B", "status": "EXECUTION_TREES_FROZEN"}
{"case": "v6_spawn_edge_rescue_2", "query": "risk_0_2", "sample_seed": 832101, "stage": "B", "status": "EXECUTION_TREES_FROZEN"}
{"case": "v6_spawn_edge_rescue_2", "query": "risk_1", "sample_seed": 832101, "stage": "B", "status": "EXECUTION_TREES_FROZEN"}
{"case": "v6_spawn_edge_rescue_2", "query": "risk_5", "sample_seed": 832101, "stage": "B", "status": "EXECUTION_TREES_FROZEN"}
{"case": "v6_spawn_edge_rescue_2", "query": "goal_1_risk_1", "sample_seed": 832101, "stage": "B", "status": "EXECUTION_TREES_FROZEN"}
{"case": "v6_spawn_edge_rescue_2", "query": "probe_risk_0_1", "sample_seed": 832101, "stage": "B", "status": "EXECUTION_TREES_FROZEN"}
{"case": "v6_spawn_edge_rescue_2", "query": "probe_risk_0_5", "sample_seed": 832101, "stage": "B", "status": "EXECUTION_TREES_FROZEN"}
{"case": "v6_spawn_edge_rescue_2", "query": "probe_risk_2", "sample_seed": 832101, "stage": "B", "status": "EXECUTION_TREES_FROZEN"}
{"case": "v6_spawn_edge_rescue_2", "query": "probe_goal_2_risk_0_5", "sample_seed": 832101, "stage": "B", "status": "EXECUTION_TREES_FROZEN"}
{"batches": 12, "case": "v6_spawn_edge_rescue_2", "sample_seed": 832102, "stage": "A", "status": "WARM_FROZEN"}
{"case": "v6_spawn_edge_rescue_2", "query": "risk_0", "sample_seed": 832102, "stage": "B", "status": "EXECUTION_TREES_FROZEN"}
{"case": "v6_spawn_edge_rescue_2", "query": "risk_0_05", "sample_seed": 832102, "stage": "B", "status": "EXECUTION_TREES_FROZEN"}
{"case": "v6_spawn_edge_rescue_2", "query": "risk_0_2", "sample_seed": 832102, "stage": "B", "status": "EXECUTION_TREES_FROZEN"}
{"case": "v6_spawn_edge_rescue_2", "query": "risk_1", "sample_seed": 832102, "stage": "B", "status": "EXECUTION_TREES_FROZEN"}
{"case": "v6_spawn_edge_rescue_2", "query": "risk_5", "sample_seed": 832102, "stage": "B", "status": "EXECUTION_TREES_FROZEN"}
{"case": "v6_spawn_edge_rescue_2", "query": "goal_1_risk_1", "sample_seed": 832102, "stage": "B", "status": "EXECUTION_TREES_FROZEN"}
{"case": "v6_spawn_edge_rescue_2", "query": "probe_risk_0_1", "sample_seed": 832102, "stage": "B", "status": "EXECUTION_TREES_FROZEN"}
{"case": "v6_spawn_edge_rescue_2", "query": "probe_risk_0_5", "sample_seed": 832102, "stage": "B", "status": "EXECUTION_TREES_FROZEN"}
{"case": "v6_spawn_edge_rescue_2", "query": "probe_risk_2", "sample_seed": 832102, "stage": "B", "status": "EXECUTION_TREES_FROZEN"}
{"case": "v6_spawn_edge_rescue_2", "query": "probe_goal_2_risk_0_5", "sample_seed": 832102, "stage": "B", "status": "EXECUTION_TREES_FROZEN"}
{"batches": 12, "case": "v6_spawn_edge_rescue_2", "sample_seed": 832103, "stage": "A", "status": "WARM_FROZEN"}
{"case": "v6_spawn_edge_rescue_2", "query": "risk_0", "sample_seed": 832103, "stage": "B", "status": "EXECUTION_TREES_FROZEN"}
{"case": "v6_spawn_edge_rescue_2", "query": "risk_0_05", "sample_seed": 832103, "stage": "B", "status": "EXECUTION_TREES_FROZEN"}
{"case": "v6_spawn_edge_rescue_2", "query": "risk_0_2", "sample_seed": 832103, "stage": "B", "status": "EXECUTION_TREES_FROZEN"}
{"case": "v6_spawn_edge_rescue_2", "query": "risk_1", "sample_seed": 832103, "stage": "B", "status": "EXECUTION_TREES_FROZEN"}
{"case": "v6_spawn_edge_rescue_2", "query": "risk_5", "sample_seed": 832103, "stage": "B", "status": "EXECUTION_TREES_FROZEN"}
{"case": "v6_spawn_edge_rescue_2", "query": "goal_1_risk_1", "sample_seed": 832103, "stage": "B", "status": "EXECUTION_TREES_FROZEN"}
{"case": "v6_spawn_edge_rescue_2", "query": "probe_risk_0_1", "sample_seed": 832103, "stage": "B", "status": "EXECUTION_TREES_FROZEN"}
{"case": "v6_spawn_edge_rescue_2", "query": "probe_risk_0_5", "sample_seed": 832103, "stage": "B", "status": "EXECUTION_TREES_FROZEN"}
{"case": "v6_spawn_edge_rescue_2", "query": "probe_risk_2", "sample_seed": 832103, "stage": "B", "status": "EXECUTION_TREES_FROZEN"}
{"case": "v6_spawn_edge_rescue_2", "query": "probe_goal_2_risk_0_5", "sample_seed": 832103, "stage": "B", "status": "EXECUTION_TREES_FROZEN"}
{"batches": 10, "case": "v6_spawn_edge_rescue_3", "sample_seed": 832101, "stage": "A", "status": "WARM_FROZEN"}
{"case": "v6_spawn_edge_rescue_3", "query": "risk_0", "sample_seed": 832101, "stage": "B", "status": "EXECUTION_TREES_FROZEN"}
{"case": "v6_spawn_edge_rescue_3", "query": "risk_0_05", "sample_seed": 832101, "stage": "B", "status": "EXECUTION_TREES_FROZEN"}
{"case": "v6_spawn_edge_rescue_3", "query": "risk_0_2", "sample_seed": 832101, "stage": "B", "status": "EXECUTION_TREES_FROZEN"}
{"case": "v6_spawn_edge_rescue_3", "query": "risk_1", "sample_seed": 832101, "stage": "B", "status": "EXECUTION_TREES_FROZEN"}
{"case": "v6_spawn_edge_rescue_3", "query": "risk_5", "sample_seed": 832101, "stage": "B", "status": "EXECUTION_TREES_FROZEN"}
{"case": "v6_spawn_edge_rescue_3", "query": "goal_1_risk_1", "sample_seed": 832101, "stage": "B", "status": "EXECUTION_TREES_FROZEN"}
{"case": "v6_spawn_edge_rescue_3", "query": "probe_risk_0_1", "sample_seed": 832101, "stage": "B", "status": "EXECUTION_TREES_FROZEN"}
{"case": "v6_spawn_edge_rescue_3", "query": "probe_risk_0_5", "sample_seed": 832101, "stage": "B", "status": "EXECUTION_TREES_FROZEN"}
{"case": "v6_spawn_edge_rescue_3", "query": "probe_risk_2", "sample_seed": 832101, "stage": "B", "status": "EXECUTION_TREES_FROZEN"}
{"case": "v6_spawn_edge_rescue_3", "query": "probe_goal_2_risk_0_5", "sample_seed": 832101, "stage": "B", "status": "EXECUTION_TREES_FROZEN"}
{"batches": 10, "case": "v6_spawn_edge_rescue_3", "sample_seed": 832102, "stage": "A", "status": "WARM_FROZEN"}
{"case": "v6_spawn_edge_rescue_3", "query": "risk_0", "sample_seed": 832102, "stage": "B", "status": "EXECUTION_TREES_FROZEN"}
{"case": "v6_spawn_edge_rescue_3", "query": "risk_0_05", "sample_seed": 832102, "stage": "B", "status": "EXECUTION_TREES_FROZEN"}
{"case": "v6_spawn_edge_rescue_3", "query": "risk_0_2", "sample_seed": 832102, "stage": "B", "status": "EXECUTION_TREES_FROZEN"}
{"case": "v6_spawn_edge_rescue_3", "query": "risk_1", "sample_seed": 832102, "stage": "B", "status": "EXECUTION_TREES_FROZEN"}
{"case": "v6_spawn_edge_rescue_3", "query": "risk_5", "sample_seed": 832102, "stage": "B", "status": "EXECUTION_TREES_FROZEN"}
{"case": "v6_spawn_edge_rescue_3", "query": "goal_1_risk_1", "sample_seed": 832102, "stage": "B", "status": "EXECUTION_TREES_FROZEN"}
{"case": "v6_spawn_edge_rescue_3", "query": "probe_risk_0_1", "sample_seed": 832102, "stage": "B", "status": "EXECUTION_TREES_FROZEN"}
{"case": "v6_spawn_edge_rescue_3", "query": "probe_risk_0_5", "sample_seed": 832102, "stage": "B", "status": "EXECUTION_TREES_FROZEN"}
{"case": "v6_spawn_edge_rescue_3", "query": "probe_risk_2", "sample_seed": 832102, "stage": "B", "status": "EXECUTION_TREES_FROZEN"}
{"case": "v6_spawn_edge_rescue_3", "query": "probe_goal_2_risk_0_5", "sample_seed": 832102, "stage": "B", "status": "EXECUTION_TREES_FROZEN"}
{"batches": 10, "case": "v6_spawn_edge_rescue_3", "sample_seed": 832103, "stage": "A", "status": "WARM_FROZEN"}
{"case": "v6_spawn_edge_rescue_3", "query": "risk_0", "sample_seed": 832103, "stage": "B", "status": "EXECUTION_TREES_FROZEN"}
{"case": "v6_spawn_edge_rescue_3", "query": "risk_0_05", "sample_seed": 832103, "stage": "B", "status": "EXECUTION_TREES_FROZEN"}
{"case": "v6_spawn_edge_rescue_3", "query": "risk_0_2", "sample_seed": 832103, "stage": "B", "status": "EXECUTION_TREES_FROZEN"}
{"case": "v6_spawn_edge_rescue_3", "query": "risk_1", "sample_seed": 832103, "stage": "B", "status": "EXECUTION_TREES_FROZEN"}
{"case": "v6_spawn_edge_rescue_3", "query": "risk_5", "sample_seed": 832103, "stage": "B", "status": "EXECUTION_TREES_FROZEN"}
{"case": "v6_spawn_edge_rescue_3", "query": "goal_1_risk_1", "sample_seed": 832103, "stage": "B", "status": "EXECUTION_TREES_FROZEN"}
{"case": "v6_spawn_edge_rescue_3", "query": "probe_risk_0_1", "sample_seed": 832103, "stage": "B", "status": "EXECUTION_TREES_FROZEN"}
{"case": "v6_spawn_edge_rescue_3", "query": "probe_risk_0_5", "sample_seed": 832103, "stage": "B", "status": "EXECUTION_TREES_FROZEN"}
{"case": "v6_spawn_edge_rescue_3", "query": "probe_risk_2", "sample_seed": 832103, "stage": "B", "status": "EXECUTION_TREES_FROZEN"}
{"case": "v6_spawn_edge_rescue_3", "query": "probe_goal_2_risk_0_5", "sample_seed": 832103, "stage": "B", "status": "EXECUTION_TREES_FROZEN"}
{"batches": 20, "case": "v6_crossed_vacancy_goal_detour_0", "sample_seed": 832101, "stage": "A", "status": "WARM_FROZEN"}
{"case": "v6_crossed_vacancy_goal_detour_0", "query": "risk_0", "sample_seed": 832101, "stage": "B", "status": "EXECUTION_TREES_FROZEN"}
{"case": "v6_crossed_vacancy_goal_detour_0", "query": "risk_0_05", "sample_seed": 832101, "stage": "B", "status": "EXECUTION_TREES_FROZEN"}
{"case": "v6_crossed_vacancy_goal_detour_0", "query": "risk_0_2", "sample_seed": 832101, "stage": "B", "status": "EXECUTION_TREES_FROZEN"}
{"case": "v6_crossed_vacancy_goal_detour_0", "query": "risk_1", "sample_seed": 832101, "stage": "B", "status": "EXECUTION_TREES_FROZEN"}
{"case": "v6_crossed_vacancy_goal_detour_0", "query": "risk_5", "sample_seed": 832101, "stage": "B", "status": "EXECUTION_TREES_FROZEN"}
{"case": "v6_crossed_vacancy_goal_detour_0", "query": "goal_1_risk_1", "sample_seed": 832101, "stage": "B", "status": "EXECUTION_TREES_FROZEN"}
{"case": "v6_crossed_vacancy_goal_detour_0", "query": "probe_risk_0_1", "sample_seed": 832101, "stage": "B", "status": "EXECUTION_TREES_FROZEN"}
{"case": "v6_crossed_vacancy_goal_detour_0", "query": "probe_risk_0_5", "sample_seed": 832101, "stage": "B", "status": "EXECUTION_TREES_FROZEN"}
{"case": "v6_crossed_vacancy_goal_detour_0", "query": "probe_risk_2", "sample_seed": 832101, "stage": "B", "status": "EXECUTION_TREES_FROZEN"}
{"case": "v6_crossed_vacancy_goal_detour_0", "query": "probe_goal_2_risk_0_5", "sample_seed": 832101, "stage": "B", "status": "EXECUTION_TREES_FROZEN"}
{"batches": 14, "case": "v6_crossed_vacancy_goal_detour_0", "sample_seed": 832102, "stage": "A", "status": "WARM_FROZEN"}
{"case": "v6_crossed_vacancy_goal_detour_0", "query": "risk_0", "sample_seed": 832102, "stage": "B", "status": "EXECUTION_TREES_FROZEN"}
{"case": "v6_crossed_vacancy_goal_detour_0", "query": "risk_0_05", "sample_seed": 832102, "stage": "B", "status": "EXECUTION_TREES_FROZEN"}
{"case": "v6_crossed_vacancy_goal_detour_0", "query": "risk_0_2", "sample_seed": 832102, "stage": "B", "status": "EXECUTION_TREES_FROZEN"}
{"case": "v6_crossed_vacancy_goal_detour_0", "query": "risk_1", "sample_seed": 832102, "stage": "B", "status": "EXECUTION_TREES_FROZEN"}
{"case": "v6_crossed_vacancy_goal_detour_0", "query": "risk_5", "sample_seed": 832102, "stage": "B", "status": "EXECUTION_TREES_FROZEN"}
{"case": "v6_crossed_vacancy_goal_detour_0", "query": "goal_1_risk_1", "sample_seed": 832102, "stage": "B", "status": "EXECUTION_TREES_FROZEN"}
{"case": "v6_crossed_vacancy_goal_detour_0", "query": "probe_risk_0_1", "sample_seed": 832102, "stage": "B", "status": "EXECUTION_TREES_FROZEN"}
{"case": "v6_crossed_vacancy_goal_detour_0", "query": "probe_risk_0_5", "sample_seed": 832102, "stage": "B", "status": "EXECUTION_TREES_FROZEN"}
{"case": "v6_crossed_vacancy_goal_detour_0", "query": "probe_risk_2", "sample_seed": 832102, "stage": "B", "status": "EXECUTION_TREES_FROZEN"}
{"case": "v6_crossed_vacancy_goal_detour_0", "query": "probe_goal_2_risk_0_5", "sample_seed": 832102, "stage": "B", "status": "EXECUTION_TREES_FROZEN"}
{"batches": 17, "case": "v6_crossed_vacancy_goal_detour_0", "sample_seed": 832103, "stage": "A", "status": "WARM_FROZEN"}
{"case": "v6_crossed_vacancy_goal_detour_0", "query": "risk_0", "sample_seed": 832103, "stage": "B", "status": "EXECUTION_TREES_FROZEN"}
{"case": "v6_crossed_vacancy_goal_detour_0", "query": "risk_0_05", "sample_seed": 832103, "stage": "B", "status": "EXECUTION_TREES_FROZEN"}
{"case": "v6_crossed_vacancy_goal_detour_0", "query": "risk_0_2", "sample_seed": 832103, "stage": "B", "status": "EXECUTION_TREES_FROZEN"}
{"case": "v6_crossed_vacancy_goal_detour_0", "query": "risk_1", "sample_seed": 832103, "stage": "B", "status": "EXECUTION_TREES_FROZEN"}
{"case": "v6_crossed_vacancy_goal_detour_0", "query": "risk_5", "sample_seed": 832103, "stage": "B", "status": "EXECUTION_TREES_FROZEN"}
{"case": "v6_crossed_vacancy_goal_detour_0", "query": "goal_1_risk_1", "sample_seed": 832103, "stage": "B", "status": "EXECUTION_TREES_FROZEN"}
{"case": "v6_crossed_vacancy_goal_detour_0", "query": "probe_risk_0_1", "sample_seed": 832103, "stage": "B", "status": "EXECUTION_TREES_FROZEN"}
{"case": "v6_crossed_vacancy_goal_detour_0", "query": "probe_risk_0_5", "sample_seed": 832103, "stage": "B", "status": "EXECUTION_TREES_FROZEN"}
{"case": "v6_crossed_vacancy_goal_detour_0", "query": "probe_risk_2", "sample_seed": 832103, "stage": "B", "status": "EXECUTION_TREES_FROZEN"}
{"case": "v6_crossed_vacancy_goal_detour_0", "query": "probe_goal_2_risk_0_5", "sample_seed": 832103, "stage": "B", "status": "EXECUTION_TREES_FROZEN"}
{"batches": 18, "case": "v6_crossed_vacancy_goal_detour_1", "sample_seed": 832101, "stage": "A", "status": "WARM_FROZEN"}
{"case": "v6_crossed_vacancy_goal_detour_1", "query": "risk_0", "sample_seed": 832101, "stage": "B", "status": "EXECUTION_TREES_FROZEN"}
{"case": "v6_crossed_vacancy_goal_detour_1", "query": "risk_0_05", "sample_seed": 832101, "stage": "B", "status": "EXECUTION_TREES_FROZEN"}
{"case": "v6_crossed_vacancy_goal_detour_1", "query": "risk_0_2", "sample_seed": 832101, "stage": "B", "status": "EXECUTION_TREES_FROZEN"}
{"case": "v6_crossed_vacancy_goal_detour_1", "query": "risk_1", "sample_seed": 832101, "stage": "B", "status": "EXECUTION_TREES_FROZEN"}
{"case": "v6_crossed_vacancy_goal_detour_1", "query": "risk_5", "sample_seed": 832101, "stage": "B", "status": "EXECUTION_TREES_FROZEN"}
{"case": "v6_crossed_vacancy_goal_detour_1", "query": "goal_1_risk_1", "sample_seed": 832101, "stage": "B", "status": "EXECUTION_TREES_FROZEN"}
{"case": "v6_crossed_vacancy_goal_detour_1", "query": "probe_risk_0_1", "sample_seed": 832101, "stage": "B", "status": "EXECUTION_TREES_FROZEN"}
{"case": "v6_crossed_vacancy_goal_detour_1", "query": "probe_risk_0_5", "sample_seed": 832101, "stage": "B", "status": "EXECUTION_TREES_FROZEN"}
{"case": "v6_crossed_vacancy_goal_detour_1", "query": "probe_risk_2", "sample_seed": 832101, "stage": "B", "status": "EXECUTION_TREES_FROZEN"}
{"case": "v6_crossed_vacancy_goal_detour_1", "query": "probe_goal_2_risk_0_5", "sample_seed": 832101, "stage": "B", "status": "EXECUTION_TREES_FROZEN"}
{"batches": 18, "case": "v6_crossed_vacancy_goal_detour_1", "sample_seed": 832102, "stage": "A", "status": "WARM_FROZEN"}
{"case": "v6_crossed_vacancy_goal_detour_1", "query": "risk_0", "sample_seed": 832102, "stage": "B", "status": "EXECUTION_TREES_FROZEN"}
{"case": "v6_crossed_vacancy_goal_detour_1", "query": "risk_0_05", "sample_seed": 832102, "stage": "B", "status": "EXECUTION_TREES_FROZEN"}
{"case": "v6_crossed_vacancy_goal_detour_1", "query": "risk_0_2", "sample_seed": 832102, "stage": "B", "status": "EXECUTION_TREES_FROZEN"}
{"case": "v6_crossed_vacancy_goal_detour_1", "query": "risk_1", "sample_seed": 832102, "stage": "B", "status": "EXECUTION_TREES_FROZEN"}
{"case": "v6_crossed_vacancy_goal_detour_1", "query": "risk_5", "sample_seed": 832102, "stage": "B", "status": "EXECUTION_TREES_FROZEN"}
{"case": "v6_crossed_vacancy_goal_detour_1", "query": "goal_1_risk_1", "sample_seed": 832102, "stage": "B", "status": "EXECUTION_TREES_FROZEN"}
{"case": "v6_crossed_vacancy_goal_detour_1", "query": "probe_risk_0_1", "sample_seed": 832102, "stage": "B", "status": "EXECUTION_TREES_FROZEN"}
{"case": "v6_crossed_vacancy_goal_detour_1", "query": "probe_risk_0_5", "sample_seed": 832102, "stage": "B", "status": "EXECUTION_TREES_FROZEN"}
{"case": "v6_crossed_vacancy_goal_detour_1", "query": "probe_risk_2", "sample_seed": 832102, "stage": "B", "status": "EXECUTION_TREES_FROZEN"}
{"case": "v6_crossed_vacancy_goal_detour_1", "query": "probe_goal_2_risk_0_5", "sample_seed": 832102, "stage": "B", "status": "EXECUTION_TREES_FROZEN"}
{"batches": 18, "case": "v6_crossed_vacancy_goal_detour_1", "sample_seed": 832103, "stage": "A", "status": "WARM_FROZEN"}
{"case": "v6_crossed_vacancy_goal_detour_1", "query": "risk_0", "sample_seed": 832103, "stage": "B", "status": "EXECUTION_TREES_FROZEN"}
{"case": "v6_crossed_vacancy_goal_detour_1", "query": "risk_0_05", "sample_seed": 832103, "stage": "B", "status": "EXECUTION_TREES_FROZEN"}
{"case": "v6_crossed_vacancy_goal_detour_1", "query": "risk_0_2", "sample_seed": 832103, "stage": "B", "status": "EXECUTION_TREES_FROZEN"}
{"case": "v6_crossed_vacancy_goal_detour_1", "query": "risk_1", "sample_seed": 832103, "stage": "B", "status": "EXECUTION_TREES_FROZEN"}
{"case": "v6_crossed_vacancy_goal_detour_1", "query": "risk_5", "sample_seed": 832103, "stage": "B", "status": "EXECUTION_TREES_FROZEN"}
{"case": "v6_crossed_vacancy_goal_detour_1", "query": "goal_1_risk_1", "sample_seed": 832103, "stage": "B", "status": "EXECUTION_TREES_FROZEN"}
{"case": "v6_crossed_vacancy_goal_detour_1", "query": "probe_risk_0_1", "sample_seed": 832103, "stage": "B", "status": "EXECUTION_TREES_FROZEN"}
{"case": "v6_crossed_vacancy_goal_detour_1", "query": "probe_risk_0_5", "sample_seed": 832103, "stage": "B", "status": "EXECUTION_TREES_FROZEN"}
{"case": "v6_crossed_vacancy_goal_detour_1", "query": "probe_risk_2", "sample_seed": 832103, "stage": "B", "status": "EXECUTION_TREES_FROZEN"}
{"case": "v6_crossed_vacancy_goal_detour_1", "query": "probe_goal_2_risk_0_5", "sample_seed": 832103, "stage": "B", "status": "EXECUTION_TREES_FROZEN"}
{"batches": 32, "case": "v6_crossed_vacancy_goal_detour_2", "sample_seed": 832101, "stage": "A", "status": "WARM_FROZEN"}
{"case": "v6_crossed_vacancy_goal_detour_2", "query": "risk_0", "sample_seed": 832101, "stage": "B", "status": "EXECUTION_TREES_FROZEN"}
{"case": "v6_crossed_vacancy_goal_detour_2", "query": "risk_0_05", "sample_seed": 832101, "stage": "B", "status": "EXECUTION_TREES_FROZEN"}
{"case": "v6_crossed_vacancy_goal_detour_2", "query": "risk_0_2", "sample_seed": 832101, "stage": "B", "status": "EXECUTION_TREES_FROZEN"}
{"case": "v6_crossed_vacancy_goal_detour_2", "query": "risk_1", "sample_seed": 832101, "stage": "B", "status": "EXECUTION_TREES_FROZEN"}
{"case": "v6_crossed_vacancy_goal_detour_2", "query": "risk_5", "sample_seed": 832101, "stage": "B", "status": "EXECUTION_TREES_FROZEN"}
{"case": "v6_crossed_vacancy_goal_detour_2", "query": "goal_1_risk_1", "sample_seed": 832101, "stage": "B", "status": "EXECUTION_TREES_FROZEN"}
{"case": "v6_crossed_vacancy_goal_detour_2", "query": "probe_risk_0_1", "sample_seed": 832101, "stage": "B", "status": "EXECUTION_TREES_FROZEN"}
{"case": "v6_crossed_vacancy_goal_detour_2", "query": "probe_risk_0_5", "sample_seed": 832101, "stage": "B", "status": "EXECUTION_TREES_FROZEN"}
{"case": "v6_crossed_vacancy_goal_detour_2", "query": "probe_risk_2", "sample_seed": 832101, "stage": "B", "status": "EXECUTION_TREES_FROZEN"}
{"case": "v6_crossed_vacancy_goal_detour_2", "query": "probe_goal_2_risk_0_5", "sample_seed": 832101, "stage": "B", "status": "EXECUTION_TREES_FROZEN"}
{"batches": 32, "case": "v6_crossed_vacancy_goal_detour_2", "sample_seed": 832102, "stage": "A", "status": "WARM_FROZEN"}
{"case": "v6_crossed_vacancy_goal_detour_2", "query": "risk_0", "sample_seed": 832102, "stage": "B", "status": "EXECUTION_TREES_FROZEN"}
{"case": "v6_crossed_vacancy_goal_detour_2", "query": "risk_0_05", "sample_seed": 832102, "stage": "B", "status": "EXECUTION_TREES_FROZEN"}
{"case": "v6_crossed_vacancy_goal_detour_2", "query": "risk_0_2", "sample_seed": 832102, "stage": "B", "status": "EXECUTION_TREES_FROZEN"}
{"case": "v6_crossed_vacancy_goal_detour_2", "query": "risk_1", "sample_seed": 832102, "stage": "B", "status": "EXECUTION_TREES_FROZEN"}
{"case": "v6_crossed_vacancy_goal_detour_2", "query": "risk_5", "sample_seed": 832102, "stage": "B", "status": "EXECUTION_TREES_FROZEN"}
{"case": "v6_crossed_vacancy_goal_detour_2", "query": "goal_1_risk_1", "sample_seed": 832102, "stage": "B", "status": "EXECUTION_TREES_FROZEN"}
{"case": "v6_crossed_vacancy_goal_detour_2", "query": "probe_risk_0_1", "sample_seed": 832102, "stage": "B", "status": "EXECUTION_TREES_FROZEN"}
{"case": "v6_crossed_vacancy_goal_detour_2", "query": "probe_risk_0_5", "sample_seed": 832102, "stage": "B", "status": "EXECUTION_TREES_FROZEN"}
{"case": "v6_crossed_vacancy_goal_detour_2", "query": "probe_risk_2", "sample_seed": 832102, "stage": "B", "status": "EXECUTION_TREES_FROZEN"}
{"case": "v6_crossed_vacancy_goal_detour_2", "query": "probe_goal_2_risk_0_5", "sample_seed": 832102, "stage": "B", "status": "EXECUTION_TREES_FROZEN"}
{"batches": 32, "case": "v6_crossed_vacancy_goal_detour_2", "sample_seed": 832103, "stage": "A", "status": "WARM_FROZEN"}
{"case": "v6_crossed_vacancy_goal_detour_2", "query": "risk_0", "sample_seed": 832103, "stage": "B", "status": "EXECUTION_TREES_FROZEN"}
{"case": "v6_crossed_vacancy_goal_detour_2", "query": "risk_0_05", "sample_seed": 832103, "stage": "B", "status": "EXECUTION_TREES_FROZEN"}
{"case": "v6_crossed_vacancy_goal_detour_2", "query": "risk_0_2", "sample_seed": 832103, "stage": "B", "status": "EXECUTION_TREES_FROZEN"}
{"case": "v6_crossed_vacancy_goal_detour_2", "query": "risk_1", "sample_seed": 832103, "stage": "B", "status": "EXECUTION_TREES_FROZEN"}
{"case": "v6_crossed_vacancy_goal_detour_2", "query": "risk_5", "sample_seed": 832103, "stage": "B", "status": "EXECUTION_TREES_FROZEN"}
{"case": "v6_crossed_vacancy_goal_detour_2", "query": "goal_1_risk_1", "sample_seed": 832103, "stage": "B", "status": "EXECUTION_TREES_FROZEN"}
{"case": "v6_crossed_vacancy_goal_detour_2", "query": "probe_risk_0_1", "sample_seed": 832103, "stage": "B", "status": "EXECUTION_TREES_FROZEN"}
{"case": "v6_crossed_vacancy_goal_detour_2", "query": "probe_risk_0_5", "sample_seed": 832103, "stage": "B", "status": "EXECUTION_TREES_FROZEN"}
{"case": "v6_crossed_vacancy_goal_detour_2", "query": "probe_risk_2", "sample_seed": 832103, "stage": "B", "status": "EXECUTION_TREES_FROZEN"}
{"case": "v6_crossed_vacancy_goal_detour_2", "query": "probe_goal_2_risk_0_5", "sample_seed": 832103, "stage": "B", "status": "EXECUTION_TREES_FROZEN"}
{"batches": 32, "case": "v6_crossed_vacancy_goal_detour_3", "sample_seed": 832101, "stage": "A", "status": "WARM_FROZEN"}
{"case": "v6_crossed_vacancy_goal_detour_3", "query": "risk_0", "sample_seed": 832101, "stage": "B", "status": "EXECUTION_TREES_FROZEN"}
{"case": "v6_crossed_vacancy_goal_detour_3", "query": "risk_0_05", "sample_seed": 832101, "stage": "B", "status": "EXECUTION_TREES_FROZEN"}
{"case": "v6_crossed_vacancy_goal_detour_3", "query": "risk_0_2", "sample_seed": 832101, "stage": "B", "status": "EXECUTION_TREES_FROZEN"}
{"case": "v6_crossed_vacancy_goal_detour_3", "query": "risk_1", "sample_seed": 832101, "stage": "B", "status": "EXECUTION_TREES_FROZEN"}
{"case": "v6_crossed_vacancy_goal_detour_3", "query": "risk_5", "sample_seed": 832101, "stage": "B", "status": "EXECUTION_TREES_FROZEN"}
{"case": "v6_crossed_vacancy_goal_detour_3", "query": "goal_1_risk_1", "sample_seed": 832101, "stage": "B", "status": "EXECUTION_TREES_FROZEN"}
{"case": "v6_crossed_vacancy_goal_detour_3", "query": "probe_risk_0_1", "sample_seed": 832101, "stage": "B", "status": "EXECUTION_TREES_FROZEN"}
{"case": "v6_crossed_vacancy_goal_detour_3", "query": "probe_risk_0_5", "sample_seed": 832101, "stage": "B", "status": "EXECUTION_TREES_FROZEN"}
{"case": "v6_crossed_vacancy_goal_detour_3", "query": "probe_risk_2", "sample_seed": 832101, "stage": "B", "status": "EXECUTION_TREES_FROZEN"}
{"case": "v6_crossed_vacancy_goal_detour_3", "query": "probe_goal_2_risk_0_5", "sample_seed": 832101, "stage": "B", "status": "EXECUTION_TREES_FROZEN"}
{"batches": 32, "case": "v6_crossed_vacancy_goal_detour_3", "sample_seed": 832102, "stage": "A", "status": "WARM_FROZEN"}
{"case": "v6_crossed_vacancy_goal_detour_3", "query": "risk_0", "sample_seed": 832102, "stage": "B", "status": "EXECUTION_TREES_FROZEN"}
{"case": "v6_crossed_vacancy_goal_detour_3", "query": "risk_0_05", "sample_seed": 832102, "stage": "B", "status": "EXECUTION_TREES_FROZEN"}
{"case": "v6_crossed_vacancy_goal_detour_3", "query": "risk_0_2", "sample_seed": 832102, "stage": "B", "status": "EXECUTION_TREES_FROZEN"}
{"case": "v6_crossed_vacancy_goal_detour_3", "query": "risk_1", "sample_seed": 832102, "stage": "B", "status": "EXECUTION_TREES_FROZEN"}
{"case": "v6_crossed_vacancy_goal_detour_3", "query": "risk_5", "sample_seed": 832102, "stage": "B", "status": "EXECUTION_TREES_FROZEN"}
{"case": "v6_crossed_vacancy_goal_detour_3", "query": "goal_1_risk_1", "sample_seed": 832102, "stage": "B", "status": "EXECUTION_TREES_FROZEN"}
{"case": "v6_crossed_vacancy_goal_detour_3", "query": "probe_risk_0_1", "sample_seed": 832102, "stage": "B", "status": "EXECUTION_TREES_FROZEN"}
{"case": "v6_crossed_vacancy_goal_detour_3", "query": "probe_risk_0_5", "sample_seed": 832102, "stage": "B", "status": "EXECUTION_TREES_FROZEN"}
{"case": "v6_crossed_vacancy_goal_detour_3", "query": "probe_risk_2", "sample_seed": 832102, "stage": "B", "status": "EXECUTION_TREES_FROZEN"}
{"case": "v6_crossed_vacancy_goal_detour_3", "query": "probe_goal_2_risk_0_5", "sample_seed": 832102, "stage": "B", "status": "EXECUTION_TREES_FROZEN"}
{"batches": 32, "case": "v6_crossed_vacancy_goal_detour_3", "sample_seed": 832103, "stage": "A", "status": "WARM_FROZEN"}
{"case": "v6_crossed_vacancy_goal_detour_3", "query": "risk_0", "sample_seed": 832103, "stage": "B", "status": "EXECUTION_TREES_FROZEN"}
{"case": "v6_crossed_vacancy_goal_detour_3", "query": "risk_0_05", "sample_seed": 832103, "stage": "B", "status": "EXECUTION_TREES_FROZEN"}
{"case": "v6_crossed_vacancy_goal_detour_3", "query": "risk_0_2", "sample_seed": 832103, "stage": "B", "status": "EXECUTION_TREES_FROZEN"}
{"case": "v6_crossed_vacancy_goal_detour_3", "query": "risk_1", "sample_seed": 832103, "stage": "B", "status": "EXECUTION_TREES_FROZEN"}
{"case": "v6_crossed_vacancy_goal_detour_3", "query": "risk_5", "sample_seed": 832103, "stage": "B", "status": "EXECUTION_TREES_FROZEN"}
{"case": "v6_crossed_vacancy_goal_detour_3", "query": "goal_1_risk_1", "sample_seed": 832103, "stage": "B", "status": "EXECUTION_TREES_FROZEN"}
{"case": "v6_crossed_vacancy_goal_detour_3", "query": "probe_risk_0_1", "sample_seed": 832103, "stage": "B", "status": "EXECUTION_TREES_FROZEN"}
{"case": "v6_crossed_vacancy_goal_detour_3", "query": "probe_risk_0_5", "sample_seed": 832103, "stage": "B", "status": "EXECUTION_TREES_FROZEN"}
{"case": "v6_crossed_vacancy_goal_detour_3", "query": "probe_risk_2", "sample_seed": 832103, "stage": "B", "status": "EXECUTION_TREES_FROZEN"}
{"case": "v6_crossed_vacancy_goal_detour_3", "query": "probe_goal_2_risk_0_5", "sample_seed": 832103, "stage": "B", "status": "EXECUTION_TREES_FROZEN"}
{"batches": 12, "case": "v6_control_last_pair_spawn_risk", "sample_seed": 832101, "stage": "A", "status": "WARM_FROZEN"}
{"case": "v6_control_last_pair_spawn_risk", "query": "risk_0", "sample_seed": 832101, "stage": "B", "status": "EXECUTION_TREES_FROZEN"}
{"case": "v6_control_last_pair_spawn_risk", "query": "risk_0_05", "sample_seed": 832101, "stage": "B", "status": "EXECUTION_TREES_FROZEN"}
{"case": "v6_control_last_pair_spawn_risk", "query": "risk_0_2", "sample_seed": 832101, "stage": "B", "status": "EXECUTION_TREES_FROZEN"}
{"case": "v6_control_last_pair_spawn_risk", "query": "risk_1", "sample_seed": 832101, "stage": "B", "status": "EXECUTION_TREES_FROZEN"}
{"case": "v6_control_last_pair_spawn_risk", "query": "risk_5", "sample_seed": 832101, "stage": "B", "status": "EXECUTION_TREES_FROZEN"}
{"case": "v6_control_last_pair_spawn_risk", "query": "goal_1_risk_1", "sample_seed": 832101, "stage": "B", "status": "EXECUTION_TREES_FROZEN"}
{"case": "v6_control_last_pair_spawn_risk", "query": "probe_risk_0_1", "sample_seed": 832101, "stage": "B", "status": "EXECUTION_TREES_FROZEN"}
{"case": "v6_control_last_pair_spawn_risk", "query": "probe_risk_0_5", "sample_seed": 832101, "stage": "B", "status": "EXECUTION_TREES_FROZEN"}
{"case": "v6_control_last_pair_spawn_risk", "query": "probe_risk_2", "sample_seed": 832101, "stage": "B", "status": "EXECUTION_TREES_FROZEN"}
{"case": "v6_control_last_pair_spawn_risk", "query": "probe_goal_2_risk_0_5", "sample_seed": 832101, "stage": "B", "status": "EXECUTION_TREES_FROZEN"}
{"batches": 12, "case": "v6_control_last_pair_spawn_risk", "sample_seed": 832102, "stage": "A", "status": "WARM_FROZEN"}
{"case": "v6_control_last_pair_spawn_risk", "query": "risk_0", "sample_seed": 832102, "stage": "B", "status": "EXECUTION_TREES_FROZEN"}
{"case": "v6_control_last_pair_spawn_risk", "query": "risk_0_05", "sample_seed": 832102, "stage": "B", "status": "EXECUTION_TREES_FROZEN"}
{"case": "v6_control_last_pair_spawn_risk", "query": "risk_0_2", "sample_seed": 832102, "stage": "B", "status": "EXECUTION_TREES_FROZEN"}
{"case": "v6_control_last_pair_spawn_risk", "query": "risk_1", "sample_seed": 832102, "stage": "B", "status": "EXECUTION_TREES_FROZEN"}
{"case": "v6_control_last_pair_spawn_risk", "query": "risk_5", "sample_seed": 832102, "stage": "B", "status": "EXECUTION_TREES_FROZEN"}
{"case": "v6_control_last_pair_spawn_risk", "query": "goal_1_risk_1", "sample_seed": 832102, "stage": "B", "status": "EXECUTION_TREES_FROZEN"}
{"case": "v6_control_last_pair_spawn_risk", "query": "probe_risk_0_1", "sample_seed": 832102, "stage": "B", "status": "EXECUTION_TREES_FROZEN"}
{"case": "v6_control_last_pair_spawn_risk", "query": "probe_risk_0_5", "sample_seed": 832102, "stage": "B", "status": "EXECUTION_TREES_FROZEN"}
{"case": "v6_control_last_pair_spawn_risk", "query": "probe_risk_2", "sample_seed": 832102, "stage": "B", "status": "EXECUTION_TREES_FROZEN"}
{"case": "v6_control_last_pair_spawn_risk", "query": "probe_goal_2_risk_0_5", "sample_seed": 832102, "stage": "B", "status": "EXECUTION_TREES_FROZEN"}
{"batches": 12, "case": "v6_control_last_pair_spawn_risk", "sample_seed": 832103, "stage": "A", "status": "WARM_FROZEN"}
{"case": "v6_control_last_pair_spawn_risk", "query": "risk_0", "sample_seed": 832103, "stage": "B", "status": "EXECUTION_TREES_FROZEN"}
{"case": "v6_control_last_pair_spawn_risk", "query": "risk_0_05", "sample_seed": 832103, "stage": "B", "status": "EXECUTION_TREES_FROZEN"}
{"case": "v6_control_last_pair_spawn_risk", "query": "risk_0_2", "sample_seed": 832103, "stage": "B", "status": "EXECUTION_TREES_FROZEN"}
{"case": "v6_control_last_pair_spawn_risk", "query": "risk_1", "sample_seed": 832103, "stage": "B", "status": "EXECUTION_TREES_FROZEN"}
{"case": "v6_control_last_pair_spawn_risk", "query": "risk_5", "sample_seed": 832103, "stage": "B", "status": "EXECUTION_TREES_FROZEN"}
{"case": "v6_control_last_pair_spawn_risk", "query": "goal_1_risk_1", "sample_seed": 832103, "stage": "B", "status": "EXECUTION_TREES_FROZEN"}
{"case": "v6_control_last_pair_spawn_risk", "query": "probe_risk_0_1", "sample_seed": 832103, "stage": "B", "status": "EXECUTION_TREES_FROZEN"}
{"case": "v6_control_last_pair_spawn_risk", "query": "probe_risk_0_5", "sample_seed": 832103, "stage": "B", "status": "EXECUTION_TREES_FROZEN"}
{"case": "v6_control_last_pair_spawn_risk", "query": "probe_risk_2", "sample_seed": 832103, "stage": "B", "status": "EXECUTION_TREES_FROZEN"}
{"case": "v6_control_last_pair_spawn_risk", "query": "probe_goal_2_risk_0_5", "sample_seed": 832103, "stage": "B", "status": "EXECUTION_TREES_FROZEN"}
{"batches": 32, "case": "v6_control_dense_merge_choice", "sample_seed": 832101, "stage": "A", "status": "WARM_FROZEN"}
{"case": "v6_control_dense_merge_choice", "query": "risk_0", "sample_seed": 832101, "stage": "B", "status": "EXECUTION_TREES_FROZEN"}
{"case": "v6_control_dense_merge_choice", "query": "risk_0_05", "sample_seed": 832101, "stage": "B", "status": "EXECUTION_TREES_FROZEN"}
{"case": "v6_control_dense_merge_choice", "query": "risk_0_2", "sample_seed": 832101, "stage": "B", "status": "EXECUTION_TREES_FROZEN"}
{"case": "v6_control_dense_merge_choice", "query": "risk_1", "sample_seed": 832101, "stage": "B", "status": "EXECUTION_TREES_FROZEN"}
{"case": "v6_control_dense_merge_choice", "query": "risk_5", "sample_seed": 832101, "stage": "B", "status": "EXECUTION_TREES_FROZEN"}
{"case": "v6_control_dense_merge_choice", "query": "goal_1_risk_1", "sample_seed": 832101, "stage": "B", "status": "EXECUTION_TREES_FROZEN"}
{"case": "v6_control_dense_merge_choice", "query": "probe_risk_0_1", "sample_seed": 832101, "stage": "B", "status": "EXECUTION_TREES_FROZEN"}
{"case": "v6_control_dense_merge_choice", "query": "probe_risk_0_5", "sample_seed": 832101, "stage": "B", "status": "EXECUTION_TREES_FROZEN"}
{"case": "v6_control_dense_merge_choice", "query": "probe_risk_2", "sample_seed": 832101, "stage": "B", "status": "EXECUTION_TREES_FROZEN"}
{"case": "v6_control_dense_merge_choice", "query": "probe_goal_2_risk_0_5", "sample_seed": 832101, "stage": "B", "status": "EXECUTION_TREES_FROZEN"}
{"batches": 32, "case": "v6_control_dense_merge_choice", "sample_seed": 832102, "stage": "A", "status": "WARM_FROZEN"}
{"case": "v6_control_dense_merge_choice", "query": "risk_0", "sample_seed": 832102, "stage": "B", "status": "EXECUTION_TREES_FROZEN"}
{"case": "v6_control_dense_merge_choice", "query": "risk_0_05", "sample_seed": 832102, "stage": "B", "status": "EXECUTION_TREES_FROZEN"}
{"case": "v6_control_dense_merge_choice", "query": "risk_0_2", "sample_seed": 832102, "stage": "B", "status": "EXECUTION_TREES_FROZEN"}
{"case": "v6_control_dense_merge_choice", "query": "risk_1", "sample_seed": 832102, "stage": "B", "status": "EXECUTION_TREES_FROZEN"}
{"case": "v6_control_dense_merge_choice", "query": "risk_5", "sample_seed": 832102, "stage": "B", "status": "EXECUTION_TREES_FROZEN"}
{"case": "v6_control_dense_merge_choice", "query": "goal_1_risk_1", "sample_seed": 832102, "stage": "B", "status": "EXECUTION_TREES_FROZEN"}
{"case": "v6_control_dense_merge_choice", "query": "probe_risk_0_1", "sample_seed": 832102, "stage": "B", "status": "EXECUTION_TREES_FROZEN"}
{"case": "v6_control_dense_merge_choice", "query": "probe_risk_0_5", "sample_seed": 832102, "stage": "B", "status": "EXECUTION_TREES_FROZEN"}
{"case": "v6_control_dense_merge_choice", "query": "probe_risk_2", "sample_seed": 832102, "stage": "B", "status": "EXECUTION_TREES_FROZEN"}
{"case": "v6_control_dense_merge_choice", "query": "probe_goal_2_risk_0_5", "sample_seed": 832102, "stage": "B", "status": "EXECUTION_TREES_FROZEN"}
{"batches": 32, "case": "v6_control_dense_merge_choice", "sample_seed": 832103, "stage": "A", "status": "WARM_FROZEN"}
{"case": "v6_control_dense_merge_choice", "query": "risk_0", "sample_seed": 832103, "stage": "B", "status": "EXECUTION_TREES_FROZEN"}
{"case": "v6_control_dense_merge_choice", "query": "risk_0_05", "sample_seed": 832103, "stage": "B", "status": "EXECUTION_TREES_FROZEN"}
{"case": "v6_control_dense_merge_choice", "query": "risk_0_2", "sample_seed": 832103, "stage": "B", "status": "EXECUTION_TREES_FROZEN"}
{"case": "v6_control_dense_merge_choice", "query": "risk_1", "sample_seed": 832103, "stage": "B", "status": "EXECUTION_TREES_FROZEN"}
{"case": "v6_control_dense_merge_choice", "query": "risk_5", "sample_seed": 832103, "stage": "B", "status": "EXECUTION_TREES_FROZEN"}
{"case": "v6_control_dense_merge_choice", "query": "goal_1_risk_1", "sample_seed": 832103, "stage": "B", "status": "EXECUTION_TREES_FROZEN"}
{"case": "v6_control_dense_merge_choice", "query": "probe_risk_0_1", "sample_seed": 832103, "stage": "B", "status": "EXECUTION_TREES_FROZEN"}
{"case": "v6_control_dense_merge_choice", "query": "probe_risk_0_5", "sample_seed": 832103, "stage": "B", "status": "EXECUTION_TREES_FROZEN"}
{"case": "v6_control_dense_merge_choice", "query": "probe_risk_2", "sample_seed": 832103, "stage": "B", "status": "EXECUTION_TREES_FROZEN"}
{"case": "v6_control_dense_merge_choice", "query": "probe_goal_2_risk_0_5", "sample_seed": 832103, "stage": "B", "status": "EXECUTION_TREES_FROZEN"}
{"batches": 7, "case": "v6_control_adjacent_1024_goal", "sample_seed": 832101, "stage": "A", "status": "WARM_FROZEN"}
{"case": "v6_control_adjacent_1024_goal", "query": "risk_0", "sample_seed": 832101, "stage": "B", "status": "EXECUTION_TREES_FROZEN"}
{"case": "v6_control_adjacent_1024_goal", "query": "risk_0_05", "sample_seed": 832101, "stage": "B", "status": "EXECUTION_TREES_FROZEN"}
{"case": "v6_control_adjacent_1024_goal", "query": "risk_0_2", "sample_seed": 832101, "stage": "B", "status": "EXECUTION_TREES_FROZEN"}
{"case": "v6_control_adjacent_1024_goal", "query": "risk_1", "sample_seed": 832101, "stage": "B", "status": "EXECUTION_TREES_FROZEN"}
{"case": "v6_control_adjacent_1024_goal", "query": "risk_5", "sample_seed": 832101, "stage": "B", "status": "EXECUTION_TREES_FROZEN"}
{"case": "v6_control_adjacent_1024_goal", "query": "goal_1_risk_1", "sample_seed": 832101, "stage": "B", "status": "EXECUTION_TREES_FROZEN"}
{"case": "v6_control_adjacent_1024_goal", "query": "probe_risk_0_1", "sample_seed": 832101, "stage": "B", "status": "EXECUTION_TREES_FROZEN"}
{"case": "v6_control_adjacent_1024_goal", "query": "probe_risk_0_5", "sample_seed": 832101, "stage": "B", "status": "EXECUTION_TREES_FROZEN"}
{"case": "v6_control_adjacent_1024_goal", "query": "probe_risk_2", "sample_seed": 832101, "stage": "B", "status": "EXECUTION_TREES_FROZEN"}
{"case": "v6_control_adjacent_1024_goal", "query": "probe_goal_2_risk_0_5", "sample_seed": 832101, "stage": "B", "status": "EXECUTION_TREES_FROZEN"}
{"batches": 7, "case": "v6_control_adjacent_1024_goal", "sample_seed": 832102, "stage": "A", "status": "WARM_FROZEN"}
{"case": "v6_control_adjacent_1024_goal", "query": "risk_0", "sample_seed": 832102, "stage": "B", "status": "EXECUTION_TREES_FROZEN"}
{"case": "v6_control_adjacent_1024_goal", "query": "risk_0_05", "sample_seed": 832102, "stage": "B", "status": "EXECUTION_TREES_FROZEN"}
{"case": "v6_control_adjacent_1024_goal", "query": "risk_0_2", "sample_seed": 832102, "stage": "B", "status": "EXECUTION_TREES_FROZEN"}
{"case": "v6_control_adjacent_1024_goal", "query": "risk_1", "sample_seed": 832102, "stage": "B", "status": "EXECUTION_TREES_FROZEN"}
{"case": "v6_control_adjacent_1024_goal", "query": "risk_5", "sample_seed": 832102, "stage": "B", "status": "EXECUTION_TREES_FROZEN"}
{"case": "v6_control_adjacent_1024_goal", "query": "goal_1_risk_1", "sample_seed": 832102, "stage": "B", "status": "EXECUTION_TREES_FROZEN"}
{"case": "v6_control_adjacent_1024_goal", "query": "probe_risk_0_1", "sample_seed": 832102, "stage": "B", "status": "EXECUTION_TREES_FROZEN"}
{"case": "v6_control_adjacent_1024_goal", "query": "probe_risk_0_5", "sample_seed": 832102, "stage": "B", "status": "EXECUTION_TREES_FROZEN"}
{"case": "v6_control_adjacent_1024_goal", "query": "probe_risk_2", "sample_seed": 832102, "stage": "B", "status": "EXECUTION_TREES_FROZEN"}
{"case": "v6_control_adjacent_1024_goal", "query": "probe_goal_2_risk_0_5", "sample_seed": 832102, "stage": "B", "status": "EXECUTION_TREES_FROZEN"}
{"batches": 7, "case": "v6_control_adjacent_1024_goal", "sample_seed": 832103, "stage": "A", "status": "WARM_FROZEN"}
{"case": "v6_control_adjacent_1024_goal", "query": "risk_0", "sample_seed": 832103, "stage": "B", "status": "EXECUTION_TREES_FROZEN"}
{"case": "v6_control_adjacent_1024_goal", "query": "risk_0_05", "sample_seed": 832103, "stage": "B", "status": "EXECUTION_TREES_FROZEN"}
{"case": "v6_control_adjacent_1024_goal", "query": "risk_0_2", "sample_seed": 832103, "stage": "B", "status": "EXECUTION_TREES_FROZEN"}
{"case": "v6_control_adjacent_1024_goal", "query": "risk_1", "sample_seed": 832103, "stage": "B", "status": "EXECUTION_TREES_FROZEN"}
{"case": "v6_control_adjacent_1024_goal", "query": "risk_5", "sample_seed": 832103, "stage": "B", "status": "EXECUTION_TREES_FROZEN"}
{"case": "v6_control_adjacent_1024_goal", "query": "goal_1_risk_1", "sample_seed": 832103, "stage": "B", "status": "EXECUTION_TREES_FROZEN"}
{"case": "v6_control_adjacent_1024_goal", "query": "probe_risk_0_1", "sample_seed": 832103, "stage": "B", "status": "EXECUTION_TREES_FROZEN"}
{"case": "v6_control_adjacent_1024_goal", "query": "probe_risk_0_5", "sample_seed": 832103, "stage": "B", "status": "EXECUTION_TREES_FROZEN"}
{"case": "v6_control_adjacent_1024_goal", "query": "probe_risk_2", "sample_seed": 832103, "stage": "B", "status": "EXECUTION_TREES_FROZEN"}
{"case": "v6_control_adjacent_1024_goal", "query": "probe_goal_2_risk_0_5", "sample_seed": 832103, "stage": "B", "status": "EXECUTION_TREES_FROZEN"}
{"batches": 32, "case": "exposed_left_successor_7", "sample_seed": 832101, "stage": "A", "status": "WARM_FROZEN"}
{"case": "exposed_left_successor_7", "query": "risk_0", "sample_seed": 832101, "stage": "B", "status": "EXECUTION_TREES_FROZEN"}
{"case": "exposed_left_successor_7", "query": "risk_0_05", "sample_seed": 832101, "stage": "B", "status": "EXECUTION_TREES_FROZEN"}
{"case": "exposed_left_successor_7", "query": "risk_0_2", "sample_seed": 832101, "stage": "B", "status": "EXECUTION_TREES_FROZEN"}
{"case": "exposed_left_successor_7", "query": "risk_1", "sample_seed": 832101, "stage": "B", "status": "EXECUTION_TREES_FROZEN"}
{"case": "exposed_left_successor_7", "query": "risk_5", "sample_seed": 832101, "stage": "B", "status": "EXECUTION_TREES_FROZEN"}
{"case": "exposed_left_successor_7", "query": "goal_1_risk_1", "sample_seed": 832101, "stage": "B", "status": "EXECUTION_TREES_FROZEN"}
{"case": "exposed_left_successor_7", "query": "probe_risk_0_1", "sample_seed": 832101, "stage": "B", "status": "EXECUTION_TREES_FROZEN"}
{"case": "exposed_left_successor_7", "query": "probe_risk_0_5", "sample_seed": 832101, "stage": "B", "status": "EXECUTION_TREES_FROZEN"}
{"case": "exposed_left_successor_7", "query": "probe_risk_2", "sample_seed": 832101, "stage": "B", "status": "EXECUTION_TREES_FROZEN"}
{"case": "exposed_left_successor_7", "query": "probe_goal_2_risk_0_5", "sample_seed": 832101, "stage": "B", "status": "EXECUTION_TREES_FROZEN"}
{"batches": 32, "case": "exposed_left_successor_7", "sample_seed": 832102, "stage": "A", "status": "WARM_FROZEN"}
{"case": "exposed_left_successor_7", "query": "risk_0", "sample_seed": 832102, "stage": "B", "status": "EXECUTION_TREES_FROZEN"}
{"case": "exposed_left_successor_7", "query": "risk_0_05", "sample_seed": 832102, "stage": "B", "status": "EXECUTION_TREES_FROZEN"}
{"case": "exposed_left_successor_7", "query": "risk_0_2", "sample_seed": 832102, "stage": "B", "status": "EXECUTION_TREES_FROZEN"}
{"case": "exposed_left_successor_7", "query": "risk_1", "sample_seed": 832102, "stage": "B", "status": "EXECUTION_TREES_FROZEN"}
{"case": "exposed_left_successor_7", "query": "risk_5", "sample_seed": 832102, "stage": "B", "status": "EXECUTION_TREES_FROZEN"}
{"case": "exposed_left_successor_7", "query": "goal_1_risk_1", "sample_seed": 832102, "stage": "B", "status": "EXECUTION_TREES_FROZEN"}
{"case": "exposed_left_successor_7", "query": "probe_risk_0_1", "sample_seed": 832102, "stage": "B", "status": "EXECUTION_TREES_FROZEN"}
{"case": "exposed_left_successor_7", "query": "probe_risk_0_5", "sample_seed": 832102, "stage": "B", "status": "EXECUTION_TREES_FROZEN"}
{"case": "exposed_left_successor_7", "query": "probe_risk_2", "sample_seed": 832102, "stage": "B", "status": "EXECUTION_TREES_FROZEN"}
{"case": "exposed_left_successor_7", "query": "probe_goal_2_risk_0_5", "sample_seed": 832102, "stage": "B", "status": "EXECUTION_TREES_FROZEN"}
{"batches": 32, "case": "exposed_left_successor_7", "sample_seed": 832103, "stage": "A", "status": "WARM_FROZEN"}
{"case": "exposed_left_successor_7", "query": "risk_0", "sample_seed": 832103, "stage": "B", "status": "EXECUTION_TREES_FROZEN"}
{"case": "exposed_left_successor_7", "query": "risk_0_05", "sample_seed": 832103, "stage": "B", "status": "EXECUTION_TREES_FROZEN"}
{"case": "exposed_left_successor_7", "query": "risk_0_2", "sample_seed": 832103, "stage": "B", "status": "EXECUTION_TREES_FROZEN"}
{"case": "exposed_left_successor_7", "query": "risk_1", "sample_seed": 832103, "stage": "B", "status": "EXECUTION_TREES_FROZEN"}
{"case": "exposed_left_successor_7", "query": "risk_5", "sample_seed": 832103, "stage": "B", "status": "EXECUTION_TREES_FROZEN"}
{"case": "exposed_left_successor_7", "query": "goal_1_risk_1", "sample_seed": 832103, "stage": "B", "status": "EXECUTION_TREES_FROZEN"}
{"case": "exposed_left_successor_7", "query": "probe_risk_0_1", "sample_seed": 832103, "stage": "B", "status": "EXECUTION_TREES_FROZEN"}
{"case": "exposed_left_successor_7", "query": "probe_risk_0_5", "sample_seed": 832103, "stage": "B", "status": "EXECUTION_TREES_FROZEN"}
{"case": "exposed_left_successor_7", "query": "probe_risk_2", "sample_seed": 832103, "stage": "B", "status": "EXECUTION_TREES_FROZEN"}
{"case": "exposed_left_successor_7", "query": "probe_goal_2_risk_0_5", "sample_seed": 832103, "stage": "B", "status": "EXECUTION_TREES_FROZEN"}
{"status": "DEVELOPMENT_COMPLETE", "output": "/home/erzhu419/mine_code/acfqp-controlled-predictive-quotient-exploration/reports/controlled_predictive_resampling_v15.json.gz", "result_serialization_seconds": 71.25220849100151, "result_bytes": 12797899, "lossless_gzip": true}
