{
  "methods": {
    "FULL": {
      "optimal_first_actions": 472,
      "optimal_full_policies": 453,
      "worse_than_full": 0,
      "maximum_regret": 0.0008105468750002065,
      "mean_components": {
        "reward": 0.5990502726236979,
        "failure": 0.189421875,
        "success": 0.3125,
        "value": 0.4990612101236979
      },
      "mean_deployment": {
        "expected_total_batches": 230.875,
        "maximum_total_batches": 230.875,
        "expected_total_draws": 59104.0,
        "maximum_total_draws": 59104.0,
        "expected_total_distinct_rows": 230.875,
        "expected_standalone_seconds": 0.1611160461402434,
        "maximum_standalone_seconds": 0.1611167204559024,
        "expected_batch_amortized_seconds": 0.016543971960611213,
        "expected_suffix_seconds": 3.7848148702374196e-06
      },
      "maximum_path_draws": 194048,
      "mean_expected_seconds_by_stage": {
        "action_and_fallback": 3.7848148702374196e-06
      },
      "mean_expected_suffix_work_counts": {
        "execution_action_decisions": 2.209875
      },
      "physical": {
        "all_history_decision_seconds_by_stage": {
          "action_and_fallback": 0.004521266673691571
        },
        "all_history_decision_work_counts": {
          "execution_action_decisions": 6084.0
        },
        "counterfactual_branch_clone_work_counts": {},
        "counterfactual_branch_clone_seconds": 0.0,
        "whole_evaluation_seconds": 0.322518113971455
      }
    },
    "EXACT": {
      "optimal_first_actions": 472,
      "optimal_full_policies": 453,
      "worse_than_full": 0,
      "maximum_regret": 0.0008105468750002065,
      "mean_components": {
        "reward": 0.5990502726236979,
        "failure": 0.189421875,
        "success": 0.3125,
        "value": 0.4990612101236979
      },
      "mean_deployment": {
        "expected_total_batches": 230.875,
        "maximum_total_batches": 230.875,
        "expected_total_draws": 59104.0,
        "maximum_total_draws": 59104.0,
        "expected_total_distinct_rows": 230.875,
        "expected_standalone_seconds": 0.1600702537963071,
        "maximum_standalone_seconds": 0.16007064538959337,
        "expected_batch_amortized_seconds": 0.01609350529624411,
        "expected_suffix_seconds": 2.182175432338867e-06
      },
      "maximum_path_draws": 194048,
      "mean_expected_seconds_by_stage": {
        "action_and_fallback": 2.182175432338867e-06
      },
      "mean_expected_suffix_work_counts": {
        "execution_action_decisions": 2.209875
      },
      "physical": {
        "all_history_decision_seconds_by_stage": {
          "action_and_fallback": 0.00292194148642011
        },
        "all_history_decision_work_counts": {
          "execution_action_decisions": 6084.0
        },
        "counterfactual_branch_clone_work_counts": {},
        "counterfactual_branch_clone_seconds": 0.0,
        "whole_evaluation_seconds": 0.3076054769480834
      }
    },
    "BASE": {
      "optimal_first_actions": 480,
      "optimal_full_policies": 453,
      "worse_than_full": 8,
      "maximum_regret": 0.00162109375000008,
      "mean_components": {
        "reward": 0.599040059407552,
        "failure": 0.189421875,
        "success": 0.3125,
        "value": 0.4990509969075521
      },
      "mean_deployment": {
        "expected_total_batches": 30.616979166666667,
        "maximum_total_batches": 31.204166666666666,
        "expected_total_draws": 7837.946666666667,
        "maximum_total_draws": 7988.266666666666,
        "expected_total_distinct_rows": 30.616979166666667,
        "expected_standalone_seconds": 0.031440578990999946,
        "maximum_standalone_seconds": 0.031889106904630656,
        "expected_batch_amortized_seconds": 0.0119916005129328,
        "expected_suffix_seconds": 0.009830602904258672
      },
      "maximum_path_draws": 23552,
      "mean_expected_seconds_by_stage": {
        "acquisition": 0.006572543566315593,
        "action": 1.0388921096078035e-06,
        "actual_state_profile": 3.8582492994734185e-06,
        "query_initialization_clone": 9.32834811161835e-05,
        "sampled_model_update_and_profiles": 0.001264373948283719,
        "solve_and_frontier": 0.001895504767134096
      },
      "mean_expected_suffix_work_counts": {
        "active_states_profiled": 9.528333333333334,
        "board_mass_scans": 9.528333333333334,
        "board_maximum_scans": 31.291249999999998,
        "branch_clones": 1.0,
        "clone_cache_entries_copied": 4819.791666666667,
        "clone_profile_entries_copied": 72.375,
        "clone_row_entries_copied": 21.791666666666668,
        "deterministic_swipe_calls": 72.81354166666667,
        "dirty_query_state_marks": 397.77760416666666,
        "execution_action_decisions": 2.209875,
        "frontier_reachable_state_visits": 144.58364583333332,
        "frontier_sampled_row_visits": 78.19947916666666,
        "frontier_sampled_successor_visits": 415.2920833333334,
        "frontier_unknown_action_candidates": 66.38416666666667,
        "incremental_query_updates": 8.825312499999999,
        "incremental_state_recomputations": 56.16947916666666,
        "interval_action_evaluations": 119.22635416666667,
        "interval_sampled_row_reads": 74.71989583333334,
        "interval_sampled_successor_reads": 295.774375,
        "interval_state_visits": 56.16947916666666,
        "interval_unknown_action_bounds": 44.50645833333333,
        "mass_bound_nonzero_goal_terms_removed": 7.418125,
        "mass_bound_unknown_action_checks": 44.50645833333333,
        "profile_board_validations": 31.291249999999998,
        "provider_exact_transition_row_calls": 8.825312499999999,
        "provider_first_batch_requests": 8.825312499999999,
        "provider_physical_draws": 2259.2799999999997,
        "provider_row_requests": 8.825312499999999,
        "provider_sampled_successor_entries_returned": 41.121875,
        "provider_support_entries_enumerated": 41.140625,
        "query_cache_hits": 4.309333333333333,
        "reverse_dependency_edges_inserted": 41.121875,
        "reverse_dependency_states_visited": 24.878229166666664,
        "rows_acquired": 8.825312499999999,
        "states_profiled": 31.291249999999998,
        "terminal_states_profiled": 21.76291666666667
      },
      "physical": {
        "all_history_decision_seconds_by_stage": {
          "acquisition": 3.657464926916873,
          "action": 0.002369931942666881,
          "actual_state_profile": 0.00879497236746829,
          "query_initialization_clone": 0.044776070935768075,
          "sampled_model_update_and_profiles": 0.6979155808221549,
          "solve_and_frontier": 1.1167726426501758
        },
        "all_history_decision_work_counts": {
          "active_states_profiled": 4623.0,
          "board_mass_scans": 4623.0,
          "board_maximum_scans": 16978.0,
          "branch_clones": 480.0,
          "clone_cache_entries_copied": 2313500.0,
          "clone_profile_entries_copied": 34740.0,
          "clone_row_entries_copied": 10460.0,
          "deterministic_swipe_calls": 40354.0,
          "dirty_query_state_marks": 216823.0,
          "execution_action_decisions": 6084.0,
          "frontier_reachable_state_visits": 74890.0,
          "frontier_sampled_row_visits": 40414.0,
          "frontier_sampled_successor_visits": 208631.0,
          "frontier_unknown_action_candidates": 34476.0,
          "incremental_query_updates": 5377.0,
          "incremental_state_recomputations": 32440.0,
          "interval_action_evaluations": 68697.0,
          "interval_sampled_row_reads": 46174.0,
          "interval_sampled_successor_reads": 173251.0,
          "interval_state_visits": 32440.0,
          "interval_unknown_action_bounds": 22523.0,
          "mass_bound_nonzero_goal_terms_removed": 3612.0,
          "mass_bound_unknown_action_checks": 22523.0,
          "profile_board_validations": 16978.0,
          "provider_exact_transition_row_calls": 5377.0,
          "provider_first_batch_requests": 5377.0,
          "provider_physical_draws": 1376512.0,
          "provider_row_requests": 5377.0,
          "provider_sampled_successor_entries_returned": 22473.0,
          "provider_support_entries_enumerated": 22482.0,
          "query_cache_hits": 12115.0,
          "reverse_dependency_edges_inserted": 22473.0,
          "reverse_dependency_states_visited": 15462.0,
          "rows_acquired": 5377.0,
          "states_profiled": 16978.0,
          "terminal_states_profiled": 12355.0
        },
        "counterfactual_branch_clone_work_counts": {
          "branch_clones": 5604.0,
          "clone_cache_entries_copied": 50678850.0,
          "clone_profile_entries_copied": 960510.0,
          "clone_row_entries_copied": 262194.0
        },
        "counterfactual_branch_clone_seconds": 1.9949452091241255,
        "whole_evaluation_seconds": 8.209102547189104
      }
    },
    "CACHED": {
      "optimal_first_actions": 480,
      "optimal_full_policies": 453,
      "worse_than_full": 10,
      "maximum_regret": 0.00162109375000008,
      "mean_components": {
        "reward": 0.5990565795898437,
        "failure": 0.189421875,
        "success": 0.3125,
        "value": 0.49906751708984376
      },
      "mean_deployment": {
        "expected_total_batches": 88.113296875,
        "maximum_total_batches": 102.01458333333333,
        "expected_total_draws": 22557.004,
        "maximum_total_draws": 26115.733333333334,
        "expected_total_distinct_rows": 30.778333333333332,
        "expected_standalone_seconds": 0.08378150491871263,
        "maximum_standalone_seconds": 0.1102184337977936,
        "expected_batch_amortized_seconds": 0.06420153903572705,
        "expected_suffix_seconds": 0.06202598727095088
      },
      "maximum_path_draws": 32768,
      "mean_expected_seconds_by_stage": {
        "acquisition": 0.037466742018417244,
        "action": 1.3732523831364502e-06,
        "actual_state_profile": 6.51424151231839e-06,
        "gap_assessment": 0.016312190372848548,
        "query_initialization_clone": 0.0001373501086163742,
        "resampling_score_and_selection": 0.003537463606229898,
        "sampled_model_update_and_profiles": 0.003009440441835497,
        "solve_and_structural_frontier": 0.001554913229107864
      },
      "mean_expected_suffix_work_counts": {
        "active_states_profiled": 9.628333333333334,
        "batch_draws_inserted": 16978.337333333333,
        "batch_outcome_entries_read": 324.3402951388889,
        "board_mass_scans": 9.628333333333334,
        "board_maximum_scans": 31.524895833333336,
        "branch_clones": 1.0,
        "clone_batch_count_entries_copied": 21.791666666666668,
        "clone_cache_entries_copied": 4819.791666666667,
        "clone_outcome_count_entries_copied": 87.02083333333333,
        "clone_profile_entries_copied": 72.375,
        "clone_row_entries_copied": 21.791666666666668,
        "deterministic_swipe_calls": 73.52479166666667,
        "dirty_gap_state_marks": 208.28531770833334,
        "dirty_query_state_marks": 594.3427552083334,
        "execution_action_decisions": 2.209875,
        "first_batch_observations_inserted": 8.986666666666668,
        "frontier_reachable_state_visits": 145.915,
        "frontier_sampled_row_visits": 78.724375,
        "frontier_sampled_successor_visits": 417.48270833333333,
        "frontier_unknown_action_candidates": 67.190625,
        "gap_assessments": 66.7209375,
        "gap_cache_clone_calls": 1.0,
        "gap_candidate_contributions": 703.2588611111112,
        "gap_candidates_considered": 701.8776111111112,
        "gap_frontier_row_reads": 459.9718489583333,
        "gap_frontier_state_visits": 749.6445138888888,
        "gap_frontier_successor_reads": 2243.9634930555553,
        "gap_physical_bound_evaluations": 736.3026874999999,
        "gap_radius_evaluations": 518.8195572916667,
        "gap_reverse_dependency_states_visited": 176.760421875,
        "gap_score_action_evaluations": 736.3026874999999,
        "gap_score_cache_hits": 57.553296875,
        "gap_score_cache_initializations": 1.0,
        "gap_score_cache_updates": 66.50260416666667,
        "gap_score_queries": 124.05590104166666,
        "gap_score_row_reads": 518.8195572916667,
        "gap_score_state_visits": 278.51997916666664,
        "gap_score_successor_reads": 4345.658958333333,
        "gap_separated_assessments": 0.3993072916666666,
        "gap_unknown_frontiers": 289.6726649305556,
        "incremental_query_updates": 66.32163020833333,
        "incremental_state_recomputations": 208.28531770833334,
        "interval_action_evaluations": 598.0542135416667,
        "interval_sampled_row_reads": 503.040234375,
        "interval_sampled_successor_reads": 2111.7258020833333,
        "interval_state_visits": 208.28531770833334,
        "interval_unknown_action_bounds": 95.01397916666666,
        "mass_bound_nonzero_goal_terms_removed": 16.0441875,
        "mass_bound_unknown_action_checks": 95.01397916666666,
        "pooled_outcome_entries_written": 282.7868159722222,
        "profile_board_validations": 31.524895833333336,
        "provider_exact_transition_row_calls": 66.32163020833333,
        "provider_first_batch_requests": 8.986666666666668,
        "provider_physical_draws": 16978.337333333333,
        "provider_repeat_batch_requests": 57.33496354166667,
        "provider_row_requests": 66.32163020833333,
        "provider_sampled_successor_entries_returned": 324.3402951388889,
        "provider_support_entries_enumerated": 324.4672326388889,
        "query_cache_hits": 68.9308125,
        "repeat_batch_observations_inserted": 57.33496354166667,
        "resampling_candidates_considered": 222.24558854166668,
        "resampling_frontier_row_reads": 229.848921875,
        "resampling_frontier_state_visits": 277.33864409722224,
        "resampling_frontier_successor_reads": 1216.0199409722222,
        "resampling_score_cache_reuses": 57.33496354166667,
        "resampling_selection_calls": 57.33496354166667,
        "reverse_dependency_edges_inserted": 41.69916666666666,
        "reverse_dependency_states_visited": 176.760421875,
        "rows_acquired": 8.986666666666668,
        "states_profiled": 31.524895833333336,
        "terminal_states_profiled": 21.8965625
      },
      "physical": {
        "all_history_decision_seconds_by_stage": {
          "acquisition": 116.27358661596372,
          "action": 0.004097047043615021,
          "actual_state_profile": 0.023667657995247282,
          "gap_assessment": 54.145369940728415,
          "query_initialization_clone": 0.06592805213585962,
          "resampling_score_and_selection": 13.608265807037242,
          "sampled_model_update_and_profiles": 6.743834129738389,
          "solve_and_structural_frontier": 1.699102281301748
        },
        "all_history_decision_work_counts": {
          "active_states_profiled": 4671.0,
          "batch_draws_inserted": 47738112.0,
          "batch_outcome_entries_read": 1093862.0,
          "board_mass_scans": 4671.0,
          "board_maximum_scans": 17156.0,
          "branch_clones": 480.0,
          "clone_batch_count_entries_copied": 10460.0,
          "clone_cache_entries_copied": 2313500.0,
          "clone_outcome_count_entries_copied": 41770.0,
          "clone_profile_entries_copied": 34740.0,
          "clone_row_entries_copied": 10460.0,
          "deterministic_swipe_calls": 40865.0,
          "dirty_gap_state_marks": 650184.0,
          "dirty_query_state_marks": 858111.0,
          "execution_action_decisions": 6084.0,
          "first_batch_observations_inserted": 5504.0,
          "frontier_reachable_state_visits": 75773.0,
          "frontier_sampled_row_visits": 40835.0,
          "frontier_sampled_successor_visits": 210197.0,
          "frontier_unknown_action_candidates": 34938.0,
          "gap_assessments": 187473.0,
          "gap_cache_clone_calls": 480.0,
          "gap_candidate_contributions": 819147.0,
          "gap_candidates_considered": 818484.0,
          "gap_frontier_row_reads": 504519.0,
          "gap_frontier_state_visits": 860397.0,
          "gap_frontier_successor_reads": 2704762.0,
          "gap_physical_bound_evaluations": 2235811.0,
          "gap_radius_evaluations": 1831988.0,
          "gap_reverse_dependency_states_visited": 633028.0,
          "gap_score_action_evaluations": 2235811.0,
          "gap_score_cache_hits": 181740.0,
          "gap_score_cache_initializations": 480.0,
          "gap_score_cache_updates": 186706.0,
          "gap_score_queries": 368446.0,
          "gap_score_row_reads": 1831988.0,
          "gap_score_state_visits": 683074.0,
          "gap_score_successor_reads": 16683106.0,
          "gap_separated_assessments": 996.0,
          "gap_unknown_frontiers": 355878.0,
          "incremental_query_updates": 186477.0,
          "incremental_state_recomputations": 650184.0,
          "interval_action_evaluations": 2173708.0,
          "interval_sampled_row_reads": 1826332.0,
          "interval_sampled_successor_reads": 8324359.0,
          "interval_state_visits": 650184.0,
          "interval_unknown_action_bounds": 347376.0,
          "mass_bound_nonzero_goal_terms_removed": 57525.0,
          "mass_bound_unknown_action_checks": 347376.0,
          "pooled_outcome_entries_written": 1071766.0,
          "profile_board_validations": 17156.0,
          "provider_exact_transition_row_calls": 186477.0,
          "provider_first_batch_requests": 5504.0,
          "provider_physical_draws": 47738112.0,
          "provider_repeat_batch_requests": 180973.0,
          "provider_row_requests": 186477.0,
          "provider_sampled_successor_entries_returned": 1093862.0,
          "provider_support_entries_enumerated": 1094610.0,
          "query_cache_hits": 193557.0,
          "repeat_batch_observations_inserted": 180973.0,
          "resampling_candidates_considered": 330727.0,
          "resampling_frontier_row_reads": 335790.0,
          "resampling_frontier_state_visits": 376666.0,
          "resampling_frontier_successor_reads": 1970628.0,
          "resampling_score_cache_reuses": 180973.0,
          "resampling_selection_calls": 180973.0,
          "reverse_dependency_edges_inserted": 22853.0,
          "reverse_dependency_states_visited": 633028.0,
          "rows_acquired": 5504.0,
          "states_profiled": 17156.0,
          "terminal_states_profiled": 12485.0
        },
        "counterfactual_branch_clone_work_counts": {
          "branch_clones": 5604.0,
          "clone_batch_count_entries_copied": 262688.0,
          "clone_cache_entries_copied": 50900027.0,
          "clone_gap_cache_entries_copied": 8540008.0,
          "clone_outcome_count_entries_copied": 1198862.0,
          "clone_profile_entries_copied": 961490.0,
          "clone_row_entries_copied": 262688.0,
          "gap_cache_clone_calls": 5604.0
        },
        "counterfactual_branch_clone_seconds": 8.57286872206896,
        "whole_evaluation_seconds": 208.7156117389677
      }
    },
    "VARIANCE": {
      "optimal_first_actions": 480,
      "optimal_full_policies": 453,
      "worse_than_full": 13,
      "maximum_regret": 0.00162109375000008,
      "mean_components": {
        "reward": 0.5990511474609375,
        "failure": 0.189421875,
        "success": 0.3125,
        "value": 0.49906208496093746
      },
      "mean_deployment": {
        "expected_total_batches": 88.00539583333332,
        "maximum_total_batches": 102.17916666666666,
        "expected_total_draws": 22529.38133333333,
        "maximum_total_draws": 26157.866666666665,
        "expected_total_distinct_rows": 30.946354166666666,
        "expected_standalone_seconds": 0.08410000945123368,
        "maximum_standalone_seconds": 0.09988786624580825,
        "expected_batch_amortized_seconds": 0.06447971332982246,
        "expected_suffix_seconds": 0.062299680427443424
      },
      "maximum_path_draws": 32768,
      "mean_expected_seconds_by_stage": {
        "acquisition": 0.034906775547378976,
        "action": 1.3939457310748871e-06,
        "actual_state_profile": 7.070758161060238e-06,
        "gap_assessment": 0.015465310899015776,
        "query_initialization_clone": 0.0001404113371791027,
        "resampling_score_and_selection": 0.007202899995569893,
        "sampled_model_update_and_profiles": 0.0029859064930801483,
        "solve_and_structural_frontier": 0.0015899114513273937
      },
      "mean_expected_suffix_work_counts": {
        "active_states_profiled": 9.778333333333334,
        "batch_draws_inserted": 16950.714666666667,
        "batch_outcome_entries_read": 309.6729149305556,
        "board_mass_scans": 9.778333333333334,
        "board_maximum_scans": 31.7975625,
        "branch_clones": 1.0,
        "clone_batch_count_entries_copied": 21.791666666666668,
        "clone_cache_entries_copied": 4819.791666666667,
        "clone_outcome_count_entries_copied": 87.02083333333333,
        "clone_profile_entries_copied": 72.375,
        "clone_row_entries_copied": 21.791666666666668,
        "deterministic_swipe_calls": 74.3238125,
        "dirty_gap_state_marks": 176.07639583333332,
        "dirty_query_state_marks": 542.2797864583333,
        "execution_action_decisions": 2.209875,
        "first_batch_observations_inserted": 9.1546875,
        "frontier_reachable_state_visits": 147.24677083333333,
        "frontier_sampled_row_visits": 79.17354166666668,
        "frontier_sampled_successor_visits": 419.13854166666664,
        "frontier_unknown_action_candidates": 68.07322916666666,
        "gap_assessments": 66.62606770833334,
        "gap_cache_clone_calls": 1.0,
        "gap_candidate_contributions": 692.8250243055555,
        "gap_candidates_considered": 691.4479409722222,
        "gap_frontier_row_reads": 457.34038020833333,
        "gap_frontier_state_visits": 737.9423437500001,
        "gap_frontier_successor_reads": 2223.5311041666664,
        "gap_physical_bound_evaluations": 644.313,
        "gap_radius_evaluations": 445.2647395833334,
        "gap_reverse_dependency_states_visited": 144.27883333333332,
        "gap_score_action_evaluations": 644.313,
        "gap_score_cache_hits": 84.59337326388889,
        "gap_score_cache_initializations": 1.0,
        "gap_score_cache_updates": 66.40148437500001,
        "gap_score_queries": 150.99485763888887,
        "gap_score_row_reads": 445.2647395833334,
        "gap_score_state_visits": 246.55254687500002,
        "gap_score_successor_reads": 3726.501854166667,
        "gap_separated_assessments": 0.4123385416666666,
        "gap_unknown_frontiers": 280.6019635416667,
        "incremental_query_updates": 66.21372916666667,
        "incremental_state_recomputations": 176.07639583333332,
        "interval_action_evaluations": 505.54274999999996,
        "interval_sampled_row_reads": 428.966375,
        "interval_sampled_successor_reads": 1800.8899999999999,
        "interval_state_visits": 176.07639583333332,
        "interval_unknown_action_bounds": 76.57637500000001,
        "mass_bound_nonzero_goal_terms_removed": 13.186166666666669,
        "mass_bound_unknown_action_checks": 76.57637500000001,
        "pooled_outcome_entries_written": 267.5711180555556,
        "profile_board_validations": 31.7975625,
        "provider_exact_transition_row_calls": 66.21372916666667,
        "provider_first_batch_requests": 9.1546875,
        "provider_physical_draws": 16950.714666666667,
        "provider_repeat_batch_requests": 57.059041666666666,
        "provider_row_requests": 66.21372916666667,
        "provider_sampled_successor_entries_returned": 309.6729149305556,
        "provider_support_entries_enumerated": 309.78799305555555,
        "query_cache_hits": 125.89498437499999,
        "repeat_batch_observations_inserted": 57.059041666666666,
        "resampling_candidates_considered": 49.98433159722222,
        "resampling_frontier_row_reads": 50.48849826388889,
        "resampling_frontier_state_visits": 58.239262152777776,
        "resampling_frontier_successor_reads": 302.54731597222224,
        "resampling_score_cache_reuses": 27.30974826388889,
        "resampling_selection_calls": 27.30974826388889,
        "reverse_dependency_edges_inserted": 42.203250000000004,
        "reverse_dependency_states_visited": 144.27883333333332,
        "rows_acquired": 9.1546875,
        "states_profiled": 31.7975625,
        "terminal_states_profiled": 22.019229166666666,
        "variance_cancelled_states": 0.013125,
        "variance_centered_terms": 1507.5634791666666,
        "variance_competing_action_pairs": 57.059041666666666,
        "variance_fallback_calls": 27.30974826388889,
        "variance_mean_terms": 1507.5634791666666,
        "variance_net_contributions_merged": 1557.6266041666668,
        "variance_observed_row_reads": 320.26858333333337,
        "variance_physical_zero_range_rows": 11.557291666666666,
        "variance_positive_candidates": 71.30127256944444,
        "variance_profile_order_entries": 6654.721557291667,
        "variance_propagation_successor_reads": 1557.6266041666668,
        "variance_reached_state_visits": 1283.910875,
        "variance_return_successor_reads": 1507.5634791666666,
        "variance_rows_scored": 308.7112916666667,
        "variance_selection_calls": 57.059041666666666,
        "variance_unknown_frontiers": 131.87908333333334,
        "variance_zero_scores": 237.41001909722223
      },
      "physical": {
        "all_history_decision_seconds_by_stage": {
          "acquisition": 109.93329134395753,
          "action": 0.004144231425016187,
          "actual_state_profile": 0.024720624467590824,
          "gap_assessment": 53.20692929739016,
          "query_initialization_clone": 0.0673974418459693,
          "resampling_score_and_selection": 27.71888226698502,
          "sampled_model_update_and_profiles": 6.7065157987963175,
          "solve_and_structural_frontier": 1.716213778956444
        },
        "all_history_decision_work_counts": {
          "active_states_profiled": 4743.0,
          "batch_draws_inserted": 47539968.0,
          "batch_outcome_entries_read": 1080478.0,
          "board_mass_scans": 4743.0,
          "board_maximum_scans": 17342.0,
          "branch_clones": 480.0,
          "clone_batch_count_entries_copied": 10460.0,
          "clone_cache_entries_copied": 2313500.0,
          "clone_outcome_count_entries_copied": 41770.0,
          "clone_profile_entries_copied": 34740.0,
          "clone_row_entries_copied": 10460.0,
          "deterministic_swipe_calls": 41364.0,
          "dirty_gap_state_marks": 617456.0,
          "dirty_query_state_marks": 829370.0,
          "execution_action_decisions": 6084.0,
          "first_batch_observations_inserted": 5617.0,
          "frontier_reachable_state_visits": 76574.0,
          "frontier_sampled_row_visits": 41185.0,
          "frontier_sampled_successor_visits": 211381.0,
          "frontier_unknown_action_candidates": 35389.0,
          "gap_assessments": 186754.0,
          "gap_cache_clone_calls": 480.0,
          "gap_candidate_contributions": 813044.0,
          "gap_candidates_considered": 812383.0,
          "gap_frontier_row_reads": 502864.0,
          "gap_frontier_state_visits": 854234.0,
          "gap_frontier_successor_reads": 2698239.0,
          "gap_physical_bound_evaluations": 2119740.0,
          "gap_radius_evaluations": 1746581.0,
          "gap_reverse_dependency_states_visited": 600114.0,
          "gap_score_action_evaluations": 2119740.0,
          "gap_score_cache_hits": 329430.0,
          "gap_score_cache_initializations": 480.0,
          "gap_score_cache_updates": 185969.0,
          "gap_score_queries": 515399.0,
          "gap_score_row_reads": 1746581.0,
          "gap_score_state_visits": 646289.0,
          "gap_score_successor_reads": 15920114.0,
          "gap_separated_assessments": 1051.0,
          "gap_unknown_frontiers": 351370.0,
          "incremental_query_updates": 185703.0,
          "incremental_state_recomputations": 617456.0,
          "interval_action_evaluations": 2071495.0,
          "interval_sampled_row_reads": 1750619.0,
          "interval_sampled_successor_reads": 7996119.0,
          "interval_state_visits": 617456.0,
          "interval_unknown_action_bounds": 320876.0,
          "mass_bound_nonzero_goal_terms_removed": 53912.0,
          "mass_bound_unknown_action_checks": 320876.0,
          "pooled_outcome_entries_written": 1058038.0,
          "profile_board_validations": 17342.0,
          "provider_exact_transition_row_calls": 185703.0,
          "provider_first_batch_requests": 5617.0,
          "provider_physical_draws": 47539968.0,
          "provider_repeat_batch_requests": 180086.0,
          "provider_row_requests": 185703.0,
          "provider_sampled_successor_entries_returned": 1080478.0,
          "provider_support_entries_enumerated": 1081208.0,
          "query_cache_hits": 372924.0,
          "repeat_batch_observations_inserted": 180086.0,
          "resampling_candidates_considered": 178233.0,
          "resampling_frontier_row_reads": 178840.0,
          "resampling_frontier_state_visits": 189427.0,
          "resampling_frontier_successor_reads": 1103777.0,
          "resampling_score_cache_reuses": 148559.0,
          "resampling_selection_calls": 148559.0,
          "reverse_dependency_edges_inserted": 23206.0,
          "reverse_dependency_states_visited": 600114.0,
          "rows_acquired": 5617.0,
          "states_profiled": 17342.0,
          "terminal_states_profiled": 12599.0,
          "variance_cancelled_states": 14.0,
          "variance_centered_terms": 2313109.0,
          "variance_competing_action_pairs": 180086.0,
          "variance_fallback_calls": 148559.0,
          "variance_mean_terms": 2313109.0,
          "variance_net_contributions_merged": 2352589.0,
          "variance_observed_row_reads": 428836.0,
          "variance_physical_zero_range_rows": 8222.0,
          "variance_positive_candidates": 57168.0,
          "variance_profile_order_entries": 30728698.0,
          "variance_propagation_successor_reads": 2352589.0,
          "variance_reached_state_visits": 2117881.0,
          "variance_return_successor_reads": 2313109.0,
          "variance_rows_scored": 420614.0,
          "variance_selection_calls": 180086.0,
          "variance_unknown_frontiers": 273850.0,
          "variance_zero_scores": 363446.0
        },
        "counterfactual_branch_clone_work_counts": {
          "branch_clones": 5604.0,
          "clone_batch_count_entries_copied": 264734.0,
          "clone_cache_entries_copied": 50799057.0,
          "clone_gap_cache_entries_copied": 8562995.0,
          "clone_outcome_count_entries_copied": 1205340.0,
          "clone_profile_entries_copied": 964654.0,
          "clone_row_entries_copied": 264734.0,
          "gap_cache_clone_calls": 5604.0
        },
        "counterfactual_branch_clone_seconds": 5.413751117346692,
        "whole_evaluation_seconds": 212.54158880094474
      }
    }
  },
  "variance_versus_cached_expected_sample_counts": {
    "reduced": 35,
    "equal": 389,
    "increased": 56
  },
  "stop_diagnostics": {
    "CACHED": {
      "history_node_counts": {
        "decisions": 6084,
        "separated": 996
      },
      "stop_reason_node_counts": {
        "DECISION_QUOTA_EXHAUSTED": 1443,
        "HEURISTIC_GAP_SEPARATED": 996,
        "TOTAL_SAMPLE_CAP_EXHAUSTED": 3645
      },
      "sum_expected_events_over_contexts": {
        "decisions": 1060.739999999959,
        "separated": 191.66749999999917
      },
      "mean_expected_separated_stops": 0.39930729166666495,
      "separated_node_unresolved_fraction": 0.0
    },
    "VARIANCE": {
      "history_node_counts": {
        "decisions": 6084,
        "separated": 1051
      },
      "stop_reason_node_counts": {
        "DECISION_QUOTA_EXHAUSTED": 1440,
        "HEURISTIC_GAP_SEPARATED": 1051,
        "TOTAL_SAMPLE_CAP_EXHAUSTED": 3593
      },
      "sum_expected_events_over_contexts": {
        "decisions": 1060.739999999959,
        "separated": 197.92249999999905
      },
      "mean_expected_separated_stops": 0.41233854166666467,
      "separated_node_unresolved_fraction": 0.0
    }
  },
  "verification": {
    "path_caps": {
      "passed": true,
      "comparison_count": 1440,
      "failed_count": 0
    },
    "sample_units": {
      "passed": true,
      "comparison_count": 1440,
      "failed_count": 0
    },
    "initial_batches": {
      "passed": true,
      "comparison_count": 1440,
      "failed_count": 0
    },
    "conversion_attribution": {
      "passed": true,
      "comparison_count": 1440,
      "failed_count": 0
    },
    "setup_attribution": {
      "passed": true,
      "comparison_count": 1440,
      "failed_count": 0
    },
    "provider_draws": {
      "passed": true,
      "comparison_count": 1440,
      "failed_count": 0
    },
    "declared_contexts": {
      "passed": true,
      "comparison_count": 4,
      "failed_count": 0
    },
    "physical_conversion_counts": {
      "passed": true,
      "comparison_count": 4,
      "failed_count": 0
    },
    "physical_conversion_seconds": {
      "passed": true,
      "comparison_count": 2,
      "failed_count": 0
    },
    "physical_warm_draws": {
      "passed": true,
      "comparison_count": 2,
      "failed_count": 0
    },
    "full_acquisition_draws": {
      "passed": true,
      "comparison_count": 2,
      "failed_count": 0
    },
    "physical_execution_draws": {
      "passed": true,
      "comparison_count": 1,
      "failed_count": 0
    },
    "physical_method_totals": {
      "passed": true,
      "comparison_count": 3,
      "failed_count": 0
    },
    "historical_reproduction": {
      "passed": true,
      "comparison_count": 3,
      "failed_count": 0
    },
    "all_ten_source_witnesses_included": {
      "passed": true,
      "comparison_count": 4,
      "failed_count": 0
    }
  }
}
