{
  "methods": {
    "FULL": {
      "optimal_first_actions": 472,
      "optimal_full_policies": 453,
      "worse_than_full": 0,
      "maximum_regret": 0.0008105468750002065,
      "mean_components": {
        "reward": 0.5990502726236979,
        "failure": 0.189421875,
        "success": 0.3125,
        "value": 0.4990612101236979
      },
      "mean_deployment": {
        "expected_total_batches": 230.875,
        "maximum_total_batches": 230.875,
        "expected_total_draws": 59104.0,
        "maximum_total_draws": 59104.0,
        "expected_total_distinct_rows": 230.875,
        "expected_standalone_seconds": 0.16139206295637454,
        "maximum_standalone_seconds": 0.1613927070340651,
        "expected_batch_amortized_seconds": 0.01660736531238404,
        "expected_suffix_seconds": 4.249837569103773e-06
      },
      "maximum_path_draws": 194048,
      "mean_expected_seconds_by_stage": {
        "action_and_fallback": 4.249837569103773e-06
      },
      "mean_expected_suffix_work_counts": {
        "execution_action_decisions": 2.209875
      },
      "physical": {
        "all_history_decision_seconds_by_stage": {
          "action_and_fallback": 0.004771507592522539
        },
        "all_history_decision_work_counts": {
          "execution_action_decisions": 6084.0
        },
        "counterfactual_branch_clone_work_counts": {},
        "counterfactual_branch_clone_seconds": 0.0,
        "whole_evaluation_seconds": 0.3316516820632387
      }
    },
    "EXACT": {
      "optimal_first_actions": 472,
      "optimal_full_policies": 453,
      "worse_than_full": 0,
      "maximum_regret": 0.0008105468750002065,
      "mean_components": {
        "reward": 0.5990502726236979,
        "failure": 0.189421875,
        "success": 0.3125,
        "value": 0.4990612101236979
      },
      "mean_deployment": {
        "expected_total_batches": 230.875,
        "maximum_total_batches": 230.875,
        "expected_total_draws": 59104.0,
        "maximum_total_draws": 59104.0,
        "expected_total_distinct_rows": 230.875,
        "expected_standalone_seconds": 0.16038642274140644,
        "maximum_standalone_seconds": 0.1603868608514252,
        "expected_batch_amortized_seconds": 0.016130272294934415,
        "expected_suffix_seconds": 2.186671378501193e-06
      },
      "maximum_path_draws": 194048,
      "mean_expected_seconds_by_stage": {
        "action_and_fallback": 2.186671378501193e-06
      },
      "mean_expected_suffix_work_counts": {
        "execution_action_decisions": 2.209875
      },
      "physical": {
        "all_history_decision_seconds_by_stage": {
          "action_and_fallback": 0.002959301942610182
        },
        "all_history_decision_work_counts": {
          "execution_action_decisions": 6084.0
        },
        "counterfactual_branch_clone_work_counts": {},
        "counterfactual_branch_clone_seconds": 0.0,
        "whole_evaluation_seconds": 0.30972799808660056
      }
    },
    "BASE": {
      "optimal_first_actions": 480,
      "optimal_full_policies": 453,
      "worse_than_full": 8,
      "maximum_regret": 0.00162109375000008,
      "mean_components": {
        "reward": 0.599040059407552,
        "failure": 0.189421875,
        "success": 0.3125,
        "value": 0.4990509969075521
      },
      "mean_deployment": {
        "expected_total_batches": 30.616979166666667,
        "maximum_total_batches": 31.204166666666666,
        "expected_total_draws": 7837.946666666667,
        "maximum_total_draws": 7988.266666666666,
        "expected_total_distinct_rows": 30.616979166666667,
        "expected_standalone_seconds": 0.1360682288301123,
        "maximum_standalone_seconds": 0.13654370672620644,
        "expected_batch_amortized_seconds": 0.02117626198914332,
        "expected_suffix_seconds": 0.008410487895702324
      },
      "maximum_path_draws": 23552,
      "mean_expected_seconds_by_stage": {
        "acquisition": 0.005156373667875111,
        "action": 1.1033385403522888e-06,
        "actual_state_profile": 3.8805928686795395e-06,
        "query_initialization_clone": 9.24862916993637e-05,
        "sampled_model_update_and_profiles": 0.0012277857726515624,
        "solve_and_frontier": 0.001928858232067257
      },
      "mean_expected_suffix_work_counts": {
        "active_states_profiled": 9.528333333333334,
        "board_mass_scans": 9.528333333333334,
        "board_maximum_scans": 31.291249999999998,
        "branch_clones": 1.0,
        "clone_cache_entries_copied": 4819.791666666667,
        "clone_profile_entries_copied": 72.375,
        "clone_row_entries_copied": 21.791666666666668,
        "deterministic_swipe_calls": 72.81354166666667,
        "dirty_query_state_marks": 397.77760416666666,
        "execution_action_decisions": 2.209875,
        "frontier_reachable_state_visits": 144.58364583333332,
        "frontier_sampled_row_visits": 78.19947916666666,
        "frontier_sampled_successor_visits": 415.2920833333334,
        "frontier_unknown_action_candidates": 66.38416666666667,
        "incremental_query_updates": 8.825312499999999,
        "incremental_state_recomputations": 56.16947916666666,
        "interval_action_evaluations": 119.22635416666667,
        "interval_sampled_row_reads": 74.71989583333334,
        "interval_sampled_successor_reads": 295.774375,
        "interval_state_visits": 56.16947916666666,
        "interval_unknown_action_bounds": 44.50645833333333,
        "mass_bound_nonzero_goal_terms_removed": 7.418125,
        "mass_bound_unknown_action_checks": 44.50645833333333,
        "profile_board_validations": 31.291249999999998,
        "provider_exact_transition_row_calls": 8.825312499999999,
        "provider_first_batch_requests": 8.825312499999999,
        "provider_physical_draws": 2259.2799999999997,
        "provider_row_requests": 8.825312499999999,
        "provider_sampled_successor_entries_returned": 41.121875,
        "provider_support_entries_enumerated": 41.140625,
        "query_cache_hits": 4.309333333333333,
        "reverse_dependency_edges_inserted": 41.121875,
        "reverse_dependency_states_visited": 24.878229166666664,
        "rows_acquired": 8.825312499999999,
        "states_profiled": 31.291249999999998,
        "terminal_states_profiled": 21.76291666666667
      },
      "physical": {
        "all_history_decision_seconds_by_stage": {
          "acquisition": 3.0280320273013785,
          "action": 0.002425097583909519,
          "actual_state_profile": 0.008988987057819031,
          "query_initialization_clone": 0.044393420015694574,
          "sampled_model_update_and_profiles": 0.6865443149581552,
          "solve_and_frontier": 1.1474929595569847
        },
        "all_history_decision_work_counts": {
          "active_states_profiled": 4623.0,
          "board_mass_scans": 4623.0,
          "board_maximum_scans": 16978.0,
          "branch_clones": 480.0,
          "clone_cache_entries_copied": 2313500.0,
          "clone_profile_entries_copied": 34740.0,
          "clone_row_entries_copied": 10460.0,
          "deterministic_swipe_calls": 40354.0,
          "dirty_query_state_marks": 216823.0,
          "execution_action_decisions": 6084.0,
          "frontier_reachable_state_visits": 74890.0,
          "frontier_sampled_row_visits": 40414.0,
          "frontier_sampled_successor_visits": 208631.0,
          "frontier_unknown_action_candidates": 34476.0,
          "incremental_query_updates": 5377.0,
          "incremental_state_recomputations": 32440.0,
          "interval_action_evaluations": 68697.0,
          "interval_sampled_row_reads": 46174.0,
          "interval_sampled_successor_reads": 173251.0,
          "interval_state_visits": 32440.0,
          "interval_unknown_action_bounds": 22523.0,
          "mass_bound_nonzero_goal_terms_removed": 3612.0,
          "mass_bound_unknown_action_checks": 22523.0,
          "profile_board_validations": 16978.0,
          "provider_exact_transition_row_calls": 5377.0,
          "provider_first_batch_requests": 5377.0,
          "provider_physical_draws": 1376512.0,
          "provider_row_requests": 5377.0,
          "provider_sampled_successor_entries_returned": 22473.0,
          "provider_support_entries_enumerated": 22482.0,
          "query_cache_hits": 12115.0,
          "reverse_dependency_edges_inserted": 22473.0,
          "reverse_dependency_states_visited": 15462.0,
          "rows_acquired": 5377.0,
          "states_profiled": 16978.0,
          "terminal_states_profiled": 12355.0
        },
        "counterfactual_branch_clone_work_counts": {
          "branch_clones": 5604.0,
          "clone_cache_entries_copied": 50678850.0,
          "clone_profile_entries_copied": 960510.0,
          "clone_row_entries_copied": 262194.0
        },
        "counterfactual_branch_clone_seconds": 0.7585596458811779,
        "whole_evaluation_seconds": 6.368904064875096
      }
    },
    "BALANCED": {
      "optimal_first_actions": 480,
      "optimal_full_policies": 453,
      "worse_than_full": 10,
      "maximum_regret": 0.00162109375000008,
      "mean_components": {
        "reward": 0.5990565795898437,
        "failure": 0.189421875,
        "success": 0.3125,
        "value": 0.49906751708984376
      },
      "mean_deployment": {
        "expected_total_batches": 98.30708333333334,
        "maximum_total_batches": 111.45,
        "expected_total_draws": 25166.613333333335,
        "maximum_total_draws": 28531.2,
        "expected_total_distinct_rows": 30.778333333333332,
        "expected_standalone_seconds": 0.22307638076633332,
        "maximum_standalone_seconds": 0.27403517646995773,
        "expected_batch_amortized_seconds": 0.10804694700752401,
        "expected_suffix_seconds": 0.09526589881210075
      },
      "maximum_path_draws": 32768,
      "mean_expected_seconds_by_stage": {
        "acquisition": 0.04493992908296363,
        "action": 1.544017254142697e-06,
        "actual_state_profile": 4.595289725801666e-06,
        "query_initialization_clone": 0.00013445518537385698,
        "resampling_score_and_selection": 0.042433782234702705,
        "sampled_model_update_and_profiles": 0.002971631392202956,
        "solve_and_structural_frontier": 0.004779961609877664
      },
      "mean_expected_suffix_work_counts": {
        "active_states_profiled": 9.628333333333334,
        "batch_draws_inserted": 19587.946666666667,
        "batch_outcome_entries_read": 345.5947534722222,
        "board_mass_scans": 9.628333333333334,
        "board_maximum_scans": 31.524895833333336,
        "branch_clones": 1.0,
        "clone_batch_count_entries_copied": 21.791666666666668,
        "clone_cache_entries_copied": 4819.791666666667,
        "clone_outcome_count_entries_copied": 87.02083333333333,
        "clone_profile_entries_copied": 72.375,
        "clone_row_entries_copied": 21.791666666666668,
        "deterministic_swipe_calls": 73.52479166666667,
        "dirty_query_state_marks": 621.3572708333334,
        "execution_action_decisions": 2.209875,
        "first_batch_observations_inserted": 8.986666666666668,
        "frontier_reachable_state_visits": 145.915,
        "frontier_sampled_row_visits": 78.724375,
        "frontier_sampled_successor_visits": 417.48270833333333,
        "frontier_unknown_action_candidates": 67.190625,
        "incremental_query_updates": 76.51541666666667,
        "incremental_state_recomputations": 234.27945833333334,
        "interval_action_evaluations": 653.7429166666666,
        "interval_sampled_row_reads": 559.2215833333333,
        "interval_sampled_successor_reads": 2234.813333333333,
        "interval_state_visits": 234.27945833333334,
        "interval_unknown_action_bounds": 94.52133333333333,
        "mass_bound_nonzero_goal_terms_removed": 15.909645833333334,
        "mass_bound_unknown_action_checks": 94.52133333333333,
        "pooled_outcome_entries_written": 304.04105555555554,
        "profile_board_validations": 31.524895833333336,
        "provider_exact_transition_row_calls": 76.51541666666667,
        "provider_first_batch_requests": 8.986666666666668,
        "provider_physical_draws": 19587.946666666667,
        "provider_repeat_batch_requests": 67.52875,
        "provider_row_requests": 76.51541666666667,
        "provider_sampled_successor_entries_returned": 345.5947534722222,
        "provider_support_entries_enumerated": 345.72147222222225,
        "query_cache_hits": 2.266625,
        "repeat_batch_observations_inserted": 67.52875,
        "resampling_candidates_considered": 256.234375,
        "resampling_empty_candidate_sets": 0.05675,
        "resampling_frontier_row_reads": 265.1451666666666,
        "resampling_frontier_state_visits": 313.40918055555557,
        "resampling_frontier_successor_reads": 1323.469763888889,
        "resampling_physical_bound_evaluations": 11647.823770833334,
        "resampling_radius_evaluations": 2053.3733958333332,
        "resampling_score_action_evaluations": 11647.823770833334,
        "resampling_score_queries": 67.5855,
        "resampling_score_row_reads": 2053.3733958333332,
        "resampling_score_state_visits": 7039.252083333334,
        "resampling_score_successor_reads": 8684.4095,
        "resampling_selection_calls": 67.5855,
        "reverse_dependency_edges_inserted": 41.69916666666666,
        "reverse_dependency_states_visited": 202.7545625,
        "rows_acquired": 8.986666666666668,
        "states_profiled": 31.524895833333336,
        "terminal_states_profiled": 21.8965625
      },
      "physical": {
        "all_history_decision_seconds_by_stage": {
          "acquisition": 130.43446173598932,
          "action": 0.004392580929561518,
          "actual_state_profile": 0.01669212845445145,
          "query_initialization_clone": 0.06453848897945136,
          "resampling_score_and_selection": 183.68605369329453,
          "sampled_model_update_and_profiles": 5.94529956120823,
          "solve_and_structural_frontier": 12.039915695495438
        },
        "all_history_decision_work_counts": {
          "active_states_profiled": 4671.0,
          "batch_draws_inserted": 48143872.0,
          "batch_outcome_entries_read": 1047707.0,
          "board_mass_scans": 4671.0,
          "board_maximum_scans": 17156.0,
          "branch_clones": 480.0,
          "clone_batch_count_entries_copied": 10460.0,
          "clone_cache_entries_copied": 2313500.0,
          "clone_outcome_count_entries_copied": 41770.0,
          "clone_profile_entries_copied": 34740.0,
          "clone_row_entries_copied": 10460.0,
          "deterministic_swipe_calls": 40865.0,
          "dirty_query_state_marks": 859061.0,
          "execution_action_decisions": 6084.0,
          "first_batch_observations_inserted": 5504.0,
          "frontier_reachable_state_visits": 75773.0,
          "frontier_sampled_row_visits": 40835.0,
          "frontier_sampled_successor_visits": 210197.0,
          "frontier_unknown_action_candidates": 34938.0,
          "incremental_query_updates": 188062.0,
          "incremental_state_recomputations": 650837.0,
          "interval_action_evaluations": 2151186.0,
          "interval_sampled_row_reads": 1831077.0,
          "interval_sampled_successor_reads": 8196709.0,
          "interval_state_visits": 650837.0,
          "interval_unknown_action_bounds": 320109.0,
          "mass_bound_nonzero_goal_terms_removed": 50079.0,
          "mass_bound_unknown_action_checks": 320109.0,
          "pooled_outcome_entries_written": 1025604.0,
          "profile_board_validations": 17156.0,
          "provider_exact_transition_row_calls": 188062.0,
          "provider_first_batch_requests": 5504.0,
          "provider_physical_draws": 48143872.0,
          "provider_repeat_batch_requests": 182558.0,
          "provider_row_requests": 188062.0,
          "provider_sampled_successor_entries_returned": 1047707.0,
          "provider_support_entries_enumerated": 1048448.0,
          "query_cache_hits": 6522.0,
          "repeat_batch_observations_inserted": 182558.0,
          "resampling_candidates_considered": 357158.0,
          "resampling_empty_candidate_sets": 438.0,
          "resampling_frontier_row_reads": 363318.0,
          "resampling_frontier_state_visits": 406049.0,
          "resampling_frontier_successor_reads": 2041011.0,
          "resampling_physical_bound_evaluations": 52561995.0,
          "resampling_radius_evaluations": 8192913.0,
          "resampling_score_action_evaluations": 52561995.0,
          "resampling_score_queries": 182996.0,
          "resampling_score_row_reads": 8192913.0,
          "resampling_score_state_visits": 29853053.0,
          "resampling_score_successor_reads": 37312427.0,
          "resampling_selection_calls": 182996.0,
          "reverse_dependency_edges_inserted": 22853.0,
          "reverse_dependency_states_visited": 633681.0,
          "rows_acquired": 5504.0,
          "states_profiled": 17156.0,
          "terminal_states_profiled": 12485.0
        },
        "counterfactual_branch_clone_work_counts": {
          "branch_clones": 5604.0,
          "clone_batch_count_entries_copied": 262688.0,
          "clone_cache_entries_copied": 50904239.0,
          "clone_outcome_count_entries_copied": 1198862.0,
          "clone_profile_entries_copied": 961490.0,
          "clone_row_entries_copied": 262688.0
        },
        "counterfactual_branch_clone_seconds": 1.8788883512897883,
        "whole_evaluation_seconds": 336.6095735818526
      }
    },
    "STOP": {
      "optimal_first_actions": 480,
      "optimal_full_policies": 453,
      "worse_than_full": 10,
      "maximum_regret": 0.00162109375000008,
      "mean_components": {
        "reward": 0.5990565795898437,
        "failure": 0.189421875,
        "success": 0.3125,
        "value": 0.49906751708984376
      },
      "mean_deployment": {
        "expected_total_batches": 88.113296875,
        "maximum_total_batches": 102.01458333333333,
        "expected_total_draws": 22557.004,
        "maximum_total_draws": 26115.733333333334,
        "expected_total_distinct_rows": 30.778333333333332,
        "expected_standalone_seconds": 0.2777794158072204,
        "maximum_standalone_seconds": 0.32314099457356255,
        "expected_batch_amortized_seconds": 0.16275080048423043,
        "expected_suffix_seconds": 0.14996984322612045
      },
      "maximum_path_draws": 32768,
      "mean_expected_seconds_by_stage": {
        "acquisition": 0.03731762464775512,
        "action": 1.4862350809313219e-06,
        "actual_state_profile": 5.087740545588059e-06,
        "gap_assessment": 0.06760562642698041,
        "query_initialization_clone": 0.0001441786626552736,
        "resampling_score_and_selection": 0.040284988662636745,
        "sampled_model_update_and_profiles": 0.0029489998498194703,
        "solve_and_structural_frontier": 0.0016618510006469057
      },
      "mean_expected_suffix_work_counts": {
        "active_states_profiled": 9.628333333333334,
        "batch_draws_inserted": 16978.337333333333,
        "batch_outcome_entries_read": 324.3402951388889,
        "board_mass_scans": 9.628333333333334,
        "board_maximum_scans": 31.524895833333336,
        "branch_clones": 1.0,
        "clone_batch_count_entries_copied": 21.791666666666668,
        "clone_cache_entries_copied": 4819.791666666667,
        "clone_outcome_count_entries_copied": 87.02083333333333,
        "clone_profile_entries_copied": 72.375,
        "clone_row_entries_copied": 21.791666666666668,
        "deterministic_swipe_calls": 73.52479166666667,
        "dirty_query_state_marks": 594.3427552083334,
        "execution_action_decisions": 2.209875,
        "first_batch_observations_inserted": 8.986666666666668,
        "frontier_reachable_state_visits": 145.915,
        "frontier_sampled_row_visits": 78.724375,
        "frontier_sampled_successor_visits": 417.48270833333333,
        "frontier_unknown_action_candidates": 67.190625,
        "gap_assessments": 66.7209375,
        "gap_candidate_contributions": 703.2588611111112,
        "gap_candidates_considered": 701.8776111111112,
        "gap_frontier_row_reads": 459.9718489583333,
        "gap_frontier_state_visits": 749.6445138888888,
        "gap_frontier_successor_reads": 2243.9634930555553,
        "gap_physical_bound_evaluations": 14289.965911458334,
        "gap_radius_evaluations": 2317.1508802083335,
        "gap_score_action_evaluations": 14289.965911458334,
        "gap_score_queries": 66.7209375,
        "gap_score_row_reads": 2317.1508802083335,
        "gap_score_state_visits": 8104.225432291667,
        "gap_score_successor_reads": 19905.3211875,
        "gap_separated_assessments": 0.3993072916666666,
        "gap_unknown_frontiers": 289.6726649305556,
        "incremental_query_updates": 66.32163020833333,
        "incremental_state_recomputations": 208.28531770833334,
        "interval_action_evaluations": 598.0542135416667,
        "interval_sampled_row_reads": 503.040234375,
        "interval_sampled_successor_reads": 2111.7258020833333,
        "interval_state_visits": 208.28531770833334,
        "interval_unknown_action_bounds": 95.01397916666666,
        "mass_bound_nonzero_goal_terms_removed": 16.0441875,
        "mass_bound_unknown_action_checks": 95.01397916666666,
        "pooled_outcome_entries_written": 282.7868159722222,
        "profile_board_validations": 31.524895833333336,
        "provider_exact_transition_row_calls": 66.32163020833333,
        "provider_first_batch_requests": 8.986666666666668,
        "provider_physical_draws": 16978.337333333333,
        "provider_repeat_batch_requests": 57.33496354166667,
        "provider_row_requests": 66.32163020833333,
        "provider_sampled_successor_entries_returned": 324.3402951388889,
        "provider_support_entries_enumerated": 324.4672326388889,
        "query_cache_hits": 68.9308125,
        "repeat_batch_observations_inserted": 57.33496354166667,
        "resampling_candidates_considered": 222.24558854166668,
        "resampling_frontier_row_reads": 229.848921875,
        "resampling_frontier_state_visits": 277.33864409722224,
        "resampling_frontier_successor_reads": 1216.0199409722222,
        "resampling_physical_bound_evaluations": 11301.8320625,
        "resampling_radius_evaluations": 1903.5858541666666,
        "resampling_score_action_evaluations": 11301.8320625,
        "resampling_score_queries": 57.33496354166667,
        "resampling_score_row_reads": 1903.5858541666666,
        "resampling_score_state_visits": 6697.470833333334,
        "resampling_score_successor_reads": 8319.363541666668,
        "resampling_selection_calls": 57.33496354166667,
        "reverse_dependency_edges_inserted": 41.69916666666666,
        "reverse_dependency_states_visited": 176.760421875,
        "rows_acquired": 8.986666666666668,
        "states_profiled": 31.524895833333336,
        "terminal_states_profiled": 21.8965625
      },
      "physical": {
        "all_history_decision_seconds_by_stage": {
          "acquisition": 126.90461932729522,
          "action": 0.004358021717052907,
          "actual_state_profile": 0.017154587592813186,
          "gap_assessment": 258.79449357956764,
          "query_initialization_clone": 0.06920575807453133,
          "resampling_score_and_selection": 188.05474785772094,
          "sampled_model_update_and_profiles": 6.556061120762024,
          "solve_and_structural_frontier": 1.9614087867958006
        },
        "all_history_decision_work_counts": {
          "active_states_profiled": 4671.0,
          "batch_draws_inserted": 47738112.0,
          "batch_outcome_entries_read": 1093862.0,
          "board_mass_scans": 4671.0,
          "board_maximum_scans": 17156.0,
          "branch_clones": 480.0,
          "clone_batch_count_entries_copied": 10460.0,
          "clone_cache_entries_copied": 2313500.0,
          "clone_outcome_count_entries_copied": 41770.0,
          "clone_profile_entries_copied": 34740.0,
          "clone_row_entries_copied": 10460.0,
          "deterministic_swipe_calls": 40865.0,
          "dirty_query_state_marks": 858111.0,
          "execution_action_decisions": 6084.0,
          "first_batch_observations_inserted": 5504.0,
          "frontier_reachable_state_visits": 75773.0,
          "frontier_sampled_row_visits": 40835.0,
          "frontier_sampled_successor_visits": 210197.0,
          "frontier_unknown_action_candidates": 34938.0,
          "gap_assessments": 187473.0,
          "gap_candidate_contributions": 819147.0,
          "gap_candidates_considered": 818484.0,
          "gap_frontier_row_reads": 504519.0,
          "gap_frontier_state_visits": 860397.0,
          "gap_frontier_successor_reads": 2704762.0,
          "gap_physical_bound_evaluations": 56275017.0,
          "gap_radius_evaluations": 8506906.0,
          "gap_score_action_evaluations": 56275017.0,
          "gap_score_queries": 187473.0,
          "gap_score_row_reads": 8506906.0,
          "gap_score_state_visits": 31806333.0,
          "gap_score_successor_reads": 79675820.0,
          "gap_separated_assessments": 996.0,
          "gap_unknown_frontiers": 355878.0,
          "incremental_query_updates": 186477.0,
          "incremental_state_recomputations": 650184.0,
          "interval_action_evaluations": 2173708.0,
          "interval_sampled_row_reads": 1826332.0,
          "interval_sampled_successor_reads": 8324359.0,
          "interval_state_visits": 650184.0,
          "interval_unknown_action_bounds": 347376.0,
          "mass_bound_nonzero_goal_terms_removed": 57525.0,
          "mass_bound_unknown_action_checks": 347376.0,
          "pooled_outcome_entries_written": 1071766.0,
          "profile_board_validations": 17156.0,
          "provider_exact_transition_row_calls": 186477.0,
          "provider_first_batch_requests": 5504.0,
          "provider_physical_draws": 47738112.0,
          "provider_repeat_batch_requests": 180973.0,
          "provider_row_requests": 186477.0,
          "provider_sampled_successor_entries_returned": 1093862.0,
          "provider_support_entries_enumerated": 1094610.0,
          "query_cache_hits": 193557.0,
          "repeat_batch_observations_inserted": 180973.0,
          "resampling_candidates_considered": 330727.0,
          "resampling_frontier_row_reads": 335790.0,
          "resampling_frontier_state_visits": 376666.0,
          "resampling_frontier_successor_reads": 1970628.0,
          "resampling_physical_bound_evaluations": 54376310.0,
          "resampling_radius_evaluations": 8187263.0,
          "resampling_score_action_evaluations": 54376310.0,
          "resampling_score_queries": 180973.0,
          "resampling_score_row_reads": 8187263.0,
          "resampling_score_state_visits": 30815607.0,
          "resampling_score_successor_reads": 38686690.0,
          "resampling_selection_calls": 180973.0,
          "reverse_dependency_edges_inserted": 22853.0,
          "reverse_dependency_states_visited": 633028.0,
          "rows_acquired": 5504.0,
          "states_profiled": 17156.0,
          "terminal_states_profiled": 12485.0
        },
        "counterfactual_branch_clone_work_counts": {
          "branch_clones": 5604.0,
          "clone_batch_count_entries_copied": 262688.0,
          "clone_cache_entries_copied": 50900027.0,
          "clone_outcome_count_entries_copied": 1198862.0,
          "clone_profile_entries_copied": 961490.0,
          "clone_row_entries_copied": 262688.0
        },
        "counterfactual_branch_clone_seconds": 2.1709876556124073,
        "whole_evaluation_seconds": 593.1723193860089
      }
    },
    "CACHED": {
      "optimal_first_actions": 480,
      "optimal_full_policies": 453,
      "worse_than_full": 10,
      "maximum_regret": 0.00162109375000008,
      "mean_components": {
        "reward": 0.5990565795898437,
        "failure": 0.189421875,
        "success": 0.3125,
        "value": 0.49906751708984376
      },
      "mean_deployment": {
        "expected_total_batches": 88.113296875,
        "maximum_total_batches": 102.01458333333333,
        "expected_total_draws": 22557.004,
        "maximum_total_draws": 26115.733333333334,
        "expected_total_distinct_rows": 30.778333333333332,
        "expected_standalone_seconds": 0.18943017019710554,
        "maximum_standalone_seconds": 0.20206665893792888,
        "expected_batch_amortized_seconds": 0.07435403834443081,
        "expected_suffix_seconds": 0.0615678014719114
      },
      "maximum_path_draws": 32768,
      "mean_expected_seconds_by_stage": {
        "acquisition": 0.036249383421598266,
        "action": 1.448254105761643e-06,
        "actual_state_profile": 8.079129713038398e-06,
        "gap_assessment": 0.01675829123820963,
        "query_initialization_clone": 0.0001549765707447174,
        "resampling_score_and_selection": 0.0036281126977956535,
        "sampled_model_update_and_profiles": 0.0031433964207087514,
        "solve_and_structural_frontier": 0.0016241137390355747
      },
      "mean_expected_suffix_work_counts": {
        "active_states_profiled": 9.628333333333334,
        "batch_draws_inserted": 16978.337333333333,
        "batch_outcome_entries_read": 324.3402951388889,
        "board_mass_scans": 9.628333333333334,
        "board_maximum_scans": 31.524895833333336,
        "branch_clones": 1.0,
        "clone_batch_count_entries_copied": 21.791666666666668,
        "clone_cache_entries_copied": 4819.791666666667,
        "clone_outcome_count_entries_copied": 87.02083333333333,
        "clone_profile_entries_copied": 72.375,
        "clone_row_entries_copied": 21.791666666666668,
        "deterministic_swipe_calls": 73.52479166666667,
        "dirty_gap_state_marks": 208.28531770833334,
        "dirty_query_state_marks": 594.3427552083334,
        "execution_action_decisions": 2.209875,
        "first_batch_observations_inserted": 8.986666666666668,
        "frontier_reachable_state_visits": 145.915,
        "frontier_sampled_row_visits": 78.724375,
        "frontier_sampled_successor_visits": 417.48270833333333,
        "frontier_unknown_action_candidates": 67.190625,
        "gap_assessments": 66.7209375,
        "gap_cache_clone_calls": 1.0,
        "gap_candidate_contributions": 703.2588611111112,
        "gap_candidates_considered": 701.8776111111112,
        "gap_frontier_row_reads": 459.9718489583333,
        "gap_frontier_state_visits": 749.6445138888888,
        "gap_frontier_successor_reads": 2243.9634930555553,
        "gap_physical_bound_evaluations": 736.3026874999999,
        "gap_radius_evaluations": 518.8195572916667,
        "gap_reverse_dependency_states_visited": 176.760421875,
        "gap_score_action_evaluations": 736.3026874999999,
        "gap_score_cache_hits": 57.553296875,
        "gap_score_cache_initializations": 1.0,
        "gap_score_cache_updates": 66.50260416666667,
        "gap_score_queries": 124.05590104166666,
        "gap_score_row_reads": 518.8195572916667,
        "gap_score_state_visits": 278.51997916666664,
        "gap_score_successor_reads": 4345.658958333333,
        "gap_separated_assessments": 0.3993072916666666,
        "gap_unknown_frontiers": 289.6726649305556,
        "incremental_query_updates": 66.32163020833333,
        "incremental_state_recomputations": 208.28531770833334,
        "interval_action_evaluations": 598.0542135416667,
        "interval_sampled_row_reads": 503.040234375,
        "interval_sampled_successor_reads": 2111.7258020833333,
        "interval_state_visits": 208.28531770833334,
        "interval_unknown_action_bounds": 95.01397916666666,
        "mass_bound_nonzero_goal_terms_removed": 16.0441875,
        "mass_bound_unknown_action_checks": 95.01397916666666,
        "pooled_outcome_entries_written": 282.7868159722222,
        "profile_board_validations": 31.524895833333336,
        "provider_exact_transition_row_calls": 66.32163020833333,
        "provider_first_batch_requests": 8.986666666666668,
        "provider_physical_draws": 16978.337333333333,
        "provider_repeat_batch_requests": 57.33496354166667,
        "provider_row_requests": 66.32163020833333,
        "provider_sampled_successor_entries_returned": 324.3402951388889,
        "provider_support_entries_enumerated": 324.4672326388889,
        "query_cache_hits": 68.9308125,
        "repeat_batch_observations_inserted": 57.33496354166667,
        "resampling_candidates_considered": 222.24558854166668,
        "resampling_frontier_row_reads": 229.848921875,
        "resampling_frontier_state_visits": 277.33864409722224,
        "resampling_frontier_successor_reads": 1216.0199409722222,
        "resampling_score_cache_reuses": 57.33496354166667,
        "resampling_selection_calls": 57.33496354166667,
        "reverse_dependency_edges_inserted": 41.69916666666666,
        "reverse_dependency_states_visited": 176.760421875,
        "rows_acquired": 8.986666666666668,
        "states_profiled": 31.524895833333336,
        "terminal_states_profiled": 21.8965625
      },
      "physical": {
        "all_history_decision_seconds_by_stage": {
          "acquisition": 112.88426710035128,
          "action": 0.004232652936480008,
          "actual_state_profile": 0.025288201519288123,
          "gap_assessment": 55.74422560170933,
          "query_initialization_clone": 0.07438875395746436,
          "resampling_score_and_selection": 14.076494837427163,
          "sampled_model_update_and_profiles": 7.017143500677776,
          "solve_and_structural_frontier": 1.7918379948969232
        },
        "all_history_decision_work_counts": {
          "active_states_profiled": 4671.0,
          "batch_draws_inserted": 47738112.0,
          "batch_outcome_entries_read": 1093862.0,
          "board_mass_scans": 4671.0,
          "board_maximum_scans": 17156.0,
          "branch_clones": 480.0,
          "clone_batch_count_entries_copied": 10460.0,
          "clone_cache_entries_copied": 2313500.0,
          "clone_outcome_count_entries_copied": 41770.0,
          "clone_profile_entries_copied": 34740.0,
          "clone_row_entries_copied": 10460.0,
          "deterministic_swipe_calls": 40865.0,
          "dirty_gap_state_marks": 650184.0,
          "dirty_query_state_marks": 858111.0,
          "execution_action_decisions": 6084.0,
          "first_batch_observations_inserted": 5504.0,
          "frontier_reachable_state_visits": 75773.0,
          "frontier_sampled_row_visits": 40835.0,
          "frontier_sampled_successor_visits": 210197.0,
          "frontier_unknown_action_candidates": 34938.0,
          "gap_assessments": 187473.0,
          "gap_cache_clone_calls": 480.0,
          "gap_candidate_contributions": 819147.0,
          "gap_candidates_considered": 818484.0,
          "gap_frontier_row_reads": 504519.0,
          "gap_frontier_state_visits": 860397.0,
          "gap_frontier_successor_reads": 2704762.0,
          "gap_physical_bound_evaluations": 2235811.0,
          "gap_radius_evaluations": 1831988.0,
          "gap_reverse_dependency_states_visited": 633028.0,
          "gap_score_action_evaluations": 2235811.0,
          "gap_score_cache_hits": 181740.0,
          "gap_score_cache_initializations": 480.0,
          "gap_score_cache_updates": 186706.0,
          "gap_score_queries": 368446.0,
          "gap_score_row_reads": 1831988.0,
          "gap_score_state_visits": 683074.0,
          "gap_score_successor_reads": 16683106.0,
          "gap_separated_assessments": 996.0,
          "gap_unknown_frontiers": 355878.0,
          "incremental_query_updates": 186477.0,
          "incremental_state_recomputations": 650184.0,
          "interval_action_evaluations": 2173708.0,
          "interval_sampled_row_reads": 1826332.0,
          "interval_sampled_successor_reads": 8324359.0,
          "interval_state_visits": 650184.0,
          "interval_unknown_action_bounds": 347376.0,
          "mass_bound_nonzero_goal_terms_removed": 57525.0,
          "mass_bound_unknown_action_checks": 347376.0,
          "pooled_outcome_entries_written": 1071766.0,
          "profile_board_validations": 17156.0,
          "provider_exact_transition_row_calls": 186477.0,
          "provider_first_batch_requests": 5504.0,
          "provider_physical_draws": 47738112.0,
          "provider_repeat_batch_requests": 180973.0,
          "provider_row_requests": 186477.0,
          "provider_sampled_successor_entries_returned": 1093862.0,
          "provider_support_entries_enumerated": 1094610.0,
          "query_cache_hits": 193557.0,
          "repeat_batch_observations_inserted": 180973.0,
          "resampling_candidates_considered": 330727.0,
          "resampling_frontier_row_reads": 335790.0,
          "resampling_frontier_state_visits": 376666.0,
          "resampling_frontier_successor_reads": 1970628.0,
          "resampling_score_cache_reuses": 180973.0,
          "resampling_selection_calls": 180973.0,
          "reverse_dependency_edges_inserted": 22853.0,
          "reverse_dependency_states_visited": 633028.0,
          "rows_acquired": 5504.0,
          "states_profiled": 17156.0,
          "terminal_states_profiled": 12485.0
        },
        "counterfactual_branch_clone_work_counts": {
          "branch_clones": 5604.0,
          "clone_batch_count_entries_copied": 262688.0,
          "clone_cache_entries_copied": 50900027.0,
          "clone_gap_cache_entries_copied": 8540008.0,
          "clone_outcome_count_entries_copied": 1198862.0,
          "clone_profile_entries_copied": 961490.0,
          "clone_row_entries_copied": 262688.0,
          "gap_cache_clone_calls": 5604.0
        },
        "counterfactual_branch_clone_seconds": 2.005219162150752,
        "whole_evaluation_seconds": 201.47533399512758
      }
    }
  },
  "cached_versus_stop_expected_sample_counts": {
    "reduced": 0,
    "equal": 480,
    "increased": 0
  },
  "stop_diagnostics": {
    "history_node_counts": {
      "decisions": 6084,
      "separated": 996
    },
    "stop_reason_node_counts": {
      "DECISION_QUOTA_EXHAUSTED": 1443,
      "HEURISTIC_GAP_SEPARATED": 996,
      "TOTAL_SAMPLE_CAP_EXHAUSTED": 3645
    },
    "sum_expected_events_over_contexts": {
      "decisions": 1060.739999999959,
      "separated": 191.66749999999917
    },
    "mean_expected_separated_stops": 0.39930729166666495,
    "separated_node_unresolved_fraction": 0.0,
    "weighted_separated_unresolved_fraction": 0.0
  },
  "verification": {
    "path_caps": {
      "passed": true,
      "comparison_count": 1920,
      "failed_count": 0
    },
    "sample_units": {
      "passed": true,
      "comparison_count": 1920,
      "failed_count": 0
    },
    "initial_batches": {
      "passed": true,
      "comparison_count": 1920,
      "failed_count": 0
    },
    "conversion_attribution": {
      "passed": true,
      "comparison_count": 1920,
      "failed_count": 0
    },
    "setup_attribution": {
      "passed": true,
      "comparison_count": 1920,
      "failed_count": 0
    },
    "provider_draws": {
      "passed": true,
      "comparison_count": 1920,
      "failed_count": 0
    },
    "declared_contexts": {
      "passed": true,
      "comparison_count": 4,
      "failed_count": 0
    },
    "physical_conversion_counts": {
      "passed": true,
      "comparison_count": 5,
      "failed_count": 0
    },
    "physical_conversion_seconds": {
      "passed": true,
      "comparison_count": 3,
      "failed_count": 0
    },
    "physical_warm_draws": {
      "passed": true,
      "comparison_count": 2,
      "failed_count": 0
    },
    "full_acquisition_draws": {
      "passed": true,
      "comparison_count": 2,
      "failed_count": 0
    },
    "physical_execution_draws": {
      "passed": true,
      "comparison_count": 1,
      "failed_count": 0
    },
    "physical_method_totals": {
      "passed": true,
      "comparison_count": 4,
      "failed_count": 0
    },
    "historical_reproduction": {
      "passed": true,
      "comparison_count": 3,
      "failed_count": 0
    },
    "current_cached_reproduction": {
      "passed": true,
      "comparison_count": 6,
      "failed_count": 0
    }
  }
}
