{"case": "v6_crossing_rescue_pair_0", "completed_closures": 1, "status": "CLOSURE_COMPLETE", "total": 16}
{"case": "v6_crossing_rescue_pair_1", "completed_closures": 2, "status": "CLOSURE_COMPLETE", "total": 16}
{"case": "v6_crossing_rescue_pair_2", "completed_closures": 3, "status": "CLOSURE_COMPLETE", "total": 16}
{"case": "v6_crossing_rescue_pair_3", "completed_closures": 4, "status": "CLOSURE_COMPLETE", "total": 16}
{"case": "v6_spawn_edge_rescue_0", "completed_closures": 5, "status": "CLOSURE_COMPLETE", "total": 16}
{"case": "v6_spawn_edge_rescue_1", "completed_closures": 6, "status": "CLOSURE_COMPLETE", "total": 16}
{"case": "v6_spawn_edge_rescue_2", "completed_closures": 7, "status": "CLOSURE_COMPLETE", "total": 16}
{"case": "v6_spawn_edge_rescue_3", "completed_closures": 8, "status": "CLOSURE_COMPLETE", "total": 16}
{"case": "v6_crossed_vacancy_goal_detour_0", "completed_closures": 9, "status": "CLOSURE_COMPLETE", "total": 16}
{"case": "v6_crossed_vacancy_goal_detour_1", "completed_closures": 10, "status": "CLOSURE_COMPLETE", "total": 16}
{"case": "v6_crossed_vacancy_goal_detour_2", "completed_closures": 11, "status": "CLOSURE_COMPLETE", "total": 16}
{"case": "v6_crossed_vacancy_goal_detour_3", "completed_closures": 12, "status": "CLOSURE_COMPLETE", "total": 16}
{"case": "v6_control_last_pair_spawn_risk", "completed_closures": 13, "status": "CLOSURE_COMPLETE", "total": 16}
{"case": "v6_control_dense_merge_choice", "completed_closures": 14, "status": "CLOSURE_COMPLETE", "total": 16}
{"case": "v6_control_adjacent_1024_goal", "completed_closures": 15, "status": "CLOSURE_COMPLETE", "total": 16}
{"case": "exposed_left_successor_7", "completed_closures": 16, "status": "CLOSURE_COMPLETE", "total": 16}
{"fit_seconds": 0.18234118999998827, "sample_seed": 832101, "source_case_count": 3, "source_draws": 205824, "status": "ENCODER_FROZEN"}
{"active_states": 162, "case": "v6_crossing_rescue_pair_0", "encoder_active_cells": 32, "sample_seed": 832101, "status": "SAMPLE_COMPLETE"}
{"active_states": 144, "case": "v6_crossing_rescue_pair_1", "encoder_active_cells": 35, "sample_seed": 832101, "status": "SAMPLE_COMPLETE"}
{"active_states": 173, "case": "v6_crossing_rescue_pair_2", "encoder_active_cells": 25, "sample_seed": 832101, "status": "SAMPLE_COMPLETE"}
{"active_states": 93, "case": "v6_crossing_rescue_pair_3", "encoder_active_cells": 23, "sample_seed": 832101, "status": "SAMPLE_COMPLETE"}
{"active_states": 8, "case": "v6_spawn_edge_rescue_0", "encoder_active_cells": 5, "sample_seed": 832101, "status": "SAMPLE_COMPLETE"}
{"active_states": 6, "case": "v6_spawn_edge_rescue_1", "encoder_active_cells": 5, "sample_seed": 832101, "status": "SAMPLE_COMPLETE"}
{"active_states": 6, "case": "v6_spawn_edge_rescue_2", "encoder_active_cells": 5, "sample_seed": 832101, "status": "SAMPLE_COMPLETE"}
{"active_states": 10, "case": "v6_spawn_edge_rescue_3", "encoder_active_cells": 6, "sample_seed": 832101, "status": "SAMPLE_COMPLETE"}
{"active_states": 93, "case": "v6_crossed_vacancy_goal_detour_0", "encoder_active_cells": 28, "sample_seed": 832101, "status": "SAMPLE_COMPLETE"}
{"active_states": 109, "case": "v6_crossed_vacancy_goal_detour_1", "encoder_active_cells": 31, "sample_seed": 832101, "status": "SAMPLE_COMPLETE"}
{"active_states": 105, "case": "v6_crossed_vacancy_goal_detour_2", "encoder_active_cells": 26, "sample_seed": 832101, "status": "SAMPLE_COMPLETE"}
{"active_states": 61, "case": "v6_crossed_vacancy_goal_detour_3", "encoder_active_cells": 16, "sample_seed": 832101, "status": "SAMPLE_COMPLETE"}
{"active_states": 6, "case": "v6_control_last_pair_spawn_risk", "encoder_active_cells": 3, "sample_seed": 832101, "status": "SAMPLE_COMPLETE"}
{"active_states": 202, "case": "v6_control_dense_merge_choice", "encoder_active_cells": 20, "sample_seed": 832101, "status": "SAMPLE_COMPLETE"}
{"active_states": 3, "case": "v6_control_adjacent_1024_goal", "encoder_active_cells": 2, "sample_seed": 832101, "status": "SAMPLE_COMPLETE"}
{"active_states": 13, "case": "exposed_left_successor_7", "encoder_active_cells": 7, "sample_seed": 832101, "status": "SAMPLE_COMPLETE"}
{"fit_seconds": 0.1837835480000649, "sample_seed": 832102, "source_case_count": 3, "source_draws": 205824, "status": "ENCODER_FROZEN"}
{"active_states": 162, "case": "v6_crossing_rescue_pair_0", "encoder_active_cells": 31, "sample_seed": 832102, "status": "SAMPLE_COMPLETE"}
{"active_states": 144, "case": "v6_crossing_rescue_pair_1", "encoder_active_cells": 35, "sample_seed": 832102, "status": "SAMPLE_COMPLETE"}
{"active_states": 173, "case": "v6_crossing_rescue_pair_2", "encoder_active_cells": 25, "sample_seed": 832102, "status": "SAMPLE_COMPLETE"}
{"active_states": 93, "case": "v6_crossing_rescue_pair_3", "encoder_active_cells": 23, "sample_seed": 832102, "status": "SAMPLE_COMPLETE"}
{"active_states": 8, "case": "v6_spawn_edge_rescue_0", "encoder_active_cells": 5, "sample_seed": 832102, "status": "SAMPLE_COMPLETE"}
{"active_states": 6, "case": "v6_spawn_edge_rescue_1", "encoder_active_cells": 5, "sample_seed": 832102, "status": "SAMPLE_COMPLETE"}
{"active_states": 6, "case": "v6_spawn_edge_rescue_2", "encoder_active_cells": 5, "sample_seed": 832102, "status": "SAMPLE_COMPLETE"}
{"active_states": 10, "case": "v6_spawn_edge_rescue_3", "encoder_active_cells": 6, "sample_seed": 832102, "status": "SAMPLE_COMPLETE"}
{"active_states": 93, "case": "v6_crossed_vacancy_goal_detour_0", "encoder_active_cells": 29, "sample_seed": 832102, "status": "SAMPLE_COMPLETE"}
{"active_states": 109, "case": "v6_crossed_vacancy_goal_detour_1", "encoder_active_cells": 31, "sample_seed": 832102, "status": "SAMPLE_COMPLETE"}
{"active_states": 105, "case": "v6_crossed_vacancy_goal_detour_2", "encoder_active_cells": 26, "sample_seed": 832102, "status": "SAMPLE_COMPLETE"}
{"active_states": 61, "case": "v6_crossed_vacancy_goal_detour_3", "encoder_active_cells": 18, "sample_seed": 832102, "status": "SAMPLE_COMPLETE"}
{"active_states": 6, "case": "v6_control_last_pair_spawn_risk", "encoder_active_cells": 3, "sample_seed": 832102, "status": "SAMPLE_COMPLETE"}
{"active_states": 202, "case": "v6_control_dense_merge_choice", "encoder_active_cells": 20, "sample_seed": 832102, "status": "SAMPLE_COMPLETE"}
{"active_states": 3, "case": "v6_control_adjacent_1024_goal", "encoder_active_cells": 2, "sample_seed": 832102, "status": "SAMPLE_COMPLETE"}
{"active_states": 13, "case": "exposed_left_successor_7", "encoder_active_cells": 7, "sample_seed": 832102, "status": "SAMPLE_COMPLETE"}
{"fit_seconds": 0.18221714199989947, "sample_seed": 832103, "source_case_count": 3, "source_draws": 205824, "status": "ENCODER_FROZEN"}
{"active_states": 162, "case": "v6_crossing_rescue_pair_0", "encoder_active_cells": 31, "sample_seed": 832103, "status": "SAMPLE_COMPLETE"}
{"active_states": 144, "case": "v6_crossing_rescue_pair_1", "encoder_active_cells": 35, "sample_seed": 832103, "status": "SAMPLE_COMPLETE"}
{"active_states": 173, "case": "v6_crossing_rescue_pair_2", "encoder_active_cells": 25, "sample_seed": 832103, "status": "SAMPLE_COMPLETE"}
{"active_states": 93, "case": "v6_crossing_rescue_pair_3", "encoder_active_cells": 22, "sample_seed": 832103, "status": "SAMPLE_COMPLETE"}
{"active_states": 8, "case": "v6_spawn_edge_rescue_0", "encoder_active_cells": 5, "sample_seed": 832103, "status": "SAMPLE_COMPLETE"}
{"active_states": 6, "case": "v6_spawn_edge_rescue_1", "encoder_active_cells": 5, "sample_seed": 832103, "status": "SAMPLE_COMPLETE"}
{"active_states": 6, "case": "v6_spawn_edge_rescue_2", "encoder_active_cells": 5, "sample_seed": 832103, "status": "SAMPLE_COMPLETE"}
{"active_states": 10, "case": "v6_spawn_edge_rescue_3", "encoder_active_cells": 6, "sample_seed": 832103, "status": "SAMPLE_COMPLETE"}
{"active_states": 93, "case": "v6_crossed_vacancy_goal_detour_0", "encoder_active_cells": 28, "sample_seed": 832103, "status": "SAMPLE_COMPLETE"}
{"active_states": 109, "case": "v6_crossed_vacancy_goal_detour_1", "encoder_active_cells": 31, "sample_seed": 832103, "status": "SAMPLE_COMPLETE"}
{"active_states": 105, "case": "v6_crossed_vacancy_goal_detour_2", "encoder_active_cells": 26, "sample_seed": 832103, "status": "SAMPLE_COMPLETE"}
{"active_states": 61, "case": "v6_crossed_vacancy_goal_detour_3", "encoder_active_cells": 16, "sample_seed": 832103, "status": "SAMPLE_COMPLETE"}
{"active_states": 6, "case": "v6_control_last_pair_spawn_risk", "encoder_active_cells": 3, "sample_seed": 832103, "status": "SAMPLE_COMPLETE"}
{"active_states": 202, "case": "v6_control_dense_merge_choice", "encoder_active_cells": 20, "sample_seed": 832103, "status": "SAMPLE_COMPLETE"}
{"active_states": 3, "case": "v6_control_adjacent_1024_goal", "encoder_active_cells": 2, "sample_seed": 832103, "status": "SAMPLE_COMPLETE"}
{"active_states": 13, "case": "exposed_left_successor_7", "encoder_active_cells": 7, "sample_seed": 832103, "status": "SAMPLE_COMPLETE"}
{"status": "DEVELOPMENT_COMPLETE", "output": "/home/erzhu419/mine_code/acfqp-controlled-predictive-quotient-exploration/reports/controlled_predictive_encoder_comparison_v7.json"}
