{"phase": "learned", "lifecycle": 0, "episodes": 15, "transitions": 3427, "records": 1746, "revised_accepts": 0, "source_outcomes": {"LOST": 15}}
{"phase": "game", "lifecycle": 0, "episodes": 15, "method": "H2_ONLY", "query": "reward", "replica": 0, "score": 7112, "status": "LOST", "steps": 490, "seconds": 0.385}
{"phase": "game", "lifecycle": 0, "episodes": 15, "method": "FROZEN_PLAN", "query": "reward", "replica": 0, "score": 4756, "status": "LOST", "steps": 333, "seconds": 0.326}
{"phase": "game", "lifecycle": 0, "episodes": 15, "method": "FIXED_PLAN", "query": "reward", "replica": 0, "score": 4756, "status": "LOST", "steps": 333, "seconds": 0.327}
{"phase": "game", "lifecycle": 0, "episodes": 15, "method": "REVISED_PLAN", "query": "reward", "replica": 0, "score": 4756, "status": "LOST", "steps": 333, "seconds": 0.326}
{"phase": "game", "lifecycle": 0, "episodes": 15, "method": "REVISED_DIRECT", "query": "reward", "replica": 0, "score": 988, "status": "LOST", "steps": 117, "seconds": 0.038}
{"phase": "game", "lifecycle": 0, "episodes": 15, "method": "FROZEN_PLAN", "query": "risk_goal", "replica": 0, "score": 7216, "status": "LOST", "steps": 500, "seconds": 0.484}
{"phase": "game", "lifecycle": 0, "episodes": 15, "method": "FIXED_PLAN", "query": "risk_goal", "replica": 0, "score": 7216, "status": "LOST", "steps": 500, "seconds": 0.485}
{"phase": "game", "lifecycle": 0, "episodes": 15, "method": "REVISED_PLAN", "query": "risk_goal", "replica": 0, "score": 7216, "status": "LOST", "steps": 500, "seconds": 0.483}
{"phase": "game", "lifecycle": 0, "episodes": 15, "method": "REVISED_DIRECT", "query": "risk_goal", "replica": 0, "score": 988, "status": "LOST", "steps": 117, "seconds": 0.039}
{"phase": "game", "lifecycle": 0, "episodes": 15, "method": "H2_ONLY", "query": "risk_goal", "replica": 0, "score": 7112, "status": "LOST", "steps": 490, "seconds": 0.328}
{"phase": "game", "lifecycle": 0, "episodes": 15, "method": "FROZEN_PLAN", "query": "reward", "replica": 1, "score": 1412, "status": "LOST", "steps": 142, "seconds": 0.143}
{"phase": "game", "lifecycle": 0, "episodes": 15, "method": "FIXED_PLAN", "query": "reward", "replica": 1, "score": 1412, "status": "LOST", "steps": 142, "seconds": 0.141}
{"phase": "game", "lifecycle": 0, "episodes": 15, "method": "REVISED_PLAN", "query": "reward", "replica": 1, "score": 1412, "status": "LOST", "steps": 142, "seconds": 0.141}
{"phase": "game", "lifecycle": 0, "episodes": 15, "method": "REVISED_DIRECT", "query": "reward", "replica": 1, "score": 2444, "status": "LOST", "steps": 204, "seconds": 0.064}
{"phase": "game", "lifecycle": 0, "episodes": 15, "method": "H2_ONLY", "query": "reward", "replica": 1, "score": 5428, "status": "LOST", "steps": 373, "seconds": 0.252}
{"phase": "game", "lifecycle": 0, "episodes": 15, "method": "FIXED_PLAN", "query": "risk_goal", "replica": 1, "score": 3200, "status": "LOST", "steps": 263, "seconds": 0.267}
{"phase": "game", "lifecycle": 0, "episodes": 15, "method": "REVISED_PLAN", "query": "risk_goal", "replica": 1, "score": 3200, "status": "LOST", "steps": 263, "seconds": 0.268}
{"phase": "game", "lifecycle": 0, "episodes": 15, "method": "REVISED_DIRECT", "query": "risk_goal", "replica": 1, "score": 2188, "status": "LOST", "steps": 181, "seconds": 0.06}
{"phase": "game", "lifecycle": 0, "episodes": 15, "method": "H2_ONLY", "query": "risk_goal", "replica": 1, "score": 7024, "status": "LOST", "steps": 472, "seconds": 0.315}
{"phase": "game", "lifecycle": 0, "episodes": 15, "method": "FROZEN_PLAN", "query": "risk_goal", "replica": 1, "score": 3200, "status": "LOST", "steps": 263, "seconds": 0.274}
{"phase": "learned", "lifecycle": 0, "episodes": 39, "transitions": 9290, "records": 4728, "revised_accepts": 2, "source_outcomes": {"LOST": 39}}
{"phase": "game", "lifecycle": 0, "episodes": 39, "method": "FROZEN_PLAN", "query": "reward", "replica": 0, "score": 4756, "status": "LOST", "steps": 333, "seconds": 0.338}
{"phase": "game", "lifecycle": 0, "episodes": 39, "method": "FIXED_PLAN", "query": "reward", "replica": 0, "score": 11748, "status": "LOST", "steps": 698, "seconds": 0.7}
{"phase": "game", "lifecycle": 0, "episodes": 39, "method": "REVISED_PLAN", "query": "reward", "replica": 0, "score": 1180, "status": "LOST", "steps": 128, "seconds": 0.134}
{"phase": "game", "lifecycle": 0, "episodes": 39, "method": "REVISED_DIRECT", "query": "reward", "replica": 0, "score": 732, "status": "LOST", "steps": 90, "seconds": 0.032}
{"phase": "game", "lifecycle": 0, "episodes": 39, "method": "H2_ONLY", "query": "reward", "replica": 0, "score": 7112, "status": "LOST", "steps": 490, "seconds": 0.333}
{"phase": "game", "lifecycle": 0, "episodes": 39, "method": "FIXED_PLAN", "query": "risk_goal", "replica": 0, "score": 3068, "status": "LOST", "steps": 252, "seconds": 0.256}
{"phase": "game", "lifecycle": 0, "episodes": 39, "method": "REVISED_PLAN", "query": "risk_goal", "replica": 0, "score": 1180, "status": "LOST", "steps": 128, "seconds": 0.135}
{"phase": "game", "lifecycle": 0, "episodes": 39, "method": "REVISED_DIRECT", "query": "risk_goal", "replica": 0, "score": 732, "status": "LOST", "steps": 90, "seconds": 0.031}
{"phase": "game", "lifecycle": 0, "episodes": 39, "method": "H2_ONLY", "query": "risk_goal", "replica": 0, "score": 7112, "status": "LOST", "steps": 490, "seconds": 0.382}
{"phase": "game", "lifecycle": 0, "episodes": 39, "method": "FROZEN_PLAN", "query": "risk_goal", "replica": 0, "score": 7216, "status": "LOST", "steps": 500, "seconds": 0.487}
{"phase": "game", "lifecycle": 0, "episodes": 39, "method": "FIXED_PLAN", "query": "reward", "replica": 1, "score": 3152, "status": "LOST", "steps": 256, "seconds": 0.253}
{"phase": "game", "lifecycle": 0, "episodes": 39, "method": "REVISED_PLAN", "query": "reward", "replica": 1, "score": 5172, "status": "LOST", "steps": 350, "seconds": 0.356}
{"phase": "game", "lifecycle": 0, "episodes": 39, "method": "REVISED_DIRECT", "query": "reward", "replica": 1, "score": 1532, "status": "LOST", "steps": 149, "seconds": 0.053}
{"phase": "game", "lifecycle": 0, "episodes": 39, "method": "H2_ONLY", "query": "reward", "replica": 1, "score": 5428, "status": "LOST", "steps": 373, "seconds": 0.251}
{"phase": "game", "lifecycle": 0, "episodes": 39, "method": "FROZEN_PLAN", "query": "reward", "replica": 1, "score": 1412, "status": "LOST", "steps": 142, "seconds": 0.144}
{"phase": "game", "lifecycle": 0, "episodes": 39, "method": "REVISED_PLAN", "query": "risk_goal", "replica": 1, "score": 2844, "status": "LOST", "steps": 228, "seconds": 0.241}
{"phase": "game", "lifecycle": 0, "episodes": 39, "method": "REVISED_DIRECT", "query": "risk_goal", "replica": 1, "score": 1088, "status": "LOST", "steps": 112, "seconds": 0.04}
{"phase": "game", "lifecycle": 0, "episodes": 39, "method": "H2_ONLY", "query": "risk_goal", "replica": 1, "score": 7024, "status": "LOST", "steps": 472, "seconds": 0.316}
{"phase": "game", "lifecycle": 0, "episodes": 39, "method": "FROZEN_PLAN", "query": "risk_goal", "replica": 1, "score": 3200, "status": "LOST", "steps": 263, "seconds": 0.268}
{"phase": "game", "lifecycle": 0, "episodes": 39, "method": "FIXED_PLAN", "query": "risk_goal", "replica": 1, "score": 3140, "status": "LOST", "steps": 254, "seconds": 0.25}
{"phase": "learned", "lifecycle": 0, "episodes": 75, "transitions": 17905, "records": 9118, "revised_accepts": 4, "source_outcomes": {"LOST": 75}}
{"phase": "game", "lifecycle": 0, "episodes": 75, "method": "FIXED_PLAN", "query": "reward", "replica": 0, "score": 11608, "status": "LOST", "steps": 690, "seconds": 0.694}
{"phase": "game", "lifecycle": 0, "episodes": 75, "method": "REVISED_PLAN", "query": "reward", "replica": 0, "score": 5508, "status": "LOST", "steps": 386, "seconds": 0.411}
{"phase": "game", "lifecycle": 0, "episodes": 75, "method": "REVISED_DIRECT", "query": "reward", "replica": 0, "score": 2292, "status": "LOST", "steps": 198, "seconds": 0.129}
{"phase": "game", "lifecycle": 0, "episodes": 75, "method": "H2_ONLY", "query": "reward", "replica": 0, "score": 7112, "status": "LOST", "steps": 490, "seconds": 0.337}
{"phase": "game", "lifecycle": 0, "episodes": 75, "method": "FROZEN_PLAN", "query": "reward", "replica": 0, "score": 4756, "status": "LOST", "steps": 333, "seconds": 0.336}
{"phase": "game", "lifecycle": 0, "episodes": 75, "method": "REVISED_PLAN", "query": "risk_goal", "replica": 0, "score": 3056, "status": "LOST", "steps": 250, "seconds": 0.274}
{"phase": "game", "lifecycle": 0, "episodes": 75, "method": "REVISED_DIRECT", "query": "risk_goal", "replica": 0, "score": 1704, "status": "LOST", "steps": 171, "seconds": 0.071}
{"phase": "game", "lifecycle": 0, "episodes": 75, "method": "H2_ONLY", "query": "risk_goal", "replica": 0, "score": 7112, "status": "LOST", "steps": 490, "seconds": 0.336}
{"phase": "game", "lifecycle": 0, "episodes": 75, "method": "FROZEN_PLAN", "query": "risk_goal", "replica": 0, "score": 7216, "status": "LOST", "steps": 500, "seconds": 0.497}
{"phase": "game", "lifecycle": 0, "episodes": 75, "method": "FIXED_PLAN", "query": "risk_goal", "replica": 0, "score": 3196, "status": "LOST", "steps": 267, "seconds": 0.27}
{"phase": "game", "lifecycle": 0, "episodes": 75, "method": "REVISED_PLAN", "query": "reward", "replica": 1, "score": 3456, "status": "LOST", "steps": 283, "seconds": 0.302}
{"phase": "game", "lifecycle": 0, "episodes": 75, "method": "REVISED_DIRECT", "query": "reward", "replica": 1, "score": 680, "status": "LOST", "steps": 87, "seconds": 0.036}
{"phase": "game", "lifecycle": 0, "episodes": 75, "method": "H2_ONLY", "query": "reward", "replica": 1, "score": 5428, "status": "LOST", "steps": 373, "seconds": 0.252}
{"phase": "game", "lifecycle": 0, "episodes": 75, "method": "FROZEN_PLAN", "query": "reward", "replica": 1, "score": 1412, "status": "LOST", "steps": 142, "seconds": 0.143}
{"phase": "game", "lifecycle": 0, "episodes": 75, "method": "FIXED_PLAN", "query": "reward", "replica": 1, "score": 7068, "status": "LOST", "steps": 478, "seconds": 0.475}
{"phase": "game", "lifecycle": 0, "episodes": 75, "method": "REVISED_DIRECT", "query": "risk_goal", "replica": 1, "score": 524, "status": "LOST", "steps": 76, "seconds": 0.032}
{"phase": "game", "lifecycle": 0, "episodes": 75, "method": "H2_ONLY", "query": "risk_goal", "replica": 1, "score": 7024, "status": "LOST", "steps": 472, "seconds": 0.323}
{"phase": "game", "lifecycle": 0, "episodes": 75, "method": "FROZEN_PLAN", "query": "risk_goal", "replica": 1, "score": 3200, "status": "LOST", "steps": 263, "seconds": 0.261}
{"phase": "game", "lifecycle": 0, "episodes": 75, "method": "FIXED_PLAN", "query": "risk_goal", "replica": 1, "score": 2316, "status": "LOST", "steps": 217, "seconds": 0.218}
{"phase": "game", "lifecycle": 0, "episodes": 75, "method": "REVISED_PLAN", "query": "risk_goal", "replica": 1, "score": 3456, "status": "LOST", "steps": 283, "seconds": 0.297}
{"phase": "learned", "lifecycle": 1, "episodes": 15, "transitions": 3109, "records": 1592, "revised_accepts": 0, "source_outcomes": {"LOST": 15}}
{"phase": "game", "lifecycle": 1, "episodes": 15, "method": "FROZEN_PLAN", "query": "reward", "replica": 0, "score": 7396, "status": "LOST", "steps": 516, "seconds": 0.485}
{"phase": "game", "lifecycle": 1, "episodes": 15, "method": "FIXED_PLAN", "query": "reward", "replica": 0, "score": 7396, "status": "LOST", "steps": 516, "seconds": 0.491}
{"phase": "game", "lifecycle": 1, "episodes": 15, "method": "REVISED_PLAN", "query": "reward", "replica": 0, "score": 7396, "status": "LOST", "steps": 516, "seconds": 0.492}
{"phase": "game", "lifecycle": 1, "episodes": 15, "method": "REVISED_DIRECT", "query": "reward", "replica": 0, "score": 1296, "status": "LOST", "steps": 132, "seconds": 0.043}
{"phase": "game", "lifecycle": 1, "episodes": 15, "method": "H2_ONLY", "query": "reward", "replica": 0, "score": 7080, "status": "LOST", "steps": 486, "seconds": 0.333}
{"phase": "game", "lifecycle": 1, "episodes": 15, "method": "FIXED_PLAN", "query": "risk_goal", "replica": 0, "score": 7052, "status": "LOST", "steps": 483, "seconds": 0.46}
{"phase": "game", "lifecycle": 1, "episodes": 15, "method": "REVISED_PLAN", "query": "risk_goal", "replica": 0, "score": 7052, "status": "LOST", "steps": 483, "seconds": 0.462}
{"phase": "game", "lifecycle": 1, "episodes": 15, "method": "REVISED_DIRECT", "query": "risk_goal", "replica": 0, "score": 752, "status": "LOST", "steps": 100, "seconds": 0.04}
{"phase": "game", "lifecycle": 1, "episodes": 15, "method": "H2_ONLY", "query": "risk_goal", "replica": 0, "score": 7080, "status": "LOST", "steps": 486, "seconds": 0.328}
{"phase": "game", "lifecycle": 1, "episodes": 15, "method": "FROZEN_PLAN", "query": "risk_goal", "replica": 0, "score": 7052, "status": "LOST", "steps": 483, "seconds": 0.455}
{"phase": "game", "lifecycle": 1, "episodes": 15, "method": "FIXED_PLAN", "query": "reward", "replica": 1, "score": 3392, "status": "LOST", "steps": 280, "seconds": 0.274}
{"phase": "game", "lifecycle": 1, "episodes": 15, "method": "REVISED_PLAN", "query": "reward", "replica": 1, "score": 3392, "status": "LOST", "steps": 280, "seconds": 0.272}
{"phase": "game", "lifecycle": 1, "episodes": 15, "method": "REVISED_DIRECT", "query": "reward", "replica": 1, "score": 1248, "status": "LOST", "steps": 129, "seconds": 0.045}
{"phase": "game", "lifecycle": 1, "episodes": 15, "method": "H2_ONLY", "query": "reward", "replica": 1, "score": 3884, "status": "LOST", "steps": 315, "seconds": 0.208}
{"phase": "game", "lifecycle": 1, "episodes": 15, "method": "FROZEN_PLAN", "query": "reward", "replica": 1, "score": 3392, "status": "LOST", "steps": 280, "seconds": 0.272}
{"phase": "game", "lifecycle": 1, "episodes": 15, "method": "REVISED_PLAN", "query": "risk_goal", "replica": 1, "score": 3940, "status": "LOST", "steps": 295, "seconds": 0.288}
{"phase": "game", "lifecycle": 1, "episodes": 15, "method": "REVISED_DIRECT", "query": "risk_goal", "replica": 1, "score": 696, "status": "LOST", "steps": 91, "seconds": 0.029}
{"phase": "game", "lifecycle": 1, "episodes": 15, "method": "H2_ONLY", "query": "risk_goal", "replica": 1, "score": 3884, "status": "LOST", "steps": 315, "seconds": 0.207}
{"phase": "game", "lifecycle": 1, "episodes": 15, "method": "FROZEN_PLAN", "query": "risk_goal", "replica": 1, "score": 3940, "status": "LOST", "steps": 295, "seconds": 0.287}
{"phase": "game", "lifecycle": 1, "episodes": 15, "method": "FIXED_PLAN", "query": "risk_goal", "replica": 1, "score": 3940, "status": "LOST", "steps": 295, "seconds": 0.286}
{"phase": "learned", "lifecycle": 1, "episodes": 39, "transitions": 9533, "records": 4856, "revised_accepts": 0, "source_outcomes": {"LOST": 39}}
{"phase": "game", "lifecycle": 1, "episodes": 39, "method": "FIXED_PLAN", "query": "reward", "replica": 0, "score": 6372, "status": "LOST", "steps": 434, "seconds": 0.425}
{"phase": "game", "lifecycle": 1, "episodes": 39, "method": "REVISED_PLAN", "query": "reward", "replica": 0, "score": 6372, "status": "LOST", "steps": 434, "seconds": 0.429}
{"phase": "game", "lifecycle": 1, "episodes": 39, "method": "REVISED_DIRECT", "query": "reward", "replica": 0, "score": 1544, "status": "LOST", "steps": 155, "seconds": 0.051}
{"phase": "game", "lifecycle": 1, "episodes": 39, "method": "H2_ONLY", "query": "reward", "replica": 0, "score": 7080, "status": "LOST", "steps": 486, "seconds": 0.334}
{"phase": "game", "lifecycle": 1, "episodes": 39, "method": "FROZEN_PLAN", "query": "reward", "replica": 0, "score": 7396, "status": "LOST", "steps": 516, "seconds": 0.493}
{"phase": "game", "lifecycle": 1, "episodes": 39, "method": "REVISED_PLAN", "query": "risk_goal", "replica": 0, "score": 3132, "status": "LOST", "steps": 260, "seconds": 0.26}
{"phase": "game", "lifecycle": 1, "episodes": 39, "method": "REVISED_DIRECT", "query": "risk_goal", "replica": 0, "score": 2452, "status": "LOST", "steps": 229, "seconds": 0.076}
{"phase": "game", "lifecycle": 1, "episodes": 39, "method": "H2_ONLY", "query": "risk_goal", "replica": 0, "score": 7080, "status": "LOST", "steps": 486, "seconds": 0.335}
{"phase": "game", "lifecycle": 1, "episodes": 39, "method": "FROZEN_PLAN", "query": "risk_goal", "replica": 0, "score": 7052, "status": "LOST", "steps": 483, "seconds": 0.466}
{"phase": "game", "lifecycle": 1, "episodes": 39, "method": "FIXED_PLAN", "query": "risk_goal", "replica": 0, "score": 3132, "status": "LOST", "steps": 260, "seconds": 0.261}
{"phase": "game", "lifecycle": 1, "episodes": 39, "method": "REVISED_PLAN", "query": "reward", "replica": 1, "score": 5444, "status": "LOST", "steps": 381, "seconds": 0.39}
{"phase": "game", "lifecycle": 1, "episodes": 39, "method": "REVISED_DIRECT", "query": "reward", "replica": 1, "score": 956, "status": "LOST", "steps": 113, "seconds": 0.037}
{"phase": "game", "lifecycle": 1, "episodes": 39, "method": "H2_ONLY", "query": "reward", "replica": 1, "score": 3884, "status": "LOST", "steps": 315, "seconds": 0.207}
{"phase": "game", "lifecycle": 1, "episodes": 39, "method": "FROZEN_PLAN", "query": "reward", "replica": 1, "score": 3392, "status": "LOST", "steps": 280, "seconds": 0.272}
{"phase": "game", "lifecycle": 1, "episodes": 39, "method": "FIXED_PLAN", "query": "reward", "replica": 1, "score": 5444, "status": "LOST", "steps": 381, "seconds": 0.385}
{"phase": "game", "lifecycle": 1, "episodes": 39, "method": "REVISED_DIRECT", "query": "risk_goal", "replica": 1, "score": 1532, "status": "LOST", "steps": 156, "seconds": 0.052}
{"phase": "game", "lifecycle": 1, "episodes": 39, "method": "H2_ONLY", "query": "risk_goal", "replica": 1, "score": 3884, "status": "LOST", "steps": 315, "seconds": 0.212}
{"phase": "game", "lifecycle": 1, "episodes": 39, "method": "FROZEN_PLAN", "query": "risk_goal", "replica": 1, "score": 3940, "status": "LOST", "steps": 295, "seconds": 0.283}
{"phase": "game", "lifecycle": 1, "episodes": 39, "method": "FIXED_PLAN", "query": "risk_goal", "replica": 1, "score": 1744, "status": "LOST", "steps": 176, "seconds": 0.177}
{"phase": "game", "lifecycle": 1, "episodes": 39, "method": "REVISED_PLAN", "query": "risk_goal", "replica": 1, "score": 1744, "status": "LOST", "steps": 176, "seconds": 0.177}
{"phase": "learned", "lifecycle": 1, "episodes": 75, "transitions": 18750, "records": 9540, "revised_accepts": 1, "source_outcomes": {"LOST": 75}}
{"phase": "game", "lifecycle": 1, "episodes": 75, "method": "REVISED_PLAN", "query": "reward", "replica": 0, "score": 1252, "status": "LOST", "steps": 134, "seconds": 0.137}
{"phase": "game", "lifecycle": 1, "episodes": 75, "method": "REVISED_DIRECT", "query": "reward", "replica": 0, "score": 1436, "status": "LOST", "steps": 148, "seconds": 0.052}
{"phase": "game", "lifecycle": 1, "episodes": 75, "method": "H2_ONLY", "query": "reward", "replica": 0, "score": 7080, "status": "LOST", "steps": 486, "seconds": 0.335}
{"phase": "game", "lifecycle": 1, "episodes": 75, "method": "FROZEN_PLAN", "query": "reward", "replica": 0, "score": 7396, "status": "LOST", "steps": 516, "seconds": 0.493}
{"phase": "game", "lifecycle": 1, "episodes": 75, "method": "FIXED_PLAN", "query": "reward", "replica": 0, "score": 6372, "status": "LOST", "steps": 434, "seconds": 0.439}
{"phase": "game", "lifecycle": 1, "episodes": 75, "method": "REVISED_DIRECT", "query": "risk_goal", "replica": 0, "score": 1504, "status": "LOST", "steps": 154, "seconds": 0.056}
{"phase": "game", "lifecycle": 1, "episodes": 75, "method": "H2_ONLY", "query": "risk_goal", "replica": 0, "score": 7080, "status": "LOST", "steps": 486, "seconds": 0.327}
{"phase": "game", "lifecycle": 1, "episodes": 75, "method": "FROZEN_PLAN", "query": "risk_goal", "replica": 0, "score": 7052, "status": "LOST", "steps": 483, "seconds": 0.463}
{"phase": "game", "lifecycle": 1, "episodes": 75, "method": "FIXED_PLAN", "query": "risk_goal", "replica": 0, "score": 1904, "status": "LOST", "steps": 192, "seconds": 0.192}
{"phase": "game", "lifecycle": 1, "episodes": 75, "method": "REVISED_PLAN", "query": "risk_goal", "replica": 0, "score": 5424, "status": "LOST", "steps": 381, "seconds": 0.378}
{"phase": "game", "lifecycle": 1, "episodes": 75, "method": "REVISED_DIRECT", "query": "reward", "replica": 1, "score": 720, "status": "LOST", "steps": 94, "seconds": 0.035}
{"phase": "game", "lifecycle": 1, "episodes": 75, "method": "H2_ONLY", "query": "reward", "replica": 1, "score": 3884, "status": "LOST", "steps": 315, "seconds": 0.207}
{"phase": "game", "lifecycle": 1, "episodes": 75, "method": "FROZEN_PLAN", "query": "reward", "replica": 1, "score": 3392, "status": "LOST", "steps": 280, "seconds": 0.273}
{"phase": "game", "lifecycle": 1, "episodes": 75, "method": "FIXED_PLAN", "query": "reward", "replica": 1, "score": 5532, "status": "LOST", "steps": 382, "seconds": 0.374}
{"phase": "game", "lifecycle": 1, "episodes": 75, "method": "REVISED_PLAN", "query": "reward", "replica": 1, "score": 2356, "status": "LOST", "steps": 198, "seconds": 0.204}
{"phase": "game", "lifecycle": 1, "episodes": 75, "method": "H2_ONLY", "query": "risk_goal", "replica": 1, "score": 3884, "status": "LOST", "steps": 315, "seconds": 0.259}
{"phase": "game", "lifecycle": 1, "episodes": 75, "method": "FROZEN_PLAN", "query": "risk_goal", "replica": 1, "score": 3940, "status": "LOST", "steps": 295, "seconds": 0.286}
{"phase": "game", "lifecycle": 1, "episodes": 75, "method": "FIXED_PLAN", "query": "risk_goal", "replica": 1, "score": 1408, "status": "LOST", "steps": 143, "seconds": 0.145}
{"phase": "game", "lifecycle": 1, "episodes": 75, "method": "REVISED_PLAN", "query": "risk_goal", "replica": 1, "score": 6900, "status": "LOST", "steps": 473, "seconds": 0.485}
{"phase": "game", "lifecycle": 1, "episodes": 75, "method": "REVISED_DIRECT", "query": "risk_goal", "replica": 1, "score": 1172, "status": "LOST", "steps": 126, "seconds": 0.045}
{"phase": "learned", "lifecycle": 2, "episodes": 15, "transitions": 4090, "records": 2084, "revised_accepts": 0, "source_outcomes": {"LOST": 15}}
{"phase": "game", "lifecycle": 2, "episodes": 15, "method": "FIXED_PLAN", "query": "reward", "replica": 0, "score": 1364, "status": "LOST", "steps": 140, "seconds": 0.142}
{"phase": "game", "lifecycle": 2, "episodes": 15, "method": "REVISED_PLAN", "query": "reward", "replica": 0, "score": 1364, "status": "LOST", "steps": 140, "seconds": 0.14}
{"phase": "game", "lifecycle": 2, "episodes": 15, "method": "REVISED_DIRECT", "query": "reward", "replica": 0, "score": 1096, "status": "LOST", "steps": 127, "seconds": 0.041}
{"phase": "game", "lifecycle": 2, "episodes": 15, "method": "H2_ONLY", "query": "reward", "replica": 0, "score": 8812, "status": "LOST", "steps": 600, "seconds": 0.401}
{"phase": "game", "lifecycle": 2, "episodes": 15, "method": "FROZEN_PLAN", "query": "reward", "replica": 0, "score": 1364, "status": "LOST", "steps": 140, "seconds": 0.14}
{"phase": "game", "lifecycle": 2, "episodes": 15, "method": "REVISED_PLAN", "query": "risk_goal", "replica": 0, "score": 3628, "status": "LOST", "steps": 296, "seconds": 0.309}
{"phase": "game", "lifecycle": 2, "episodes": 15, "method": "REVISED_DIRECT", "query": "risk_goal", "replica": 0, "score": 732, "status": "LOST", "steps": 96, "seconds": 0.032}
{"phase": "game", "lifecycle": 2, "episodes": 15, "method": "H2_ONLY", "query": "risk_goal", "replica": 0, "score": 8148, "status": "LOST", "steps": 556, "seconds": 0.378}
{"phase": "game", "lifecycle": 2, "episodes": 15, "method": "FROZEN_PLAN", "query": "risk_goal", "replica": 0, "score": 3628, "status": "LOST", "steps": 296, "seconds": 0.301}
{"phase": "game", "lifecycle": 2, "episodes": 15, "method": "FIXED_PLAN", "query": "risk_goal", "replica": 0, "score": 3628, "status": "LOST", "steps": 296, "seconds": 0.297}
{"phase": "game", "lifecycle": 2, "episodes": 15, "method": "REVISED_PLAN", "query": "reward", "replica": 1, "score": 7168, "status": "LOST", "steps": 491, "seconds": 0.478}
{"phase": "game", "lifecycle": 2, "episodes": 15, "method": "REVISED_DIRECT", "query": "reward", "replica": 1, "score": 1216, "status": "LOST", "steps": 137, "seconds": 0.044}
{"phase": "game", "lifecycle": 2, "episodes": 15, "method": "H2_ONLY", "query": "reward", "replica": 1, "score": 14848, "status": "LOST", "steps": 864, "seconds": 0.596}
{"phase": "game", "lifecycle": 2, "episodes": 15, "method": "FROZEN_PLAN", "query": "reward", "replica": 1, "score": 7168, "status": "LOST", "steps": 491, "seconds": 0.481}
{"phase": "game", "lifecycle": 2, "episodes": 15, "method": "FIXED_PLAN", "query": "reward", "replica": 1, "score": 7168, "status": "LOST", "steps": 491, "seconds": 0.479}
{"phase": "game", "lifecycle": 2, "episodes": 15, "method": "REVISED_DIRECT", "query": "risk_goal", "replica": 1, "score": 936, "status": "LOST", "steps": 109, "seconds": 0.036}
{"phase": "game", "lifecycle": 2, "episodes": 15, "method": "H2_ONLY", "query": "risk_goal", "replica": 1, "score": 14460, "status": "LOST", "steps": 842, "seconds": 0.573}
{"phase": "game", "lifecycle": 2, "episodes": 15, "method": "FROZEN_PLAN", "query": "risk_goal", "replica": 1, "score": 4880, "status": "LOST", "steps": 336, "seconds": 0.331}
{"phase": "game", "lifecycle": 2, "episodes": 15, "method": "FIXED_PLAN", "query": "risk_goal", "replica": 1, "score": 4880, "status": "LOST", "steps": 336, "seconds": 0.338}
{"phase": "game", "lifecycle": 2, "episodes": 15, "method": "REVISED_PLAN", "query": "risk_goal", "replica": 1, "score": 4880, "status": "LOST", "steps": 336, "seconds": 0.327}
{"phase": "learned", "lifecycle": 2, "episodes": 39, "transitions": 10775, "records": 5482, "revised_accepts": 0, "source_outcomes": {"LOST": 39}}
{"phase": "game", "lifecycle": 2, "episodes": 39, "method": "REVISED_PLAN", "query": "reward", "replica": 0, "score": 7568, "status": "LOST", "steps": 524, "seconds": 0.531}
{"phase": "game", "lifecycle": 2, "episodes": 39, "method": "REVISED_DIRECT", "query": "reward", "replica": 0, "score": 2384, "status": "LOST", "steps": 205, "seconds": 0.069}
{"phase": "game", "lifecycle": 2, "episodes": 39, "method": "H2_ONLY", "query": "reward", "replica": 0, "score": 8812, "status": "LOST", "steps": 600, "seconds": 0.408}
{"phase": "game", "lifecycle": 2, "episodes": 39, "method": "FROZEN_PLAN", "query": "reward", "replica": 0, "score": 1364, "status": "LOST", "steps": 140, "seconds": 0.143}
{"phase": "game", "lifecycle": 2, "episodes": 39, "method": "FIXED_PLAN", "query": "reward", "replica": 0, "score": 7568, "status": "LOST", "steps": 524, "seconds": 0.53}
{"phase": "game", "lifecycle": 2, "episodes": 39, "method": "REVISED_DIRECT", "query": "risk_goal", "replica": 0, "score": 576, "status": "LOST", "steps": 79, "seconds": 0.027}
{"phase": "game", "lifecycle": 2, "episodes": 39, "method": "H2_ONLY", "query": "risk_goal", "replica": 0, "score": 8148, "status": "LOST", "steps": 556, "seconds": 0.382}
{"phase": "game", "lifecycle": 2, "episodes": 39, "method": "FROZEN_PLAN", "query": "risk_goal", "replica": 0, "score": 3628, "status": "LOST", "steps": 296, "seconds": 0.3}
{"phase": "game", "lifecycle": 2, "episodes": 39, "method": "FIXED_PLAN", "query": "risk_goal", "replica": 0, "score": 5480, "status": "LOST", "steps": 387, "seconds": 0.386}
{"phase": "game", "lifecycle": 2, "episodes": 39, "method": "REVISED_PLAN", "query": "risk_goal", "replica": 0, "score": 5480, "status": "LOST", "steps": 387, "seconds": 0.387}
{"phase": "game", "lifecycle": 2, "episodes": 39, "method": "REVISED_DIRECT", "query": "reward", "replica": 1, "score": 3008, "status": "LOST", "steps": 242, "seconds": 0.083}
{"phase": "game", "lifecycle": 2, "episodes": 39, "method": "H2_ONLY", "query": "reward", "replica": 1, "score": 14848, "status": "LOST", "steps": 864, "seconds": 0.62}
{"phase": "game", "lifecycle": 2, "episodes": 39, "method": "FROZEN_PLAN", "query": "reward", "replica": 1, "score": 7168, "status": "LOST", "steps": 491, "seconds": 0.478}
{"phase": "game", "lifecycle": 2, "episodes": 39, "method": "FIXED_PLAN", "query": "reward", "replica": 1, "score": 6692, "status": "LOST", "steps": 457, "seconds": 0.461}
{"phase": "game", "lifecycle": 2, "episodes": 39, "method": "REVISED_PLAN", "query": "reward", "replica": 1, "score": 6692, "status": "LOST", "steps": 457, "seconds": 0.459}
{"phase": "game", "lifecycle": 2, "episodes": 39, "method": "H2_ONLY", "query": "risk_goal", "replica": 1, "score": 14460, "status": "LOST", "steps": 842, "seconds": 0.619}
{"phase": "game", "lifecycle": 2, "episodes": 39, "method": "FROZEN_PLAN", "query": "risk_goal", "replica": 1, "score": 4880, "status": "LOST", "steps": 336, "seconds": 0.332}
{"phase": "game", "lifecycle": 2, "episodes": 39, "method": "FIXED_PLAN", "query": "risk_goal", "replica": 1, "score": 3396, "status": "LOST", "steps": 275, "seconds": 0.267}
{"phase": "game", "lifecycle": 2, "episodes": 39, "method": "REVISED_PLAN", "query": "risk_goal", "replica": 1, "score": 3396, "status": "LOST", "steps": 275, "seconds": 0.263}
{"phase": "game", "lifecycle": 2, "episodes": 39, "method": "REVISED_DIRECT", "query": "risk_goal", "replica": 1, "score": 1432, "status": "LOST", "steps": 147, "seconds": 0.048}
{"phase": "learned", "lifecycle": 2, "episodes": 75, "transitions": 19829, "records": 10086, "revised_accepts": 1, "source_outcomes": {"LOST": 75}}
{"phase": "game", "lifecycle": 2, "episodes": 75, "method": "REVISED_DIRECT", "query": "reward", "replica": 0, "score": 876, "status": "LOST", "steps": 105, "seconds": 0.038}
{"phase": "game", "lifecycle": 2, "episodes": 75, "method": "H2_ONLY", "query": "reward", "replica": 0, "score": 8812, "status": "LOST", "steps": 600, "seconds": 0.401}
{"phase": "game", "lifecycle": 2, "episodes": 75, "method": "FROZEN_PLAN", "query": "reward", "replica": 0, "score": 1364, "status": "LOST", "steps": 140, "seconds": 0.143}
{"phase": "game", "lifecycle": 2, "episodes": 75, "method": "FIXED_PLAN", "query": "reward", "replica": 0, "score": 7176, "status": "LOST", "steps": 498, "seconds": 0.498}
{"phase": "game", "lifecycle": 2, "episodes": 75, "method": "REVISED_PLAN", "query": "reward", "replica": 0, "score": 2912, "status": "LOST", "steps": 244, "seconds": 0.255}
{"phase": "game", "lifecycle": 2, "episodes": 75, "method": "H2_ONLY", "query": "risk_goal", "replica": 0, "score": 8148, "status": "LOST", "steps": 556, "seconds": 0.398}
{"phase": "game", "lifecycle": 2, "episodes": 75, "method": "FROZEN_PLAN", "query": "risk_goal", "replica": 0, "score": 3628, "status": "LOST", "steps": 296, "seconds": 0.298}
{"phase": "game", "lifecycle": 2, "episodes": 75, "method": "FIXED_PLAN", "query": "risk_goal", "replica": 0, "score": 3632, "status": "LOST", "steps": 297, "seconds": 0.296}
{"phase": "game", "lifecycle": 2, "episodes": 75, "method": "REVISED_PLAN", "query": "risk_goal", "replica": 0, "score": 3144, "status": "LOST", "steps": 265, "seconds": 0.27}
{"phase": "game", "lifecycle": 2, "episodes": 75, "method": "REVISED_DIRECT", "query": "risk_goal", "replica": 0, "score": 1160, "status": "LOST", "steps": 124, "seconds": 0.046}
{"phase": "game", "lifecycle": 2, "episodes": 75, "method": "H2_ONLY", "query": "reward", "replica": 1, "score": 14848, "status": "LOST", "steps": 864, "seconds": 0.638}
{"phase": "game", "lifecycle": 2, "episodes": 75, "method": "FROZEN_PLAN", "query": "reward", "replica": 1, "score": 7168, "status": "LOST", "steps": 491, "seconds": 0.481}
{"phase": "game", "lifecycle": 2, "episodes": 75, "method": "FIXED_PLAN", "query": "reward", "replica": 1, "score": 6900, "status": "LOST", "steps": 462, "seconds": 0.459}
{"phase": "game", "lifecycle": 2, "episodes": 75, "method": "REVISED_PLAN", "query": "reward", "replica": 1, "score": 3348, "status": "LOST", "steps": 273, "seconds": 0.287}
{"phase": "game", "lifecycle": 2, "episodes": 75, "method": "REVISED_DIRECT", "query": "reward", "replica": 1, "score": 1776, "status": "LOST", "steps": 163, "seconds": 0.059}
{"phase": "game", "lifecycle": 2, "episodes": 75, "method": "FROZEN_PLAN", "query": "risk_goal", "replica": 1, "score": 4880, "status": "LOST", "steps": 336, "seconds": 0.333}
{"phase": "game", "lifecycle": 2, "episodes": 75, "method": "FIXED_PLAN", "query": "risk_goal", "replica": 1, "score": 3348, "status": "LOST", "steps": 273, "seconds": 0.268}
{"phase": "game", "lifecycle": 2, "episodes": 75, "method": "REVISED_PLAN", "query": "risk_goal", "replica": 1, "score": 7032, "status": "LOST", "steps": 475, "seconds": 0.486}
{"phase": "game", "lifecycle": 2, "episodes": 75, "method": "REVISED_DIRECT", "query": "risk_goal", "replica": 1, "score": 1780, "status": "LOST", "steps": 167, "seconds": 0.06}
{"phase": "game", "lifecycle": 2, "episodes": 75, "method": "H2_ONLY", "query": "risk_goal", "replica": 1, "score": 14460, "status": "LOST", "steps": 842, "seconds": 0.578}
{"phase": "complete", "lifecycles": 3, "seconds": 62.59055761701893}
