{"phase": "learned", "lifecycle": 0, "episodes": 15, "paired_records": 873, "new_suffix_transitions": 0, "terminal_success_labels": 0.0, "branch_outcomes": {}}
{"phase": "game", "lifecycle": 0, "episodes": 15, "method": "H2_ONLY", "query": "reward", "replica": 0, "score": 7128, "status": "LOST"}
{"phase": "game", "lifecycle": 0, "episodes": 15, "method": "SHORT_PLAN", "query": "reward", "replica": 0, "score": 5520, "status": "LOST"}
{"phase": "game", "lifecycle": 0, "episodes": 15, "method": "TERMINAL_PLAN", "query": "reward", "replica": 0, "score": 10448, "status": "LOST"}
{"phase": "game", "lifecycle": 0, "episodes": 15, "method": "SHORT_FROZEN", "query": "reward", "replica": 0, "score": 5520, "status": "LOST"}
{"phase": "game", "lifecycle": 0, "episodes": 15, "method": "TERMINAL_FROZEN", "query": "reward", "replica": 0, "score": 10448, "status": "LOST"}
{"phase": "game", "lifecycle": 0, "episodes": 15, "method": "SHORT_PLAN", "query": "risk_goal", "replica": 0, "score": 3040, "status": "LOST"}
{"phase": "game", "lifecycle": 0, "episodes": 15, "method": "TERMINAL_PLAN", "query": "risk_goal", "replica": 0, "score": 10448, "status": "LOST"}
{"phase": "game", "lifecycle": 0, "episodes": 15, "method": "SHORT_FROZEN", "query": "risk_goal", "replica": 0, "score": 3040, "status": "LOST"}
{"phase": "game", "lifecycle": 0, "episodes": 15, "method": "TERMINAL_FROZEN", "query": "risk_goal", "replica": 0, "score": 10448, "status": "LOST"}
{"phase": "game", "lifecycle": 0, "episodes": 15, "method": "H2_ONLY", "query": "risk_goal", "replica": 0, "score": 7128, "status": "LOST"}
{"phase": "game", "lifecycle": 0, "episodes": 15, "method": "SHORT_PLAN", "query": "reward", "replica": 1, "score": 7408, "status": "LOST"}
{"phase": "game", "lifecycle": 0, "episodes": 15, "method": "TERMINAL_PLAN", "query": "reward", "replica": 1, "score": 7228, "status": "LOST"}
{"phase": "game", "lifecycle": 0, "episodes": 15, "method": "SHORT_FROZEN", "query": "reward", "replica": 1, "score": 7408, "status": "LOST"}
{"phase": "game", "lifecycle": 0, "episodes": 15, "method": "TERMINAL_FROZEN", "query": "reward", "replica": 1, "score": 7228, "status": "LOST"}
{"phase": "game", "lifecycle": 0, "episodes": 15, "method": "H2_ONLY", "query": "reward", "replica": 1, "score": 7180, "status": "LOST"}
{"phase": "game", "lifecycle": 0, "episodes": 15, "method": "TERMINAL_PLAN", "query": "risk_goal", "replica": 1, "score": 7228, "status": "LOST"}
{"phase": "game", "lifecycle": 0, "episodes": 15, "method": "SHORT_FROZEN", "query": "risk_goal", "replica": 1, "score": 3080, "status": "LOST"}
{"phase": "game", "lifecycle": 0, "episodes": 15, "method": "TERMINAL_FROZEN", "query": "risk_goal", "replica": 1, "score": 7228, "status": "LOST"}
{"phase": "game", "lifecycle": 0, "episodes": 15, "method": "H2_ONLY", "query": "risk_goal", "replica": 1, "score": 7360, "status": "LOST"}
{"phase": "game", "lifecycle": 0, "episodes": 15, "method": "SHORT_PLAN", "query": "risk_goal", "replica": 1, "score": 3080, "status": "LOST"}
{"phase": "learned", "lifecycle": 0, "episodes": 39, "paired_records": 2610, "new_suffix_transitions": 23020, "terminal_success_labels": 0.0, "branch_outcomes": {"LOST": 246}}
{"phase": "game", "lifecycle": 0, "episodes": 39, "method": "SHORT_PLAN", "query": "reward", "replica": 0, "score": 14256, "status": "LOST"}
{"phase": "game", "lifecycle": 0, "episodes": 39, "method": "TERMINAL_PLAN", "query": "reward", "replica": 0, "score": 1584, "status": "LOST"}
{"phase": "game", "lifecycle": 0, "episodes": 39, "method": "SHORT_FROZEN", "query": "reward", "replica": 0, "score": 5520, "status": "LOST"}
{"phase": "game", "lifecycle": 0, "episodes": 39, "method": "TERMINAL_FROZEN", "query": "reward", "replica": 0, "score": 10448, "status": "LOST"}
{"phase": "game", "lifecycle": 0, "episodes": 39, "method": "H2_ONLY", "query": "reward", "replica": 0, "score": 7128, "status": "LOST"}
{"phase": "game", "lifecycle": 0, "episodes": 39, "method": "TERMINAL_PLAN", "query": "risk_goal", "replica": 0, "score": 1584, "status": "LOST"}
{"phase": "game", "lifecycle": 0, "episodes": 39, "method": "SHORT_FROZEN", "query": "risk_goal", "replica": 0, "score": 3040, "status": "LOST"}
{"phase": "game", "lifecycle": 0, "episodes": 39, "method": "TERMINAL_FROZEN", "query": "risk_goal", "replica": 0, "score": 10448, "status": "LOST"}
{"phase": "game", "lifecycle": 0, "episodes": 39, "method": "H2_ONLY", "query": "risk_goal", "replica": 0, "score": 7128, "status": "LOST"}
{"phase": "game", "lifecycle": 0, "episodes": 39, "method": "SHORT_PLAN", "query": "risk_goal", "replica": 0, "score": 608, "status": "LOST"}
{"phase": "game", "lifecycle": 0, "episodes": 39, "method": "TERMINAL_PLAN", "query": "reward", "replica": 1, "score": 3248, "status": "LOST"}
{"phase": "game", "lifecycle": 0, "episodes": 39, "method": "SHORT_FROZEN", "query": "reward", "replica": 1, "score": 7408, "status": "LOST"}
{"phase": "game", "lifecycle": 0, "episodes": 39, "method": "TERMINAL_FROZEN", "query": "reward", "replica": 1, "score": 7228, "status": "LOST"}
{"phase": "game", "lifecycle": 0, "episodes": 39, "method": "H2_ONLY", "query": "reward", "replica": 1, "score": 7180, "status": "LOST"}
{"phase": "game", "lifecycle": 0, "episodes": 39, "method": "SHORT_PLAN", "query": "reward", "replica": 1, "score": 6368, "status": "LOST"}
{"phase": "game", "lifecycle": 0, "episodes": 39, "method": "SHORT_FROZEN", "query": "risk_goal", "replica": 1, "score": 3080, "status": "LOST"}
{"phase": "game", "lifecycle": 0, "episodes": 39, "method": "TERMINAL_FROZEN", "query": "risk_goal", "replica": 1, "score": 7228, "status": "LOST"}
{"phase": "game", "lifecycle": 0, "episodes": 39, "method": "H2_ONLY", "query": "risk_goal", "replica": 1, "score": 7360, "status": "LOST"}
{"phase": "game", "lifecycle": 0, "episodes": 39, "method": "SHORT_PLAN", "query": "risk_goal", "replica": 1, "score": 3336, "status": "LOST"}
{"phase": "game", "lifecycle": 0, "episodes": 39, "method": "TERMINAL_PLAN", "query": "risk_goal", "replica": 1, "score": 3248, "status": "LOST"}
{"phase": "learned", "lifecycle": 0, "episodes": 75, "paired_records": 5063, "new_suffix_transitions": 22566, "terminal_success_labels": 0.0, "branch_outcomes": {"LOST": 504}}
{"phase": "game", "lifecycle": 0, "episodes": 75, "method": "TERMINAL_PLAN", "query": "reward", "replica": 0, "score": 3128, "status": "LOST"}
{"phase": "game", "lifecycle": 0, "episodes": 75, "method": "SHORT_FROZEN", "query": "reward", "replica": 0, "score": 5520, "status": "LOST"}
{"phase": "game", "lifecycle": 0, "episodes": 75, "method": "TERMINAL_FROZEN", "query": "reward", "replica": 0, "score": 10448, "status": "LOST"}
{"phase": "game", "lifecycle": 0, "episodes": 75, "method": "H2_ONLY", "query": "reward", "replica": 0, "score": 7128, "status": "LOST"}
{"phase": "game", "lifecycle": 0, "episodes": 75, "method": "SHORT_PLAN", "query": "reward", "replica": 0, "score": 2960, "status": "LOST"}
{"phase": "game", "lifecycle": 0, "episodes": 75, "method": "SHORT_FROZEN", "query": "risk_goal", "replica": 0, "score": 3040, "status": "LOST"}
{"phase": "game", "lifecycle": 0, "episodes": 75, "method": "TERMINAL_FROZEN", "query": "risk_goal", "replica": 0, "score": 10448, "status": "LOST"}
{"phase": "game", "lifecycle": 0, "episodes": 75, "method": "H2_ONLY", "query": "risk_goal", "replica": 0, "score": 7128, "status": "LOST"}
{"phase": "game", "lifecycle": 0, "episodes": 75, "method": "SHORT_PLAN", "query": "risk_goal", "replica": 0, "score": 3624, "status": "LOST"}
{"phase": "game", "lifecycle": 0, "episodes": 75, "method": "TERMINAL_PLAN", "query": "risk_goal", "replica": 0, "score": 3128, "status": "LOST"}
{"phase": "game", "lifecycle": 0, "episodes": 75, "method": "SHORT_FROZEN", "query": "reward", "replica": 1, "score": 7408, "status": "LOST"}
{"phase": "game", "lifecycle": 0, "episodes": 75, "method": "TERMINAL_FROZEN", "query": "reward", "replica": 1, "score": 7228, "status": "LOST"}
{"phase": "game", "lifecycle": 0, "episodes": 75, "method": "H2_ONLY", "query": "reward", "replica": 1, "score": 7180, "status": "LOST"}
{"phase": "game", "lifecycle": 0, "episodes": 75, "method": "SHORT_PLAN", "query": "reward", "replica": 1, "score": 4896, "status": "LOST"}
{"phase": "game", "lifecycle": 0, "episodes": 75, "method": "TERMINAL_PLAN", "query": "reward", "replica": 1, "score": 5564, "status": "LOST"}
{"phase": "game", "lifecycle": 0, "episodes": 75, "method": "TERMINAL_FROZEN", "query": "risk_goal", "replica": 1, "score": 7228, "status": "LOST"}
{"phase": "game", "lifecycle": 0, "episodes": 75, "method": "H2_ONLY", "query": "risk_goal", "replica": 1, "score": 7360, "status": "LOST"}
{"phase": "game", "lifecycle": 0, "episodes": 75, "method": "SHORT_PLAN", "query": "risk_goal", "replica": 1, "score": 3584, "status": "LOST"}
{"phase": "game", "lifecycle": 0, "episodes": 75, "method": "TERMINAL_PLAN", "query": "risk_goal", "replica": 1, "score": 5564, "status": "LOST"}
{"phase": "game", "lifecycle": 0, "episodes": 75, "method": "SHORT_FROZEN", "query": "risk_goal", "replica": 1, "score": 3080, "status": "LOST"}
{"phase": "learned", "lifecycle": 1, "episodes": 15, "paired_records": 796, "new_suffix_transitions": 0, "terminal_success_labels": 0.0, "branch_outcomes": {}}
{"phase": "game", "lifecycle": 1, "episodes": 15, "method": "SHORT_PLAN", "query": "reward", "replica": 0, "score": 2780, "status": "LOST"}
{"phase": "game", "lifecycle": 1, "episodes": 15, "method": "TERMINAL_PLAN", "query": "reward", "replica": 0, "score": 7160, "status": "LOST"}
{"phase": "game", "lifecycle": 1, "episodes": 15, "method": "SHORT_FROZEN", "query": "reward", "replica": 0, "score": 2780, "status": "LOST"}
{"phase": "game", "lifecycle": 1, "episodes": 15, "method": "TERMINAL_FROZEN", "query": "reward", "replica": 0, "score": 7160, "status": "LOST"}
{"phase": "game", "lifecycle": 1, "episodes": 15, "method": "H2_ONLY", "query": "reward", "replica": 0, "score": 7192, "status": "LOST"}
{"phase": "game", "lifecycle": 1, "episodes": 15, "method": "TERMINAL_PLAN", "query": "risk_goal", "replica": 0, "score": 7160, "status": "LOST"}
{"phase": "game", "lifecycle": 1, "episodes": 15, "method": "SHORT_FROZEN", "query": "risk_goal", "replica": 0, "score": 3032, "status": "LOST"}
{"phase": "game", "lifecycle": 1, "episodes": 15, "method": "TERMINAL_FROZEN", "query": "risk_goal", "replica": 0, "score": 7160, "status": "LOST"}
{"phase": "game", "lifecycle": 1, "episodes": 15, "method": "H2_ONLY", "query": "risk_goal", "replica": 0, "score": 12568, "status": "LOST"}
{"phase": "game", "lifecycle": 1, "episodes": 15, "method": "SHORT_PLAN", "query": "risk_goal", "replica": 0, "score": 3032, "status": "LOST"}
{"phase": "game", "lifecycle": 1, "episodes": 15, "method": "TERMINAL_PLAN", "query": "reward", "replica": 1, "score": 4968, "status": "LOST"}
{"phase": "game", "lifecycle": 1, "episodes": 15, "method": "SHORT_FROZEN", "query": "reward", "replica": 1, "score": 3332, "status": "LOST"}
{"phase": "game", "lifecycle": 1, "episodes": 15, "method": "TERMINAL_FROZEN", "query": "reward", "replica": 1, "score": 4968, "status": "LOST"}
{"phase": "game", "lifecycle": 1, "episodes": 15, "method": "H2_ONLY", "query": "reward", "replica": 1, "score": 12188, "status": "LOST"}
{"phase": "game", "lifecycle": 1, "episodes": 15, "method": "SHORT_PLAN", "query": "reward", "replica": 1, "score": 3332, "status": "LOST"}
{"phase": "game", "lifecycle": 1, "episodes": 15, "method": "SHORT_FROZEN", "query": "risk_goal", "replica": 1, "score": 3756, "status": "LOST"}
{"phase": "game", "lifecycle": 1, "episodes": 15, "method": "TERMINAL_FROZEN", "query": "risk_goal", "replica": 1, "score": 4968, "status": "LOST"}
{"phase": "game", "lifecycle": 1, "episodes": 15, "method": "H2_ONLY", "query": "risk_goal", "replica": 1, "score": 8456, "status": "LOST"}
{"phase": "game", "lifecycle": 1, "episodes": 15, "method": "SHORT_PLAN", "query": "risk_goal", "replica": 1, "score": 3756, "status": "LOST"}
{"phase": "game", "lifecycle": 1, "episodes": 15, "method": "TERMINAL_PLAN", "query": "risk_goal", "replica": 1, "score": 4968, "status": "LOST"}
{"phase": "learned", "lifecycle": 1, "episodes": 39, "paired_records": 2692, "new_suffix_transitions": 32595, "terminal_success_labels": 0.0, "branch_outcomes": {"LOST": 264}}
{"phase": "game", "lifecycle": 1, "episodes": 39, "method": "TERMINAL_PLAN", "query": "reward", "replica": 0, "score": 1880, "status": "LOST"}
{"phase": "game", "lifecycle": 1, "episodes": 39, "method": "SHORT_FROZEN", "query": "reward", "replica": 0, "score": 2780, "status": "LOST"}
{"phase": "game", "lifecycle": 1, "episodes": 39, "method": "TERMINAL_FROZEN", "query": "reward", "replica": 0, "score": 7160, "status": "LOST"}
{"phase": "game", "lifecycle": 1, "episodes": 39, "method": "H2_ONLY", "query": "reward", "replica": 0, "score": 7192, "status": "LOST"}
{"phase": "game", "lifecycle": 1, "episodes": 39, "method": "SHORT_PLAN", "query": "reward", "replica": 0, "score": 3004, "status": "LOST"}
{"phase": "game", "lifecycle": 1, "episodes": 39, "method": "SHORT_FROZEN", "query": "risk_goal", "replica": 0, "score": 3032, "status": "LOST"}
{"phase": "game", "lifecycle": 1, "episodes": 39, "method": "TERMINAL_FROZEN", "query": "risk_goal", "replica": 0, "score": 7160, "status": "LOST"}
{"phase": "game", "lifecycle": 1, "episodes": 39, "method": "H2_ONLY", "query": "risk_goal", "replica": 0, "score": 12568, "status": "LOST"}
{"phase": "game", "lifecycle": 1, "episodes": 39, "method": "SHORT_PLAN", "query": "risk_goal", "replica": 0, "score": 6452, "status": "LOST"}
{"phase": "game", "lifecycle": 1, "episodes": 39, "method": "TERMINAL_PLAN", "query": "risk_goal", "replica": 0, "score": 1880, "status": "LOST"}
{"phase": "game", "lifecycle": 1, "episodes": 39, "method": "SHORT_FROZEN", "query": "reward", "replica": 1, "score": 3332, "status": "LOST"}
{"phase": "game", "lifecycle": 1, "episodes": 39, "method": "TERMINAL_FROZEN", "query": "reward", "replica": 1, "score": 4968, "status": "LOST"}
{"phase": "game", "lifecycle": 1, "episodes": 39, "method": "H2_ONLY", "query": "reward", "replica": 1, "score": 12188, "status": "LOST"}
{"phase": "game", "lifecycle": 1, "episodes": 39, "method": "SHORT_PLAN", "query": "reward", "replica": 1, "score": 6444, "status": "LOST"}
{"phase": "game", "lifecycle": 1, "episodes": 39, "method": "TERMINAL_PLAN", "query": "reward", "replica": 1, "score": 3192, "status": "LOST"}
{"phase": "game", "lifecycle": 1, "episodes": 39, "method": "TERMINAL_FROZEN", "query": "risk_goal", "replica": 1, "score": 4968, "status": "LOST"}
{"phase": "game", "lifecycle": 1, "episodes": 39, "method": "H2_ONLY", "query": "risk_goal", "replica": 1, "score": 8456, "status": "LOST"}
{"phase": "game", "lifecycle": 1, "episodes": 39, "method": "SHORT_PLAN", "query": "risk_goal", "replica": 1, "score": 3228, "status": "LOST"}
{"phase": "game", "lifecycle": 1, "episodes": 39, "method": "TERMINAL_PLAN", "query": "risk_goal", "replica": 1, "score": 3192, "status": "LOST"}
{"phase": "game", "lifecycle": 1, "episodes": 39, "method": "SHORT_FROZEN", "query": "risk_goal", "replica": 1, "score": 3756, "status": "LOST"}
{"phase": "learned", "lifecycle": 1, "episodes": 75, "paired_records": 5286, "new_suffix_transitions": 32001, "terminal_success_labels": 0.0, "branch_outcomes": {"LOST": 516}}
{"phase": "game", "lifecycle": 1, "episodes": 75, "method": "SHORT_FROZEN", "query": "reward", "replica": 0, "score": 2780, "status": "LOST"}
{"phase": "game", "lifecycle": 1, "episodes": 75, "method": "TERMINAL_FROZEN", "query": "reward", "replica": 0, "score": 7160, "status": "LOST"}
{"phase": "game", "lifecycle": 1, "episodes": 75, "method": "H2_ONLY", "query": "reward", "replica": 0, "score": 7192, "status": "LOST"}
{"phase": "game", "lifecycle": 1, "episodes": 75, "method": "SHORT_PLAN", "query": "reward", "replica": 0, "score": 848, "status": "LOST"}
{"phase": "game", "lifecycle": 1, "episodes": 75, "method": "TERMINAL_PLAN", "query": "reward", "replica": 0, "score": 6136, "status": "LOST"}
{"phase": "game", "lifecycle": 1, "episodes": 75, "method": "TERMINAL_FROZEN", "query": "risk_goal", "replica": 0, "score": 7160, "status": "LOST"}
{"phase": "game", "lifecycle": 1, "episodes": 75, "method": "H2_ONLY", "query": "risk_goal", "replica": 0, "score": 12568, "status": "LOST"}
{"phase": "game", "lifecycle": 1, "episodes": 75, "method": "SHORT_PLAN", "query": "risk_goal", "replica": 0, "score": 3000, "status": "LOST"}
{"phase": "game", "lifecycle": 1, "episodes": 75, "method": "TERMINAL_PLAN", "query": "risk_goal", "replica": 0, "score": 6136, "status": "LOST"}
{"phase": "game", "lifecycle": 1, "episodes": 75, "method": "SHORT_FROZEN", "query": "risk_goal", "replica": 0, "score": 3032, "status": "LOST"}
{"phase": "game", "lifecycle": 1, "episodes": 75, "method": "TERMINAL_FROZEN", "query": "reward", "replica": 1, "score": 4968, "status": "LOST"}
{"phase": "game", "lifecycle": 1, "episodes": 75, "method": "H2_ONLY", "query": "reward", "replica": 1, "score": 12188, "status": "LOST"}
{"phase": "game", "lifecycle": 1, "episodes": 75, "method": "SHORT_PLAN", "query": "reward", "replica": 1, "score": 3368, "status": "LOST"}
{"phase": "game", "lifecycle": 1, "episodes": 75, "method": "TERMINAL_PLAN", "query": "reward", "replica": 1, "score": 3100, "status": "LOST"}
{"phase": "game", "lifecycle": 1, "episodes": 75, "method": "SHORT_FROZEN", "query": "reward", "replica": 1, "score": 3332, "status": "LOST"}
{"phase": "game", "lifecycle": 1, "episodes": 75, "method": "H2_ONLY", "query": "risk_goal", "replica": 1, "score": 8456, "status": "LOST"}
{"phase": "game", "lifecycle": 1, "episodes": 75, "method": "SHORT_PLAN", "query": "risk_goal", "replica": 1, "score": 2244, "status": "LOST"}
{"phase": "game", "lifecycle": 1, "episodes": 75, "method": "TERMINAL_PLAN", "query": "risk_goal", "replica": 1, "score": 3100, "status": "LOST"}
{"phase": "game", "lifecycle": 1, "episodes": 75, "method": "SHORT_FROZEN", "query": "risk_goal", "replica": 1, "score": 3756, "status": "LOST"}
{"phase": "game", "lifecycle": 1, "episodes": 75, "method": "TERMINAL_FROZEN", "query": "risk_goal", "replica": 1, "score": 4968, "status": "LOST"}
{"phase": "learned", "lifecycle": 2, "episodes": 15, "paired_records": 1042, "new_suffix_transitions": 0, "terminal_success_labels": 0.0, "branch_outcomes": {}}
{"phase": "game", "lifecycle": 2, "episodes": 15, "method": "TERMINAL_PLAN", "query": "reward", "replica": 0, "score": 5248, "status": "LOST"}
{"phase": "game", "lifecycle": 2, "episodes": 15, "method": "SHORT_FROZEN", "query": "reward", "replica": 0, "score": 3332, "status": "LOST"}
{"phase": "game", "lifecycle": 2, "episodes": 15, "method": "TERMINAL_FROZEN", "query": "reward", "replica": 0, "score": 5248, "status": "LOST"}
{"phase": "game", "lifecycle": 2, "episodes": 15, "method": "H2_ONLY", "query": "reward", "replica": 0, "score": 8012, "status": "LOST"}
{"phase": "game", "lifecycle": 2, "episodes": 15, "method": "SHORT_PLAN", "query": "reward", "replica": 0, "score": 3332, "status": "LOST"}
{"phase": "game", "lifecycle": 2, "episodes": 15, "method": "SHORT_FROZEN", "query": "risk_goal", "replica": 0, "score": 4820, "status": "LOST"}
{"phase": "game", "lifecycle": 2, "episodes": 15, "method": "TERMINAL_FROZEN", "query": "risk_goal", "replica": 0, "score": 5248, "status": "LOST"}
{"phase": "game", "lifecycle": 2, "episodes": 15, "method": "H2_ONLY", "query": "risk_goal", "replica": 0, "score": 8020, "status": "LOST"}
{"phase": "game", "lifecycle": 2, "episodes": 15, "method": "SHORT_PLAN", "query": "risk_goal", "replica": 0, "score": 4820, "status": "LOST"}
{"phase": "game", "lifecycle": 2, "episodes": 15, "method": "TERMINAL_PLAN", "query": "risk_goal", "replica": 0, "score": 5248, "status": "LOST"}
{"phase": "game", "lifecycle": 2, "episodes": 15, "method": "SHORT_FROZEN", "query": "reward", "replica": 1, "score": 7092, "status": "LOST"}
{"phase": "game", "lifecycle": 2, "episodes": 15, "method": "TERMINAL_FROZEN", "query": "reward", "replica": 1, "score": 2716, "status": "LOST"}
{"phase": "game", "lifecycle": 2, "episodes": 15, "method": "H2_ONLY", "query": "reward", "replica": 1, "score": 16132, "status": "LOST"}
{"phase": "game", "lifecycle": 2, "episodes": 15, "method": "SHORT_PLAN", "query": "reward", "replica": 1, "score": 7092, "status": "LOST"}
{"phase": "game", "lifecycle": 2, "episodes": 15, "method": "TERMINAL_PLAN", "query": "reward", "replica": 1, "score": 2716, "status": "LOST"}
{"phase": "game", "lifecycle": 2, "episodes": 15, "method": "TERMINAL_FROZEN", "query": "risk_goal", "replica": 1, "score": 2716, "status": "LOST"}
{"phase": "game", "lifecycle": 2, "episodes": 15, "method": "H2_ONLY", "query": "risk_goal", "replica": 1, "score": 16132, "status": "LOST"}
{"phase": "game", "lifecycle": 2, "episodes": 15, "method": "SHORT_PLAN", "query": "risk_goal", "replica": 1, "score": 3396, "status": "LOST"}
{"phase": "game", "lifecycle": 2, "episodes": 15, "method": "TERMINAL_PLAN", "query": "risk_goal", "replica": 1, "score": 2716, "status": "LOST"}
{"phase": "game", "lifecycle": 2, "episodes": 15, "method": "SHORT_FROZEN", "query": "risk_goal", "replica": 1, "score": 3396, "status": "LOST"}
{"phase": "learned", "lifecycle": 2, "episodes": 39, "paired_records": 3005, "new_suffix_transitions": 34077, "terminal_success_labels": 0.0, "branch_outcomes": {"LOST": 264}}
{"phase": "game", "lifecycle": 2, "episodes": 39, "method": "SHORT_FROZEN", "query": "reward", "replica": 0, "score": 3332, "status": "LOST"}
{"phase": "game", "lifecycle": 2, "episodes": 39, "method": "TERMINAL_FROZEN", "query": "reward", "replica": 0, "score": 5248, "status": "LOST"}
{"phase": "game", "lifecycle": 2, "episodes": 39, "method": "H2_ONLY", "query": "reward", "replica": 0, "score": 8012, "status": "LOST"}
{"phase": "game", "lifecycle": 2, "episodes": 39, "method": "SHORT_PLAN", "query": "reward", "replica": 0, "score": 6140, "status": "LOST"}
{"phase": "game", "lifecycle": 2, "episodes": 39, "method": "TERMINAL_PLAN", "query": "reward", "replica": 0, "score": 1480, "status": "LOST"}
{"phase": "game", "lifecycle": 2, "episodes": 39, "method": "TERMINAL_FROZEN", "query": "risk_goal", "replica": 0, "score": 5248, "status": "LOST"}
{"phase": "game", "lifecycle": 2, "episodes": 39, "method": "H2_ONLY", "query": "risk_goal", "replica": 0, "score": 8020, "status": "LOST"}
{"phase": "game", "lifecycle": 2, "episodes": 39, "method": "SHORT_PLAN", "query": "risk_goal", "replica": 0, "score": 7064, "status": "LOST"}
{"phase": "game", "lifecycle": 2, "episodes": 39, "method": "TERMINAL_PLAN", "query": "risk_goal", "replica": 0, "score": 1480, "status": "LOST"}
{"phase": "game", "lifecycle": 2, "episodes": 39, "method": "SHORT_FROZEN", "query": "risk_goal", "replica": 0, "score": 4820, "status": "LOST"}
{"phase": "game", "lifecycle": 2, "episodes": 39, "method": "TERMINAL_FROZEN", "query": "reward", "replica": 1, "score": 2716, "status": "LOST"}
{"phase": "game", "lifecycle": 2, "episodes": 39, "method": "H2_ONLY", "query": "reward", "replica": 1, "score": 16132, "status": "LOST"}
{"phase": "game", "lifecycle": 2, "episodes": 39, "method": "SHORT_PLAN", "query": "reward", "replica": 1, "score": 5792, "status": "LOST"}
{"phase": "game", "lifecycle": 2, "episodes": 39, "method": "TERMINAL_PLAN", "query": "reward", "replica": 1, "score": 2380, "status": "LOST"}
{"phase": "game", "lifecycle": 2, "episodes": 39, "method": "SHORT_FROZEN", "query": "reward", "replica": 1, "score": 7092, "status": "LOST"}
{"phase": "game", "lifecycle": 2, "episodes": 39, "method": "H2_ONLY", "query": "risk_goal", "replica": 1, "score": 16132, "status": "LOST"}
{"phase": "game", "lifecycle": 2, "episodes": 39, "method": "SHORT_PLAN", "query": "risk_goal", "replica": 1, "score": 7040, "status": "LOST"}
{"phase": "game", "lifecycle": 2, "episodes": 39, "method": "TERMINAL_PLAN", "query": "risk_goal", "replica": 1, "score": 2380, "status": "LOST"}
{"phase": "game", "lifecycle": 2, "episodes": 39, "method": "SHORT_FROZEN", "query": "risk_goal", "replica": 1, "score": 3396, "status": "LOST"}
{"phase": "game", "lifecycle": 2, "episodes": 39, "method": "TERMINAL_FROZEN", "query": "risk_goal", "replica": 1, "score": 2716, "status": "LOST"}
{"phase": "learned", "lifecycle": 2, "episodes": 75, "paired_records": 5571, "new_suffix_transitions": 27204, "terminal_success_labels": 0.0, "branch_outcomes": {"LOST": 528}}
{"phase": "game", "lifecycle": 2, "episodes": 75, "method": "TERMINAL_FROZEN", "query": "reward", "replica": 0, "score": 5248, "status": "LOST"}
{"phase": "game", "lifecycle": 2, "episodes": 75, "method": "H2_ONLY", "query": "reward", "replica": 0, "score": 8012, "status": "LOST"}
{"phase": "game", "lifecycle": 2, "episodes": 75, "method": "SHORT_PLAN", "query": "reward", "replica": 0, "score": 5248, "status": "LOST"}
{"phase": "game", "lifecycle": 2, "episodes": 75, "method": "TERMINAL_PLAN", "query": "reward", "replica": 0, "score": 3300, "status": "LOST"}
{"phase": "game", "lifecycle": 2, "episodes": 75, "method": "SHORT_FROZEN", "query": "reward", "replica": 0, "score": 3332, "status": "LOST"}
{"phase": "game", "lifecycle": 2, "episodes": 75, "method": "H2_ONLY", "query": "risk_goal", "replica": 0, "score": 8020, "status": "LOST"}
{"phase": "game", "lifecycle": 2, "episodes": 75, "method": "SHORT_PLAN", "query": "risk_goal", "replica": 0, "score": 1608, "status": "LOST"}
{"phase": "game", "lifecycle": 2, "episodes": 75, "method": "TERMINAL_PLAN", "query": "risk_goal", "replica": 0, "score": 3300, "status": "LOST"}
{"phase": "game", "lifecycle": 2, "episodes": 75, "method": "SHORT_FROZEN", "query": "risk_goal", "replica": 0, "score": 4820, "status": "LOST"}
{"phase": "game", "lifecycle": 2, "episodes": 75, "method": "TERMINAL_FROZEN", "query": "risk_goal", "replica": 0, "score": 5248, "status": "LOST"}
{"phase": "game", "lifecycle": 2, "episodes": 75, "method": "H2_ONLY", "query": "reward", "replica": 1, "score": 16132, "status": "LOST"}
{"phase": "game", "lifecycle": 2, "episodes": 75, "method": "SHORT_PLAN", "query": "reward", "replica": 1, "score": 7164, "status": "LOST"}
{"phase": "game", "lifecycle": 2, "episodes": 75, "method": "TERMINAL_PLAN", "query": "reward", "replica": 1, "score": 1488, "status": "LOST"}
{"phase": "game", "lifecycle": 2, "episodes": 75, "method": "SHORT_FROZEN", "query": "reward", "replica": 1, "score": 7092, "status": "LOST"}
{"phase": "game", "lifecycle": 2, "episodes": 75, "method": "TERMINAL_FROZEN", "query": "reward", "replica": 1, "score": 2716, "status": "LOST"}
{"phase": "game", "lifecycle": 2, "episodes": 75, "method": "SHORT_PLAN", "query": "risk_goal", "replica": 1, "score": 2448, "status": "LOST"}
{"phase": "game", "lifecycle": 2, "episodes": 75, "method": "TERMINAL_PLAN", "query": "risk_goal", "replica": 1, "score": 1488, "status": "LOST"}
{"phase": "game", "lifecycle": 2, "episodes": 75, "method": "SHORT_FROZEN", "query": "risk_goal", "replica": 1, "score": 3396, "status": "LOST"}
{"phase": "game", "lifecycle": 2, "episodes": 75, "method": "TERMINAL_FROZEN", "query": "risk_goal", "replica": 1, "score": 2716, "status": "LOST"}
{"phase": "game", "lifecycle": 2, "episodes": 75, "method": "H2_ONLY", "query": "risk_goal", "replica": 1, "score": 16132, "status": "LOST"}
{"phase": "complete", "seconds": 95.43170557002304}
