{"active_states": 261, "case": "v3_cross_axis_pairs_835401", "rows": 796, "sample_seed": 832101, "status": "ALL_ARM_PLANS_FROZEN"}
{"active_states": 261, "case": "v3_cross_axis_pairs_835401", "rows": 796, "sample_seed": 832102, "status": "ALL_ARM_PLANS_FROZEN"}
{"active_states": 261, "case": "v3_cross_axis_pairs_835401", "rows": 796, "sample_seed": 832103, "status": "ALL_ARM_PLANS_FROZEN"}
{"case": "v3_cross_axis_pairs_835401", "completed": 1, "elapsed_seconds": 3.042152881011134, "status": "COMPLETE", "total": 14}
{"active_states": 335, "case": "v3_gradient_bottleneck_835402", "rows": 1269, "sample_seed": 832101, "status": "ALL_ARM_PLANS_FROZEN"}
{"active_states": 335, "case": "v3_gradient_bottleneck_835402", "rows": 1269, "sample_seed": 832102, "status": "ALL_ARM_PLANS_FROZEN"}
{"active_states": 335, "case": "v3_gradient_bottleneck_835402", "rows": 1269, "sample_seed": 832103, "status": "ALL_ARM_PLANS_FROZEN"}
{"case": "v3_gradient_bottleneck_835402", "completed": 2, "elapsed_seconds": 6.6719971490092576, "status": "COMPLETE", "total": 14}
{"active_states": 81, "case": "v5_cross_axis_pairs_838101", "rows": 235, "sample_seed": 832101, "status": "ALL_ARM_PLANS_FROZEN"}
{"active_states": 81, "case": "v5_cross_axis_pairs_838101", "rows": 235, "sample_seed": 832102, "status": "ALL_ARM_PLANS_FROZEN"}
{"active_states": 81, "case": "v5_cross_axis_pairs_838101", "rows": 235, "sample_seed": 832103, "status": "ALL_ARM_PLANS_FROZEN"}
{"case": "v5_cross_axis_pairs_838101", "completed": 3, "elapsed_seconds": 1.2450630340026692, "status": "COMPLETE", "total": 14}
{"active_states": 253, "case": "v5_cross_axis_pairs_838201", "rows": 872, "sample_seed": 832101, "status": "ALL_ARM_PLANS_FROZEN"}
{"active_states": 253, "case": "v5_cross_axis_pairs_838201", "rows": 872, "sample_seed": 832102, "status": "ALL_ARM_PLANS_FROZEN"}
{"active_states": 253, "case": "v5_cross_axis_pairs_838201", "rows": 872, "sample_seed": 832103, "status": "ALL_ARM_PLANS_FROZEN"}
{"case": "v5_cross_axis_pairs_838201", "completed": 4, "elapsed_seconds": 4.5434360439976444, "status": "COMPLETE", "total": 14}
{"active_states": 341, "case": "v5_cross_axis_pairs_838301", "rows": 1166, "sample_seed": 832101, "status": "ALL_ARM_PLANS_FROZEN"}
{"active_states": 341, "case": "v5_cross_axis_pairs_838301", "rows": 1166, "sample_seed": 832102, "status": "ALL_ARM_PLANS_FROZEN"}
{"active_states": 341, "case": "v5_cross_axis_pairs_838301", "rows": 1166, "sample_seed": 832103, "status": "ALL_ARM_PLANS_FROZEN"}
{"case": "v5_cross_axis_pairs_838301", "completed": 5, "elapsed_seconds": 5.478842538010213, "status": "COMPLETE", "total": 14}
{"active_states": 699, "case": "v5_cross_axis_pairs_838401", "rows": 2446, "sample_seed": 832101, "status": "ALL_ARM_PLANS_FROZEN"}
{"active_states": 699, "case": "v5_cross_axis_pairs_838401", "rows": 2446, "sample_seed": 832102, "status": "ALL_ARM_PLANS_FROZEN"}
{"active_states": 699, "case": "v5_cross_axis_pairs_838401", "rows": 2446, "sample_seed": 832103, "status": "ALL_ARM_PLANS_FROZEN"}
{"case": "v5_cross_axis_pairs_838401", "completed": 6, "elapsed_seconds": 15.380201905005379, "status": "COMPLETE", "total": 14}
{"active_states": 203, "case": "v5_gradient_bottleneck_838102", "rows": 716, "sample_seed": 832101, "status": "ALL_ARM_PLANS_FROZEN"}
{"active_states": 203, "case": "v5_gradient_bottleneck_838102", "rows": 716, "sample_seed": 832102, "status": "ALL_ARM_PLANS_FROZEN"}
{"active_states": 203, "case": "v5_gradient_bottleneck_838102", "rows": 716, "sample_seed": 832103, "status": "ALL_ARM_PLANS_FROZEN"}
{"case": "v5_gradient_bottleneck_838102", "completed": 7, "elapsed_seconds": 4.252175329995225, "status": "COMPLETE", "total": 14}
{"active_states": 163, "case": "v5_gradient_bottleneck_838202", "rows": 566, "sample_seed": 832101, "status": "ALL_ARM_PLANS_FROZEN"}
{"active_states": 163, "case": "v5_gradient_bottleneck_838202", "rows": 566, "sample_seed": 832102, "status": "ALL_ARM_PLANS_FROZEN"}
{"active_states": 163, "case": "v5_gradient_bottleneck_838202", "rows": 566, "sample_seed": 832103, "status": "ALL_ARM_PLANS_FROZEN"}
{"case": "v5_gradient_bottleneck_838202", "completed": 8, "elapsed_seconds": 3.2220050809992244, "status": "COMPLETE", "total": 14}
{"active_states": 119, "case": "v5_gradient_bottleneck_838302", "rows": 413, "sample_seed": 832101, "status": "ALL_ARM_PLANS_FROZEN"}
{"active_states": 119, "case": "v5_gradient_bottleneck_838302", "rows": 413, "sample_seed": 832102, "status": "ALL_ARM_PLANS_FROZEN"}
{"active_states": 119, "case": "v5_gradient_bottleneck_838302", "rows": 413, "sample_seed": 832103, "status": "ALL_ARM_PLANS_FROZEN"}
{"case": "v5_gradient_bottleneck_838302", "completed": 9, "elapsed_seconds": 2.1569478390010772, "status": "COMPLETE", "total": 14}
{"active_states": 113, "case": "v5_gradient_bottleneck_838402", "rows": 381, "sample_seed": 832101, "status": "ALL_ARM_PLANS_FROZEN"}
{"active_states": 113, "case": "v5_gradient_bottleneck_838402", "rows": 381, "sample_seed": 832102, "status": "ALL_ARM_PLANS_FROZEN"}
{"active_states": 113, "case": "v5_gradient_bottleneck_838402", "rows": 381, "sample_seed": 832103, "status": "ALL_ARM_PLANS_FROZEN"}
{"case": "v5_gradient_bottleneck_838402", "completed": 10, "elapsed_seconds": 1.8080649600015022, "status": "COMPLETE", "total": 14}
{"active_states": 221, "case": "v5_near_goal_corridor_838103", "rows": 738, "sample_seed": 832101, "status": "ALL_ARM_PLANS_FROZEN"}
{"active_states": 221, "case": "v5_near_goal_corridor_838103", "rows": 738, "sample_seed": 832102, "status": "ALL_ARM_PLANS_FROZEN"}
{"active_states": 221, "case": "v5_near_goal_corridor_838103", "rows": 738, "sample_seed": 832103, "status": "ALL_ARM_PLANS_FROZEN"}
{"case": "v5_near_goal_corridor_838103", "completed": 11, "elapsed_seconds": 3.4750518899963936, "status": "COMPLETE", "total": 14}
{"active_states": 315, "case": "v5_near_goal_corridor_838203", "rows": 1074, "sample_seed": 832101, "status": "ALL_ARM_PLANS_FROZEN"}
{"active_states": 315, "case": "v5_near_goal_corridor_838203", "rows": 1074, "sample_seed": 832102, "status": "ALL_ARM_PLANS_FROZEN"}
{"active_states": 315, "case": "v5_near_goal_corridor_838203", "rows": 1074, "sample_seed": 832103, "status": "ALL_ARM_PLANS_FROZEN"}
{"case": "v5_near_goal_corridor_838203", "completed": 12, "elapsed_seconds": 5.490606777995708, "status": "COMPLETE", "total": 14}
{"active_states": 35, "case": "v5_near_goal_corridor_838303", "rows": 91, "sample_seed": 832101, "status": "ALL_ARM_PLANS_FROZEN"}
{"active_states": 35, "case": "v5_near_goal_corridor_838303", "rows": 91, "sample_seed": 832102, "status": "ALL_ARM_PLANS_FROZEN"}
{"active_states": 35, "case": "v5_near_goal_corridor_838303", "rows": 91, "sample_seed": 832103, "status": "ALL_ARM_PLANS_FROZEN"}
{"case": "v5_near_goal_corridor_838303", "completed": 13, "elapsed_seconds": 0.38905908400192857, "status": "COMPLETE", "total": 14}
{"active_states": 157, "case": "v5_near_goal_corridor_838403", "rows": 497, "sample_seed": 832101, "status": "ALL_ARM_PLANS_FROZEN"}
{"active_states": 157, "case": "v5_near_goal_corridor_838403", "rows": 497, "sample_seed": 832102, "status": "ALL_ARM_PLANS_FROZEN"}
{"active_states": 157, "case": "v5_near_goal_corridor_838403", "rows": 497, "sample_seed": 832103, "status": "ALL_ARM_PLANS_FROZEN"}
{"case": "v5_near_goal_corridor_838403", "completed": 14, "elapsed_seconds": 2.431509403002565, "status": "COMPLETE", "total": 14}
{"status": "DEVELOPMENT_COMPLETE", "output": "/home/erzhu419/mine_code/acfqp-controlled-predictive-quotient-exploration/reports/controlled_predictive_comparison_v5.json"}
