{"event": "acquisition_query_complete", "life": 2, "query": "risk1"}
{"event": "acquisition_query_complete", "life": 3, "query": "risk1"}
{"event": "acquisition_query_complete", "life": 0, "query": "risk1"}
{"event": "acquisition_query_complete", "life": 1, "query": "risk1"}
{"event": "acquisition_query_complete", "life": 3, "query": "risk8"}
{"event": "acquisition_query_complete", "life": 2, "query": "risk8"}
{"event": "acquisition_query_complete", "life": 0, "query": "risk8"}
{"event": "acquisition_query_complete", "life": 1, "query": "risk8"}
{"event": "roster_frozen", "schema": "acfqp.paired_ntuple.v130.roster", "training_branches": 9800, "heldout_parent_branches": 3272, "heldout_full_branches": 912, "control_games": 384}
{"event": "training_root_complete", "life": 0, "query": "risk1", "root_id": 0}
{"event": "training_root_complete", "life": 2, "query": "risk1", "root_id": 256}
{"event": "training_root_complete", "life": 3, "query": "risk1", "root_id": 384}
{"event": "training_root_complete", "life": 1, "query": "risk1", "root_id": 128}
{"event": "training_root_complete", "life": 0, "query": "risk1", "root_id": 1}
{"event": "training_root_complete", "life": 0, "query": "risk1", "root_id": 2}
{"event": "training_root_complete", "life": 2, "query": "risk1", "root_id": 257}
{"event": "training_root_complete", "life": 1, "query": "risk1", "root_id": 129}
{"event": "training_root_complete", "life": 3, "query": "risk1", "root_id": 385}
{"event": "training_root_complete", "life": 3, "query": "risk1", "root_id": 386}
{"event": "training_root_complete", "life": 2, "query": "risk1", "root_id": 258}
{"event": "training_root_complete", "life": 1, "query": "risk1", "root_id": 130}
{"event": "training_root_complete", "life": 2, "query": "risk1", "root_id": 259}
{"event": "training_root_complete", "life": 0, "query": "risk1", "root_id": 4}
{"event": "training_root_complete", "life": 3, "query": "risk1", "root_id": 388}
{"event": "training_root_complete", "life": 1, "query": "risk1", "root_id": 132}
{"event": "training_root_complete", "life": 2, "query": "risk1", "root_id": 260}
{"event": "training_root_complete", "life": 0, "query": "risk1", "root_id": 5}
{"event": "training_root_complete", "life": 3, "query": "risk1", "root_id": 389}
{"event": "training_root_complete", "life": 2, "query": "risk1", "root_id": 261}
{"event": "training_root_complete", "life": 0, "query": "risk1", "root_id": 6}
{"event": "training_root_complete", "life": 3, "query": "risk1", "root_id": 390}
{"event": "training_root_complete", "life": 0, "query": "risk1", "root_id": 7}
{"event": "training_root_complete", "life": 1, "query": "risk1", "root_id": 133}
{"event": "training_root_complete", "life": 1, "query": "risk1", "root_id": 134}
{"event": "training_root_complete", "life": 2, "query": "risk1", "root_id": 264}
{"event": "training_root_complete", "life": 0, "query": "risk1", "root_id": 8}
{"event": "training_root_complete", "life": 1, "query": "risk1", "root_id": 135}
{"event": "training_root_complete", "life": 3, "query": "risk1", "root_id": 392}
{"event": "training_root_complete", "life": 2, "query": "risk1", "root_id": 265}
{"event": "training_root_complete", "life": 0, "query": "risk1", "root_id": 9}
{"event": "training_root_complete", "life": 1, "query": "risk1", "root_id": 136}
{"event": "training_root_complete", "life": 2, "query": "risk1", "root_id": 266}
{"event": "training_root_complete", "life": 3, "query": "risk1", "root_id": 393}
{"event": "training_root_complete", "life": 0, "query": "risk1", "root_id": 10}
{"event": "training_root_complete", "life": 3, "query": "risk1", "root_id": 394}
{"event": "training_root_complete", "life": 2, "query": "risk1", "root_id": 267}
{"event": "training_root_complete", "life": 0, "query": "risk1", "root_id": 11}
{"event": "training_root_complete", "life": 3, "query": "risk1", "root_id": 395}
{"event": "training_root_complete", "life": 1, "query": "risk1", "root_id": 137}
{"event": "training_root_complete", "life": 1, "query": "risk1", "root_id": 138}
{"event": "training_root_complete", "life": 0, "query": "risk1", "root_id": 12}
{"event": "training_root_complete", "life": 2, "query": "risk1", "root_id": 268}
{"event": "training_root_complete", "life": 1, "query": "risk1", "root_id": 139}
{"event": "training_root_complete", "life": 3, "query": "risk1", "root_id": 396}
{"event": "training_root_complete", "life": 0, "query": "risk1", "root_id": 13}
{"event": "training_root_complete", "life": 2, "query": "risk1", "root_id": 269}
{"event": "training_root_complete", "life": 3, "query": "risk1", "root_id": 397}
{"event": "training_root_complete", "life": 2, "query": "risk1", "root_id": 270}
{"event": "training_root_complete", "life": 0, "query": "risk1", "root_id": 14}
{"event": "training_root_complete", "life": 1, "query": "risk1", "root_id": 140}
{"event": "training_root_complete", "life": 3, "query": "risk1", "root_id": 398}
{"event": "training_root_complete", "life": 3, "query": "risk1", "root_id": 399}
{"event": "training_root_complete", "life": 2, "query": "risk1", "root_id": 272}
{"event": "training_root_complete", "life": 1, "query": "risk1", "root_id": 141}
{"event": "training_root_complete", "life": 0, "query": "risk1", "root_id": 16}
{"event": "training_root_complete", "life": 1, "query": "risk1", "root_id": 142}
{"event": "training_root_complete", "life": 2, "query": "risk1", "root_id": 273}
{"event": "training_root_complete", "life": 0, "query": "risk1", "root_id": 17}
{"event": "training_root_complete", "life": 3, "query": "risk1", "root_id": 400}
{"event": "training_root_complete", "life": 2, "query": "risk1", "root_id": 274}
{"event": "training_root_complete", "life": 1, "query": "risk1", "root_id": 144}
{"event": "training_root_complete", "life": 3, "query": "risk1", "root_id": 401}
{"event": "training_root_complete", "life": 2, "query": "risk1", "root_id": 276}
{"event": "training_root_complete", "life": 0, "query": "risk1", "root_id": 20}
{"event": "training_root_complete", "life": 3, "query": "risk1", "root_id": 402}
{"event": "training_root_complete", "life": 1, "query": "risk1", "root_id": 145}
{"event": "training_root_complete", "life": 3, "query": "risk1", "root_id": 403}
{"event": "training_root_complete", "life": 2, "query": "risk1", "root_id": 277}
{"event": "training_root_complete", "life": 1, "query": "risk1", "root_id": 146}
{"event": "training_root_complete", "life": 0, "query": "risk1", "root_id": 21}
{"event": "training_root_complete", "life": 2, "query": "risk1", "root_id": 278}
{"event": "training_root_complete", "life": 0, "query": "risk1", "root_id": 22}
{"event": "training_root_complete", "life": 3, "query": "risk1", "root_id": 404}
{"event": "training_root_complete", "life": 1, "query": "risk1", "root_id": 148}
{"event": "training_root_complete", "life": 0, "query": "risk1", "root_id": 23}
{"event": "training_root_complete", "life": 2, "query": "risk1", "root_id": 280}
{"event": "training_root_complete", "life": 3, "query": "risk1", "root_id": 405}
{"event": "training_root_complete", "life": 2, "query": "risk1", "root_id": 281}
{"event": "training_root_complete", "life": 1, "query": "risk1", "root_id": 149}
{"event": "training_root_complete", "life": 3, "query": "risk1", "root_id": 406}
{"event": "training_root_complete", "life": 0, "query": "risk1", "root_id": 24}
{"event": "training_root_complete", "life": 1, "query": "risk1", "root_id": 150}
{"event": "training_root_complete", "life": 3, "query": "risk1", "root_id": 407}
{"event": "training_root_complete", "life": 1, "query": "risk1", "root_id": 151}
{"event": "training_root_complete", "life": 2, "query": "risk1", "root_id": 284}
{"event": "training_root_complete", "life": 0, "query": "risk1", "root_id": 25}
{"event": "training_root_complete", "life": 0, "query": "risk1", "root_id": 26}
{"event": "training_root_complete", "life": 1, "query": "risk1", "root_id": 152}
{"event": "training_root_complete", "life": 3, "query": "risk1", "root_id": 408}
{"event": "training_root_complete", "life": 2, "query": "risk1", "root_id": 285}
{"event": "training_root_complete", "life": 0, "query": "risk1", "root_id": 27}
{"event": "training_root_complete", "life": 2, "query": "risk1", "root_id": 286}
{"event": "training_root_complete", "life": 2, "query": "risk1", "root_id": 287}
{"event": "training_root_complete", "life": 1, "query": "risk1", "root_id": 153}
{"event": "training_root_complete", "life": 3, "query": "risk1", "root_id": 409}
{"event": "training_root_complete", "life": 0, "query": "risk1", "root_id": 28}
{"event": "training_root_complete", "life": 1, "query": "risk1", "root_id": 154}
{"event": "training_root_complete", "life": 3, "query": "risk1", "root_id": 410}
{"event": "training_root_complete", "life": 1, "query": "risk1", "root_id": 155}
{"event": "training_root_complete", "life": 3, "query": "risk1", "root_id": 411}
{"event": "training_root_complete", "life": 2, "query": "risk1", "root_id": 288}
{"event": "training_root_complete", "life": 0, "query": "risk1", "root_id": 29}
{"event": "training_root_complete", "life": 0, "query": "risk1", "root_id": 30}
{"event": "training_root_complete", "life": 1, "query": "risk1", "root_id": 156}
{"event": "training_root_complete", "life": 2, "query": "risk1", "root_id": 289}
{"event": "training_root_complete", "life": 2, "query": "risk1", "root_id": 290}
{"event": "training_root_complete", "life": 3, "query": "risk1", "root_id": 412}
{"event": "training_root_complete", "life": 1, "query": "risk1", "root_id": 157}
{"event": "training_root_complete", "life": 0, "query": "risk1", "root_id": 32}
{"event": "training_root_complete", "life": 1, "query": "risk1", "root_id": 158}
{"event": "training_root_complete", "life": 1, "query": "risk1", "root_id": 159}
{"event": "training_root_complete", "life": 3, "query": "risk1", "root_id": 413}
{"event": "training_root_complete", "life": 2, "query": "risk1", "root_id": 292}
{"event": "training_root_complete", "life": 3, "query": "risk1", "root_id": 414}
{"event": "training_root_complete", "life": 0, "query": "risk1", "root_id": 33}
{"event": "training_root_complete", "life": 3, "query": "risk1", "root_id": 415}
{"event": "training_root_complete", "life": 0, "query": "risk1", "root_id": 34}
{"event": "training_root_complete", "life": 2, "query": "risk1", "root_id": 293}
{"event": "training_root_complete", "life": 1, "query": "risk1", "root_id": 160}
{"event": "training_root_complete", "life": 2, "query": "risk1", "root_id": 294}
{"event": "training_root_complete", "life": 3, "query": "risk1", "root_id": 416}
{"event": "training_root_complete", "life": 2, "query": "risk1", "root_id": 295}
{"event": "training_root_complete", "life": 0, "query": "risk1", "root_id": 36}
{"event": "training_root_complete", "life": 1, "query": "risk1", "root_id": 161}
{"event": "training_root_complete", "life": 3, "query": "risk1", "root_id": 417}
{"event": "training_root_complete", "life": 1, "query": "risk1", "root_id": 162}
{"event": "training_root_complete", "life": 1, "query": "risk1", "root_id": 163}
{"event": "training_root_complete", "life": 0, "query": "risk1", "root_id": 37}
{"event": "training_root_complete", "life": 3, "query": "risk1", "root_id": 418}
{"event": "training_root_complete", "life": 2, "query": "risk1", "root_id": 296}
{"event": "training_root_complete", "life": 3, "query": "risk1", "root_id": 419}
{"event": "training_root_complete", "life": 0, "query": "risk1", "root_id": 38}
{"event": "training_root_complete", "life": 2, "query": "risk1", "root_id": 297}
{"event": "training_root_complete", "life": 0, "query": "risk1", "root_id": 39}
{"event": "training_root_complete", "life": 2, "query": "risk1", "root_id": 298}
{"event": "training_root_complete", "life": 1, "query": "risk1", "root_id": 164}
{"event": "training_root_complete", "life": 3, "query": "risk1", "root_id": 420}
{"event": "training_root_complete", "life": 0, "query": "risk1", "root_id": 40}
{"event": "training_root_complete", "life": 2, "query": "risk1", "root_id": 300}
{"event": "training_root_complete", "life": 1, "query": "risk1", "root_id": 165}
{"event": "training_root_complete", "life": 1, "query": "risk1", "root_id": 166}
{"event": "training_root_complete", "life": 3, "query": "risk1", "root_id": 421}
{"event": "training_root_complete", "life": 1, "query": "risk1", "root_id": 167}
{"event": "training_root_complete", "life": 0, "query": "risk1", "root_id": 41}
{"event": "training_root_complete", "life": 2, "query": "risk1", "root_id": 301}
{"event": "training_root_complete", "life": 2, "query": "risk1", "root_id": 302}
{"event": "training_root_complete", "life": 3, "query": "risk1", "root_id": 422}
{"event": "training_root_complete", "life": 0, "query": "risk1", "root_id": 42}
{"event": "training_root_complete", "life": 2, "query": "risk1", "root_id": 303}
{"event": "training_root_complete", "life": 1, "query": "risk1", "root_id": 168}
{"event": "training_root_complete", "life": 0, "query": "risk1", "root_id": 43}
{"event": "query_heads_frozen", "life": 2, "query": "risk1", "labels": 103, "updates": {"PRIOR": 2060, "SCRATCH": 2060}}
{"event": "training_root_complete", "life": 1, "query": "risk1", "root_id": 169}
{"event": "training_root_complete", "life": 3, "query": "risk1", "root_id": 424}
{"event": "training_root_complete", "life": 0, "query": "risk1", "root_id": 44}
{"event": "training_root_complete", "life": 1, "query": "risk1", "root_id": 170}
{"event": "training_root_complete", "life": 2, "query": "risk8", "root_id": 320}
{"event": "training_root_complete", "life": 3, "query": "risk1", "root_id": 425}
{"event": "training_root_complete", "life": 0, "query": "risk1", "root_id": 45}
{"event": "training_root_complete", "life": 1, "query": "risk1", "root_id": 172}
{"event": "training_root_complete", "life": 2, "query": "risk8", "root_id": 321}
{"event": "training_root_complete", "life": 3, "query": "risk1", "root_id": 426}
{"event": "training_root_complete", "life": 0, "query": "risk1", "root_id": 46}
{"event": "query_heads_frozen", "life": 0, "query": "risk1", "labels": 110, "updates": {"PRIOR": 2200, "SCRATCH": 2200}}
{"event": "training_root_complete", "life": 2, "query": "risk8", "root_id": 322}
{"event": "training_root_complete", "life": 1, "query": "risk1", "root_id": 173}
{"event": "training_root_complete", "life": 2, "query": "risk8", "root_id": 323}
{"event": "training_root_complete", "life": 3, "query": "risk1", "root_id": 428}
{"event": "training_root_complete", "life": 1, "query": "risk1", "root_id": 174}
{"event": "training_root_complete", "life": 1, "query": "risk1", "root_id": 175}
{"event": "training_root_complete", "life": 2, "query": "risk8", "root_id": 324}
{"event": "query_heads_frozen", "life": 1, "query": "risk1", "labels": 114, "updates": {"PRIOR": 2280, "SCRATCH": 2280}}
{"event": "training_root_complete", "life": 0, "query": "risk8", "root_id": 64}
{"event": "training_root_complete", "life": 3, "query": "risk1", "root_id": 429}
{"event": "training_root_complete", "life": 3, "query": "risk1", "root_id": 430}
{"event": "training_root_complete", "life": 2, "query": "risk8", "root_id": 325}
{"event": "training_root_complete", "life": 0, "query": "risk8", "root_id": 65}
{"event": "query_heads_frozen", "life": 3, "query": "risk1", "labels": 118, "updates": {"PRIOR": 2360, "SCRATCH": 2360}}
{"event": "training_root_complete", "life": 1, "query": "risk8", "root_id": 192}
{"event": "training_root_complete", "life": 2, "query": "risk8", "root_id": 326}
{"event": "training_root_complete", "life": 2, "query": "risk8", "root_id": 327}
{"event": "training_root_complete", "life": 0, "query": "risk8", "root_id": 66}
{"event": "training_root_complete", "life": 0, "query": "risk8", "root_id": 67}
{"event": "training_root_complete", "life": 3, "query": "risk8", "root_id": 448}
{"event": "training_root_complete", "life": 1, "query": "risk8", "root_id": 193}
{"event": "training_root_complete", "life": 1, "query": "risk8", "root_id": 194}
{"event": "training_root_complete", "life": 2, "query": "risk8", "root_id": 328}
{"event": "training_root_complete", "life": 3, "query": "risk8", "root_id": 449}
{"event": "training_root_complete", "life": 0, "query": "risk8", "root_id": 68}
{"event": "training_root_complete", "life": 2, "query": "risk8", "root_id": 329}
{"event": "training_root_complete", "life": 3, "query": "risk8", "root_id": 450}
{"event": "training_root_complete", "life": 0, "query": "risk8", "root_id": 69}
{"event": "training_root_complete", "life": 1, "query": "risk8", "root_id": 196}
{"event": "training_root_complete", "life": 3, "query": "risk8", "root_id": 451}
{"event": "training_root_complete", "life": 2, "query": "risk8", "root_id": 330}
{"event": "training_root_complete", "life": 0, "query": "risk8", "root_id": 70}
{"event": "training_root_complete", "life": 2, "query": "risk8", "root_id": 331}
{"event": "training_root_complete", "life": 1, "query": "risk8", "root_id": 197}
{"event": "training_root_complete", "life": 1, "query": "risk8", "root_id": 198}
{"event": "training_root_complete", "life": 0, "query": "risk8", "root_id": 72}
{"event": "training_root_complete", "life": 3, "query": "risk8", "root_id": 452}
{"event": "training_root_complete", "life": 2, "query": "risk8", "root_id": 332}
{"event": "training_root_complete", "life": 1, "query": "risk8", "root_id": 200}
{"event": "training_root_complete", "life": 0, "query": "risk8", "root_id": 73}
{"event": "training_root_complete", "life": 0, "query": "risk8", "root_id": 74}
{"event": "training_root_complete", "life": 2, "query": "risk8", "root_id": 333}
{"event": "training_root_complete", "life": 3, "query": "risk8", "root_id": 453}
{"event": "training_root_complete", "life": 2, "query": "risk8", "root_id": 334}
{"event": "training_root_complete", "life": 1, "query": "risk8", "root_id": 201}
{"event": "training_root_complete", "life": 0, "query": "risk8", "root_id": 76}
{"event": "training_root_complete", "life": 3, "query": "risk8", "root_id": 454}
{"event": "training_root_complete", "life": 2, "query": "risk8", "root_id": 336}
{"event": "training_root_complete", "life": 1, "query": "risk8", "root_id": 202}
{"event": "training_root_complete", "life": 3, "query": "risk8", "root_id": 455}
{"event": "training_root_complete", "life": 0, "query": "risk8", "root_id": 77}
{"event": "training_root_complete", "life": 1, "query": "risk8", "root_id": 203}
{"event": "training_root_complete", "life": 0, "query": "risk8", "root_id": 78}
{"event": "training_root_complete", "life": 2, "query": "risk8", "root_id": 337}
{"event": "training_root_complete", "life": 3, "query": "risk8", "root_id": 456}
{"event": "training_root_complete", "life": 2, "query": "risk8", "root_id": 338}
{"event": "training_root_complete", "life": 2, "query": "risk8", "root_id": 339}
{"event": "training_root_complete", "life": 1, "query": "risk8", "root_id": 204}
{"event": "training_root_complete", "life": 3, "query": "risk8", "root_id": 457}
{"event": "training_root_complete", "life": 0, "query": "risk8", "root_id": 80}
{"event": "training_root_complete", "life": 3, "query": "risk8", "root_id": 458}
{"event": "training_root_complete", "life": 1, "query": "risk8", "root_id": 205}
{"event": "training_root_complete", "life": 3, "query": "risk8", "root_id": 459}
{"event": "training_root_complete", "life": 0, "query": "risk8", "root_id": 81}
{"event": "training_root_complete", "life": 1, "query": "risk8", "root_id": 206}
{"event": "training_root_complete", "life": 2, "query": "risk8", "root_id": 340}
{"event": "training_root_complete", "life": 0, "query": "risk8", "root_id": 82}
{"event": "training_root_complete", "life": 0, "query": "risk8", "root_id": 83}
{"event": "training_root_complete", "life": 3, "query": "risk8", "root_id": 460}
{"event": "training_root_complete", "life": 2, "query": "risk8", "root_id": 341}
{"event": "training_root_complete", "life": 1, "query": "risk8", "root_id": 208}
{"event": "training_root_complete", "life": 2, "query": "risk8", "root_id": 342}
{"event": "training_root_complete", "life": 3, "query": "risk8", "root_id": 461}
{"event": "training_root_complete", "life": 0, "query": "risk8", "root_id": 84}
{"event": "training_root_complete", "life": 1, "query": "risk8", "root_id": 209}
{"event": "training_root_complete", "life": 2, "query": "risk8", "root_id": 343}
{"event": "training_root_complete", "life": 3, "query": "risk8", "root_id": 462}
{"event": "training_root_complete", "life": 1, "query": "risk8", "root_id": 210}
{"event": "training_root_complete", "life": 0, "query": "risk8", "root_id": 85}
{"event": "training_root_complete", "life": 1, "query": "risk8", "root_id": 211}
{"event": "training_root_complete", "life": 3, "query": "risk8", "root_id": 463}
{"event": "training_root_complete", "life": 0, "query": "risk8", "root_id": 86}
{"event": "training_root_complete", "life": 2, "query": "risk8", "root_id": 344}
{"event": "training_root_complete", "life": 0, "query": "risk8", "root_id": 87}
{"event": "training_root_complete", "life": 3, "query": "risk8", "root_id": 464}
{"event": "training_root_complete", "life": 1, "query": "risk8", "root_id": 212}
{"event": "training_root_complete", "life": 2, "query": "risk8", "root_id": 345}
{"event": "training_root_complete", "life": 0, "query": "risk8", "root_id": 88}
{"event": "training_root_complete", "life": 2, "query": "risk8", "root_id": 346}
{"event": "training_root_complete", "life": 1, "query": "risk8", "root_id": 213}
{"event": "training_root_complete", "life": 3, "query": "risk8", "root_id": 465}
{"event": "training_root_complete", "life": 1, "query": "risk8", "root_id": 214}
{"event": "training_root_complete", "life": 0, "query": "risk8", "root_id": 89}
{"event": "training_root_complete", "life": 1, "query": "risk8", "root_id": 215}
{"event": "training_root_complete", "life": 2, "query": "risk8", "root_id": 348}
{"event": "training_root_complete", "life": 3, "query": "risk8", "root_id": 466}
{"event": "training_root_complete", "life": 0, "query": "risk8", "root_id": 90}
{"event": "training_root_complete", "life": 0, "query": "risk8", "root_id": 91}
{"event": "training_root_complete", "life": 3, "query": "risk8", "root_id": 467}
{"event": "training_root_complete", "life": 2, "query": "risk8", "root_id": 349}
{"event": "training_root_complete", "life": 1, "query": "risk8", "root_id": 216}
{"event": "training_root_complete", "life": 0, "query": "risk8", "root_id": 92}
{"event": "training_root_complete", "life": 2, "query": "risk8", "root_id": 350}
{"event": "training_root_complete", "life": 3, "query": "risk8", "root_id": 468}
{"event": "training_root_complete", "life": 1, "query": "risk8", "root_id": 217}
{"event": "training_root_complete", "life": 2, "query": "risk8", "root_id": 351}
{"event": "training_root_complete", "life": 0, "query": "risk8", "root_id": 93}
{"event": "training_root_complete", "life": 3, "query": "risk8", "root_id": 469}
{"event": "training_root_complete", "life": 1, "query": "risk8", "root_id": 218}
{"event": "training_root_complete", "life": 0, "query": "risk8", "root_id": 94}
{"event": "training_root_complete", "life": 1, "query": "risk8", "root_id": 219}
{"event": "training_root_complete", "life": 3, "query": "risk8", "root_id": 470}
{"event": "training_root_complete", "life": 2, "query": "risk8", "root_id": 352}
{"event": "training_root_complete", "life": 0, "query": "risk8", "root_id": 96}
{"event": "training_root_complete", "life": 2, "query": "risk8", "root_id": 353}
{"event": "training_root_complete", "life": 1, "query": "risk8", "root_id": 220}
{"event": "training_root_complete", "life": 3, "query": "risk8", "root_id": 472}
{"event": "training_root_complete", "life": 2, "query": "risk8", "root_id": 354}
{"event": "training_root_complete", "life": 3, "query": "risk8", "root_id": 473}
{"event": "training_root_complete", "life": 0, "query": "risk8", "root_id": 97}
{"event": "training_root_complete", "life": 2, "query": "risk8", "root_id": 355}
{"event": "training_root_complete", "life": 1, "query": "risk8", "root_id": 221}
{"event": "training_root_complete", "life": 0, "query": "risk8", "root_id": 98}
{"event": "training_root_complete", "life": 0, "query": "risk8", "root_id": 99}
{"event": "training_root_complete", "life": 3, "query": "risk8", "root_id": 474}
{"event": "training_root_complete", "life": 1, "query": "risk8", "root_id": 222}
{"event": "training_root_complete", "life": 2, "query": "risk8", "root_id": 356}
{"event": "training_root_complete", "life": 1, "query": "risk8", "root_id": 224}
{"event": "training_root_complete", "life": 0, "query": "risk8", "root_id": 100}
{"event": "training_root_complete", "life": 3, "query": "risk8", "root_id": 476}
{"event": "training_root_complete", "life": 2, "query": "risk8", "root_id": 357}
{"event": "training_root_complete", "life": 1, "query": "risk8", "root_id": 225}
{"event": "training_root_complete", "life": 3, "query": "risk8", "root_id": 477}
{"event": "training_root_complete", "life": 0, "query": "risk8", "root_id": 101}
{"event": "training_root_complete", "life": 3, "query": "risk8", "root_id": 478}
{"event": "training_root_complete", "life": 2, "query": "risk8", "root_id": 358}
{"event": "training_root_complete", "life": 0, "query": "risk8", "root_id": 102}
{"event": "training_root_complete", "life": 2, "query": "risk8", "root_id": 359}
{"event": "training_root_complete", "life": 1, "query": "risk8", "root_id": 226}
{"event": "training_root_complete", "life": 2, "query": "risk8", "root_id": 360}
{"event": "training_root_complete", "life": 3, "query": "risk8", "root_id": 480}
{"event": "training_root_complete", "life": 1, "query": "risk8", "root_id": 228}
{"event": "training_root_complete", "life": 0, "query": "risk8", "root_id": 104}
{"event": "training_root_complete", "life": 1, "query": "risk8", "root_id": 229}
{"event": "training_root_complete", "life": 2, "query": "risk8", "root_id": 361}
{"event": "training_root_complete", "life": 3, "query": "risk8", "root_id": 481}
{"event": "training_root_complete", "life": 0, "query": "risk8", "root_id": 105}
{"event": "training_root_complete", "life": 2, "query": "risk8", "root_id": 362}
{"event": "training_root_complete", "life": 3, "query": "risk8", "root_id": 482}
{"event": "training_root_complete", "life": 1, "query": "risk8", "root_id": 230}
{"event": "training_root_complete", "life": 0, "query": "risk8", "root_id": 106}
{"event": "training_root_complete", "life": 1, "query": "risk8", "root_id": 231}
{"event": "training_root_complete", "life": 2, "query": "risk8", "root_id": 364}
{"event": "training_root_complete", "life": 3, "query": "risk8", "root_id": 484}
{"event": "training_root_complete", "life": 0, "query": "risk8", "root_id": 108}
{"event": "training_root_complete", "life": 1, "query": "risk8", "root_id": 232}
{"event": "training_root_complete", "life": 2, "query": "risk8", "root_id": 365}
{"event": "training_root_complete", "life": 0, "query": "risk8", "root_id": 109}
{"event": "training_root_complete", "life": 3, "query": "risk8", "root_id": 485}
{"event": "training_root_complete", "life": 0, "query": "risk8", "root_id": 110}
{"event": "training_root_complete", "life": 3, "query": "risk8", "root_id": 486}
{"event": "training_root_complete", "life": 2, "query": "risk8", "root_id": 366}
{"event": "training_root_complete", "life": 1, "query": "risk8", "root_id": 233}
{"event": "training_root_complete", "life": 0, "query": "risk8", "root_id": 111}
{"event": "training_root_complete", "life": 1, "query": "risk8", "root_id": 234}
{"event": "query_heads_frozen", "life": 0, "query": "risk8", "labels": 112, "updates": {"PRIOR": 2220, "SCRATCH": 2220}}
{"event": "training_root_complete", "life": 2, "query": "risk8", "root_id": 367}
{"event": "query_heads_frozen", "life": 2, "query": "risk8", "labels": 116, "updates": {"PRIOR": 2320, "SCRATCH": 2320}}
{"event": "training_root_complete", "life": 3, "query": "risk8", "root_id": 488}
{"event": "training_root_complete", "life": 1, "query": "risk8", "root_id": 236}
{"event": "training_root_complete", "life": 3, "query": "risk8", "root_id": 489}
{"event": "training_root_complete", "life": 1, "query": "risk8", "root_id": 237}
{"event": "training_root_complete", "life": 1, "query": "risk8", "root_id": 238}
{"event": "training_root_complete", "life": 1, "query": "risk8", "root_id": 239}
{"event": "query_heads_frozen", "life": 1, "query": "risk8", "labels": 110, "updates": {"PRIOR": 2200, "SCRATCH": 2200}}
{"event": "training_root_complete", "life": 3, "query": "risk8", "root_id": 492}
{"event": "training_root_complete", "life": 3, "query": "risk8", "root_id": 493}
{"event": "training_root_complete", "life": 3, "query": "risk8", "root_id": 494}
{"event": "query_heads_frozen", "life": 3, "query": "risk8", "labels": 106, "updates": {"PRIOR": 2120, "SCRATCH": 2120}}
{"event": "all_heads_frozen"}
{"event": "heldout_root_complete", "life": 2, "query": "risk1", "root_id": 304}
{"event": "heldout_root_complete", "life": 0, "query": "risk1", "root_id": 48}
{"event": "heldout_root_complete", "life": 1, "query": "risk1", "root_id": 176}
{"event": "heldout_root_complete", "life": 3, "query": "risk1", "root_id": 432}
{"event": "heldout_root_complete", "life": 2, "query": "risk1", "root_id": 305}
{"event": "heldout_root_complete", "life": 2, "query": "risk1", "root_id": 306}
{"event": "heldout_root_complete", "life": 2, "query": "risk1", "root_id": 307}
{"event": "heldout_root_complete", "life": 0, "query": "risk1", "root_id": 49}
{"event": "heldout_root_complete", "life": 1, "query": "risk1", "root_id": 177}
{"event": "heldout_root_complete", "life": 3, "query": "risk1", "root_id": 433}
{"event": "heldout_root_complete", "life": 0, "query": "risk1", "root_id": 50}
{"event": "heldout_root_complete", "life": 3, "query": "risk1", "root_id": 434}
{"event": "heldout_root_complete", "life": 1, "query": "risk1", "root_id": 178}
{"event": "heldout_root_complete", "life": 2, "query": "risk1", "root_id": 308}
{"event": "heldout_root_complete", "life": 0, "query": "risk1", "root_id": 51}
{"event": "heldout_root_complete", "life": 1, "query": "risk1", "root_id": 179}
{"event": "heldout_root_complete", "life": 0, "query": "risk1", "root_id": 52}
{"event": "heldout_root_complete", "life": 2, "query": "risk1", "root_id": 309}
{"event": "heldout_root_complete", "life": 3, "query": "risk1", "root_id": 436}
{"event": "heldout_root_complete", "life": 1, "query": "risk1", "root_id": 180}
{"event": "heldout_root_complete", "life": 2, "query": "risk1", "root_id": 310}
{"event": "heldout_root_complete", "life": 0, "query": "risk1", "root_id": 53}
{"event": "heldout_root_complete", "life": 2, "query": "risk1", "root_id": 311}
{"event": "heldout_root_complete", "life": 0, "query": "risk1", "root_id": 54}
{"event": "heldout_root_complete", "life": 3, "query": "risk1", "root_id": 437}
{"event": "heldout_root_complete", "life": 0, "query": "risk1", "root_id": 55}
{"event": "heldout_root_complete", "life": 3, "query": "risk1", "root_id": 438}
{"event": "heldout_root_complete", "life": 1, "query": "risk1", "root_id": 181}
{"event": "heldout_root_complete", "life": 2, "query": "risk1", "root_id": 312}
{"event": "heldout_root_complete", "life": 1, "query": "risk1", "root_id": 182}
{"event": "heldout_root_complete", "life": 0, "query": "risk1", "root_id": 56}
{"event": "heldout_root_complete", "life": 1, "query": "risk1", "root_id": 183}
{"event": "heldout_root_complete", "life": 2, "query": "risk1", "root_id": 313}
{"event": "heldout_root_complete", "life": 3, "query": "risk1", "root_id": 440}
{"event": "heldout_root_complete", "life": 0, "query": "risk1", "root_id": 57}
{"event": "heldout_root_complete", "life": 2, "query": "risk1", "root_id": 314}
{"event": "heldout_root_complete", "life": 0, "query": "risk1", "root_id": 58}
{"event": "heldout_root_complete", "life": 3, "query": "risk1", "root_id": 441}
{"event": "heldout_root_complete", "life": 1, "query": "risk1", "root_id": 184}
{"event": "heldout_root_complete", "life": 3, "query": "risk1", "root_id": 442}
{"event": "heldout_root_complete", "life": 2, "query": "risk1", "root_id": 316}
{"event": "heldout_root_complete", "life": 0, "query": "risk1", "root_id": 60}
{"event": "heldout_root_complete", "life": 1, "query": "risk1", "root_id": 185}
{"event": "heldout_root_complete", "life": 2, "query": "risk1", "root_id": 317}
{"event": "heldout_root_complete", "life": 3, "query": "risk1", "root_id": 444}
{"event": "heldout_root_complete", "life": 0, "query": "risk1", "root_id": 61}
{"event": "heldout_root_complete", "life": 1, "query": "risk1", "root_id": 186}
{"event": "heldout_root_complete", "life": 2, "query": "risk1", "root_id": 318}
{"event": "heldout_root_complete", "life": 1, "query": "risk1", "root_id": 187}
{"event": "control_complete", "life": 0, "query": "risk1", "method": "PARENT"}
{"event": "heldout_root_complete", "life": 2, "query": "risk1", "root_id": 319}
{"event": "heldout_root_complete", "life": 3, "query": "risk1", "root_id": 445}
{"event": "control_complete", "life": 2, "query": "risk1", "method": "PARENT"}
{"event": "control_complete", "life": 0, "query": "risk1", "method": "PRIOR"}
{"event": "control_complete", "life": 0, "query": "risk1", "method": "SCRATCH"}
{"event": "heldout_root_complete", "life": 1, "query": "risk1", "root_id": 188}
{"event": "heldout_root_complete", "life": 3, "query": "risk1", "root_id": 446}
{"event": "control_complete", "life": 2, "query": "risk1", "method": "PRIOR"}
{"event": "heldout_root_complete", "life": 3, "query": "risk1", "root_id": 447}
{"event": "control_complete", "life": 2, "query": "risk1", "method": "SCRATCH"}
{"event": "heldout_root_complete", "life": 1, "query": "risk1", "root_id": 189}
{"event": "control_complete", "life": 3, "query": "risk1", "method": "PARENT"}
{"event": "control_complete", "life": 1, "query": "risk1", "method": "PARENT"}
{"event": "heldout_root_complete", "life": 0, "query": "risk8", "root_id": 112}
{"event": "heldout_root_complete", "life": 2, "query": "risk8", "root_id": 368}
{"event": "control_complete", "life": 3, "query": "risk1", "method": "PRIOR"}
{"event": "control_complete", "life": 3, "query": "risk1", "method": "SCRATCH"}
{"event": "control_complete", "life": 1, "query": "risk1", "method": "PRIOR"}
{"event": "control_complete", "life": 1, "query": "risk1", "method": "SCRATCH"}
{"event": "heldout_root_complete", "life": 2, "query": "risk8", "root_id": 369}
{"event": "heldout_root_complete", "life": 0, "query": "risk8", "root_id": 113}
{"event": "heldout_root_complete", "life": 3, "query": "risk8", "root_id": 496}
{"event": "heldout_root_complete", "life": 1, "query": "risk8", "root_id": 240}
{"event": "heldout_root_complete", "life": 2, "query": "risk8", "root_id": 370}
{"event": "heldout_root_complete", "life": 2, "query": "risk8", "root_id": 371}
{"event": "heldout_root_complete", "life": 0, "query": "risk8", "root_id": 114}
{"event": "heldout_root_complete", "life": 0, "query": "risk8", "root_id": 115}
{"event": "heldout_root_complete", "life": 3, "query": "risk8", "root_id": 497}
{"event": "heldout_root_complete", "life": 1, "query": "risk8", "root_id": 241}
{"event": "heldout_root_complete", "life": 1, "query": "risk8", "root_id": 242}
{"event": "heldout_root_complete", "life": 3, "query": "risk8", "root_id": 498}
{"event": "heldout_root_complete", "life": 2, "query": "risk8", "root_id": 372}
{"event": "heldout_root_complete", "life": 1, "query": "risk8", "root_id": 243}
{"event": "heldout_root_complete", "life": 3, "query": "risk8", "root_id": 499}
{"event": "heldout_root_complete", "life": 0, "query": "risk8", "root_id": 116}
{"event": "heldout_root_complete", "life": 2, "query": "risk8", "root_id": 373}
{"event": "heldout_root_complete", "life": 2, "query": "risk8", "root_id": 374}
{"event": "heldout_root_complete", "life": 1, "query": "risk8", "root_id": 244}
{"event": "heldout_root_complete", "life": 0, "query": "risk8", "root_id": 117}
{"event": "heldout_root_complete", "life": 3, "query": "risk8", "root_id": 500}
{"event": "heldout_root_complete", "life": 0, "query": "risk8", "root_id": 118}
{"event": "heldout_root_complete", "life": 2, "query": "risk8", "root_id": 376}
{"event": "heldout_root_complete", "life": 0, "query": "risk8", "root_id": 119}
{"event": "heldout_root_complete", "life": 1, "query": "risk8", "root_id": 245}
{"event": "heldout_root_complete", "life": 3, "query": "risk8", "root_id": 501}
{"event": "heldout_root_complete", "life": 1, "query": "risk8", "root_id": 246}
{"event": "heldout_root_complete", "life": 3, "query": "risk8", "root_id": 502}
{"event": "heldout_root_complete", "life": 2, "query": "risk8", "root_id": 377}
{"event": "heldout_root_complete", "life": 2, "query": "risk8", "root_id": 378}
{"event": "heldout_root_complete", "life": 1, "query": "risk8", "root_id": 247}
{"event": "heldout_root_complete", "life": 0, "query": "risk8", "root_id": 120}
{"event": "heldout_root_complete", "life": 2, "query": "risk8", "root_id": 379}
{"event": "heldout_root_complete", "life": 3, "query": "risk8", "root_id": 504}
{"event": "heldout_root_complete", "life": 0, "query": "risk8", "root_id": 121}
{"event": "heldout_root_complete", "life": 0, "query": "risk8", "root_id": 122}
{"event": "heldout_root_complete", "life": 2, "query": "risk8", "root_id": 380}
{"event": "heldout_root_complete", "life": 1, "query": "risk8", "root_id": 248}
{"event": "heldout_root_complete", "life": 3, "query": "risk8", "root_id": 505}
{"event": "heldout_root_complete", "life": 0, "query": "risk8", "root_id": 123}
{"event": "heldout_root_complete", "life": 3, "query": "risk8", "root_id": 506}
{"event": "heldout_root_complete", "life": 3, "query": "risk8", "root_id": 507}
{"event": "heldout_root_complete", "life": 2, "query": "risk8", "root_id": 381}
{"event": "heldout_root_complete", "life": 1, "query": "risk8", "root_id": 249}
{"event": "heldout_root_complete", "life": 2, "query": "risk8", "root_id": 382}
{"event": "heldout_root_complete", "life": 0, "query": "risk8", "root_id": 124}
{"event": "heldout_root_complete", "life": 1, "query": "risk8", "root_id": 250}
{"event": "heldout_root_complete", "life": 2, "query": "risk8", "root_id": 383}
{"event": "heldout_root_complete", "life": 1, "query": "risk8", "root_id": 251}
{"event": "heldout_root_complete", "life": 3, "query": "risk8", "root_id": 508}
{"event": "control_complete", "life": 2, "query": "risk8", "method": "PARENT"}
{"event": "heldout_root_complete", "life": 0, "query": "risk8", "root_id": 125}
{"event": "control_complete", "life": 2, "query": "risk8", "method": "PRIOR"}
{"event": "heldout_root_complete", "life": 0, "query": "risk8", "root_id": 126}
{"event": "control_complete", "life": 2, "query": "risk8", "method": "SCRATCH"}
{"event": "heldout_root_complete", "life": 1, "query": "risk8", "root_id": 252}
{"event": "heldout_root_complete", "life": 3, "query": "risk8", "root_id": 509}
{"event": "control_complete", "life": 0, "query": "risk8", "method": "PARENT"}
{"event": "heldout_root_complete", "life": 3, "query": "risk8", "root_id": 510}
{"event": "control_complete", "life": 0, "query": "risk8", "method": "PRIOR"}
{"event": "control_complete", "life": 0, "query": "risk8", "method": "SCRATCH"}
{"event": "heldout_root_complete", "life": 1, "query": "risk8", "root_id": 253}
{"event": "control_complete", "life": 3, "query": "risk8", "method": "PARENT"}
{"event": "heldout_root_complete", "life": 1, "query": "risk8", "root_id": 254}
{"event": "control_complete", "life": 3, "query": "risk8", "method": "PRIOR"}
{"event": "control_complete", "life": 1, "query": "risk8", "method": "PARENT"}
{"event": "control_complete", "life": 3, "query": "risk8", "method": "SCRATCH"}
{"event": "control_complete", "life": 1, "query": "risk8", "method": "PRIOR"}
{"event": "control_complete", "life": 1, "query": "risk8", "method": "SCRATCH"}
{"status": "complete", "seconds": 288.38137877699046}
