{"event": "programs_frozen", "life": 0, "age": 1, "examples": 27}
{"event": "programs_frozen", "life": 3, "age": 1, "examples": 34}
{"event": "programs_frozen", "life": 1, "age": 1, "examples": 31}
{"event": "programs_frozen", "life": 2, "age": 1, "examples": 32}
{"event": "programs_frozen", "life": 0, "age": 8, "examples": 252}
{"event": "programs_frozen", "life": 3, "age": 8, "examples": 261}
{"event": "programs_frozen", "life": 2, "age": 8, "examples": 261}
{"event": "programs_frozen", "life": 1, "age": 8, "examples": 255}
{"event": "programs_frozen", "life": 0, "age": 64, "examples": 1979}
{"event": "programs_frozen", "life": 2, "age": 64, "examples": 1953}
{"event": "programs_frozen", "life": 3, "age": 64, "examples": 2050}
{"event": "programs_frozen", "life": 1, "age": 64, "examples": 2049}
{"event": "control_complete", "life": 3, "query": "risk1", "method": "H2"}
{"event": "control_complete", "life": 2, "query": "risk1", "method": "H2"}
{"event": "control_complete", "life": 0, "query": "risk1", "method": "H2"}
{"event": "control_complete", "life": 1, "query": "risk1", "method": "H2"}
{"event": "control_complete", "life": 3, "query": "risk1", "method": "DIRECT64"}
{"event": "control_complete", "life": 2, "query": "risk1", "method": "DIRECT64"}
{"event": "control_complete", "life": 0, "query": "risk1", "method": "DIRECT64"}
{"event": "control_complete", "life": 1, "query": "risk1", "method": "DIRECT64"}
{"event": "control_complete", "life": 2, "query": "risk1", "method": "LEARNED1"}
{"event": "control_complete", "life": 3, "query": "risk1", "method": "LEARNED1"}
{"event": "control_complete", "life": 0, "query": "risk1", "method": "LEARNED1"}
{"event": "control_complete", "life": 1, "query": "risk1", "method": "LEARNED1"}
{"event": "control_complete", "life": 2, "query": "risk1", "method": "RANDOM1"}
{"event": "control_complete", "life": 3, "query": "risk1", "method": "RANDOM1"}
{"event": "control_complete", "life": 1, "query": "risk1", "method": "RANDOM1"}
{"event": "control_complete", "life": 0, "query": "risk1", "method": "RANDOM1"}
{"event": "control_complete", "life": 3, "query": "risk1", "method": "LEARNED8"}
{"event": "control_complete", "life": 1, "query": "risk1", "method": "LEARNED8"}
{"event": "control_complete", "life": 2, "query": "risk1", "method": "LEARNED8"}
{"event": "control_complete", "life": 0, "query": "risk1", "method": "LEARNED8"}
{"event": "control_complete", "life": 1, "query": "risk1", "method": "RANDOM8"}
{"event": "control_complete", "life": 3, "query": "risk1", "method": "RANDOM8"}
{"event": "control_complete", "life": 2, "query": "risk1", "method": "RANDOM8"}
{"event": "control_complete", "life": 0, "query": "risk1", "method": "RANDOM8"}
{"event": "control_complete", "life": 2, "query": "risk1", "method": "LEARNED64"}
{"event": "control_complete", "life": 1, "query": "risk1", "method": "LEARNED64"}
{"event": "control_complete", "life": 3, "query": "risk1", "method": "LEARNED64"}
{"event": "control_complete", "life": 2, "query": "risk1", "method": "RANDOM64"}
{"event": "control_complete", "life": 0, "query": "risk1", "method": "LEARNED64"}
{"event": "control_complete", "life": 3, "query": "risk1", "method": "RANDOM64"}
{"event": "control_complete", "life": 1, "query": "risk1", "method": "RANDOM64"}
{"event": "control_complete", "life": 0, "query": "risk1", "method": "RANDOM64"}
{"event": "control_complete", "life": 2, "query": "risk8", "method": "H2"}
{"event": "control_complete", "life": 3, "query": "risk8", "method": "H2"}
{"event": "control_complete", "life": 1, "query": "risk8", "method": "H2"}
{"event": "control_complete", "life": 2, "query": "risk8", "method": "DIRECT64"}
{"event": "control_complete", "life": 0, "query": "risk8", "method": "H2"}
{"event": "control_complete", "life": 3, "query": "risk8", "method": "DIRECT64"}
{"event": "control_complete", "life": 1, "query": "risk8", "method": "DIRECT64"}
{"event": "control_complete", "life": 0, "query": "risk8", "method": "DIRECT64"}
{"event": "control_complete", "life": 2, "query": "risk8", "method": "LEARNED1"}
{"event": "control_complete", "life": 1, "query": "risk8", "method": "LEARNED1"}
{"event": "control_complete", "life": 3, "query": "risk8", "method": "LEARNED1"}
{"event": "control_complete", "life": 0, "query": "risk8", "method": "LEARNED1"}
{"event": "control_complete", "life": 2, "query": "risk8", "method": "RANDOM1"}
{"event": "control_complete", "life": 1, "query": "risk8", "method": "RANDOM1"}
{"event": "control_complete", "life": 3, "query": "risk8", "method": "RANDOM1"}
{"event": "control_complete", "life": 0, "query": "risk8", "method": "RANDOM1"}
{"event": "control_complete", "life": 2, "query": "risk8", "method": "LEARNED8"}
{"event": "control_complete", "life": 3, "query": "risk8", "method": "LEARNED8"}
{"event": "control_complete", "life": 1, "query": "risk8", "method": "LEARNED8"}
{"event": "control_complete", "life": 0, "query": "risk8", "method": "LEARNED8"}
{"event": "control_complete", "life": 2, "query": "risk8", "method": "RANDOM8"}
{"event": "control_complete", "life": 3, "query": "risk8", "method": "RANDOM8"}
{"event": "control_complete", "life": 1, "query": "risk8", "method": "RANDOM8"}
{"event": "control_complete", "life": 0, "query": "risk8", "method": "RANDOM8"}
{"event": "control_complete", "life": 2, "query": "risk8", "method": "LEARNED64"}
{"event": "control_complete", "life": 3, "query": "risk8", "method": "LEARNED64"}
{"event": "control_complete", "life": 1, "query": "risk8", "method": "LEARNED64"}
{"event": "control_complete", "life": 2, "query": "risk8", "method": "RANDOM64"}
{"event": "control_complete", "life": 0, "query": "risk8", "method": "LEARNED64"}
{"event": "control_complete", "life": 3, "query": "risk8", "method": "RANDOM64"}
{"event": "control_complete", "life": 0, "query": "risk8", "method": "RANDOM64"}
{"event": "control_complete", "life": 1, "query": "risk8", "method": "RANDOM64"}
{"status": "complete", "seconds": 31.93115715798922}
