{
  "integrity_passed": true,
  "action_preservation_all": true,
  "policy_value_preserved_all": true,
  "strata": [
    {
      "nodes": 7,
      "stratum": "sparse",
      "p": 0.25,
      "expected_graphs": 16,
      "complete_fixed_query_workload": true,
      "policy_value_preserved": true,
      "changed_root_actions": 0,
      "changed_nonroot_actions": 0,
      "exact_action_matches": 200,
      "fixed_query_workload_ratios": {
        "actual_work": {
          "action_value_evaluations": 1.0,
          "kernel_builds": 0.35820224719101124,
          "kernel_cache_hits": null,
          "transition_outcomes": 0.46067554240631164,
          "target_probability_evaluations": 1.0
        },
        "source_weighted_work": {
          "action_value_evaluations": 1.0,
          "kernel_builds": 0.3671236024443312,
          "kernel_cache_hits": null,
          "transition_outcomes": 0.466349932684301,
          "target_probability_evaluations": 1.0
        },
        "decision_seconds": 2.3857135589319336,
        "source_weighted_decision_seconds": 1.0433626189427252
      },
      "preserved_policy_decision_cost_ratios": {
        "work": {
          "action_value_evaluations": 1.0,
          "kernel_builds": 0.3671236024443312,
          "kernel_cache_hits": null,
          "transition_outcomes": 0.466349932684301,
          "target_probability_evaluations": 1.0
        },
        "seconds": 1.0433626189427252
      },
      "new_costs": {
        "case_records": 16,
        "state_records": 200,
        "decision_work": {
          "planner_calls": 200,
          "dp_states": 3188,
          "action_value_evaluations": 4450,
          "kernel_builds": 1594,
          "kernel_cache_hits": 0,
          "transition_outcomes": 3737,
          "target_probability_evaluations": 13671,
          "score_node_evaluations": 0,
          "immediate_expectation_terms": 0,
          "bellman_expectation_terms": 3737,
          "forced_choice": 126,
          "analytic_expectation_calls": 2856,
          "analytic_probability_terms": 7207
        },
        "source_weighted_decision_work": {
          "planner_calls": 48.0,
          "dp_states": 2738.1944444444443,
          "action_value_evaluations": 3868.361111111111,
          "kernel_builds": 1420.1666666666667,
          "kernel_cache_hits": 0.0,
          "transition_outcomes": 3329.1944444444443,
          "target_probability_evaluations": 12251.90277777778,
          "score_node_evaluations": 0.0,
          "immediate_expectation_terms": 0.0,
          "bellman_expectation_terms": 3329.1944444444443,
          "forced_choice": 16.0,
          "analytic_expectation_calls": 2448.1944444444443,
          "analytic_probability_terms": 6369.01388888889
        },
        "decision_seconds": 0.0816526947892271,
        "replay_seconds": 0.08341234002728015,
        "replay_overhead_seconds": 0.0017596452380530536,
        "serialization_seconds": 0.0024321800738107413,
        "source_weighted_decision_seconds": 0.029340777283462356
      },
      "retained_full_decision_seconds": 0.03422569087706506,
      "case_preservation": [
        {
          "graph_id": 550000,
          "passed": true,
          "errors": {},
          "status": "complete",
          "state_records": 13,
          "source_state_records": 13,
          "exact_action_matches": 13,
          "root_action_changes": 0,
          "nonroot_action_changes": 0,
          "action_preserved": true,
          "value_agreement": true,
          "policy_value_preserved": true,
          "source_policy_value": 5.25,
          "candidate_policy_value": 5.25,
          "maximum_abs_source_Q_difference": 0.0
        },
        {
          "graph_id": 550001,
          "passed": true,
          "errors": {},
          "status": "complete",
          "state_records": 6,
          "source_state_records": 6,
          "exact_action_matches": 6,
          "root_action_changes": 0,
          "nonroot_action_changes": 0,
          "action_preserved": true,
          "value_agreement": true,
          "policy_value_preserved": true,
          "source_policy_value": 6.75,
          "candidate_policy_value": 6.75,
          "maximum_abs_source_Q_difference": 0.0
        },
        {
          "graph_id": 550002,
          "passed": true,
          "errors": {},
          "status": "complete",
          "state_records": 6,
          "source_state_records": 6,
          "exact_action_matches": 6,
          "root_action_changes": 0,
          "nonroot_action_changes": 0,
          "action_preserved": true,
          "value_agreement": true,
          "policy_value_preserved": true,
          "source_policy_value": 4.7407407407407405,
          "candidate_policy_value": 4.7407407407407405,
          "maximum_abs_source_Q_difference": 0.0
        },
        {
          "graph_id": 550003,
          "passed": true,
          "errors": {},
          "status": "complete",
          "state_records": 23,
          "source_state_records": 23,
          "exact_action_matches": 23,
          "root_action_changes": 0,
          "nonroot_action_changes": 0,
          "action_preserved": true,
          "value_agreement": true,
          "policy_value_preserved": true,
          "source_policy_value": 6.090422453703703,
          "candidate_policy_value": 6.090422453703703,
          "maximum_abs_source_Q_difference": 0.0
        },
        {
          "graph_id": 550004,
          "passed": true,
          "errors": {},
          "status": "complete",
          "state_records": 12,
          "source_state_records": 12,
          "exact_action_matches": 12,
          "root_action_changes": 0,
          "nonroot_action_changes": 0,
          "action_preserved": true,
          "value_agreement": true,
          "policy_value_preserved": true,
          "source_policy_value": 6.572016460905349,
          "candidate_policy_value": 6.572016460905349,
          "maximum_abs_source_Q_difference": 0.0
        },
        {
          "graph_id": 550005,
          "passed": true,
          "errors": {},
          "status": "complete",
          "state_records": 6,
          "source_state_records": 6,
          "exact_action_matches": 6,
          "root_action_changes": 0,
          "nonroot_action_changes": 0,
          "action_preserved": true,
          "value_agreement": true,
          "policy_value_preserved": true,
          "source_policy_value": 6.851851851851851,
          "candidate_policy_value": 6.851851851851851,
          "maximum_abs_source_Q_difference": 0.0
        },
        {
          "graph_id": 550006,
          "passed": true,
          "errors": {},
          "status": "complete",
          "state_records": 15,
          "source_state_records": 15,
          "exact_action_matches": 15,
          "root_action_changes": 0,
          "nonroot_action_changes": 0,
          "action_preserved": true,
          "value_agreement": true,
          "policy_value_preserved": true,
          "source_policy_value": 4.78125,
          "candidate_policy_value": 4.78125,
          "maximum_abs_source_Q_difference": 0.0
        },
        {
          "graph_id": 550007,
          "passed": true,
          "errors": {},
          "status": "complete",
          "state_records": 12,
          "source_state_records": 12,
          "exact_action_matches": 12,
          "root_action_changes": 0,
          "nonroot_action_changes": 0,
          "action_preserved": true,
          "value_agreement": true,
          "policy_value_preserved": true,
          "source_policy_value": 5.34156378600823,
          "candidate_policy_value": 5.34156378600823,
          "maximum_abs_source_Q_difference": 0.0
        },
        {
          "graph_id": 550008,
          "passed": true,
          "errors": {},
          "status": "complete",
          "state_records": 6,
          "source_state_records": 6,
          "exact_action_matches": 6,
          "root_action_changes": 0,
          "nonroot_action_changes": 0,
          "action_preserved": true,
          "value_agreement": true,
          "policy_value_preserved": true,
          "source_policy_value": 6.833333333333334,
          "candidate_policy_value": 6.833333333333334,
          "maximum_abs_source_Q_difference": 0.0
        },
        {
          "graph_id": 550009,
          "passed": true,
          "errors": {},
          "status": "complete",
          "state_records": 6,
          "source_state_records": 6,
          "exact_action_matches": 6,
          "root_action_changes": 0,
          "nonroot_action_changes": 0,
          "action_preserved": true,
          "value_agreement": true,
          "policy_value_preserved": true,
          "source_policy_value": 6.75,
          "candidate_policy_value": 6.75,
          "maximum_abs_source_Q_difference": 0.0
        },
        {
          "graph_id": 550010,
          "passed": true,
          "errors": {},
          "status": "complete",
          "state_records": 11,
          "source_state_records": 11,
          "exact_action_matches": 11,
          "root_action_changes": 0,
          "nonroot_action_changes": 0,
          "action_preserved": true,
          "value_agreement": true,
          "policy_value_preserved": true,
          "source_policy_value": 6.25,
          "candidate_policy_value": 6.25,
          "maximum_abs_source_Q_difference": 0.0
        },
        {
          "graph_id": 550011,
          "passed": true,
          "errors": {},
          "status": "complete",
          "state_records": 23,
          "source_state_records": 23,
          "exact_action_matches": 23,
          "root_action_changes": 0,
          "nonroot_action_changes": 0,
          "action_preserved": true,
          "value_agreement": true,
          "policy_value_preserved": true,
          "source_policy_value": 6.141203703703703,
          "candidate_policy_value": 6.141203703703703,
          "maximum_abs_source_Q_difference": 0.0
        },
        {
          "graph_id": 550012,
          "passed": true,
          "errors": {},
          "status": "complete",
          "state_records": 21,
          "source_state_records": 21,
          "exact_action_matches": 21,
          "root_action_changes": 0,
          "nonroot_action_changes": 0,
          "action_preserved": true,
          "value_agreement": true,
          "policy_value_preserved": true,
          "source_policy_value": 5.880859375,
          "candidate_policy_value": 5.880859375,
          "maximum_abs_source_Q_difference": 0.0
        },
        {
          "graph_id": 550013,
          "passed": true,
          "errors": {},
          "status": "complete",
          "state_records": 26,
          "source_state_records": 26,
          "exact_action_matches": 26,
          "root_action_changes": 0,
          "nonroot_action_changes": 0,
          "action_preserved": true,
          "value_agreement": true,
          "policy_value_preserved": true,
          "source_policy_value": 6.34375,
          "candidate_policy_value": 6.34375,
          "maximum_abs_source_Q_difference": 0.0
        },
        {
          "graph_id": 550014,
          "passed": true,
          "errors": {},
          "status": "complete",
          "state_records": 7,
          "source_state_records": 7,
          "exact_action_matches": 7,
          "root_action_changes": 0,
          "nonroot_action_changes": 0,
          "action_preserved": true,
          "value_agreement": true,
          "policy_value_preserved": true,
          "source_policy_value": 6.125,
          "candidate_policy_value": 6.125,
          "maximum_abs_source_Q_difference": 0.0
        },
        {
          "graph_id": 550015,
          "passed": true,
          "errors": {},
          "status": "complete",
          "state_records": 7,
          "source_state_records": 7,
          "exact_action_matches": 7,
          "root_action_changes": 0,
          "nonroot_action_changes": 0,
          "action_preserved": true,
          "value_agreement": true,
          "policy_value_preserved": true,
          "source_policy_value": 6.5625,
          "candidate_policy_value": 6.5625,
          "maximum_abs_source_Q_difference": 0.0
        }
      ]
    },
    {
      "nodes": 7,
      "stratum": "dense",
      "p": 0.75,
      "expected_graphs": 16,
      "complete_fixed_query_workload": true,
      "policy_value_preserved": true,
      "changed_root_actions": 0,
      "changed_nonroot_actions": 0,
      "exact_action_matches": 3934,
      "fixed_query_workload_ratios": {
        "actual_work": {
          "action_value_evaluations": 1.0,
          "kernel_builds": 0.25756976240272833,
          "kernel_cache_hits": 0.0,
          "transition_outcomes": 0.4569986386009006,
          "target_probability_evaluations": 1.0
        },
        "source_weighted_work": {
          "action_value_evaluations": 0.9999999999999996,
          "kernel_builds": 0.32773884593744496,
          "kernel_cache_hits": 0.0,
          "transition_outcomes": 0.5119071733263282,
          "target_probability_evaluations": 1.0000000000000002
        },
        "decision_seconds": 0.6792003019242017,
        "source_weighted_decision_seconds": 0.6679198356653964
      },
      "preserved_policy_decision_cost_ratios": {
        "work": {
          "action_value_evaluations": 0.9999999999999996,
          "kernel_builds": 0.32773884593744496,
          "kernel_cache_hits": 0.0,
          "transition_outcomes": 0.5119071733263282,
          "target_probability_evaluations": 1.0000000000000002
        },
        "seconds": 0.6679198356653964
      },
      "new_costs": {
        "case_records": 16,
        "state_records": 3934,
        "decision_work": {
          "planner_calls": 3934,
          "dp_states": 43413,
          "action_value_evaluations": 53085,
          "kernel_builds": 13670,
          "kernel_cache_hits": 0,
          "transition_outcomes": 109097,
          "target_probability_evaluations": 113984,
          "score_node_evaluations": 0,
          "immediate_expectation_terms": 0,
          "bellman_expectation_terms": 109097,
          "forced_choice": 3178,
          "analytic_expectation_calls": 39415,
          "analytic_probability_terms": 75258
        },
        "source_weighted_decision_work": {
          "planner_calls": 48.00000000000001,
          "dp_states": 26428.13139558642,
          "action_value_evaluations": 34436.365883981474,
          "kernel_builds": 11282.201946944446,
          "kernel_cache_hits": 0.0,
          "transition_outcomes": 92836.16393703701,
          "target_probability_evaluations": 80836.26173049385,
          "score_node_evaluations": 0.0,
          "immediate_expectation_terms": 0.0,
          "bellman_expectation_terms": 92836.16393703701,
          "forced_choice": 16.032541450617288,
          "analytic_expectation_calls": 23154.163937037036,
          "analytic_probability_terms": 48336.22561938271
        },
        "decision_seconds": 0.41486188583076,
        "replay_seconds": 0.44314107394893654,
        "replay_overhead_seconds": 0.028279188118176535,
        "serialization_seconds": 0.03162636698107235,
        "source_weighted_decision_seconds": 0.27716482698292133
      },
      "retained_full_decision_seconds": 0.6108093365910463,
      "case_preservation": [
        {
          "graph_id": 550100,
          "passed": true,
          "errors": {},
          "status": "complete",
          "state_records": 301,
          "source_state_records": 301,
          "exact_action_matches": 301,
          "root_action_changes": 0,
          "nonroot_action_changes": 0,
          "action_preserved": true,
          "value_agreement": true,
          "policy_value_preserved": true,
          "source_policy_value": 5.024741364957183,
          "candidate_policy_value": 5.024741364957183,
          "maximum_abs_source_Q_difference": 0.0
        },
        {
          "graph_id": 550101,
          "passed": true,
          "errors": {},
          "status": "complete",
          "state_records": 196,
          "source_state_records": 196,
          "exact_action_matches": 196,
          "root_action_changes": 0,
          "nonroot_action_changes": 0,
          "action_preserved": true,
          "value_agreement": true,
          "policy_value_preserved": true,
          "source_policy_value": 5.118797498066894,
          "candidate_policy_value": 5.118797498066894,
          "maximum_abs_source_Q_difference": 0.0
        },
        {
          "graph_id": 550102,
          "passed": true,
          "errors": {},
          "status": "complete",
          "state_records": 285,
          "source_state_records": 285,
          "exact_action_matches": 285,
          "root_action_changes": 0,
          "nonroot_action_changes": 0,
          "action_preserved": true,
          "value_agreement": true,
          "policy_value_preserved": true,
          "source_policy_value": 5.01266888123231,
          "candidate_policy_value": 5.01266888123231,
          "maximum_abs_source_Q_difference": 0.0
        },
        {
          "graph_id": 550103,
          "passed": true,
          "errors": {},
          "status": "complete",
          "state_records": 285,
          "source_state_records": 285,
          "exact_action_matches": 285,
          "root_action_changes": 0,
          "nonroot_action_changes": 0,
          "action_preserved": true,
          "value_agreement": true,
          "policy_value_preserved": true,
          "source_policy_value": 4.810633720685551,
          "candidate_policy_value": 4.810633720685551,
          "maximum_abs_source_Q_difference": 0.0
        },
        {
          "graph_id": 550104,
          "passed": true,
          "errors": {},
          "status": "complete",
          "state_records": 305,
          "source_state_records": 305,
          "exact_action_matches": 305,
          "root_action_changes": 0,
          "nonroot_action_changes": 0,
          "action_preserved": true,
          "value_agreement": true,
          "policy_value_preserved": true,
          "source_policy_value": 5.140204645248456,
          "candidate_policy_value": 5.140204645248456,
          "maximum_abs_source_Q_difference": 0.0
        },
        {
          "graph_id": 550105,
          "passed": true,
          "errors": {},
          "status": "complete",
          "state_records": 297,
          "source_state_records": 297,
          "exact_action_matches": 297,
          "root_action_changes": 0,
          "nonroot_action_changes": 0,
          "action_preserved": true,
          "value_agreement": true,
          "policy_value_preserved": true,
          "source_policy_value": 4.930707383463073,
          "candidate_policy_value": 4.930707383463073,
          "maximum_abs_source_Q_difference": 0.0
        },
        {
          "graph_id": 550106,
          "passed": true,
          "errors": {},
          "status": "complete",
          "state_records": 277,
          "source_state_records": 277,
          "exact_action_matches": 277,
          "root_action_changes": 0,
          "nonroot_action_changes": 0,
          "action_preserved": true,
          "value_agreement": true,
          "policy_value_preserved": true,
          "source_policy_value": 4.731001651923152,
          "candidate_policy_value": 4.731001651923152,
          "maximum_abs_source_Q_difference": 0.0
        },
        {
          "graph_id": 550107,
          "passed": true,
          "errors": {},
          "status": "complete",
          "state_records": 172,
          "source_state_records": 172,
          "exact_action_matches": 172,
          "root_action_changes": 0,
          "nonroot_action_changes": 0,
          "action_preserved": true,
          "value_agreement": true,
          "policy_value_preserved": true,
          "source_policy_value": 5.033344321593208,
          "candidate_policy_value": 5.033344321593208,
          "maximum_abs_source_Q_difference": 0.0
        },
        {
          "graph_id": 550108,
          "passed": true,
          "errors": {},
          "status": "complete",
          "state_records": 309,
          "source_state_records": 309,
          "exact_action_matches": 309,
          "root_action_changes": 0,
          "nonroot_action_changes": 0,
          "action_preserved": true,
          "value_agreement": true,
          "policy_value_preserved": true,
          "source_policy_value": 4.881563079736887,
          "candidate_policy_value": 4.881563079736887,
          "maximum_abs_source_Q_difference": 0.0
        },
        {
          "graph_id": 550109,
          "passed": true,
          "errors": {},
          "status": "complete",
          "state_records": 196,
          "source_state_records": 196,
          "exact_action_matches": 196,
          "root_action_changes": 0,
          "nonroot_action_changes": 0,
          "action_preserved": true,
          "value_agreement": true,
          "policy_value_preserved": true,
          "source_policy_value": 4.947732553697009,
          "candidate_policy_value": 4.947732553697009,
          "maximum_abs_source_Q_difference": 0.0
        },
        {
          "graph_id": 550110,
          "passed": true,
          "errors": {},
          "status": "complete",
          "state_records": 72,
          "source_state_records": 72,
          "exact_action_matches": 72,
          "root_action_changes": 0,
          "nonroot_action_changes": 0,
          "action_preserved": true,
          "value_agreement": true,
          "policy_value_preserved": true,
          "source_policy_value": 5.501888541663318,
          "candidate_policy_value": 5.501888541663318,
          "maximum_abs_source_Q_difference": 0.0
        },
        {
          "graph_id": 550111,
          "passed": true,
          "errors": {},
          "status": "complete",
          "state_records": 196,
          "source_state_records": 196,
          "exact_action_matches": 196,
          "root_action_changes": 0,
          "nonroot_action_changes": 0,
          "action_preserved": true,
          "value_agreement": true,
          "policy_value_preserved": true,
          "source_policy_value": 4.810700501335141,
          "candidate_policy_value": 4.810700501335141,
          "maximum_abs_source_Q_difference": 0.0
        },
        {
          "graph_id": 550112,
          "passed": true,
          "errors": {},
          "status": "complete",
          "state_records": 281,
          "source_state_records": 281,
          "exact_action_matches": 281,
          "root_action_changes": 0,
          "nonroot_action_changes": 0,
          "action_preserved": true,
          "value_agreement": true,
          "policy_value_preserved": true,
          "source_policy_value": 4.682761124379304,
          "candidate_policy_value": 4.682761124379304,
          "maximum_abs_source_Q_difference": 0.0
        },
        {
          "graph_id": 550113,
          "passed": true,
          "errors": {},
          "status": "complete",
          "state_records": 305,
          "source_state_records": 305,
          "exact_action_matches": 305,
          "root_action_changes": 0,
          "nonroot_action_changes": 0,
          "action_preserved": true,
          "value_agreement": true,
          "policy_value_preserved": true,
          "source_policy_value": 4.83420155599952,
          "candidate_policy_value": 4.83420155599952,
          "maximum_abs_source_Q_difference": 0.0
        },
        {
          "graph_id": 550114,
          "passed": true,
          "errors": {},
          "status": "complete",
          "state_records": 297,
          "source_state_records": 297,
          "exact_action_matches": 297,
          "root_action_changes": 0,
          "nonroot_action_changes": 0,
          "action_preserved": true,
          "value_agreement": true,
          "policy_value_preserved": true,
          "source_policy_value": 4.9211288118599406,
          "candidate_policy_value": 4.9211288118599406,
          "maximum_abs_source_Q_difference": 2.220446049250313e-16
        },
        {
          "graph_id": 550115,
          "passed": true,
          "errors": {},
          "status": "complete",
          "state_records": 160,
          "source_state_records": 160,
          "exact_action_matches": 160,
          "root_action_changes": 0,
          "nonroot_action_changes": 0,
          "action_preserved": true,
          "value_agreement": true,
          "policy_value_preserved": true,
          "source_policy_value": 5.221025487249764,
          "candidate_policy_value": 5.221025487249764,
          "maximum_abs_source_Q_difference": 0.0
        }
      ]
    },
    {
      "nodes": 9,
      "stratum": "sparse",
      "p": 0.1875,
      "expected_graphs": 16,
      "complete_fixed_query_workload": true,
      "policy_value_preserved": true,
      "changed_root_actions": 0,
      "changed_nonroot_actions": 0,
      "exact_action_matches": 360,
      "fixed_query_workload_ratios": {
        "actual_work": {
          "action_value_evaluations": 1.0,
          "kernel_builds": 0.2263190910991845,
          "kernel_cache_hits": null,
          "transition_outcomes": 0.335061679854524,
          "target_probability_evaluations": 1.0
        },
        "source_weighted_work": {
          "action_value_evaluations": 1.0000000000000002,
          "kernel_builds": 0.23846864704149143,
          "kernel_cache_hits": null,
          "transition_outcomes": 0.34337517300852594,
          "target_probability_evaluations": 1.0
        },
        "decision_seconds": 0.6878784178486108,
        "source_weighted_decision_seconds": 0.6832615130419156
      },
      "preserved_policy_decision_cost_ratios": {
        "work": {
          "action_value_evaluations": 1.0000000000000002,
          "kernel_builds": 0.23846864704149143,
          "kernel_cache_hits": null,
          "transition_outcomes": 0.34337517300852594,
          "target_probability_evaluations": 1.0
        },
        "seconds": 0.6832615130419156
      },
      "new_costs": {
        "case_records": 16,
        "state_records": 360,
        "decision_work": {
          "planner_calls": 360,
          "dp_states": 11578,
          "action_value_evaluations": 14347,
          "kernel_builds": 3247,
          "kernel_cache_hits": 0,
          "transition_outcomes": 13635,
          "target_probability_evaluations": 63260,
          "score_node_evaluations": 0,
          "immediate_expectation_terms": 0,
          "bellman_expectation_terms": 13635,
          "forced_choice": 281,
          "analytic_expectation_calls": 11100,
          "analytic_probability_terms": 43924
        },
        "source_weighted_decision_work": {
          "planner_calls": 48.0,
          "dp_states": 9907.750000000002,
          "action_value_evaluations": 12444.333333333334,
          "kernel_builds": 2967.583333333333,
          "kernel_cache_hits": 0.0,
          "transition_outcomes": 12011.750000000002,
          "target_probability_evaluations": 56336.805555555555,
          "score_node_evaluations": 0.0,
          "immediate_expectation_terms": 0.0,
          "bellman_expectation_terms": 12011.750000000002,
          "forced_choice": 16.0,
          "analytic_expectation_calls": 9476.75,
          "analytic_probability_terms": 38430.08333333333
        },
        "decision_seconds": 0.09162511982140131,
        "replay_seconds": 0.09465001898934133,
        "replay_overhead_seconds": 0.0030248991679400206,
        "serialization_seconds": 0.0036358200304675847,
        "source_weighted_decision_seconds": 0.07682124608768082
      },
      "retained_full_decision_seconds": 0.13319958504871465,
      "case_preservation": [
        {
          "graph_id": 550200,
          "passed": true,
          "errors": {},
          "status": "complete",
          "state_records": 19,
          "source_state_records": 19,
          "exact_action_matches": 19,
          "root_action_changes": 0,
          "nonroot_action_changes": 0,
          "action_preserved": true,
          "value_agreement": true,
          "policy_value_preserved": true,
          "source_policy_value": 5.096788194444445,
          "candidate_policy_value": 5.096788194444445,
          "maximum_abs_source_Q_difference": 0.0
        },
        {
          "graph_id": 550201,
          "passed": true,
          "errors": {},
          "status": "complete",
          "state_records": 11,
          "source_state_records": 11,
          "exact_action_matches": 11,
          "root_action_changes": 0,
          "nonroot_action_changes": 0,
          "action_preserved": true,
          "value_agreement": true,
          "policy_value_preserved": true,
          "source_policy_value": 6.680555555555555,
          "candidate_policy_value": 6.680555555555555,
          "maximum_abs_source_Q_difference": 0.0
        },
        {
          "graph_id": 550202,
          "passed": true,
          "errors": {},
          "status": "complete",
          "state_records": 27,
          "source_state_records": 27,
          "exact_action_matches": 27,
          "root_action_changes": 0,
          "nonroot_action_changes": 0,
          "action_preserved": true,
          "value_agreement": true,
          "policy_value_preserved": true,
          "source_policy_value": 7.491319444444445,
          "candidate_policy_value": 7.491319444444445,
          "maximum_abs_source_Q_difference": 0.0
        },
        {
          "graph_id": 550203,
          "passed": true,
          "errors": {},
          "status": "complete",
          "state_records": 6,
          "source_state_records": 6,
          "exact_action_matches": 6,
          "root_action_changes": 0,
          "nonroot_action_changes": 0,
          "action_preserved": true,
          "value_agreement": true,
          "policy_value_preserved": true,
          "source_policy_value": 6.125,
          "candidate_policy_value": 6.125,
          "maximum_abs_source_Q_difference": 0.0
        },
        {
          "graph_id": 550204,
          "passed": true,
          "errors": {},
          "status": "complete",
          "state_records": 17,
          "source_state_records": 17,
          "exact_action_matches": 17,
          "root_action_changes": 0,
          "nonroot_action_changes": 0,
          "action_preserved": true,
          "value_agreement": true,
          "policy_value_preserved": true,
          "source_policy_value": 7.20679012345679,
          "candidate_policy_value": 7.20679012345679,
          "maximum_abs_source_Q_difference": 0.0
        },
        {
          "graph_id": 550205,
          "passed": true,
          "errors": {},
          "status": "complete",
          "state_records": 15,
          "source_state_records": 15,
          "exact_action_matches": 15,
          "root_action_changes": 0,
          "nonroot_action_changes": 0,
          "action_preserved": true,
          "value_agreement": true,
          "policy_value_preserved": true,
          "source_policy_value": 6.208333333333333,
          "candidate_policy_value": 6.208333333333333,
          "maximum_abs_source_Q_difference": 0.0
        },
        {
          "graph_id": 550206,
          "passed": true,
          "errors": {},
          "status": "complete",
          "state_records": 5,
          "source_state_records": 5,
          "exact_action_matches": 5,
          "root_action_changes": 0,
          "nonroot_action_changes": 0,
          "action_preserved": true,
          "value_agreement": true,
          "policy_value_preserved": true,
          "source_policy_value": 6.0,
          "candidate_policy_value": 6.0,
          "maximum_abs_source_Q_difference": 0.0
        },
        {
          "graph_id": 550207,
          "passed": true,
          "errors": {},
          "status": "complete",
          "state_records": 19,
          "source_state_records": 19,
          "exact_action_matches": 19,
          "root_action_changes": 0,
          "nonroot_action_changes": 0,
          "action_preserved": true,
          "value_agreement": true,
          "policy_value_preserved": true,
          "source_policy_value": 6.458333333333334,
          "candidate_policy_value": 6.458333333333334,
          "maximum_abs_source_Q_difference": 0.0
        },
        {
          "graph_id": 550208,
          "passed": true,
          "errors": {},
          "status": "complete",
          "state_records": 129,
          "source_state_records": 129,
          "exact_action_matches": 129,
          "root_action_changes": 0,
          "nonroot_action_changes": 0,
          "action_preserved": true,
          "value_agreement": true,
          "policy_value_preserved": true,
          "source_policy_value": 6.517505787037036,
          "candidate_policy_value": 6.517505787037036,
          "maximum_abs_source_Q_difference": 0.0
        },
        {
          "graph_id": 550209,
          "passed": true,
          "errors": {},
          "status": "complete",
          "state_records": 4,
          "source_state_records": 4,
          "exact_action_matches": 4,
          "root_action_changes": 0,
          "nonroot_action_changes": 0,
          "action_preserved": true,
          "value_agreement": true,
          "policy_value_preserved": true,
          "source_policy_value": 7.5,
          "candidate_policy_value": 7.5,
          "maximum_abs_source_Q_difference": 0.0
        },
        {
          "graph_id": 550210,
          "passed": true,
          "errors": {},
          "status": "complete",
          "state_records": 6,
          "source_state_records": 6,
          "exact_action_matches": 6,
          "root_action_changes": 0,
          "nonroot_action_changes": 0,
          "action_preserved": true,
          "value_agreement": true,
          "policy_value_preserved": true,
          "source_policy_value": 7.842592592592593,
          "candidate_policy_value": 7.842592592592593,
          "maximum_abs_source_Q_difference": 0.0
        },
        {
          "graph_id": 550211,
          "passed": true,
          "errors": {},
          "status": "complete",
          "state_records": 12,
          "source_state_records": 12,
          "exact_action_matches": 12,
          "root_action_changes": 0,
          "nonroot_action_changes": 0,
          "action_preserved": true,
          "value_agreement": true,
          "policy_value_preserved": true,
          "source_policy_value": 8.375,
          "candidate_policy_value": 8.375,
          "maximum_abs_source_Q_difference": 0.0
        },
        {
          "graph_id": 550212,
          "passed": true,
          "errors": {},
          "status": "complete",
          "state_records": 27,
          "source_state_records": 27,
          "exact_action_matches": 27,
          "root_action_changes": 0,
          "nonroot_action_changes": 0,
          "action_preserved": true,
          "value_agreement": true,
          "policy_value_preserved": true,
          "source_policy_value": 6.560641818576389,
          "candidate_policy_value": 6.560641818576389,
          "maximum_abs_source_Q_difference": 0.0
        },
        {
          "graph_id": 550213,
          "passed": true,
          "errors": {},
          "status": "complete",
          "state_records": 45,
          "source_state_records": 45,
          "exact_action_matches": 45,
          "root_action_changes": 0,
          "nonroot_action_changes": 0,
          "action_preserved": true,
          "value_agreement": true,
          "policy_value_preserved": true,
          "source_policy_value": 6.741898148148148,
          "candidate_policy_value": 6.741898148148148,
          "maximum_abs_source_Q_difference": 0.0
        },
        {
          "graph_id": 550214,
          "passed": true,
          "errors": {},
          "status": "complete",
          "state_records": 11,
          "source_state_records": 11,
          "exact_action_matches": 11,
          "root_action_changes": 0,
          "nonroot_action_changes": 0,
          "action_preserved": true,
          "value_agreement": true,
          "policy_value_preserved": true,
          "source_policy_value": 5.709201388888888,
          "candidate_policy_value": 5.709201388888888,
          "maximum_abs_source_Q_difference": 0.0
        },
        {
          "graph_id": 550215,
          "passed": true,
          "errors": {},
          "status": "complete",
          "state_records": 7,
          "source_state_records": 7,
          "exact_action_matches": 7,
          "root_action_changes": 0,
          "nonroot_action_changes": 0,
          "action_preserved": true,
          "value_agreement": true,
          "policy_value_preserved": true,
          "source_policy_value": 7.453125,
          "candidate_policy_value": 7.453125,
          "maximum_abs_source_Q_difference": 0.0
        }
      ]
    },
    {
      "nodes": 9,
      "stratum": "dense",
      "p": 0.5625,
      "expected_graphs": 16,
      "complete_fixed_query_workload": true,
      "policy_value_preserved": true,
      "changed_root_actions": 0,
      "changed_nonroot_actions": 0,
      "exact_action_matches": 15618,
      "fixed_query_workload_ratios": {
        "actual_work": {
          "action_value_evaluations": 1.0,
          "kernel_builds": 0.10283047174529088,
          "kernel_cache_hits": null,
          "transition_outcomes": 0.2941574506347505,
          "target_probability_evaluations": 1.0
        },
        "source_weighted_work": {
          "action_value_evaluations": 1.0,
          "kernel_builds": 0.1260694478534503,
          "kernel_cache_hits": null,
          "transition_outcomes": 0.32666330391258025,
          "target_probability_evaluations": 1.0
        },
        "decision_seconds": 0.5149421831031126,
        "source_weighted_decision_seconds": 0.5115660789006365
      },
      "preserved_policy_decision_cost_ratios": {
        "work": {
          "action_value_evaluations": 1.0,
          "kernel_builds": 0.1260694478534503,
          "kernel_cache_hits": null,
          "transition_outcomes": 0.32666330391258025,
          "target_probability_evaluations": 1.0
        },
        "seconds": 0.5115660789006365
      },
      "new_costs": {
        "case_records": 16,
        "state_records": 15618,
        "decision_work": {
          "planner_calls": 15618,
          "dp_states": 275181,
          "action_value_evaluations": 299950,
          "kernel_builds": 30844,
          "kernel_cache_hits": 0,
          "transition_outcomes": 579046,
          "target_probability_evaluations": 868843,
          "score_node_evaluations": 0,
          "immediate_expectation_terms": 0,
          "bellman_expectation_terms": 579046,
          "forced_choice": 14280,
          "analytic_expectation_calls": 269106,
          "analytic_probability_terms": 732029
        },
        "source_weighted_decision_work": {
          "planner_calls": 47.99999999999997,
          "dp_states": 175858.1982924922,
          "action_value_evaluations": 195769.78757820645,
          "kernel_builds": 24680.589026371745,
          "kernel_cache_hits": 0.0,
          "transition_outcomes": 481029.1985518347,
          "target_probability_evaluations": 599846.7984042818,
          "score_node_evaluations": 0.0,
          "immediate_expectation_terms": 0.0,
          "bellman_expectation_terms": 481029.1985518347,
          "forced_choice": 16.000259342543607,
          "analytic_expectation_calls": 171089.19855183465,
          "analytic_probability_terms": 488074.96701539285
        },
        "decision_seconds": 2.66620077835978,
        "replay_seconds": 2.77256230803323,
        "replay_overhead_seconds": 0.1063615296734497,
        "serialization_seconds": 0.1189128260302823,
        "source_weighted_decision_seconds": 1.8378559730785775
      },
      "retained_full_decision_seconds": 5.177670165401651,
      "case_preservation": [
        {
          "graph_id": 550300,
          "passed": true,
          "errors": {},
          "status": "complete",
          "state_records": 1476,
          "source_state_records": 1476,
          "exact_action_matches": 1476,
          "root_action_changes": 0,
          "nonroot_action_changes": 0,
          "action_preserved": true,
          "value_agreement": true,
          "policy_value_preserved": true,
          "source_policy_value": 5.618169511545786,
          "candidate_policy_value": 5.618169511545786,
          "maximum_abs_source_Q_difference": 4.440892098500626e-16
        },
        {
          "graph_id": 550301,
          "passed": true,
          "errors": {},
          "status": "complete",
          "state_records": 727,
          "source_state_records": 727,
          "exact_action_matches": 727,
          "root_action_changes": 0,
          "nonroot_action_changes": 0,
          "action_preserved": true,
          "value_agreement": true,
          "policy_value_preserved": true,
          "source_policy_value": 6.420057872809066,
          "candidate_policy_value": 6.420057872809066,
          "maximum_abs_source_Q_difference": 0.0
        },
        {
          "graph_id": 550302,
          "passed": true,
          "errors": {},
          "status": "complete",
          "state_records": 1372,
          "source_state_records": 1372,
          "exact_action_matches": 1372,
          "root_action_changes": 0,
          "nonroot_action_changes": 0,
          "action_preserved": true,
          "value_agreement": true,
          "policy_value_preserved": true,
          "source_policy_value": 5.855138944987261,
          "candidate_policy_value": 5.855138944987261,
          "maximum_abs_source_Q_difference": 4.440892098500626e-16
        },
        {
          "graph_id": 550303,
          "passed": true,
          "errors": {},
          "status": "complete",
          "state_records": 652,
          "source_state_records": 652,
          "exact_action_matches": 652,
          "root_action_changes": 0,
          "nonroot_action_changes": 0,
          "action_preserved": true,
          "value_agreement": true,
          "policy_value_preserved": true,
          "source_policy_value": 6.736953543500791,
          "candidate_policy_value": 6.736953543500791,
          "maximum_abs_source_Q_difference": 0.0
        },
        {
          "graph_id": 550304,
          "passed": true,
          "errors": {},
          "status": "complete",
          "state_records": 911,
          "source_state_records": 911,
          "exact_action_matches": 911,
          "root_action_changes": 0,
          "nonroot_action_changes": 0,
          "action_preserved": true,
          "value_agreement": true,
          "policy_value_preserved": true,
          "source_policy_value": 5.8121884703036555,
          "candidate_policy_value": 5.8121884703036555,
          "maximum_abs_source_Q_difference": 0.0
        },
        {
          "graph_id": 550305,
          "passed": true,
          "errors": {},
          "status": "complete",
          "state_records": 863,
          "source_state_records": 863,
          "exact_action_matches": 863,
          "root_action_changes": 0,
          "nonroot_action_changes": 0,
          "action_preserved": true,
          "value_agreement": true,
          "policy_value_preserved": true,
          "source_policy_value": 5.9077443780219765,
          "candidate_policy_value": 5.9077443780219765,
          "maximum_abs_source_Q_difference": 4.440892098500626e-16
        },
        {
          "graph_id": 550306,
          "passed": true,
          "errors": {},
          "status": "complete",
          "state_records": 775,
          "source_state_records": 775,
          "exact_action_matches": 775,
          "root_action_changes": 0,
          "nonroot_action_changes": 0,
          "action_preserved": true,
          "value_agreement": true,
          "policy_value_preserved": true,
          "source_policy_value": 5.905601746322195,
          "candidate_policy_value": 5.905601746322195,
          "maximum_abs_source_Q_difference": 0.0
        },
        {
          "graph_id": 550307,
          "passed": true,
          "errors": {},
          "status": "complete",
          "state_records": 1095,
          "source_state_records": 1095,
          "exact_action_matches": 1095,
          "root_action_changes": 0,
          "nonroot_action_changes": 0,
          "action_preserved": true,
          "value_agreement": true,
          "policy_value_preserved": true,
          "source_policy_value": 5.58426053646785,
          "candidate_policy_value": 5.58426053646785,
          "maximum_abs_source_Q_difference": 0.0
        },
        {
          "graph_id": 550308,
          "passed": true,
          "errors": {},
          "status": "complete",
          "state_records": 823,
          "source_state_records": 823,
          "exact_action_matches": 823,
          "root_action_changes": 0,
          "nonroot_action_changes": 0,
          "action_preserved": true,
          "value_agreement": true,
          "policy_value_preserved": true,
          "source_policy_value": 5.971162587357504,
          "candidate_policy_value": 5.971162587357504,
          "maximum_abs_source_Q_difference": 0.0
        },
        {
          "graph_id": 550309,
          "passed": true,
          "errors": {},
          "status": "complete",
          "state_records": 799,
          "source_state_records": 799,
          "exact_action_matches": 799,
          "root_action_changes": 0,
          "nonroot_action_changes": 0,
          "action_preserved": true,
          "value_agreement": true,
          "policy_value_preserved": true,
          "source_policy_value": 6.1149451256687755,
          "candidate_policy_value": 6.1149451256687755,
          "maximum_abs_source_Q_difference": 4.440892098500626e-16
        },
        {
          "graph_id": 550310,
          "passed": true,
          "errors": {},
          "status": "complete",
          "state_records": 927,
          "source_state_records": 927,
          "exact_action_matches": 927,
          "root_action_changes": 0,
          "nonroot_action_changes": 0,
          "action_preserved": true,
          "value_agreement": true,
          "policy_value_preserved": true,
          "source_policy_value": 5.714474505614877,
          "candidate_policy_value": 5.714474505614877,
          "maximum_abs_source_Q_difference": 0.0
        },
        {
          "graph_id": 550311,
          "passed": true,
          "errors": {},
          "status": "complete",
          "state_records": 1444,
          "source_state_records": 1444,
          "exact_action_matches": 1444,
          "root_action_changes": 0,
          "nonroot_action_changes": 0,
          "action_preserved": true,
          "value_agreement": true,
          "policy_value_preserved": true,
          "source_policy_value": 5.850048325188441,
          "candidate_policy_value": 5.850048325188441,
          "maximum_abs_source_Q_difference": 4.440892098500626e-16
        },
        {
          "graph_id": 550312,
          "passed": true,
          "errors": {},
          "status": "complete",
          "state_records": 581,
          "source_state_records": 581,
          "exact_action_matches": 581,
          "root_action_changes": 0,
          "nonroot_action_changes": 0,
          "action_preserved": true,
          "value_agreement": true,
          "policy_value_preserved": true,
          "source_policy_value": 5.6099517200181,
          "candidate_policy_value": 5.6099517200181,
          "maximum_abs_source_Q_difference": 4.440892098500626e-16
        },
        {
          "graph_id": 550313,
          "passed": true,
          "errors": {},
          "status": "complete",
          "state_records": 1476,
          "source_state_records": 1476,
          "exact_action_matches": 1476,
          "root_action_changes": 0,
          "nonroot_action_changes": 0,
          "action_preserved": true,
          "value_agreement": true,
          "policy_value_preserved": true,
          "source_policy_value": 5.595780714202811,
          "candidate_policy_value": 5.595780714202811,
          "maximum_abs_source_Q_difference": 4.440892098500626e-16
        },
        {
          "graph_id": 550314,
          "passed": true,
          "errors": {},
          "status": "complete",
          "state_records": 237,
          "source_state_records": 237,
          "exact_action_matches": 237,
          "root_action_changes": 0,
          "nonroot_action_changes": 0,
          "action_preserved": true,
          "value_agreement": true,
          "policy_value_preserved": true,
          "source_policy_value": 6.758877979693136,
          "candidate_policy_value": 6.758877979693136,
          "maximum_abs_source_Q_difference": 0.0
        },
        {
          "graph_id": 550315,
          "passed": true,
          "errors": {},
          "status": "complete",
          "state_records": 1460,
          "source_state_records": 1460,
          "exact_action_matches": 1460,
          "root_action_changes": 0,
          "nonroot_action_changes": 0,
          "action_preserved": true,
          "value_agreement": true,
          "policy_value_preserved": true,
          "source_policy_value": 5.625784615831146,
          "candidate_policy_value": 5.625784615831146,
          "maximum_abs_source_Q_difference": 4.440892098500626e-16
        }
      ]
    }
  ]
}
