{"arm": "FLAT_DQN", "phase": "train", "episode": 0, "raw_return": 283.0, "wall_seconds": 0.7360984709812328}
{"arm": "FLAT_DQN", "phase": "train", "episode": 1, "raw_return": 252.0, "wall_seconds": 0.09584517602343112}
{"arm": "FLAT_DQN", "phase": "train", "episode": 2, "raw_return": 227.0, "wall_seconds": 0.09114285401301458}
{"arm": "FLAT_DQN", "phase": "train", "episode": 3, "raw_return": 222.0, "wall_seconds": 0.09094177099177614}
{"arm": "FLAT_DQN", "phase": "train", "episode": 4, "raw_return": 246.0, "wall_seconds": 0.14051279099658132}
{"arm": "FLAT_DQN", "phase": "train", "episode": 5, "raw_return": 267.0, "wall_seconds": 0.1231363240221981}
{"arm": "FLAT_DQN", "phase": "train", "episode": 6, "raw_return": 255.0, "wall_seconds": 0.1233784070063848}
{"arm": "FLAT_DQN", "phase": "train", "episode": 7, "raw_return": 240.0, "wall_seconds": 0.11713964099180885}
{"arm": "FLAT_DQN", "phase": "evaluation", "episode": 0, "raw_return": 108.0, "wall_seconds": 0.042714584997156635}
{"arm": "FLAT_DQN", "phase": "evaluation", "episode": 1, "raw_return": 107.0, "wall_seconds": 0.043036792980274186}
{"arm": "BUDGET_HRL", "phase": "train", "episode": 0, "raw_return": 280.0, "wall_seconds": 0.16696273899287917}
{"arm": "BUDGET_HRL", "phase": "train", "episode": 1, "raw_return": 249.0, "wall_seconds": 0.1370425570057705}
{"arm": "BUDGET_HRL", "phase": "train", "episode": 2, "raw_return": 240.0, "wall_seconds": 0.13988472797791474}
{"arm": "BUDGET_HRL", "phase": "train", "episode": 3, "raw_return": 230.0, "wall_seconds": 0.13245507501414977}
{"arm": "BUDGET_HRL", "phase": "train", "episode": 4, "raw_return": 240.0, "wall_seconds": 0.12922808399889618}
{"arm": "BUDGET_HRL", "phase": "train", "episode": 5, "raw_return": 240.0, "wall_seconds": 0.13859484597924165}
{"arm": "BUDGET_HRL", "phase": "train", "episode": 6, "raw_return": 248.0, "wall_seconds": 0.1146729490137659}
{"arm": "BUDGET_HRL", "phase": "train", "episode": 7, "raw_return": 272.0, "wall_seconds": 0.12671448200126179}
{"arm": "BUDGET_HRL", "phase": "evaluation", "episode": 0, "raw_return": 217.0, "wall_seconds": 0.03404052299447358}
{"arm": "BUDGET_HRL", "phase": "evaluation", "episode": 1, "raw_return": 253.0, "wall_seconds": 0.034315442986553535}
{"arm": "LMTA_RI", "phase": "train", "episode": 0, "raw_return": 269.0, "wall_seconds": 1.0052380159904715}
{"arm": "LMTA_RI", "phase": "train", "episode": 1, "raw_return": 246.0, "wall_seconds": 0.9366785540187266}
{"arm": "LMTA_RI", "phase": "train", "episode": 2, "raw_return": 241.0, "wall_seconds": 0.9684043770248536}
{"arm": "LMTA_RI", "phase": "train", "episode": 3, "raw_return": 241.0, "wall_seconds": 1.0025788999919314}
{"arm": "LMTA_RI", "phase": "train", "episode": 4, "raw_return": 225.0, "wall_seconds": 1.0105474999872968}
{"arm": "LMTA_RI", "phase": "train", "episode": 5, "raw_return": 238.0, "wall_seconds": 1.0213627899938729}
{"arm": "LMTA_RI", "phase": "train", "episode": 6, "raw_return": 224.0, "wall_seconds": 0.9040579510037787}
{"arm": "LMTA_RI", "phase": "train", "episode": 7, "raw_return": 250.0, "wall_seconds": 1.1876288040075451}
{"arm": "LMTA_RI", "phase": "evaluation", "episode": 0, "raw_return": 176.0, "wall_seconds": 0.978719770006137}
{"arm": "LMTA_RI", "phase": "evaluation", "episode": 1, "raw_return": 154.0, "wall_seconds": 0.9433980339963455}
