{"event": "win_terminal_cell_complete", "lifecycle": 2, "task": "A", "round": 1, "arm": "FACTUAL_WIN", "rollouts": 256, "new_raw_tiles": 129750, "cutoffs": 0}
{"event": "win_terminal_cell_complete", "lifecycle": 0, "task": "A", "round": 1, "arm": "FACTUAL_WIN", "rollouts": 256, "new_raw_tiles": 133677, "cutoffs": 0}
{"event": "win_terminal_cell_complete", "lifecycle": 1, "task": "A", "round": 1, "arm": "FACTUAL_WIN", "rollouts": 256, "new_raw_tiles": 130285, "cutoffs": 0}
{"event": "win_terminal_cell_complete", "lifecycle": 3, "task": "A", "round": 1, "arm": "FACTUAL_WIN", "rollouts": 256, "new_raw_tiles": 136121, "cutoffs": 0}
{"event": "win_terminal_cell_complete", "lifecycle": 2, "task": "A", "round": 2, "arm": "FACTUAL_WIN", "rollouts": 256, "new_raw_tiles": 125946, "cutoffs": 0}
{"event": "win_terminal_cell_complete", "lifecycle": 0, "task": "A", "round": 2, "arm": "FACTUAL_WIN", "rollouts": 256, "new_raw_tiles": 133008, "cutoffs": 0}
{"event": "win_terminal_cell_complete", "lifecycle": 1, "task": "A", "round": 2, "arm": "FACTUAL_WIN", "rollouts": 256, "new_raw_tiles": 134015, "cutoffs": 0}
{"event": "win_terminal_cell_complete", "lifecycle": 3, "task": "A", "round": 2, "arm": "FACTUAL_WIN", "rollouts": 256, "new_raw_tiles": 136593, "cutoffs": 0}
{"event": "win_terminal_cell_complete", "lifecycle": 2, "task": "A", "round": 1, "arm": "QUERY_WIN", "rollouts": 256, "new_raw_tiles": 122949, "cutoffs": 0}
{"event": "win_terminal_cell_complete", "lifecycle": 0, "task": "A", "round": 1, "arm": "QUERY_WIN", "rollouts": 256, "new_raw_tiles": 126273, "cutoffs": 0}
{"event": "win_terminal_cell_complete", "lifecycle": 1, "task": "A", "round": 1, "arm": "QUERY_WIN", "rollouts": 256, "new_raw_tiles": 123769, "cutoffs": 0}
{"event": "win_terminal_cell_complete", "lifecycle": 3, "task": "A", "round": 1, "arm": "QUERY_WIN", "rollouts": 256, "new_raw_tiles": 129886, "cutoffs": 0}
{"event": "win_terminal_cell_complete", "lifecycle": 2, "task": "A", "round": 2, "arm": "QUERY_WIN", "rollouts": 256, "new_raw_tiles": 122860, "cutoffs": 0}
{"event": "win_terminal_cell_complete", "lifecycle": 0, "task": "A", "round": 2, "arm": "QUERY_WIN", "rollouts": 256, "new_raw_tiles": 126951, "cutoffs": 0}
{"event": "win_terminal_cell_complete", "lifecycle": 1, "task": "A", "round": 2, "arm": "QUERY_WIN", "rollouts": 256, "new_raw_tiles": 128358, "cutoffs": 0}
{"event": "win_terminal_cell_complete", "lifecycle": 3, "task": "A", "round": 2, "arm": "QUERY_WIN", "rollouts": 256, "new_raw_tiles": 125739, "cutoffs": 0}
{"event": "win_terminal_cell_complete", "lifecycle": 2, "task": "B", "round": 1, "arm": "FACTUAL_WIN", "rollouts": 256, "new_raw_tiles": 88075, "cutoffs": 0}
{"event": "win_terminal_cell_complete", "lifecycle": 0, "task": "B", "round": 1, "arm": "FACTUAL_WIN", "rollouts": 256, "new_raw_tiles": 81385, "cutoffs": 0}
{"event": "win_terminal_cell_complete", "lifecycle": 1, "task": "B", "round": 1, "arm": "FACTUAL_WIN", "rollouts": 256, "new_raw_tiles": 87865, "cutoffs": 0}
{"event": "win_terminal_cell_complete", "lifecycle": 3, "task": "B", "round": 1, "arm": "FACTUAL_WIN", "rollouts": 256, "new_raw_tiles": 85293, "cutoffs": 0}
{"event": "win_terminal_cell_complete", "lifecycle": 2, "task": "B", "round": 2, "arm": "FACTUAL_WIN", "rollouts": 256, "new_raw_tiles": 74822, "cutoffs": 0}
{"event": "win_terminal_cell_complete", "lifecycle": 0, "task": "B", "round": 2, "arm": "FACTUAL_WIN", "rollouts": 256, "new_raw_tiles": 83807, "cutoffs": 0}
{"event": "win_terminal_cell_complete", "lifecycle": 1, "task": "B", "round": 2, "arm": "FACTUAL_WIN", "rollouts": 256, "new_raw_tiles": 83498, "cutoffs": 0}
{"event": "win_terminal_cell_complete", "lifecycle": 3, "task": "B", "round": 2, "arm": "FACTUAL_WIN", "rollouts": 256, "new_raw_tiles": 91054, "cutoffs": 0}
{"event": "win_terminal_cell_complete", "lifecycle": 2, "task": "B", "round": 1, "arm": "QUERY_WIN", "rollouts": 256, "new_raw_tiles": 82252, "cutoffs": 0}
{"event": "win_terminal_cell_complete", "lifecycle": 0, "task": "B", "round": 1, "arm": "QUERY_WIN", "rollouts": 256, "new_raw_tiles": 74089, "cutoffs": 0}
{"event": "win_terminal_cell_complete", "lifecycle": 3, "task": "B", "round": 1, "arm": "QUERY_WIN", "rollouts": 256, "new_raw_tiles": 77176, "cutoffs": 0}
{"event": "win_terminal_cell_complete", "lifecycle": 1, "task": "B", "round": 1, "arm": "QUERY_WIN", "rollouts": 256, "new_raw_tiles": 82332, "cutoffs": 0}
{"event": "win_terminal_cell_complete", "lifecycle": 2, "task": "B", "round": 2, "arm": "QUERY_WIN", "rollouts": 256, "new_raw_tiles": 70194, "cutoffs": 0}
{"event": "win_terminal_cell_complete", "lifecycle": 0, "task": "B", "round": 2, "arm": "QUERY_WIN", "rollouts": 256, "new_raw_tiles": 83703, "cutoffs": 0}
{"event": "win_terminal_cell_complete", "lifecycle": 3, "task": "B", "round": 2, "arm": "QUERY_WIN", "rollouts": 256, "new_raw_tiles": 85350, "cutoffs": 0}
{"event": "win_terminal_cell_complete", "lifecycle": 1, "task": "B", "round": 2, "arm": "QUERY_WIN", "rollouts": 256, "new_raw_tiles": 81196, "cutoffs": 0}
{"event": "win_terminal_cell_complete", "lifecycle": 6, "task": "A", "round": 1, "arm": "FACTUAL_WIN", "rollouts": 256, "new_raw_tiles": 137805, "cutoffs": 0}
{"event": "win_terminal_cell_complete", "lifecycle": 4, "task": "A", "round": 1, "arm": "FACTUAL_WIN", "rollouts": 256, "new_raw_tiles": 129961, "cutoffs": 0}
{"event": "win_terminal_cell_complete", "lifecycle": 7, "task": "A", "round": 1, "arm": "FACTUAL_WIN", "rollouts": 256, "new_raw_tiles": 131771, "cutoffs": 0}
{"event": "win_terminal_cell_complete", "lifecycle": 5, "task": "A", "round": 1, "arm": "FACTUAL_WIN", "rollouts": 256, "new_raw_tiles": 130987, "cutoffs": 0}
{"event": "win_terminal_cell_complete", "lifecycle": 6, "task": "A", "round": 2, "arm": "FACTUAL_WIN", "rollouts": 256, "new_raw_tiles": 136741, "cutoffs": 0}
{"event": "win_terminal_cell_complete", "lifecycle": 4, "task": "A", "round": 2, "arm": "FACTUAL_WIN", "rollouts": 256, "new_raw_tiles": 127849, "cutoffs": 0}
{"event": "win_terminal_cell_complete", "lifecycle": 7, "task": "A", "round": 2, "arm": "FACTUAL_WIN", "rollouts": 256, "new_raw_tiles": 124155, "cutoffs": 0}
{"event": "win_terminal_cell_complete", "lifecycle": 5, "task": "A", "round": 2, "arm": "FACTUAL_WIN", "rollouts": 256, "new_raw_tiles": 130665, "cutoffs": 0}
{"event": "win_terminal_cell_complete", "lifecycle": 6, "task": "A", "round": 1, "arm": "QUERY_WIN", "rollouts": 256, "new_raw_tiles": 133814, "cutoffs": 0}
{"event": "win_terminal_cell_complete", "lifecycle": 4, "task": "A", "round": 1, "arm": "QUERY_WIN", "rollouts": 256, "new_raw_tiles": 124791, "cutoffs": 0}
{"event": "win_terminal_cell_complete", "lifecycle": 5, "task": "A", "round": 1, "arm": "QUERY_WIN", "rollouts": 256, "new_raw_tiles": 122302, "cutoffs": 0}
{"event": "win_terminal_cell_complete", "lifecycle": 7, "task": "A", "round": 1, "arm": "QUERY_WIN", "rollouts": 256, "new_raw_tiles": 128117, "cutoffs": 0}
{"event": "win_terminal_cell_complete", "lifecycle": 4, "task": "A", "round": 2, "arm": "QUERY_WIN", "rollouts": 256, "new_raw_tiles": 118428, "cutoffs": 0}
{"event": "win_terminal_cell_complete", "lifecycle": 6, "task": "A", "round": 2, "arm": "QUERY_WIN", "rollouts": 256, "new_raw_tiles": 132622, "cutoffs": 0}
{"event": "win_terminal_cell_complete", "lifecycle": 5, "task": "A", "round": 2, "arm": "QUERY_WIN", "rollouts": 256, "new_raw_tiles": 126569, "cutoffs": 0}
{"event": "win_terminal_cell_complete", "lifecycle": 7, "task": "A", "round": 2, "arm": "QUERY_WIN", "rollouts": 256, "new_raw_tiles": 121099, "cutoffs": 0}
{"event": "win_terminal_cell_complete", "lifecycle": 4, "task": "B", "round": 1, "arm": "FACTUAL_WIN", "rollouts": 256, "new_raw_tiles": 82054, "cutoffs": 0}
{"event": "win_terminal_cell_complete", "lifecycle": 6, "task": "B", "round": 1, "arm": "FACTUAL_WIN", "rollouts": 256, "new_raw_tiles": 86767, "cutoffs": 0}
{"event": "win_terminal_cell_complete", "lifecycle": 5, "task": "B", "round": 1, "arm": "FACTUAL_WIN", "rollouts": 256, "new_raw_tiles": 78219, "cutoffs": 0}
{"event": "win_terminal_cell_complete", "lifecycle": 7, "task": "B", "round": 1, "arm": "FACTUAL_WIN", "rollouts": 256, "new_raw_tiles": 89936, "cutoffs": 0}
{"event": "win_terminal_cell_complete", "lifecycle": 4, "task": "B", "round": 2, "arm": "FACTUAL_WIN", "rollouts": 256, "new_raw_tiles": 82349, "cutoffs": 0}
{"event": "win_terminal_cell_complete", "lifecycle": 6, "task": "B", "round": 2, "arm": "FACTUAL_WIN", "rollouts": 256, "new_raw_tiles": 87192, "cutoffs": 0}
{"event": "win_terminal_cell_complete", "lifecycle": 5, "task": "B", "round": 2, "arm": "FACTUAL_WIN", "rollouts": 256, "new_raw_tiles": 84007, "cutoffs": 0}
{"event": "win_terminal_cell_complete", "lifecycle": 7, "task": "B", "round": 2, "arm": "FACTUAL_WIN", "rollouts": 256, "new_raw_tiles": 81410, "cutoffs": 0}
{"event": "win_terminal_cell_complete", "lifecycle": 4, "task": "B", "round": 1, "arm": "QUERY_WIN", "rollouts": 256, "new_raw_tiles": 75111, "cutoffs": 0}
{"event": "win_terminal_cell_complete", "lifecycle": 5, "task": "B", "round": 1, "arm": "QUERY_WIN", "rollouts": 256, "new_raw_tiles": 76092, "cutoffs": 0}
{"event": "win_terminal_cell_complete", "lifecycle": 6, "task": "B", "round": 1, "arm": "QUERY_WIN", "rollouts": 256, "new_raw_tiles": 82450, "cutoffs": 0}
{"event": "win_terminal_cell_complete", "lifecycle": 7, "task": "B", "round": 1, "arm": "QUERY_WIN", "rollouts": 256, "new_raw_tiles": 85570, "cutoffs": 0}
{"event": "win_terminal_cell_complete", "lifecycle": 4, "task": "B", "round": 2, "arm": "QUERY_WIN", "rollouts": 256, "new_raw_tiles": 77666, "cutoffs": 0}
{"event": "win_terminal_cell_complete", "lifecycle": 5, "task": "B", "round": 2, "arm": "QUERY_WIN", "rollouts": 256, "new_raw_tiles": 77396, "cutoffs": 0}
{"event": "win_terminal_cell_complete", "lifecycle": 6, "task": "B", "round": 2, "arm": "QUERY_WIN", "rollouts": 256, "new_raw_tiles": 79226, "cutoffs": 0}
{"event": "win_terminal_cell_complete", "lifecycle": 7, "task": "B", "round": 2, "arm": "QUERY_WIN", "rollouts": 256, "new_raw_tiles": 78001, "cutoffs": 0}
{"event": "win_terminal_cell_complete", "lifecycle": 8, "task": "A", "round": 1, "arm": "FACTUAL_WIN", "rollouts": 256, "new_raw_tiles": 129540, "cutoffs": 0}
{"event": "win_terminal_cell_complete", "lifecycle": 9, "task": "A", "round": 1, "arm": "FACTUAL_WIN", "rollouts": 256, "new_raw_tiles": 129054, "cutoffs": 0}
{"event": "win_terminal_cell_complete", "lifecycle": 10, "task": "A", "round": 1, "arm": "FACTUAL_WIN", "rollouts": 256, "new_raw_tiles": 119015, "cutoffs": 0}
{"event": "win_terminal_cell_complete", "lifecycle": 11, "task": "A", "round": 1, "arm": "FACTUAL_WIN", "rollouts": 256, "new_raw_tiles": 128416, "cutoffs": 0}
{"event": "win_terminal_cell_complete", "lifecycle": 8, "task": "A", "round": 2, "arm": "FACTUAL_WIN", "rollouts": 256, "new_raw_tiles": 131992, "cutoffs": 0}
{"event": "win_terminal_cell_complete", "lifecycle": 9, "task": "A", "round": 2, "arm": "FACTUAL_WIN", "rollouts": 256, "new_raw_tiles": 133103, "cutoffs": 0}
{"event": "win_terminal_cell_complete", "lifecycle": 10, "task": "A", "round": 2, "arm": "FACTUAL_WIN", "rollouts": 256, "new_raw_tiles": 143797, "cutoffs": 0}
{"event": "win_terminal_cell_complete", "lifecycle": 11, "task": "A", "round": 2, "arm": "FACTUAL_WIN", "rollouts": 256, "new_raw_tiles": 132461, "cutoffs": 0}
{"event": "win_terminal_cell_complete", "lifecycle": 8, "task": "A", "round": 1, "arm": "QUERY_WIN", "rollouts": 256, "new_raw_tiles": 124088, "cutoffs": 0}
{"event": "win_terminal_cell_complete", "lifecycle": 9, "task": "A", "round": 1, "arm": "QUERY_WIN", "rollouts": 256, "new_raw_tiles": 124576, "cutoffs": 0}
{"event": "win_terminal_cell_complete", "lifecycle": 10, "task": "A", "round": 1, "arm": "QUERY_WIN", "rollouts": 256, "new_raw_tiles": 115370, "cutoffs": 0}
{"event": "win_terminal_cell_complete", "lifecycle": 11, "task": "A", "round": 1, "arm": "QUERY_WIN", "rollouts": 256, "new_raw_tiles": 115883, "cutoffs": 0}
{"event": "win_terminal_cell_complete", "lifecycle": 8, "task": "A", "round": 2, "arm": "QUERY_WIN", "rollouts": 256, "new_raw_tiles": 126676, "cutoffs": 0}
{"event": "win_terminal_cell_complete", "lifecycle": 9, "task": "A", "round": 2, "arm": "QUERY_WIN", "rollouts": 256, "new_raw_tiles": 130169, "cutoffs": 0}
{"event": "win_terminal_cell_complete", "lifecycle": 11, "task": "A", "round": 2, "arm": "QUERY_WIN", "rollouts": 256, "new_raw_tiles": 122725, "cutoffs": 0}
{"event": "win_terminal_cell_complete", "lifecycle": 10, "task": "A", "round": 2, "arm": "QUERY_WIN", "rollouts": 256, "new_raw_tiles": 141781, "cutoffs": 0}
{"event": "win_terminal_cell_complete", "lifecycle": 8, "task": "B", "round": 1, "arm": "FACTUAL_WIN", "rollouts": 256, "new_raw_tiles": 81401, "cutoffs": 0}
{"event": "win_terminal_cell_complete", "lifecycle": 9, "task": "B", "round": 1, "arm": "FACTUAL_WIN", "rollouts": 256, "new_raw_tiles": 80348, "cutoffs": 0}
{"event": "win_terminal_cell_complete", "lifecycle": 11, "task": "B", "round": 1, "arm": "FACTUAL_WIN", "rollouts": 256, "new_raw_tiles": 92593, "cutoffs": 0}
{"event": "win_terminal_cell_complete", "lifecycle": 10, "task": "B", "round": 1, "arm": "FACTUAL_WIN", "rollouts": 256, "new_raw_tiles": 94916, "cutoffs": 0}
{"event": "win_terminal_cell_complete", "lifecycle": 8, "task": "B", "round": 2, "arm": "FACTUAL_WIN", "rollouts": 256, "new_raw_tiles": 84719, "cutoffs": 0}
{"event": "win_terminal_cell_complete", "lifecycle": 9, "task": "B", "round": 2, "arm": "FACTUAL_WIN", "rollouts": 256, "new_raw_tiles": 82850, "cutoffs": 0}
{"event": "win_terminal_cell_complete", "lifecycle": 11, "task": "B", "round": 2, "arm": "FACTUAL_WIN", "rollouts": 256, "new_raw_tiles": 84449, "cutoffs": 0}
{"event": "win_terminal_cell_complete", "lifecycle": 10, "task": "B", "round": 2, "arm": "FACTUAL_WIN", "rollouts": 256, "new_raw_tiles": 92919, "cutoffs": 0}
{"event": "win_terminal_cell_complete", "lifecycle": 8, "task": "B", "round": 1, "arm": "QUERY_WIN", "rollouts": 256, "new_raw_tiles": 79971, "cutoffs": 0}
{"event": "win_terminal_cell_complete", "lifecycle": 9, "task": "B", "round": 1, "arm": "QUERY_WIN", "rollouts": 256, "new_raw_tiles": 79055, "cutoffs": 0}
{"event": "win_terminal_cell_complete", "lifecycle": 11, "task": "B", "round": 1, "arm": "QUERY_WIN", "rollouts": 256, "new_raw_tiles": 89825, "cutoffs": 0}
{"event": "win_terminal_cell_complete", "lifecycle": 10, "task": "B", "round": 1, "arm": "QUERY_WIN", "rollouts": 256, "new_raw_tiles": 86617, "cutoffs": 0}
{"event": "win_terminal_cell_complete", "lifecycle": 8, "task": "B", "round": 2, "arm": "QUERY_WIN", "rollouts": 256, "new_raw_tiles": 80676, "cutoffs": 0}
{"event": "win_terminal_cell_complete", "lifecycle": 9, "task": "B", "round": 2, "arm": "QUERY_WIN", "rollouts": 256, "new_raw_tiles": 77386, "cutoffs": 0}
{"event": "win_terminal_cell_complete", "lifecycle": 11, "task": "B", "round": 2, "arm": "QUERY_WIN", "rollouts": 256, "new_raw_tiles": 75966, "cutoffs": 0}
{"event": "win_terminal_cell_complete", "lifecycle": 10, "task": "B", "round": 2, "arm": "QUERY_WIN", "rollouts": 256, "new_raw_tiles": 85707, "cutoffs": 0}
{"event": "win_terminal_cell_complete", "lifecycle": 12, "task": "A", "round": 1, "arm": "FACTUAL_WIN", "rollouts": 256, "new_raw_tiles": 117269, "cutoffs": 0}
{"event": "win_terminal_cell_complete", "lifecycle": 13, "task": "A", "round": 1, "arm": "FACTUAL_WIN", "rollouts": 256, "new_raw_tiles": 125340, "cutoffs": 0}
{"event": "win_terminal_cell_complete", "lifecycle": 15, "task": "A", "round": 1, "arm": "FACTUAL_WIN", "rollouts": 256, "new_raw_tiles": 125062, "cutoffs": 0}
{"event": "win_terminal_cell_complete", "lifecycle": 14, "task": "A", "round": 1, "arm": "FACTUAL_WIN", "rollouts": 256, "new_raw_tiles": 140964, "cutoffs": 0}
{"event": "win_terminal_cell_complete", "lifecycle": 12, "task": "A", "round": 2, "arm": "FACTUAL_WIN", "rollouts": 256, "new_raw_tiles": 134976, "cutoffs": 0}
{"event": "win_terminal_cell_complete", "lifecycle": 13, "task": "A", "round": 2, "arm": "FACTUAL_WIN", "rollouts": 256, "new_raw_tiles": 126818, "cutoffs": 0}
{"event": "win_terminal_cell_complete", "lifecycle": 15, "task": "A", "round": 2, "arm": "FACTUAL_WIN", "rollouts": 256, "new_raw_tiles": 131997, "cutoffs": 0}
{"event": "win_terminal_cell_complete", "lifecycle": 12, "task": "A", "round": 1, "arm": "QUERY_WIN", "rollouts": 256, "new_raw_tiles": 109092, "cutoffs": 0}
{"event": "win_terminal_cell_complete", "lifecycle": 14, "task": "A", "round": 2, "arm": "FACTUAL_WIN", "rollouts": 256, "new_raw_tiles": 130846, "cutoffs": 0}
{"event": "win_terminal_cell_complete", "lifecycle": 13, "task": "A", "round": 1, "arm": "QUERY_WIN", "rollouts": 256, "new_raw_tiles": 124614, "cutoffs": 0}
{"event": "win_terminal_cell_complete", "lifecycle": 15, "task": "A", "round": 1, "arm": "QUERY_WIN", "rollouts": 256, "new_raw_tiles": 126602, "cutoffs": 0}
{"event": "win_terminal_cell_complete", "lifecycle": 12, "task": "A", "round": 2, "arm": "QUERY_WIN", "rollouts": 256, "new_raw_tiles": 128289, "cutoffs": 0}
{"event": "win_terminal_cell_complete", "lifecycle": 14, "task": "A", "round": 1, "arm": "QUERY_WIN", "rollouts": 256, "new_raw_tiles": 133653, "cutoffs": 0}
{"event": "win_terminal_cell_complete", "lifecycle": 13, "task": "A", "round": 2, "arm": "QUERY_WIN", "rollouts": 256, "new_raw_tiles": 118827, "cutoffs": 0}
{"event": "win_terminal_cell_complete", "lifecycle": 12, "task": "B", "round": 1, "arm": "FACTUAL_WIN", "rollouts": 256, "new_raw_tiles": 80806, "cutoffs": 0}
{"event": "win_terminal_cell_complete", "lifecycle": 15, "task": "A", "round": 2, "arm": "QUERY_WIN", "rollouts": 256, "new_raw_tiles": 125624, "cutoffs": 0}
{"event": "win_terminal_cell_complete", "lifecycle": 13, "task": "B", "round": 1, "arm": "FACTUAL_WIN", "rollouts": 256, "new_raw_tiles": 86021, "cutoffs": 0}
{"event": "win_terminal_cell_complete", "lifecycle": 14, "task": "A", "round": 2, "arm": "QUERY_WIN", "rollouts": 256, "new_raw_tiles": 129022, "cutoffs": 0}
{"event": "win_terminal_cell_complete", "lifecycle": 12, "task": "B", "round": 2, "arm": "FACTUAL_WIN", "rollouts": 256, "new_raw_tiles": 83245, "cutoffs": 0}
{"event": "win_terminal_cell_complete", "lifecycle": 13, "task": "B", "round": 2, "arm": "FACTUAL_WIN", "rollouts": 256, "new_raw_tiles": 76696, "cutoffs": 0}
{"event": "win_terminal_cell_complete", "lifecycle": 15, "task": "B", "round": 1, "arm": "FACTUAL_WIN", "rollouts": 256, "new_raw_tiles": 88313, "cutoffs": 0}
{"event": "win_terminal_cell_complete", "lifecycle": 14, "task": "B", "round": 1, "arm": "FACTUAL_WIN", "rollouts": 256, "new_raw_tiles": 78562, "cutoffs": 0}
{"event": "win_terminal_cell_complete", "lifecycle": 12, "task": "B", "round": 1, "arm": "QUERY_WIN", "rollouts": 256, "new_raw_tiles": 80867, "cutoffs": 0}
{"event": "win_terminal_cell_complete", "lifecycle": 13, "task": "B", "round": 1, "arm": "QUERY_WIN", "rollouts": 256, "new_raw_tiles": 84482, "cutoffs": 0}
{"event": "win_terminal_cell_complete", "lifecycle": 15, "task": "B", "round": 2, "arm": "FACTUAL_WIN", "rollouts": 256, "new_raw_tiles": 89937, "cutoffs": 0}
{"event": "win_terminal_cell_complete", "lifecycle": 14, "task": "B", "round": 2, "arm": "FACTUAL_WIN", "rollouts": 256, "new_raw_tiles": 73850, "cutoffs": 0}
{"event": "win_terminal_cell_complete", "lifecycle": 12, "task": "B", "round": 2, "arm": "QUERY_WIN", "rollouts": 256, "new_raw_tiles": 76986, "cutoffs": 0}
{"event": "win_terminal_cell_complete", "lifecycle": 13, "task": "B", "round": 2, "arm": "QUERY_WIN", "rollouts": 256, "new_raw_tiles": 73165, "cutoffs": 0}
{"event": "win_terminal_cell_complete", "lifecycle": 15, "task": "B", "round": 1, "arm": "QUERY_WIN", "rollouts": 256, "new_raw_tiles": 79045, "cutoffs": 0}
{"event": "win_terminal_cell_complete", "lifecycle": 14, "task": "B", "round": 1, "arm": "QUERY_WIN", "rollouts": 256, "new_raw_tiles": 76591, "cutoffs": 0}
{"event": "win_terminal_cell_complete", "lifecycle": 14, "task": "B", "round": 2, "arm": "QUERY_WIN", "rollouts": 256, "new_raw_tiles": 68578, "cutoffs": 0}
{"event": "win_terminal_cell_complete", "lifecycle": 15, "task": "B", "round": 2, "arm": "QUERY_WIN", "rollouts": 256, "new_raw_tiles": 89439, "cutoffs": 0}
{"event": "win_terminal_complete", "status": "DIAGNOSTIC_COMPLETE", "primary": "SUPPORTED_BETTER_PREDICTION"}
