{"event": "independent_teacher_calibration_life_checked", "lifecycle": 0}
{"event": "independent_teacher_calibration_life_checked", "lifecycle": 1}
{"event": "independent_teacher_calibration_life_checked", "lifecycle": 2}
{"event": "independent_teacher_calibration_life_checked", "lifecycle": 3}
{"event": "independent_teacher_calibration_life_checked", "lifecycle": 4}
{"event": "independent_teacher_calibration_life_checked", "lifecycle": 5}
{"event": "independent_teacher_calibration_life_checked", "lifecycle": 6}
{"event": "independent_teacher_calibration_life_checked", "lifecycle": 7}
{"event": "independent_teacher_calibration_life_checked", "lifecycle": 8}
{"event": "independent_teacher_calibration_life_checked", "lifecycle": 9}
{"event": "independent_teacher_calibration_life_checked", "lifecycle": 10}
{"event": "independent_teacher_calibration_life_checked", "lifecycle": 11}
{"event": "independent_teacher_calibration_life_checked", "lifecycle": 12}
{"event": "independent_teacher_calibration_life_checked", "lifecycle": 13}
{"event": "independent_teacher_calibration_life_checked", "lifecycle": 14}
{"event": "independent_teacher_calibration_life_checked", "lifecycle": 15}
{
  "status": "PASS",
  "independent_valid": true,
  "prior_v319_audit_status": "PASS",
  "prior_full_audit_repeated": false,
  "lifecycles": 16,
  "fixed_source_parents": 4,
  "selected_group_indices": [
    0,
    260,
    520,
    780,
    1040,
    1300,
    1560,
    1820,
    2080,
    2340,
    2600,
    2860,
    3120,
    3380,
    3640,
    3900,
    4160,
    4420,
    4680,
    4940,
    5200,
    5461,
    5721,
    5981,
    6241,
    6501,
    6761,
    7021,
    7281,
    7541,
    7801,
    8061,
    8321,
    8581,
    8841,
    9101,
    9361,
    9621,
    9881,
    10141,
    10401,
    10661,
    10922,
    11182,
    11442,
    11702,
    11962,
    12222,
    12482,
    12742,
    13002,
    13262,
    13522,
    13782,
    14042,
    14302,
    14562,
    14822,
    15082,
    15342,
    15602,
    15862,
    16122,
    16383
  ],
  "literal_first_H2_boundary_probes": 3442,
  "rollouts": 32768,
  "actions": 13606558,
  "new_raw_tiles": 13606558,
  "new_random_draws": 27213116,
  "won": 15790,
  "lost": 16978,
  "cutoffs": 0,
  "prescribed_direct_actions": 32549,
  "followup_h2_actions": 13574009,
  "first_action_score": 1084160,
  "group_files_read": 128,
  "trace_files": 128,
  "outcome_files": 128,
  "new_trace_array_bytes": 435409856,
  "new_outcome_array_bytes": 4128768,
  "every_new_physical_swipe_spawn_rng_and_endpoint_checked": true,
  "prescribed_saved_direct_actions_valid": true,
  "frozen_FIRST_versions_beliefs_and_boundary_H2_probes_valid": true,
  "all_paired_group_and_terminal_calibration_moments_valid": true,
  "complete_terminal_endpoints": true,
  "primary_status": "SUPPORTED_MORE_PESSIMISTIC",
  "new_calibration_component_cpu_seconds": 422.618242729,
  "new_calibration_full_cpu_seconds": 425.57845899999995,
  "full_economic_source_v317_v319_and_calibration_cpu_seconds": 3438.5465554679995,
  "limitations": "Calibration is conditional on the fixed 64-position grid, retained FIRST cohort and prescribed DIRECT-then-FIRST-H2 policy. All newly paid physics and outcomes are replayed independently; actual H2 teacher actions are checked at fixed first/last rollout boundary probes. Old source/V319 audits, all H2 decisions, continuations and bootstrap draws are not rerun. Intervals are checked against actual lifecycle vectors, directional counts and feasible fixed-parent ranges. The diagnostic establishes no learning improvement or causal explanation of V319 loss; historical dynamics and failed-attempt CPU remain unknown.",
  "errors": []
}
