{"event": "teacher_calibration_cell_complete", "lifecycle": 3, "task": "A", "round": 1, "arm": "FACTUAL_LOCAL", "rollouts": 256, "new_raw_tiles": 132323, "cutoffs": 0}
{"event": "teacher_calibration_cell_complete", "lifecycle": 0, "task": "A", "round": 1, "arm": "FACTUAL_LOCAL", "rollouts": 256, "new_raw_tiles": 134632, "cutoffs": 0}
{"event": "teacher_calibration_cell_complete", "lifecycle": 2, "task": "A", "round": 1, "arm": "FACTUAL_LOCAL", "rollouts": 256, "new_raw_tiles": 135275, "cutoffs": 0}
{"event": "teacher_calibration_cell_complete", "lifecycle": 1, "task": "A", "round": 1, "arm": "FACTUAL_LOCAL", "rollouts": 256, "new_raw_tiles": 135985, "cutoffs": 0}
{"event": "teacher_calibration_cell_complete", "lifecycle": 3, "task": "A", "round": 1, "arm": "QUERY_LOCAL", "rollouts": 256, "new_raw_tiles": 127482, "cutoffs": 0}
{"event": "teacher_calibration_cell_complete", "lifecycle": 0, "task": "A", "round": 1, "arm": "QUERY_LOCAL", "rollouts": 256, "new_raw_tiles": 132185, "cutoffs": 0}
{"event": "teacher_calibration_cell_complete", "lifecycle": 1, "task": "A", "round": 1, "arm": "QUERY_LOCAL", "rollouts": 256, "new_raw_tiles": 130756, "cutoffs": 0}
{"event": "teacher_calibration_cell_complete", "lifecycle": 2, "task": "A", "round": 1, "arm": "QUERY_LOCAL", "rollouts": 256, "new_raw_tiles": 134274, "cutoffs": 0}
{"event": "teacher_calibration_cell_complete", "lifecycle": 3, "task": "B", "round": 1, "arm": "FACTUAL_LOCAL", "rollouts": 256, "new_raw_tiles": 93427, "cutoffs": 0}
{"event": "teacher_calibration_cell_complete", "lifecycle": 2, "task": "B", "round": 1, "arm": "FACTUAL_LOCAL", "rollouts": 256, "new_raw_tiles": 87379, "cutoffs": 0}
{"event": "teacher_calibration_cell_complete", "lifecycle": 0, "task": "B", "round": 1, "arm": "FACTUAL_LOCAL", "rollouts": 256, "new_raw_tiles": 82089, "cutoffs": 0}
{"event": "teacher_calibration_cell_complete", "lifecycle": 1, "task": "B", "round": 1, "arm": "FACTUAL_LOCAL", "rollouts": 256, "new_raw_tiles": 83595, "cutoffs": 0}
{"event": "teacher_calibration_cell_complete", "lifecycle": 1, "task": "B", "round": 1, "arm": "QUERY_LOCAL", "rollouts": 256, "new_raw_tiles": 77914, "cutoffs": 0}
{"event": "teacher_calibration_cell_complete", "lifecycle": 3, "task": "B", "round": 1, "arm": "QUERY_LOCAL", "rollouts": 256, "new_raw_tiles": 85877, "cutoffs": 0}
{"event": "teacher_calibration_cell_complete", "lifecycle": 0, "task": "B", "round": 1, "arm": "QUERY_LOCAL", "rollouts": 256, "new_raw_tiles": 80356, "cutoffs": 0}
{"event": "teacher_calibration_cell_complete", "lifecycle": 2, "task": "B", "round": 1, "arm": "QUERY_LOCAL", "rollouts": 256, "new_raw_tiles": 88193, "cutoffs": 0}
{"event": "teacher_calibration_cell_complete", "lifecycle": 3, "task": "A", "round": 2, "arm": "FACTUAL_LOCAL", "rollouts": 256, "new_raw_tiles": 119982, "cutoffs": 0}
{"event": "teacher_calibration_cell_complete", "lifecycle": 1, "task": "A", "round": 2, "arm": "FACTUAL_LOCAL", "rollouts": 256, "new_raw_tiles": 122918, "cutoffs": 0}
{"event": "teacher_calibration_cell_complete", "lifecycle": 0, "task": "A", "round": 2, "arm": "FACTUAL_LOCAL", "rollouts": 256, "new_raw_tiles": 127462, "cutoffs": 0}
{"event": "teacher_calibration_cell_complete", "lifecycle": 2, "task": "A", "round": 2, "arm": "FACTUAL_LOCAL", "rollouts": 256, "new_raw_tiles": 130829, "cutoffs": 0}
{"event": "teacher_calibration_cell_complete", "lifecycle": 3, "task": "A", "round": 2, "arm": "QUERY_LOCAL", "rollouts": 256, "new_raw_tiles": 109963, "cutoffs": 0}
{"event": "teacher_calibration_cell_complete", "lifecycle": 1, "task": "A", "round": 2, "arm": "QUERY_LOCAL", "rollouts": 256, "new_raw_tiles": 123067, "cutoffs": 0}
{"event": "teacher_calibration_cell_complete", "lifecycle": 0, "task": "A", "round": 2, "arm": "QUERY_LOCAL", "rollouts": 256, "new_raw_tiles": 127092, "cutoffs": 0}
{"event": "teacher_calibration_cell_complete", "lifecycle": 2, "task": "A", "round": 2, "arm": "QUERY_LOCAL", "rollouts": 256, "new_raw_tiles": 124837, "cutoffs": 0}
{"event": "teacher_calibration_cell_complete", "lifecycle": 3, "task": "B", "round": 2, "arm": "FACTUAL_LOCAL", "rollouts": 256, "new_raw_tiles": 81746, "cutoffs": 0}
{"event": "teacher_calibration_cell_complete", "lifecycle": 1, "task": "B", "round": 2, "arm": "FACTUAL_LOCAL", "rollouts": 256, "new_raw_tiles": 90378, "cutoffs": 0}
{"event": "teacher_calibration_cell_complete", "lifecycle": 2, "task": "B", "round": 2, "arm": "FACTUAL_LOCAL", "rollouts": 256, "new_raw_tiles": 82638, "cutoffs": 0}
{"event": "teacher_calibration_cell_complete", "lifecycle": 0, "task": "B", "round": 2, "arm": "FACTUAL_LOCAL", "rollouts": 256, "new_raw_tiles": 88850, "cutoffs": 0}
{"event": "teacher_calibration_cell_complete", "lifecycle": 3, "task": "B", "round": 2, "arm": "QUERY_LOCAL", "rollouts": 256, "new_raw_tiles": 71321, "cutoffs": 0}
{"event": "teacher_calibration_cell_complete", "lifecycle": 2, "task": "B", "round": 2, "arm": "QUERY_LOCAL", "rollouts": 256, "new_raw_tiles": 75838, "cutoffs": 0}
{"event": "teacher_calibration_cell_complete", "lifecycle": 1, "task": "B", "round": 2, "arm": "QUERY_LOCAL", "rollouts": 256, "new_raw_tiles": 85809, "cutoffs": 0}
{"event": "teacher_calibration_cell_complete", "lifecycle": 0, "task": "B", "round": 2, "arm": "QUERY_LOCAL", "rollouts": 256, "new_raw_tiles": 82200, "cutoffs": 0}
{"event": "teacher_calibration_cell_complete", "lifecycle": 7, "task": "A", "round": 1, "arm": "FACTUAL_LOCAL", "rollouts": 256, "new_raw_tiles": 121087, "cutoffs": 0}
{"event": "teacher_calibration_cell_complete", "lifecycle": 5, "task": "A", "round": 1, "arm": "FACTUAL_LOCAL", "rollouts": 256, "new_raw_tiles": 126021, "cutoffs": 0}
{"event": "teacher_calibration_cell_complete", "lifecycle": 4, "task": "A", "round": 1, "arm": "FACTUAL_LOCAL", "rollouts": 256, "new_raw_tiles": 125410, "cutoffs": 0}
{"event": "teacher_calibration_cell_complete", "lifecycle": 6, "task": "A", "round": 1, "arm": "FACTUAL_LOCAL", "rollouts": 256, "new_raw_tiles": 146310, "cutoffs": 0}
{"event": "teacher_calibration_cell_complete", "lifecycle": 7, "task": "A", "round": 1, "arm": "QUERY_LOCAL", "rollouts": 256, "new_raw_tiles": 115904, "cutoffs": 0}
{"event": "teacher_calibration_cell_complete", "lifecycle": 5, "task": "A", "round": 1, "arm": "QUERY_LOCAL", "rollouts": 256, "new_raw_tiles": 126359, "cutoffs": 0}
{"event": "teacher_calibration_cell_complete", "lifecycle": 7, "task": "B", "round": 1, "arm": "FACTUAL_LOCAL", "rollouts": 256, "new_raw_tiles": 76021, "cutoffs": 0}
{"event": "teacher_calibration_cell_complete", "lifecycle": 4, "task": "A", "round": 1, "arm": "QUERY_LOCAL", "rollouts": 256, "new_raw_tiles": 127490, "cutoffs": 0}
{"event": "teacher_calibration_cell_complete", "lifecycle": 6, "task": "A", "round": 1, "arm": "QUERY_LOCAL", "rollouts": 256, "new_raw_tiles": 143136, "cutoffs": 0}
{"event": "teacher_calibration_cell_complete", "lifecycle": 7, "task": "B", "round": 1, "arm": "QUERY_LOCAL", "rollouts": 256, "new_raw_tiles": 68743, "cutoffs": 0}
{"event": "teacher_calibration_cell_complete", "lifecycle": 5, "task": "B", "round": 1, "arm": "FACTUAL_LOCAL", "rollouts": 256, "new_raw_tiles": 90753, "cutoffs": 0}
{"event": "teacher_calibration_cell_complete", "lifecycle": 4, "task": "B", "round": 1, "arm": "FACTUAL_LOCAL", "rollouts": 256, "new_raw_tiles": 89646, "cutoffs": 0}
{"event": "teacher_calibration_cell_complete", "lifecycle": 6, "task": "B", "round": 1, "arm": "FACTUAL_LOCAL", "rollouts": 256, "new_raw_tiles": 79281, "cutoffs": 0}
{"event": "teacher_calibration_cell_complete", "lifecycle": 5, "task": "B", "round": 1, "arm": "QUERY_LOCAL", "rollouts": 256, "new_raw_tiles": 87389, "cutoffs": 0}
{"event": "teacher_calibration_cell_complete", "lifecycle": 6, "task": "B", "round": 1, "arm": "QUERY_LOCAL", "rollouts": 256, "new_raw_tiles": 77474, "cutoffs": 0}
{"event": "teacher_calibration_cell_complete", "lifecycle": 4, "task": "B", "round": 1, "arm": "QUERY_LOCAL", "rollouts": 256, "new_raw_tiles": 87573, "cutoffs": 0}
{"event": "teacher_calibration_cell_complete", "lifecycle": 7, "task": "A", "round": 2, "arm": "FACTUAL_LOCAL", "rollouts": 256, "new_raw_tiles": 133286, "cutoffs": 0}
{"event": "teacher_calibration_cell_complete", "lifecycle": 5, "task": "A", "round": 2, "arm": "FACTUAL_LOCAL", "rollouts": 256, "new_raw_tiles": 133915, "cutoffs": 0}
{"event": "teacher_calibration_cell_complete", "lifecycle": 6, "task": "A", "round": 2, "arm": "FACTUAL_LOCAL", "rollouts": 256, "new_raw_tiles": 135173, "cutoffs": 0}
{"event": "teacher_calibration_cell_complete", "lifecycle": 4, "task": "A", "round": 2, "arm": "FACTUAL_LOCAL", "rollouts": 256, "new_raw_tiles": 125901, "cutoffs": 0}
{"event": "teacher_calibration_cell_complete", "lifecycle": 7, "task": "A", "round": 2, "arm": "QUERY_LOCAL", "rollouts": 256, "new_raw_tiles": 126664, "cutoffs": 0}
{"event": "teacher_calibration_cell_complete", "lifecycle": 7, "task": "B", "round": 2, "arm": "FACTUAL_LOCAL", "rollouts": 256, "new_raw_tiles": 92052, "cutoffs": 0}
{"event": "teacher_calibration_cell_complete", "lifecycle": 5, "task": "A", "round": 2, "arm": "QUERY_LOCAL", "rollouts": 256, "new_raw_tiles": 125271, "cutoffs": 0}
{"event": "teacher_calibration_cell_complete", "lifecycle": 4, "task": "A", "round": 2, "arm": "QUERY_LOCAL", "rollouts": 256, "new_raw_tiles": 121226, "cutoffs": 0}
{"event": "teacher_calibration_cell_complete", "lifecycle": 6, "task": "A", "round": 2, "arm": "QUERY_LOCAL", "rollouts": 256, "new_raw_tiles": 132355, "cutoffs": 0}
{"event": "teacher_calibration_cell_complete", "lifecycle": 7, "task": "B", "round": 2, "arm": "QUERY_LOCAL", "rollouts": 256, "new_raw_tiles": 86603, "cutoffs": 0}
{"event": "teacher_calibration_cell_complete", "lifecycle": 4, "task": "B", "round": 2, "arm": "FACTUAL_LOCAL", "rollouts": 256, "new_raw_tiles": 74078, "cutoffs": 0}
{"event": "teacher_calibration_cell_complete", "lifecycle": 5, "task": "B", "round": 2, "arm": "FACTUAL_LOCAL", "rollouts": 256, "new_raw_tiles": 90366, "cutoffs": 0}
{"event": "teacher_calibration_cell_complete", "lifecycle": 6, "task": "B", "round": 2, "arm": "FACTUAL_LOCAL", "rollouts": 256, "new_raw_tiles": 87918, "cutoffs": 0}
{"event": "teacher_calibration_cell_complete", "lifecycle": 4, "task": "B", "round": 2, "arm": "QUERY_LOCAL", "rollouts": 256, "new_raw_tiles": 65970, "cutoffs": 0}
{"event": "teacher_calibration_cell_complete", "lifecycle": 5, "task": "B", "round": 2, "arm": "QUERY_LOCAL", "rollouts": 256, "new_raw_tiles": 88022, "cutoffs": 0}
{"event": "teacher_calibration_cell_complete", "lifecycle": 6, "task": "B", "round": 2, "arm": "QUERY_LOCAL", "rollouts": 256, "new_raw_tiles": 83212, "cutoffs": 0}
{"event": "teacher_calibration_cell_complete", "lifecycle": 11, "task": "A", "round": 1, "arm": "FACTUAL_LOCAL", "rollouts": 256, "new_raw_tiles": 141380, "cutoffs": 0}
{"event": "teacher_calibration_cell_complete", "lifecycle": 8, "task": "A", "round": 1, "arm": "FACTUAL_LOCAL", "rollouts": 256, "new_raw_tiles": 122978, "cutoffs": 0}
{"event": "teacher_calibration_cell_complete", "lifecycle": 9, "task": "A", "round": 1, "arm": "FACTUAL_LOCAL", "rollouts": 256, "new_raw_tiles": 128786, "cutoffs": 0}
{"event": "teacher_calibration_cell_complete", "lifecycle": 10, "task": "A", "round": 1, "arm": "FACTUAL_LOCAL", "rollouts": 256, "new_raw_tiles": 133251, "cutoffs": 0}
{"event": "teacher_calibration_cell_complete", "lifecycle": 11, "task": "A", "round": 1, "arm": "QUERY_LOCAL", "rollouts": 256, "new_raw_tiles": 129887, "cutoffs": 0}
{"event": "teacher_calibration_cell_complete", "lifecycle": 8, "task": "A", "round": 1, "arm": "QUERY_LOCAL", "rollouts": 256, "new_raw_tiles": 117784, "cutoffs": 0}
{"event": "teacher_calibration_cell_complete", "lifecycle": 9, "task": "A", "round": 1, "arm": "QUERY_LOCAL", "rollouts": 256, "new_raw_tiles": 121974, "cutoffs": 0}
{"event": "teacher_calibration_cell_complete", "lifecycle": 11, "task": "B", "round": 1, "arm": "FACTUAL_LOCAL", "rollouts": 256, "new_raw_tiles": 83597, "cutoffs": 0}
{"event": "teacher_calibration_cell_complete", "lifecycle": 10, "task": "A", "round": 1, "arm": "QUERY_LOCAL", "rollouts": 256, "new_raw_tiles": 124883, "cutoffs": 0}
{"event": "teacher_calibration_cell_complete", "lifecycle": 8, "task": "B", "round": 1, "arm": "FACTUAL_LOCAL", "rollouts": 256, "new_raw_tiles": 85895, "cutoffs": 0}
{"event": "teacher_calibration_cell_complete", "lifecycle": 11, "task": "B", "round": 1, "arm": "QUERY_LOCAL", "rollouts": 256, "new_raw_tiles": 79437, "cutoffs": 0}
{"event": "teacher_calibration_cell_complete", "lifecycle": 9, "task": "B", "round": 1, "arm": "FACTUAL_LOCAL", "rollouts": 256, "new_raw_tiles": 87719, "cutoffs": 0}
{"event": "teacher_calibration_cell_complete", "lifecycle": 10, "task": "B", "round": 1, "arm": "FACTUAL_LOCAL", "rollouts": 256, "new_raw_tiles": 96374, "cutoffs": 0}
{"event": "teacher_calibration_cell_complete", "lifecycle": 8, "task": "B", "round": 1, "arm": "QUERY_LOCAL", "rollouts": 256, "new_raw_tiles": 79738, "cutoffs": 0}
{"event": "teacher_calibration_cell_complete", "lifecycle": 9, "task": "B", "round": 1, "arm": "QUERY_LOCAL", "rollouts": 256, "new_raw_tiles": 82953, "cutoffs": 0}
{"event": "teacher_calibration_cell_complete", "lifecycle": 10, "task": "B", "round": 1, "arm": "QUERY_LOCAL", "rollouts": 256, "new_raw_tiles": 94287, "cutoffs": 0}
{"event": "teacher_calibration_cell_complete", "lifecycle": 11, "task": "A", "round": 2, "arm": "FACTUAL_LOCAL", "rollouts": 256, "new_raw_tiles": 138632, "cutoffs": 0}
{"event": "teacher_calibration_cell_complete", "lifecycle": 8, "task": "A", "round": 2, "arm": "FACTUAL_LOCAL", "rollouts": 256, "new_raw_tiles": 130892, "cutoffs": 0}
{"event": "teacher_calibration_cell_complete", "lifecycle": 9, "task": "A", "round": 2, "arm": "FACTUAL_LOCAL", "rollouts": 256, "new_raw_tiles": 126463, "cutoffs": 0}
{"event": "teacher_calibration_cell_complete", "lifecycle": 10, "task": "A", "round": 2, "arm": "FACTUAL_LOCAL", "rollouts": 256, "new_raw_tiles": 140038, "cutoffs": 0}
{"event": "teacher_calibration_cell_complete", "lifecycle": 11, "task": "A", "round": 2, "arm": "QUERY_LOCAL", "rollouts": 256, "new_raw_tiles": 139443, "cutoffs": 0}
{"event": "teacher_calibration_cell_complete", "lifecycle": 8, "task": "A", "round": 2, "arm": "QUERY_LOCAL", "rollouts": 256, "new_raw_tiles": 128284, "cutoffs": 0}
{"event": "teacher_calibration_cell_complete", "lifecycle": 9, "task": "A", "round": 2, "arm": "QUERY_LOCAL", "rollouts": 256, "new_raw_tiles": 119325, "cutoffs": 0}
{"event": "teacher_calibration_cell_complete", "lifecycle": 11, "task": "B", "round": 2, "arm": "FACTUAL_LOCAL", "rollouts": 256, "new_raw_tiles": 90847, "cutoffs": 0}
{"event": "teacher_calibration_cell_complete", "lifecycle": 10, "task": "A", "round": 2, "arm": "QUERY_LOCAL", "rollouts": 256, "new_raw_tiles": 140363, "cutoffs": 0}
{"event": "teacher_calibration_cell_complete", "lifecycle": 8, "task": "B", "round": 2, "arm": "FACTUAL_LOCAL", "rollouts": 256, "new_raw_tiles": 91357, "cutoffs": 0}
{"event": "teacher_calibration_cell_complete", "lifecycle": 9, "task": "B", "round": 2, "arm": "FACTUAL_LOCAL", "rollouts": 256, "new_raw_tiles": 94453, "cutoffs": 0}
{"event": "teacher_calibration_cell_complete", "lifecycle": 11, "task": "B", "round": 2, "arm": "QUERY_LOCAL", "rollouts": 256, "new_raw_tiles": 83789, "cutoffs": 0}
{"event": "teacher_calibration_cell_complete", "lifecycle": 10, "task": "B", "round": 2, "arm": "FACTUAL_LOCAL", "rollouts": 256, "new_raw_tiles": 82088, "cutoffs": 0}
{"event": "teacher_calibration_cell_complete", "lifecycle": 8, "task": "B", "round": 2, "arm": "QUERY_LOCAL", "rollouts": 256, "new_raw_tiles": 87563, "cutoffs": 0}
{"event": "teacher_calibration_cell_complete", "lifecycle": 9, "task": "B", "round": 2, "arm": "QUERY_LOCAL", "rollouts": 256, "new_raw_tiles": 89325, "cutoffs": 0}
{"event": "teacher_calibration_cell_complete", "lifecycle": 10, "task": "B", "round": 2, "arm": "QUERY_LOCAL", "rollouts": 256, "new_raw_tiles": 77523, "cutoffs": 0}
{"event": "teacher_calibration_cell_complete", "lifecycle": 15, "task": "A", "round": 1, "arm": "FACTUAL_LOCAL", "rollouts": 256, "new_raw_tiles": 129441, "cutoffs": 0}
{"event": "teacher_calibration_cell_complete", "lifecycle": 12, "task": "A", "round": 1, "arm": "FACTUAL_LOCAL", "rollouts": 256, "new_raw_tiles": 119112, "cutoffs": 0}
{"event": "teacher_calibration_cell_complete", "lifecycle": 13, "task": "A", "round": 1, "arm": "FACTUAL_LOCAL", "rollouts": 256, "new_raw_tiles": 135503, "cutoffs": 0}
{"event": "teacher_calibration_cell_complete", "lifecycle": 14, "task": "A", "round": 1, "arm": "FACTUAL_LOCAL", "rollouts": 256, "new_raw_tiles": 135794, "cutoffs": 0}
{"event": "teacher_calibration_cell_complete", "lifecycle": 15, "task": "A", "round": 1, "arm": "QUERY_LOCAL", "rollouts": 256, "new_raw_tiles": 126102, "cutoffs": 0}
{"event": "teacher_calibration_cell_complete", "lifecycle": 12, "task": "A", "round": 1, "arm": "QUERY_LOCAL", "rollouts": 256, "new_raw_tiles": 116297, "cutoffs": 0}
{"event": "teacher_calibration_cell_complete", "lifecycle": 13, "task": "A", "round": 1, "arm": "QUERY_LOCAL", "rollouts": 256, "new_raw_tiles": 130877, "cutoffs": 0}
{"event": "teacher_calibration_cell_complete", "lifecycle": 15, "task": "B", "round": 1, "arm": "FACTUAL_LOCAL", "rollouts": 256, "new_raw_tiles": 79787, "cutoffs": 0}
{"event": "teacher_calibration_cell_complete", "lifecycle": 12, "task": "B", "round": 1, "arm": "FACTUAL_LOCAL", "rollouts": 256, "new_raw_tiles": 84644, "cutoffs": 0}
{"event": "teacher_calibration_cell_complete", "lifecycle": 14, "task": "A", "round": 1, "arm": "QUERY_LOCAL", "rollouts": 256, "new_raw_tiles": 132933, "cutoffs": 0}
{"event": "teacher_calibration_cell_complete", "lifecycle": 13, "task": "B", "round": 1, "arm": "FACTUAL_LOCAL", "rollouts": 256, "new_raw_tiles": 87667, "cutoffs": 0}
{"event": "teacher_calibration_cell_complete", "lifecycle": 15, "task": "B", "round": 1, "arm": "QUERY_LOCAL", "rollouts": 256, "new_raw_tiles": 74885, "cutoffs": 0}
{"event": "teacher_calibration_cell_complete", "lifecycle": 14, "task": "B", "round": 1, "arm": "FACTUAL_LOCAL", "rollouts": 256, "new_raw_tiles": 75764, "cutoffs": 0}
{"event": "teacher_calibration_cell_complete", "lifecycle": 12, "task": "B", "round": 1, "arm": "QUERY_LOCAL", "rollouts": 256, "new_raw_tiles": 82251, "cutoffs": 0}
{"event": "teacher_calibration_cell_complete", "lifecycle": 13, "task": "B", "round": 1, "arm": "QUERY_LOCAL", "rollouts": 256, "new_raw_tiles": 82215, "cutoffs": 0}
{"event": "teacher_calibration_cell_complete", "lifecycle": 14, "task": "B", "round": 1, "arm": "QUERY_LOCAL", "rollouts": 256, "new_raw_tiles": 70283, "cutoffs": 0}
{"event": "teacher_calibration_cell_complete", "lifecycle": 15, "task": "A", "round": 2, "arm": "FACTUAL_LOCAL", "rollouts": 256, "new_raw_tiles": 123944, "cutoffs": 0}
{"event": "teacher_calibration_cell_complete", "lifecycle": 12, "task": "A", "round": 2, "arm": "FACTUAL_LOCAL", "rollouts": 256, "new_raw_tiles": 128175, "cutoffs": 0}
{"event": "teacher_calibration_cell_complete", "lifecycle": 13, "task": "A", "round": 2, "arm": "FACTUAL_LOCAL", "rollouts": 256, "new_raw_tiles": 122111, "cutoffs": 0}
{"event": "teacher_calibration_cell_complete", "lifecycle": 14, "task": "A", "round": 2, "arm": "FACTUAL_LOCAL", "rollouts": 256, "new_raw_tiles": 140034, "cutoffs": 0}
{"event": "teacher_calibration_cell_complete", "lifecycle": 15, "task": "A", "round": 2, "arm": "QUERY_LOCAL", "rollouts": 256, "new_raw_tiles": 118729, "cutoffs": 0}
{"event": "teacher_calibration_cell_complete", "lifecycle": 12, "task": "A", "round": 2, "arm": "QUERY_LOCAL", "rollouts": 256, "new_raw_tiles": 117525, "cutoffs": 0}
{"event": "teacher_calibration_cell_complete", "lifecycle": 13, "task": "A", "round": 2, "arm": "QUERY_LOCAL", "rollouts": 256, "new_raw_tiles": 117852, "cutoffs": 0}
{"event": "teacher_calibration_cell_complete", "lifecycle": 15, "task": "B", "round": 2, "arm": "FACTUAL_LOCAL", "rollouts": 256, "new_raw_tiles": 92610, "cutoffs": 0}
{"event": "teacher_calibration_cell_complete", "lifecycle": 12, "task": "B", "round": 2, "arm": "FACTUAL_LOCAL", "rollouts": 256, "new_raw_tiles": 84751, "cutoffs": 0}
{"event": "teacher_calibration_cell_complete", "lifecycle": 14, "task": "A", "round": 2, "arm": "QUERY_LOCAL", "rollouts": 256, "new_raw_tiles": 132861, "cutoffs": 0}
{"event": "teacher_calibration_cell_complete", "lifecycle": 13, "task": "B", "round": 2, "arm": "FACTUAL_LOCAL", "rollouts": 256, "new_raw_tiles": 84445, "cutoffs": 0}
{"event": "teacher_calibration_cell_complete", "lifecycle": 15, "task": "B", "round": 2, "arm": "QUERY_LOCAL", "rollouts": 256, "new_raw_tiles": 88552, "cutoffs": 0}
{"event": "teacher_calibration_cell_complete", "lifecycle": 12, "task": "B", "round": 2, "arm": "QUERY_LOCAL", "rollouts": 256, "new_raw_tiles": 84307, "cutoffs": 0}
{"event": "teacher_calibration_cell_complete", "lifecycle": 14, "task": "B", "round": 2, "arm": "FACTUAL_LOCAL", "rollouts": 256, "new_raw_tiles": 96464, "cutoffs": 0}
{"event": "teacher_calibration_cell_complete", "lifecycle": 13, "task": "B", "round": 2, "arm": "QUERY_LOCAL", "rollouts": 256, "new_raw_tiles": 75408, "cutoffs": 0}
{"event": "teacher_calibration_cell_complete", "lifecycle": 14, "task": "B", "round": 2, "arm": "QUERY_LOCAL", "rollouts": 256, "new_raw_tiles": 86646, "cutoffs": 0}
{"event": "teacher_calibration_complete", "status": "DIAGNOSTIC_COMPLETE", "primary": "SUPPORTED_MORE_PESSIMISTIC"}
