{"event": "shadow_deployment_phase_complete", "lifecycle": 2, "arm": "FROZEN_H2", "phase": "A", "mean_utility": 8.5771484375}
{"event": "shadow_deployment_phase_complete", "lifecycle": 0, "arm": "FROZEN_H2", "phase": "A", "mean_utility": 9.00128173828125}
{"event": "shadow_deployment_phase_complete", "lifecycle": 1, "arm": "FROZEN_H2", "phase": "A", "mean_utility": 8.9072265625}
{"event": "shadow_deployment_phase_complete", "lifecycle": 3, "arm": "FROZEN_H2", "phase": "A", "mean_utility": 8.3505859375}
{"event": "shadow_deployment_phase_complete", "lifecycle": 0, "arm": "UNCONDITIONAL_H2", "phase": "A", "mean_utility": 11.17218017578125}
{"event": "shadow_deployment_phase_complete", "lifecycle": 2, "arm": "UNCONDITIONAL_H2", "phase": "A", "mean_utility": 10.0452880859375}
{"event": "shadow_deployment_phase_complete", "lifecycle": 1, "arm": "UNCONDITIONAL_H2", "phase": "A", "mean_utility": 11.4266357421875}
{"event": "shadow_deployment_phase_complete", "lifecycle": 3, "arm": "UNCONDITIONAL_H2", "phase": "A", "mean_utility": 8.30535888671875}
{"event": "shadow_deployment_phase_complete", "lifecycle": 0, "arm": "VALIDATED_H2", "phase": "A", "mean_utility": 9.00128173828125}
{"event": "shadow_deployment_phase_complete", "lifecycle": 2, "arm": "VALIDATED_H2", "phase": "A", "mean_utility": 8.5771484375}
{"event": "shadow_deployment_phase_complete", "lifecycle": 1, "arm": "VALIDATED_H2", "phase": "A", "mean_utility": 8.9072265625}
{"event": "shadow_deployment_phase_complete", "lifecycle": 3, "arm": "VALIDATED_H2", "phase": "A", "mean_utility": 8.3505859375}
{"event": "shadow_deployment_phase_complete", "lifecycle": 0, "arm": "FROZEN_H2", "phase": "B", "mean_utility": 5.827392578125}
{"event": "shadow_deployment_phase_complete", "lifecycle": 2, "arm": "FROZEN_H2", "phase": "B", "mean_utility": 5.64483642578125}
{"event": "shadow_deployment_phase_complete", "lifecycle": 1, "arm": "FROZEN_H2", "phase": "B", "mean_utility": 5.1036376953125}
{"event": "shadow_deployment_phase_complete", "lifecycle": 3, "arm": "FROZEN_H2", "phase": "B", "mean_utility": 5.918212890625}
{"event": "shadow_deployment_phase_complete", "lifecycle": 0, "arm": "UNCONDITIONAL_H2", "phase": "B", "mean_utility": 2.54071044921875}
{"event": "shadow_deployment_phase_complete", "lifecycle": 2, "arm": "UNCONDITIONAL_H2", "phase": "B", "mean_utility": 3.633056640625}
{"event": "shadow_deployment_phase_complete", "lifecycle": 1, "arm": "UNCONDITIONAL_H2", "phase": "B", "mean_utility": 1.72760009765625}
{"event": "shadow_deployment_phase_complete", "lifecycle": 3, "arm": "UNCONDITIONAL_H2", "phase": "B", "mean_utility": 1.99505615234375}
{"event": "shadow_deployment_phase_complete", "lifecycle": 0, "arm": "VALIDATED_H2", "phase": "B", "mean_utility": 5.827392578125}
{"event": "shadow_deployment_phase_complete", "lifecycle": 2, "arm": "VALIDATED_H2", "phase": "B", "mean_utility": 5.64483642578125}
{"event": "shadow_deployment_phase_complete", "lifecycle": 1, "arm": "VALIDATED_H2", "phase": "B", "mean_utility": 5.1036376953125}
{"event": "shadow_deployment_phase_complete", "lifecycle": 3, "arm": "VALIDATED_H2", "phase": "B", "mean_utility": 5.918212890625}
{"event": "shadow_deployment_phase_complete", "lifecycle": 0, "arm": "FROZEN_H2", "phase": "A_prime", "mean_utility": 8.31390380859375}
{"event": "shadow_deployment_phase_complete", "lifecycle": 2, "arm": "FROZEN_H2", "phase": "A_prime", "mean_utility": 8.71099853515625}
{"event": "shadow_deployment_phase_complete", "lifecycle": 1, "arm": "FROZEN_H2", "phase": "A_prime", "mean_utility": 8.72149658203125}
{"event": "shadow_deployment_phase_complete", "lifecycle": 3, "arm": "FROZEN_H2", "phase": "A_prime", "mean_utility": 9.5233154296875}
{"event": "shadow_deployment_phase_complete", "lifecycle": 0, "arm": "UNCONDITIONAL_H2", "phase": "A_prime", "mean_utility": 8.3558349609375}
{"event": "shadow_deployment_phase_complete", "lifecycle": 2, "arm": "UNCONDITIONAL_H2", "phase": "A_prime", "mean_utility": 10.260986328125}
{"event": "shadow_deployment_phase_complete", "lifecycle": 1, "arm": "UNCONDITIONAL_H2", "phase": "A_prime", "mean_utility": 9.5164794921875}
{"event": "shadow_deployment_phase_complete", "lifecycle": 3, "arm": "UNCONDITIONAL_H2", "phase": "A_prime", "mean_utility": 10.6219482421875}
{"event": "shadow_deployment_phase_complete", "lifecycle": 0, "arm": "VALIDATED_H2", "phase": "A_prime", "mean_utility": 8.31390380859375}
{"event": "shadow_deployment_phase_complete", "lifecycle": 2, "arm": "VALIDATED_H2", "phase": "A_prime", "mean_utility": 8.71099853515625}
{"event": "shadow_deployment_phase_complete", "lifecycle": 1, "arm": "VALIDATED_H2", "phase": "A_prime", "mean_utility": 8.72149658203125}
{"event": "shadow_deployment_phase_complete", "lifecycle": 3, "arm": "VALIDATED_H2", "phase": "A_prime", "mean_utility": 9.5233154296875}
{"event": "shadow_deployment_phase_complete", "lifecycle": 4, "arm": "FROZEN_H2", "phase": "A", "mean_utility": 8.79638671875}
{"event": "shadow_deployment_phase_complete", "lifecycle": 6, "arm": "FROZEN_H2", "phase": "A", "mean_utility": 11.00091552734375}
{"event": "shadow_deployment_phase_complete", "lifecycle": 5, "arm": "FROZEN_H2", "phase": "A", "mean_utility": 6.3863525390625}
{"event": "shadow_deployment_phase_complete", "lifecycle": 7, "arm": "FROZEN_H2", "phase": "A", "mean_utility": 8.27191162109375}
{"event": "shadow_deployment_phase_complete", "lifecycle": 4, "arm": "UNCONDITIONAL_H2", "phase": "A", "mean_utility": 9.724365234375}
{"event": "shadow_deployment_phase_complete", "lifecycle": 6, "arm": "UNCONDITIONAL_H2", "phase": "A", "mean_utility": 9.8236083984375}
{"event": "shadow_deployment_phase_complete", "lifecycle": 5, "arm": "UNCONDITIONAL_H2", "phase": "A", "mean_utility": 9.83941650390625}
{"event": "shadow_deployment_phase_complete", "lifecycle": 7, "arm": "UNCONDITIONAL_H2", "phase": "A", "mean_utility": 9.7061767578125}
{"event": "shadow_deployment_phase_complete", "lifecycle": 4, "arm": "VALIDATED_H2", "phase": "A", "mean_utility": 8.79638671875}
{"event": "shadow_deployment_phase_complete", "lifecycle": 6, "arm": "VALIDATED_H2", "phase": "A", "mean_utility": 11.00091552734375}
{"event": "shadow_deployment_phase_complete", "lifecycle": 5, "arm": "VALIDATED_H2", "phase": "A", "mean_utility": 6.3863525390625}
{"event": "shadow_deployment_phase_complete", "lifecycle": 7, "arm": "VALIDATED_H2", "phase": "A", "mean_utility": 8.27191162109375}
{"event": "shadow_deployment_phase_complete", "lifecycle": 4, "arm": "FROZEN_H2", "phase": "B", "mean_utility": 5.29608154296875}
{"event": "shadow_deployment_phase_complete", "lifecycle": 6, "arm": "FROZEN_H2", "phase": "B", "mean_utility": 4.46868896484375}
{"event": "shadow_deployment_phase_complete", "lifecycle": 5, "arm": "FROZEN_H2", "phase": "B", "mean_utility": 5.2216796875}
{"event": "shadow_deployment_phase_complete", "lifecycle": 7, "arm": "FROZEN_H2", "phase": "B", "mean_utility": 6.2261962890625}
{"event": "shadow_deployment_phase_complete", "lifecycle": 4, "arm": "UNCONDITIONAL_H2", "phase": "B", "mean_utility": 2.71759033203125}
{"event": "shadow_deployment_phase_complete", "lifecycle": 6, "arm": "UNCONDITIONAL_H2", "phase": "B", "mean_utility": 4.1202392578125}
{"event": "shadow_deployment_phase_complete", "lifecycle": 5, "arm": "UNCONDITIONAL_H2", "phase": "B", "mean_utility": 3.1937255859375}
{"event": "shadow_deployment_phase_complete", "lifecycle": 7, "arm": "UNCONDITIONAL_H2", "phase": "B", "mean_utility": 3.808837890625}
{"event": "shadow_deployment_phase_complete", "lifecycle": 4, "arm": "VALIDATED_H2", "phase": "B", "mean_utility": 5.29608154296875}
{"event": "shadow_deployment_phase_complete", "lifecycle": 6, "arm": "VALIDATED_H2", "phase": "B", "mean_utility": 4.46868896484375}
{"event": "shadow_deployment_phase_complete", "lifecycle": 5, "arm": "VALIDATED_H2", "phase": "B", "mean_utility": 5.2216796875}
{"event": "shadow_deployment_phase_complete", "lifecycle": 7, "arm": "VALIDATED_H2", "phase": "B", "mean_utility": 6.2261962890625}
{"event": "shadow_deployment_phase_complete", "lifecycle": 4, "arm": "FROZEN_H2", "phase": "A_prime", "mean_utility": 7.99871826171875}
{"event": "shadow_deployment_phase_complete", "lifecycle": 6, "arm": "FROZEN_H2", "phase": "A_prime", "mean_utility": 9.1153564453125}
{"event": "shadow_deployment_phase_complete", "lifecycle": 5, "arm": "FROZEN_H2", "phase": "A_prime", "mean_utility": 10.2808837890625}
{"event": "shadow_deployment_phase_complete", "lifecycle": 7, "arm": "FROZEN_H2", "phase": "A_prime", "mean_utility": 8.67510986328125}
{"event": "shadow_deployment_phase_complete", "lifecycle": 4, "arm": "UNCONDITIONAL_H2", "phase": "A_prime", "mean_utility": 8.57366943359375}
{"event": "shadow_deployment_phase_complete", "lifecycle": 6, "arm": "UNCONDITIONAL_H2", "phase": "A_prime", "mean_utility": 10.33245849609375}
{"event": "shadow_deployment_phase_complete", "lifecycle": 5, "arm": "UNCONDITIONAL_H2", "phase": "A_prime", "mean_utility": 9.5701904296875}
{"event": "shadow_deployment_phase_complete", "lifecycle": 7, "arm": "UNCONDITIONAL_H2", "phase": "A_prime", "mean_utility": 9.15704345703125}
{"event": "shadow_deployment_phase_complete", "lifecycle": 4, "arm": "VALIDATED_H2", "phase": "A_prime", "mean_utility": 7.99871826171875}
{"event": "shadow_deployment_phase_complete", "lifecycle": 6, "arm": "VALIDATED_H2", "phase": "A_prime", "mean_utility": 9.1153564453125}
{"event": "shadow_deployment_phase_complete", "lifecycle": 5, "arm": "VALIDATED_H2", "phase": "A_prime", "mean_utility": 10.2808837890625}
{"event": "shadow_deployment_phase_complete", "lifecycle": 7, "arm": "VALIDATED_H2", "phase": "A_prime", "mean_utility": 8.67510986328125}
{"event": "shadow_deployment_phase_complete", "lifecycle": 8, "arm": "FROZEN_H2", "phase": "A", "mean_utility": 11.01019287109375}
{"event": "shadow_deployment_phase_complete", "lifecycle": 10, "arm": "FROZEN_H2", "phase": "A", "mean_utility": 7.909912109375}
{"event": "shadow_deployment_phase_complete", "lifecycle": 9, "arm": "FROZEN_H2", "phase": "A", "mean_utility": 9.90740966796875}
{"event": "shadow_deployment_phase_complete", "lifecycle": 11, "arm": "FROZEN_H2", "phase": "A", "mean_utility": 10.22705078125}
{"event": "shadow_deployment_phase_complete", "lifecycle": 8, "arm": "UNCONDITIONAL_H2", "phase": "A", "mean_utility": 10.1568603515625}
{"event": "shadow_deployment_phase_complete", "lifecycle": 10, "arm": "UNCONDITIONAL_H2", "phase": "A", "mean_utility": 9.30889892578125}
{"event": "shadow_deployment_phase_complete", "lifecycle": 9, "arm": "UNCONDITIONAL_H2", "phase": "A", "mean_utility": 9.200439453125}
{"event": "shadow_deployment_phase_complete", "lifecycle": 11, "arm": "UNCONDITIONAL_H2", "phase": "A", "mean_utility": 11.39837646484375}
{"event": "shadow_deployment_phase_complete", "lifecycle": 8, "arm": "VALIDATED_H2", "phase": "A", "mean_utility": 11.01019287109375}
{"event": "shadow_deployment_phase_complete", "lifecycle": 10, "arm": "VALIDATED_H2", "phase": "A", "mean_utility": 7.909912109375}
{"event": "shadow_deployment_phase_complete", "lifecycle": 9, "arm": "VALIDATED_H2", "phase": "A", "mean_utility": 9.90740966796875}
{"event": "shadow_deployment_phase_complete", "lifecycle": 11, "arm": "VALIDATED_H2", "phase": "A", "mean_utility": 10.22705078125}
{"event": "shadow_deployment_phase_complete", "lifecycle": 8, "arm": "FROZEN_H2", "phase": "B", "mean_utility": 3.523681640625}
{"event": "shadow_deployment_phase_complete", "lifecycle": 10, "arm": "FROZEN_H2", "phase": "B", "mean_utility": 5.55621337890625}
{"event": "shadow_deployment_phase_complete", "lifecycle": 9, "arm": "FROZEN_H2", "phase": "B", "mean_utility": 4.51873779296875}
{"event": "shadow_deployment_phase_complete", "lifecycle": 11, "arm": "FROZEN_H2", "phase": "B", "mean_utility": 4.1077880859375}
{"event": "shadow_deployment_phase_complete", "lifecycle": 8, "arm": "UNCONDITIONAL_H2", "phase": "B", "mean_utility": 5.29437255859375}
{"event": "shadow_deployment_phase_complete", "lifecycle": 10, "arm": "UNCONDITIONAL_H2", "phase": "B", "mean_utility": 2.99908447265625}
{"event": "shadow_deployment_phase_complete", "lifecycle": 11, "arm": "UNCONDITIONAL_H2", "phase": "B", "mean_utility": 3.04058837890625}
{"event": "shadow_deployment_phase_complete", "lifecycle": 9, "arm": "UNCONDITIONAL_H2", "phase": "B", "mean_utility": 3.0452880859375}
{"event": "shadow_deployment_phase_complete", "lifecycle": 8, "arm": "VALIDATED_H2", "phase": "B", "mean_utility": 3.523681640625}
{"event": "shadow_deployment_phase_complete", "lifecycle": 10, "arm": "VALIDATED_H2", "phase": "B", "mean_utility": 5.55621337890625}
{"event": "shadow_deployment_phase_complete", "lifecycle": 11, "arm": "VALIDATED_H2", "phase": "B", "mean_utility": 4.1077880859375}
{"event": "shadow_deployment_phase_complete", "lifecycle": 9, "arm": "VALIDATED_H2", "phase": "B", "mean_utility": 4.51873779296875}
{"event": "shadow_deployment_phase_complete", "lifecycle": 8, "arm": "FROZEN_H2", "phase": "A_prime", "mean_utility": 8.57275390625}
{"event": "shadow_deployment_phase_complete", "lifecycle": 10, "arm": "FROZEN_H2", "phase": "A_prime", "mean_utility": 11.683837890625}
{"event": "shadow_deployment_phase_complete", "lifecycle": 11, "arm": "FROZEN_H2", "phase": "A_prime", "mean_utility": 10.32464599609375}
{"event": "shadow_deployment_phase_complete", "lifecycle": 9, "arm": "FROZEN_H2", "phase": "A_prime", "mean_utility": 9.3443603515625}
{"event": "shadow_deployment_phase_complete", "lifecycle": 8, "arm": "UNCONDITIONAL_H2", "phase": "A_prime", "mean_utility": 10.04962158203125}
{"event": "shadow_deployment_phase_complete", "lifecycle": 10, "arm": "UNCONDITIONAL_H2", "phase": "A_prime", "mean_utility": 10.21453857421875}
{"event": "shadow_deployment_phase_complete", "lifecycle": 11, "arm": "UNCONDITIONAL_H2", "phase": "A_prime", "mean_utility": 11.36578369140625}
{"event": "shadow_deployment_phase_complete", "lifecycle": 9, "arm": "UNCONDITIONAL_H2", "phase": "A_prime", "mean_utility": 11.37274169921875}
{"event": "shadow_deployment_phase_complete", "lifecycle": 8, "arm": "VALIDATED_H2", "phase": "A_prime", "mean_utility": 8.57275390625}
{"event": "shadow_deployment_phase_complete", "lifecycle": 10, "arm": "VALIDATED_H2", "phase": "A_prime", "mean_utility": 11.683837890625}
{"event": "shadow_deployment_phase_complete", "lifecycle": 9, "arm": "VALIDATED_H2", "phase": "A_prime", "mean_utility": 9.3443603515625}
{"event": "shadow_deployment_phase_complete", "lifecycle": 11, "arm": "VALIDATED_H2", "phase": "A_prime", "mean_utility": 10.32464599609375}
{"event": "shadow_deployment_phase_complete", "lifecycle": 12, "arm": "FROZEN_H2", "phase": "A", "mean_utility": 7.89862060546875}
{"event": "shadow_deployment_phase_complete", "lifecycle": 14, "arm": "FROZEN_H2", "phase": "A", "mean_utility": 9.3201904296875}
{"event": "shadow_deployment_phase_complete", "lifecycle": 13, "arm": "FROZEN_H2", "phase": "A", "mean_utility": 10.75335693359375}
{"event": "shadow_deployment_phase_complete", "lifecycle": 15, "arm": "FROZEN_H2", "phase": "A", "mean_utility": 8.91571044921875}
{"event": "shadow_deployment_phase_complete", "lifecycle": 12, "arm": "UNCONDITIONAL_H2", "phase": "A", "mean_utility": 10.43359375}
{"event": "shadow_deployment_phase_complete", "lifecycle": 14, "arm": "UNCONDITIONAL_H2", "phase": "A", "mean_utility": 9.43115234375}
{"event": "shadow_deployment_phase_complete", "lifecycle": 13, "arm": "UNCONDITIONAL_H2", "phase": "A", "mean_utility": 10.665771484375}
{"event": "shadow_deployment_phase_complete", "lifecycle": 15, "arm": "UNCONDITIONAL_H2", "phase": "A", "mean_utility": 8.381103515625}
{"event": "shadow_deployment_phase_complete", "lifecycle": 12, "arm": "VALIDATED_H2", "phase": "A", "mean_utility": 7.89862060546875}
{"event": "shadow_deployment_phase_complete", "lifecycle": 14, "arm": "VALIDATED_H2", "phase": "A", "mean_utility": 9.3201904296875}
{"event": "shadow_deployment_phase_complete", "lifecycle": 13, "arm": "VALIDATED_H2", "phase": "A", "mean_utility": 10.75335693359375}
{"event": "shadow_deployment_phase_complete", "lifecycle": 15, "arm": "VALIDATED_H2", "phase": "A", "mean_utility": 8.91571044921875}
{"event": "shadow_deployment_phase_complete", "lifecycle": 12, "arm": "FROZEN_H2", "phase": "B", "mean_utility": 5.13922119140625}
{"event": "shadow_deployment_phase_complete", "lifecycle": 15, "arm": "FROZEN_H2", "phase": "B", "mean_utility": 6.17584228515625}
{"event": "shadow_deployment_phase_complete", "lifecycle": 14, "arm": "FROZEN_H2", "phase": "B", "mean_utility": 5.37176513671875}
{"event": "shadow_deployment_phase_complete", "lifecycle": 13, "arm": "FROZEN_H2", "phase": "B", "mean_utility": 4.22650146484375}
{"event": "shadow_deployment_phase_complete", "lifecycle": 12, "arm": "UNCONDITIONAL_H2", "phase": "B", "mean_utility": 4.95458984375}
{"event": "shadow_deployment_phase_complete", "lifecycle": 14, "arm": "UNCONDITIONAL_H2", "phase": "B", "mean_utility": 1.21307373046875}
{"event": "shadow_deployment_phase_complete", "lifecycle": 15, "arm": "UNCONDITIONAL_H2", "phase": "B", "mean_utility": 4.6925048828125}
{"event": "shadow_deployment_phase_complete", "lifecycle": 13, "arm": "UNCONDITIONAL_H2", "phase": "B", "mean_utility": 5.63726806640625}
{"event": "shadow_deployment_phase_complete", "lifecycle": 12, "arm": "VALIDATED_H2", "phase": "B", "mean_utility": 4.95458984375}
{"event": "shadow_deployment_phase_complete", "lifecycle": 15, "arm": "VALIDATED_H2", "phase": "B", "mean_utility": 6.17584228515625}
{"event": "shadow_deployment_phase_complete", "lifecycle": 14, "arm": "VALIDATED_H2", "phase": "B", "mean_utility": 5.37176513671875}
{"event": "shadow_deployment_phase_complete", "lifecycle": 13, "arm": "VALIDATED_H2", "phase": "B", "mean_utility": 4.22650146484375}
{"event": "shadow_deployment_phase_complete", "lifecycle": 12, "arm": "FROZEN_H2", "phase": "A_prime", "mean_utility": 9.3338623046875}
{"event": "shadow_deployment_phase_complete", "lifecycle": 15, "arm": "FROZEN_H2", "phase": "A_prime", "mean_utility": 8.86016845703125}
{"event": "shadow_deployment_phase_complete", "lifecycle": 14, "arm": "FROZEN_H2", "phase": "A_prime", "mean_utility": 9.903076171875}
{"event": "shadow_deployment_phase_complete", "lifecycle": 13, "arm": "FROZEN_H2", "phase": "A_prime", "mean_utility": 10.710205078125}
{"event": "shadow_deployment_phase_complete", "lifecycle": 12, "arm": "UNCONDITIONAL_H2", "phase": "A_prime", "mean_utility": 8.96331787109375}
{"event": "shadow_deployment_phase_complete", "lifecycle": 14, "arm": "UNCONDITIONAL_H2", "phase": "A_prime", "mean_utility": 8.120361328125}
{"event": "shadow_deployment_phase_complete", "lifecycle": 15, "arm": "UNCONDITIONAL_H2", "phase": "A_prime", "mean_utility": 9.622314453125}
{"event": "shadow_deployment_phase_complete", "lifecycle": 13, "arm": "UNCONDITIONAL_H2", "phase": "A_prime", "mean_utility": 6.5858154296875}
{"event": "shadow_deployment_phase_complete", "lifecycle": 12, "arm": "VALIDATED_H2", "phase": "A_prime", "mean_utility": 10.89678955078125}
{"event": "shadow_deployment_phase_complete", "lifecycle": 14, "arm": "VALIDATED_H2", "phase": "A_prime", "mean_utility": 9.903076171875}
{"event": "shadow_deployment_phase_complete", "lifecycle": 15, "arm": "VALIDATED_H2", "phase": "A_prime", "mean_utility": 8.86016845703125}
{"event": "shadow_deployment_phase_complete", "lifecycle": 13, "arm": "VALIDATED_H2", "phase": "A_prime", "mean_utility": 10.710205078125}
{"event": "shadow_deployment_complete", "status": "EXPERIMENT_COMPLETE", "primary": {"mean": 0.02871449788411462, "ci95": [0.0, 0.08614349365234386], "lifecycle_deltas": {"0": 0.0, "1": 0.0, "2": 0.0, "3": 0.0, "4": 0.0, "5": 0.0, "6": 0.0, "7": 0.0, "8": 0.0, "9": 0.0, "10": 0.0, "11": 0.0, "12": 0.4594319661458339, "13": 0.0, "14": 0.0, "15": 0.0}, "improved_equal_worse": [1, 15, 0], "adverse_lifecycles": [], "parent_mean_deltas": {"0": 0.11485799153645848, "1": 0.0, "2": 0.0, "3": 0.0}, "interval_scope": "CONDITIONAL_ON_FOUR_FROZEN_PARENTS"}}
