{
  "schema": "acfqp.transfer_diagnosis.v146.verification",
  "complete": true,
  "checks": {
    "row_roster": true,
    "frozen_cohort": true,
    "geometry_roster": true,
    "zero_new_work": true,
    "training_roots:0:risk1:PRIOR": true,
    "training_roots:0:risk1:REPLAY": true,
    "training_roots:0:risk1:UPDATED": true,
    "training_roots:0:risk8:PRIOR": true,
    "training_roots:0:risk8:REPLAY": true,
    "training_roots:0:risk8:UPDATED": true,
    "training_roots:1:risk1:PRIOR": true,
    "training_roots:1:risk1:REPLAY": true,
    "training_roots:1:risk1:UPDATED": true,
    "training_roots:1:risk8:PRIOR": true,
    "training_roots:1:risk8:REPLAY": true,
    "training_roots:1:risk8:UPDATED": true,
    "training_roots:2:risk1:PRIOR": true,
    "training_roots:2:risk1:REPLAY": true,
    "training_roots:2:risk1:UPDATED": true,
    "training_roots:2:risk8:PRIOR": true,
    "training_roots:2:risk8:REPLAY": true,
    "training_roots:2:risk8:UPDATED": true,
    "training_roots:3:risk1:PRIOR": true,
    "training_roots:3:risk1:REPLAY": true,
    "training_roots:3:risk1:UPDATED": true,
    "training_roots:3:risk8:PRIOR": true,
    "training_roots:3:risk8:REPLAY": true,
    "training_roots:3:risk8:UPDATED": true,
    "prior_replay_same_support": true,
    "pairwise_variance_and_label_statistics": true,
    "all_partition_identity": true,
    "direct_svd_geometry": true,
    "equal_game_equal_life_summary": true
  },
  "work": {
    "rows": 256,
    "direct_svd_calls": 16,
    "geometry_queries": 768,
    "new_environment_samples": 0,
    "new_model_samples": 0,
    "training_update_attempts": 0
  },
  "seconds": 1.1536635320007917
}
