{"event": "routed_bellman_phase_complete", "lifecycle": 1, "arm": "FROZEN", "phase": "A", "samples": 0, "active_module": 0, "experts": 1, "mean_utility": 9.4161376953125}
{"event": "routed_bellman_phase_complete", "lifecycle": 0, "arm": "FROZEN", "phase": "A", "samples": 0, "active_module": 0, "experts": 1, "mean_utility": 10.323974609375}
{"event": "routed_bellman_phase_complete", "lifecycle": 3, "arm": "FROZEN", "phase": "A", "samples": 0, "active_module": 0, "experts": 1, "mean_utility": 9.66363525390625}
{"event": "routed_bellman_phase_complete", "lifecycle": 2, "arm": "FROZEN", "phase": "A", "samples": 0, "active_module": 0, "experts": 1, "mean_utility": 8.1373291015625}
{"event": "routed_bellman_phase_complete", "lifecycle": 1, "arm": "SMOOTH_BELLMAN", "phase": "A", "samples": 51460, "active_module": 0, "experts": 1, "mean_utility": 9.1314697265625}
{"event": "routed_bellman_phase_complete", "lifecycle": 0, "arm": "SMOOTH_BELLMAN", "phase": "A", "samples": 52689, "active_module": 0, "experts": 1, "mean_utility": 9.1832275390625}
{"event": "routed_bellman_phase_complete", "lifecycle": 2, "arm": "SMOOTH_BELLMAN", "phase": "A", "samples": 50306, "active_module": 0, "experts": 1, "mean_utility": 10.0106201171875}
{"event": "routed_bellman_phase_complete", "lifecycle": 3, "arm": "SMOOTH_BELLMAN", "phase": "A", "samples": 49964, "active_module": 0, "experts": 1, "mean_utility": 10.926513671875}
{"event": "routed_bellman_phase_complete", "lifecycle": 0, "arm": "ROUTED_BELLMAN", "phase": "A", "samples": 52689, "active_module": 0, "experts": 1, "mean_utility": 9.1832275390625}
{"event": "routed_bellman_phase_complete", "lifecycle": 1, "arm": "ROUTED_BELLMAN", "phase": "A", "samples": 51460, "active_module": 0, "experts": 1, "mean_utility": 9.1314697265625}
{"event": "routed_bellman_phase_complete", "lifecycle": 3, "arm": "ROUTED_BELLMAN", "phase": "A", "samples": 49964, "active_module": 0, "experts": 1, "mean_utility": 10.926513671875}
{"event": "routed_bellman_phase_complete", "lifecycle": 2, "arm": "ROUTED_BELLMAN", "phase": "A", "samples": 50306, "active_module": 0, "experts": 1, "mean_utility": 10.0106201171875}
{"event": "routed_bellman_phase_complete", "lifecycle": 0, "arm": "FROZEN", "phase": "B", "samples": 0, "active_module": 1, "experts": 2, "mean_utility": 5.44073486328125}
{"event": "routed_bellman_phase_complete", "lifecycle": 1, "arm": "FROZEN", "phase": "B", "samples": 0, "active_module": 1, "experts": 3, "mean_utility": 4.85308837890625}
{"event": "routed_bellman_phase_complete", "lifecycle": 3, "arm": "FROZEN", "phase": "B", "samples": 0, "active_module": 2, "experts": 3, "mean_utility": 5.2762451171875}
{"event": "routed_bellman_phase_complete", "lifecycle": 2, "arm": "FROZEN", "phase": "B", "samples": 0, "active_module": 1, "experts": 3, "mean_utility": 3.8172607421875}
{"event": "routed_bellman_phase_complete", "lifecycle": 0, "arm": "SMOOTH_BELLMAN", "phase": "B", "samples": 51797, "active_module": 1, "experts": 2, "mean_utility": 6.7982177734375}
{"event": "routed_bellman_phase_complete", "lifecycle": 1, "arm": "SMOOTH_BELLMAN", "phase": "B", "samples": 50778, "active_module": 1, "experts": 3, "mean_utility": 6.460205078125}
{"event": "routed_bellman_phase_complete", "lifecycle": 3, "arm": "SMOOTH_BELLMAN", "phase": "B", "samples": 51367, "active_module": 2, "experts": 3, "mean_utility": 5.98883056640625}
{"event": "routed_bellman_phase_complete", "lifecycle": 2, "arm": "SMOOTH_BELLMAN", "phase": "B", "samples": 51228, "active_module": 1, "experts": 3, "mean_utility": 6.1978759765625}
{"event": "routed_bellman_phase_complete", "lifecycle": 1, "arm": "ROUTED_BELLMAN", "phase": "B", "samples": 50778, "active_module": 1, "experts": 3, "mean_utility": 6.460205078125}
{"event": "routed_bellman_phase_complete", "lifecycle": 0, "arm": "ROUTED_BELLMAN", "phase": "B", "samples": 51797, "active_module": 1, "experts": 2, "mean_utility": 6.7982177734375}
{"event": "routed_bellman_phase_complete", "lifecycle": 3, "arm": "ROUTED_BELLMAN", "phase": "B", "samples": 51367, "active_module": 2, "experts": 3, "mean_utility": 4.59039306640625}
{"event": "routed_bellman_phase_complete", "lifecycle": 2, "arm": "ROUTED_BELLMAN", "phase": "B", "samples": 51228, "active_module": 1, "experts": 3, "mean_utility": 6.1978759765625}
{"event": "routed_bellman_phase_complete", "lifecycle": 1, "arm": "FROZEN", "phase": "A_prime", "samples": 0, "active_module": 0, "experts": 3, "mean_utility": 8.62274169921875}
{"event": "routed_bellman_phase_complete", "lifecycle": 0, "arm": "FROZEN", "phase": "A_prime", "samples": 0, "active_module": 0, "experts": 2, "mean_utility": 7.803955078125}
{"event": "routed_bellman_phase_complete", "lifecycle": 3, "arm": "FROZEN", "phase": "A_prime", "samples": 0, "active_module": 0, "experts": 3, "mean_utility": 8.55926513671875}
{"event": "routed_bellman_phase_complete", "lifecycle": 2, "arm": "FROZEN", "phase": "A_prime", "samples": 0, "active_module": 0, "experts": 3, "mean_utility": 9.4105224609375}
{"event": "routed_bellman_phase_complete", "lifecycle": 1, "arm": "SMOOTH_BELLMAN", "phase": "A_prime", "samples": 50645, "active_module": 0, "experts": 3, "mean_utility": 7.0355224609375}
{"event": "routed_bellman_phase_complete", "lifecycle": 0, "arm": "SMOOTH_BELLMAN", "phase": "A_prime", "samples": 50035, "active_module": 0, "experts": 2, "mean_utility": 8.966552734375}
{"event": "routed_bellman_phase_complete", "lifecycle": 3, "arm": "SMOOTH_BELLMAN", "phase": "A_prime", "samples": 50707, "active_module": 0, "experts": 3, "mean_utility": 5.9534912109375}
{"event": "routed_bellman_phase_complete", "lifecycle": 2, "arm": "SMOOTH_BELLMAN", "phase": "A_prime", "samples": 50648, "active_module": 0, "experts": 3, "mean_utility": 7.8536376953125}
{"event": "routed_bellman_phase_complete", "lifecycle": 1, "arm": "ROUTED_BELLMAN", "phase": "A_prime", "samples": 50645, "active_module": 0, "experts": 3, "mean_utility": 9.962890625}
{"event": "routed_bellman_phase_complete", "lifecycle": 0, "arm": "ROUTED_BELLMAN", "phase": "A_prime", "samples": 50035, "active_module": 0, "experts": 2, "mean_utility": 8.60577392578125}
{"event": "routed_bellman_phase_complete", "lifecycle": 3, "arm": "ROUTED_BELLMAN", "phase": "A_prime", "samples": 50707, "active_module": 0, "experts": 3, "mean_utility": 8.1683349609375}
{"event": "routed_bellman_phase_complete", "lifecycle": 2, "arm": "ROUTED_BELLMAN", "phase": "A_prime", "samples": 50648, "active_module": 0, "experts": 3, "mean_utility": 8.53466796875}
{"event": "routed_bellman_phase_complete", "lifecycle": 5, "arm": "FROZEN", "phase": "A", "samples": 0, "active_module": 0, "experts": 1, "mean_utility": 10.79156494140625}
{"event": "routed_bellman_phase_complete", "lifecycle": 4, "arm": "FROZEN", "phase": "A", "samples": 0, "active_module": 0, "experts": 1, "mean_utility": 7.1541748046875}
{"event": "routed_bellman_phase_complete", "lifecycle": 7, "arm": "FROZEN", "phase": "A", "samples": 0, "active_module": 0, "experts": 1, "mean_utility": 9.8255615234375}
{"event": "routed_bellman_phase_complete", "lifecycle": 5, "arm": "SMOOTH_BELLMAN", "phase": "A", "samples": 51061, "active_module": 0, "experts": 1, "mean_utility": 9.8914794921875}
{"event": "routed_bellman_phase_complete", "lifecycle": 6, "arm": "FROZEN", "phase": "A", "samples": 0, "active_module": 0, "experts": 1, "mean_utility": 9.90472412109375}
{"event": "routed_bellman_phase_complete", "lifecycle": 4, "arm": "SMOOTH_BELLMAN", "phase": "A", "samples": 51189, "active_module": 0, "experts": 1, "mean_utility": 9.3341064453125}
{"event": "routed_bellman_phase_complete", "lifecycle": 7, "arm": "SMOOTH_BELLMAN", "phase": "A", "samples": 51520, "active_module": 0, "experts": 1, "mean_utility": 8.2117919921875}
{"event": "routed_bellman_phase_complete", "lifecycle": 5, "arm": "ROUTED_BELLMAN", "phase": "A", "samples": 51061, "active_module": 0, "experts": 1, "mean_utility": 9.8914794921875}
{"event": "routed_bellman_phase_complete", "lifecycle": 4, "arm": "ROUTED_BELLMAN", "phase": "A", "samples": 51189, "active_module": 0, "experts": 1, "mean_utility": 9.3341064453125}
{"event": "routed_bellman_phase_complete", "lifecycle": 6, "arm": "SMOOTH_BELLMAN", "phase": "A", "samples": 51797, "active_module": 0, "experts": 1, "mean_utility": 9.2164306640625}
{"event": "routed_bellman_phase_complete", "lifecycle": 7, "arm": "ROUTED_BELLMAN", "phase": "A", "samples": 51520, "active_module": 0, "experts": 1, "mean_utility": 8.2117919921875}
{"event": "routed_bellman_phase_complete", "lifecycle": 6, "arm": "ROUTED_BELLMAN", "phase": "A", "samples": 51797, "active_module": 0, "experts": 1, "mean_utility": 9.2164306640625}
{"event": "routed_bellman_phase_complete", "lifecycle": 5, "arm": "FROZEN", "phase": "B", "samples": 0, "active_module": 1, "experts": 2, "mean_utility": 5.7034912109375}
{"event": "routed_bellman_phase_complete", "lifecycle": 4, "arm": "FROZEN", "phase": "B", "samples": 0, "active_module": 1, "experts": 2, "mean_utility": 5.652099609375}
{"event": "routed_bellman_phase_complete", "lifecycle": 7, "arm": "FROZEN", "phase": "B", "samples": 0, "active_module": 1, "experts": 3, "mean_utility": 7.3404541015625}
{"event": "routed_bellman_phase_complete", "lifecycle": 5, "arm": "SMOOTH_BELLMAN", "phase": "B", "samples": 51568, "active_module": 1, "experts": 2, "mean_utility": 4.87542724609375}
{"event": "routed_bellman_phase_complete", "lifecycle": 4, "arm": "SMOOTH_BELLMAN", "phase": "B", "samples": 51527, "active_module": 1, "experts": 2, "mean_utility": 4.27923583984375}
{"event": "routed_bellman_phase_complete", "lifecycle": 7, "arm": "SMOOTH_BELLMAN", "phase": "B", "samples": 51364, "active_module": 1, "experts": 3, "mean_utility": 4.200927734375}
{"event": "routed_bellman_phase_complete", "lifecycle": 6, "arm": "FROZEN", "phase": "B", "samples": 0, "active_module": 1, "experts": 3, "mean_utility": 3.69622802734375}
{"event": "routed_bellman_phase_complete", "lifecycle": 5, "arm": "ROUTED_BELLMAN", "phase": "B", "samples": 51568, "active_module": 1, "experts": 2, "mean_utility": 4.87542724609375}
{"event": "routed_bellman_phase_complete", "lifecycle": 4, "arm": "ROUTED_BELLMAN", "phase": "B", "samples": 51527, "active_module": 1, "experts": 2, "mean_utility": 4.27923583984375}
{"event": "routed_bellman_phase_complete", "lifecycle": 7, "arm": "ROUTED_BELLMAN", "phase": "B", "samples": 51364, "active_module": 1, "experts": 3, "mean_utility": 4.006591796875}
{"event": "routed_bellman_phase_complete", "lifecycle": 6, "arm": "SMOOTH_BELLMAN", "phase": "B", "samples": 51909, "active_module": 1, "experts": 3, "mean_utility": 5.59454345703125}
{"event": "routed_bellman_phase_complete", "lifecycle": 5, "arm": "FROZEN", "phase": "A_prime", "samples": 0, "active_module": 0, "experts": 3, "mean_utility": 8.44451904296875}
{"event": "routed_bellman_phase_complete", "lifecycle": 6, "arm": "ROUTED_BELLMAN", "phase": "B", "samples": 51909, "active_module": 1, "experts": 3, "mean_utility": 5.1978759765625}
{"event": "routed_bellman_phase_complete", "lifecycle": 4, "arm": "FROZEN", "phase": "A_prime", "samples": 0, "active_module": 0, "experts": 2, "mean_utility": 8.0062255859375}
{"event": "routed_bellman_phase_complete", "lifecycle": 7, "arm": "FROZEN", "phase": "A_prime", "samples": 0, "active_module": 0, "experts": 3, "mean_utility": 9.36724853515625}
{"event": "routed_bellman_phase_complete", "lifecycle": 5, "arm": "SMOOTH_BELLMAN", "phase": "A_prime", "samples": 51608, "active_module": 0, "experts": 3, "mean_utility": 8.624267578125}
{"event": "routed_bellman_phase_complete", "lifecycle": 4, "arm": "SMOOTH_BELLMAN", "phase": "A_prime", "samples": 50944, "active_module": 0, "experts": 2, "mean_utility": 9.32379150390625}
{"event": "routed_bellman_phase_complete", "lifecycle": 7, "arm": "SMOOTH_BELLMAN", "phase": "A_prime", "samples": 50940, "active_module": 0, "experts": 3, "mean_utility": 9.291259765625}
{"event": "routed_bellman_phase_complete", "lifecycle": 5, "arm": "ROUTED_BELLMAN", "phase": "A_prime", "samples": 51608, "active_module": 0, "experts": 3, "mean_utility": 7.390869140625}
{"event": "routed_bellman_phase_complete", "lifecycle": 6, "arm": "FROZEN", "phase": "A_prime", "samples": 0, "active_module": 0, "experts": 3, "mean_utility": 7.0953369140625}
{"event": "routed_bellman_phase_complete", "lifecycle": 4, "arm": "ROUTED_BELLMAN", "phase": "A_prime", "samples": 50944, "active_module": 0, "experts": 2, "mean_utility": 8.515869140625}
{"event": "routed_bellman_phase_complete", "lifecycle": 7, "arm": "ROUTED_BELLMAN", "phase": "A_prime", "samples": 50940, "active_module": 0, "experts": 3, "mean_utility": 9.7021484375}
{"event": "routed_bellman_phase_complete", "lifecycle": 6, "arm": "SMOOTH_BELLMAN", "phase": "A_prime", "samples": 50760, "active_module": 0, "experts": 3, "mean_utility": 7.52825927734375}
{"event": "routed_bellman_phase_complete", "lifecycle": 9, "arm": "FROZEN", "phase": "A", "samples": 0, "active_module": 0, "experts": 1, "mean_utility": 10.69970703125}
{"event": "routed_bellman_phase_complete", "lifecycle": 11, "arm": "FROZEN", "phase": "A", "samples": 0, "active_module": 0, "experts": 1, "mean_utility": 9.34869384765625}
{"event": "routed_bellman_phase_complete", "lifecycle": 8, "arm": "FROZEN", "phase": "A", "samples": 0, "active_module": 0, "experts": 1, "mean_utility": 8.10223388671875}
{"event": "routed_bellman_phase_complete", "lifecycle": 9, "arm": "SMOOTH_BELLMAN", "phase": "A", "samples": 50974, "active_module": 0, "experts": 1, "mean_utility": 8.47821044921875}
{"event": "routed_bellman_phase_complete", "lifecycle": 6, "arm": "ROUTED_BELLMAN", "phase": "A_prime", "samples": 50760, "active_module": 0, "experts": 3, "mean_utility": 8.58111572265625}
{"event": "routed_bellman_phase_complete", "lifecycle": 11, "arm": "SMOOTH_BELLMAN", "phase": "A", "samples": 51343, "active_module": 0, "experts": 1, "mean_utility": 10.79638671875}
{"event": "routed_bellman_phase_complete", "lifecycle": 8, "arm": "SMOOTH_BELLMAN", "phase": "A", "samples": 51372, "active_module": 0, "experts": 1, "mean_utility": 9.169921875}
{"event": "routed_bellman_phase_complete", "lifecycle": 9, "arm": "ROUTED_BELLMAN", "phase": "A", "samples": 50974, "active_module": 0, "experts": 1, "mean_utility": 8.47821044921875}
{"event": "routed_bellman_phase_complete", "lifecycle": 11, "arm": "ROUTED_BELLMAN", "phase": "A", "samples": 51343, "active_module": 0, "experts": 1, "mean_utility": 10.79638671875}
{"event": "routed_bellman_phase_complete", "lifecycle": 8, "arm": "ROUTED_BELLMAN", "phase": "A", "samples": 51372, "active_module": 0, "experts": 1, "mean_utility": 9.169921875}
{"event": "routed_bellman_phase_complete", "lifecycle": 10, "arm": "FROZEN", "phase": "A", "samples": 0, "active_module": 0, "experts": 1, "mean_utility": 10.1041259765625}
{"event": "routed_bellman_phase_complete", "lifecycle": 10, "arm": "SMOOTH_BELLMAN", "phase": "A", "samples": 51552, "active_module": 0, "experts": 1, "mean_utility": 9.35211181640625}
{"event": "routed_bellman_phase_complete", "lifecycle": 9, "arm": "FROZEN", "phase": "B", "samples": 0, "active_module": 1, "experts": 2, "mean_utility": 8.3548583984375}
{"event": "routed_bellman_phase_complete", "lifecycle": 10, "arm": "ROUTED_BELLMAN", "phase": "A", "samples": 51552, "active_module": 0, "experts": 1, "mean_utility": 9.35211181640625}
{"event": "routed_bellman_phase_complete", "lifecycle": 11, "arm": "FROZEN", "phase": "B", "samples": 0, "active_module": 1, "experts": 3, "mean_utility": 5.8336181640625}
{"event": "routed_bellman_phase_complete", "lifecycle": 8, "arm": "FROZEN", "phase": "B", "samples": 0, "active_module": 1, "experts": 3, "mean_utility": 6.67755126953125}
{"event": "routed_bellman_phase_complete", "lifecycle": 9, "arm": "SMOOTH_BELLMAN", "phase": "B", "samples": 50868, "active_module": 1, "experts": 2, "mean_utility": 5.51971435546875}
{"event": "routed_bellman_phase_complete", "lifecycle": 11, "arm": "SMOOTH_BELLMAN", "phase": "B", "samples": 51138, "active_module": 1, "experts": 3, "mean_utility": 4.75469970703125}
{"event": "routed_bellman_phase_complete", "lifecycle": 8, "arm": "SMOOTH_BELLMAN", "phase": "B", "samples": 51315, "active_module": 1, "experts": 3, "mean_utility": 3.52325439453125}
{"event": "routed_bellman_phase_complete", "lifecycle": 10, "arm": "FROZEN", "phase": "B", "samples": 0, "active_module": 1, "experts": 2, "mean_utility": 4.50408935546875}
{"event": "routed_bellman_phase_complete", "lifecycle": 9, "arm": "ROUTED_BELLMAN", "phase": "B", "samples": 50868, "active_module": 1, "experts": 2, "mean_utility": 5.51971435546875}
{"event": "routed_bellman_phase_complete", "lifecycle": 11, "arm": "ROUTED_BELLMAN", "phase": "B", "samples": 51138, "active_module": 1, "experts": 3, "mean_utility": 5.52288818359375}
{"event": "routed_bellman_phase_complete", "lifecycle": 8, "arm": "ROUTED_BELLMAN", "phase": "B", "samples": 51315, "active_module": 1, "experts": 3, "mean_utility": 6.93463134765625}
{"event": "routed_bellman_phase_complete", "lifecycle": 10, "arm": "SMOOTH_BELLMAN", "phase": "B", "samples": 52016, "active_module": 1, "experts": 2, "mean_utility": 5.63983154296875}
{"event": "routed_bellman_phase_complete", "lifecycle": 9, "arm": "FROZEN", "phase": "A_prime", "samples": 0, "active_module": 0, "experts": 2, "mean_utility": 9.65618896484375}
{"event": "routed_bellman_phase_complete", "lifecycle": 10, "arm": "ROUTED_BELLMAN", "phase": "B", "samples": 52016, "active_module": 1, "experts": 2, "mean_utility": 5.63983154296875}
{"event": "routed_bellman_phase_complete", "lifecycle": 11, "arm": "FROZEN", "phase": "A_prime", "samples": 0, "active_module": 0, "experts": 3, "mean_utility": 9.442626953125}
{"event": "routed_bellman_phase_complete", "lifecycle": 8, "arm": "FROZEN", "phase": "A_prime", "samples": 0, "active_module": 0, "experts": 3, "mean_utility": 8.5106201171875}
{"event": "routed_bellman_phase_complete", "lifecycle": 9, "arm": "SMOOTH_BELLMAN", "phase": "A_prime", "samples": 51411, "active_module": 0, "experts": 2, "mean_utility": 8.71002197265625}
{"event": "routed_bellman_phase_complete", "lifecycle": 11, "arm": "SMOOTH_BELLMAN", "phase": "A_prime", "samples": 50385, "active_module": 0, "experts": 3, "mean_utility": 9.0677490234375}
{"event": "routed_bellman_phase_complete", "lifecycle": 8, "arm": "SMOOTH_BELLMAN", "phase": "A_prime", "samples": 51358, "active_module": 0, "experts": 3, "mean_utility": 7.73272705078125}
{"event": "routed_bellman_phase_complete", "lifecycle": 9, "arm": "ROUTED_BELLMAN", "phase": "A_prime", "samples": 51411, "active_module": 0, "experts": 2, "mean_utility": 9.50579833984375}
{"event": "routed_bellman_phase_complete", "lifecycle": 10, "arm": "FROZEN", "phase": "A_prime", "samples": 0, "active_module": 0, "experts": 2, "mean_utility": 9.24017333984375}
{"event": "routed_bellman_phase_complete", "lifecycle": 11, "arm": "ROUTED_BELLMAN", "phase": "A_prime", "samples": 50385, "active_module": 0, "experts": 3, "mean_utility": 9.56793212890625}
{"event": "routed_bellman_phase_complete", "lifecycle": 8, "arm": "ROUTED_BELLMAN", "phase": "A_prime", "samples": 51358, "active_module": 0, "experts": 3, "mean_utility": 8.60369873046875}
{"event": "routed_bellman_phase_complete", "lifecycle": 10, "arm": "SMOOTH_BELLMAN", "phase": "A_prime", "samples": 50361, "active_module": 0, "experts": 2, "mean_utility": 7.73309326171875}
{"event": "routed_bellman_phase_complete", "lifecycle": 13, "arm": "FROZEN", "phase": "A", "samples": 0, "active_module": 0, "experts": 1, "mean_utility": 10.38543701171875}
{"event": "routed_bellman_phase_complete", "lifecycle": 13, "arm": "SMOOTH_BELLMAN", "phase": "A", "samples": 51466, "active_module": 0, "experts": 1, "mean_utility": 9.23577880859375}
{"event": "routed_bellman_phase_complete", "lifecycle": 15, "arm": "FROZEN", "phase": "A", "samples": 0, "active_module": 0, "experts": 1, "mean_utility": 10.4564208984375}
{"event": "routed_bellman_phase_complete", "lifecycle": 12, "arm": "FROZEN", "phase": "A", "samples": 0, "active_module": 0, "experts": 1, "mean_utility": 7.8692626953125}
{"event": "routed_bellman_phase_complete", "lifecycle": 10, "arm": "ROUTED_BELLMAN", "phase": "A_prime", "samples": 50361, "active_module": 0, "experts": 2, "mean_utility": 9.05584716796875}
{"event": "routed_bellman_phase_complete", "lifecycle": 13, "arm": "ROUTED_BELLMAN", "phase": "A", "samples": 51466, "active_module": 0, "experts": 1, "mean_utility": 9.23577880859375}
{"event": "routed_bellman_phase_complete", "lifecycle": 15, "arm": "SMOOTH_BELLMAN", "phase": "A", "samples": 50810, "active_module": 0, "experts": 1, "mean_utility": 10.732666015625}
{"event": "routed_bellman_phase_complete", "lifecycle": 12, "arm": "SMOOTH_BELLMAN", "phase": "A", "samples": 50715, "active_module": 0, "experts": 1, "mean_utility": 8.61480712890625}
{"event": "routed_bellman_phase_complete", "lifecycle": 12, "arm": "ROUTED_BELLMAN", "phase": "A", "samples": 50715, "active_module": 0, "experts": 1, "mean_utility": 8.61480712890625}
{"event": "routed_bellman_phase_complete", "lifecycle": 15, "arm": "ROUTED_BELLMAN", "phase": "A", "samples": 50810, "active_module": 0, "experts": 1, "mean_utility": 10.732666015625}
{"event": "routed_bellman_phase_complete", "lifecycle": 14, "arm": "FROZEN", "phase": "A", "samples": 0, "active_module": 0, "experts": 2, "mean_utility": 9.36370849609375}
{"event": "routed_bellman_phase_complete", "lifecycle": 14, "arm": "SMOOTH_BELLMAN", "phase": "A", "samples": 51586, "active_module": 0, "experts": 2, "mean_utility": 9.43670654296875}
{"event": "routed_bellman_phase_complete", "lifecycle": 13, "arm": "FROZEN", "phase": "B", "samples": 0, "active_module": 1, "experts": 2, "mean_utility": 4.57672119140625}
{"event": "routed_bellman_phase_complete", "lifecycle": 14, "arm": "ROUTED_BELLMAN", "phase": "A", "samples": 51586, "active_module": 0, "experts": 2, "mean_utility": 8.3621826171875}
{"event": "routed_bellman_phase_complete", "lifecycle": 12, "arm": "FROZEN", "phase": "B", "samples": 0, "active_module": 1, "experts": 2, "mean_utility": 3.81243896484375}
{"event": "routed_bellman_phase_complete", "lifecycle": 15, "arm": "FROZEN", "phase": "B", "samples": 0, "active_module": 1, "experts": 2, "mean_utility": 8.0299072265625}
{"event": "routed_bellman_phase_complete", "lifecycle": 13, "arm": "SMOOTH_BELLMAN", "phase": "B", "samples": 51114, "active_module": 1, "experts": 2, "mean_utility": 5.0443115234375}
{"event": "routed_bellman_phase_complete", "lifecycle": 12, "arm": "SMOOTH_BELLMAN", "phase": "B", "samples": 50987, "active_module": 1, "experts": 2, "mean_utility": 4.8104248046875}
{"event": "routed_bellman_phase_complete", "lifecycle": 15, "arm": "SMOOTH_BELLMAN", "phase": "B", "samples": 50557, "active_module": 1, "experts": 2, "mean_utility": 4.13873291015625}
{"event": "routed_bellman_phase_complete", "lifecycle": 13, "arm": "ROUTED_BELLMAN", "phase": "B", "samples": 51114, "active_module": 1, "experts": 2, "mean_utility": 5.0443115234375}
{"event": "routed_bellman_phase_complete", "lifecycle": 14, "arm": "FROZEN", "phase": "B", "samples": 0, "active_module": 2, "experts": 3, "mean_utility": 5.0478515625}
{"event": "routed_bellman_phase_complete", "lifecycle": 12, "arm": "ROUTED_BELLMAN", "phase": "B", "samples": 50987, "active_module": 1, "experts": 2, "mean_utility": 6.345703125}
{"event": "routed_bellman_phase_complete", "lifecycle": 15, "arm": "ROUTED_BELLMAN", "phase": "B", "samples": 50557, "active_module": 1, "experts": 2, "mean_utility": 4.13873291015625}
{"event": "routed_bellman_phase_complete", "lifecycle": 14, "arm": "SMOOTH_BELLMAN", "phase": "B", "samples": 52313, "active_module": 2, "experts": 3, "mean_utility": 4.73095703125}
{"event": "routed_bellman_phase_complete", "lifecycle": 13, "arm": "FROZEN", "phase": "A_prime", "samples": 0, "active_module": 0, "experts": 2, "mean_utility": 9.27264404296875}
{"event": "routed_bellman_phase_complete", "lifecycle": 14, "arm": "ROUTED_BELLMAN", "phase": "B", "samples": 52313, "active_module": 2, "experts": 3, "mean_utility": 4.14971923828125}
{"event": "routed_bellman_phase_complete", "lifecycle": 12, "arm": "FROZEN", "phase": "A_prime", "samples": 0, "active_module": 0, "experts": 2, "mean_utility": 8.63067626953125}
{"event": "routed_bellman_phase_complete", "lifecycle": 15, "arm": "FROZEN", "phase": "A_prime", "samples": 0, "active_module": 0, "experts": 2, "mean_utility": 8.62762451171875}
{"event": "routed_bellman_phase_complete", "lifecycle": 13, "arm": "SMOOTH_BELLMAN", "phase": "A_prime", "samples": 50787, "active_module": 0, "experts": 2, "mean_utility": 8.63055419921875}
{"event": "routed_bellman_phase_complete", "lifecycle": 12, "arm": "SMOOTH_BELLMAN", "phase": "A_prime", "samples": 50824, "active_module": 0, "experts": 2, "mean_utility": 10.39599609375}
{"event": "routed_bellman_phase_complete", "lifecycle": 15, "arm": "SMOOTH_BELLMAN", "phase": "A_prime", "samples": 51414, "active_module": 0, "experts": 2, "mean_utility": 7.502197265625}
{"event": "routed_bellman_phase_complete", "lifecycle": 13, "arm": "ROUTED_BELLMAN", "phase": "A_prime", "samples": 50787, "active_module": 0, "experts": 2, "mean_utility": 9.98248291015625}
{"event": "routed_bellman_phase_complete", "lifecycle": 14, "arm": "FROZEN", "phase": "A_prime", "samples": 0, "active_module": 0, "experts": 3, "mean_utility": 8.76116943359375}
{"event": "routed_bellman_phase_complete", "lifecycle": 12, "arm": "ROUTED_BELLMAN", "phase": "A_prime", "samples": 50824, "active_module": 0, "experts": 2, "mean_utility": 8.31292724609375}
{"event": "routed_bellman_phase_complete", "lifecycle": 15, "arm": "ROUTED_BELLMAN", "phase": "A_prime", "samples": 51414, "active_module": 0, "experts": 2, "mean_utility": 9.0321044921875}
{"event": "routed_bellman_phase_complete", "lifecycle": 14, "arm": "SMOOTH_BELLMAN", "phase": "A_prime", "samples": 51557, "active_module": 0, "experts": 3, "mean_utility": 8.79815673828125}
{"event": "routed_bellman_phase_complete", "lifecycle": 14, "arm": "ROUTED_BELLMAN", "phase": "A_prime", "samples": 51557, "active_module": 0, "experts": 3, "mean_utility": 8.3990478515625}
{"event": "routed_bellman_complete", "primary": {"mean": -0.028006235758463727, "ci95": [-0.39100093841552747, 0.33531490961710575], "lifecycle_deltas": {"0": 0.33951822916666696, "1": 0.887532552083333, "2": 1.126017252604166, "3": 0.06203206380208304, "4": 0.43890380859375, "5": -0.9272664388020839, "6": 0.7663777669270839, "7": -1.537577311197917, "8": 0.47261555989583304, "9": -1.735677083333333, "10": 0.06646728515625, "11": 0.4207560221354161, "12": 0.987019856770833, "13": 0.009256998697916075, "14": -0.753926595052083, "15": -1.070149739583334}, "improved_equal_worse": [11, 0, 5], "adverse_lifecycles": [5, 7, 9, 14, 15], "parent_mean_deltas": {"0": 0.5595143636067708, "1": -0.44153849283854196, "2": 0.30123392740885424, "3": -0.5312347412109379}, "interval_scope": "CONDITIONAL_ON_FOUR_FROZEN_PARENTS"}}
