{"event": "episode_consolidation_arm_complete", "lifecycle": 2, "arm": "FROZEN", "samples": 0, "parameter_writes": 0, "heldout": {"bias": -3.6908919115934604, "mse": 45.6921121309812, "mae": 5.5848098181356765}, "mean_utility": 11.2791748046875}
{"event": "episode_consolidation_arm_complete", "lifecycle": 0, "arm": "FROZEN", "samples": 0, "parameter_writes": 0, "heldout": {"bias": -3.64448884941914, "mse": 45.435539844430494, "mae": 5.635271656601263}, "mean_utility": 10.9822998046875}
{"event": "episode_consolidation_arm_complete", "lifecycle": 2, "arm": "EPISODIC_MC", "samples": 103419, "parameter_writes": 3245960, "heldout": {"bias": -4.494097714233255, "mse": 55.56288997106279, "mae": 6.087934346770458}, "mean_utility": 1.1097412109375}
{"event": "episode_consolidation_arm_complete", "lifecycle": 1, "arm": "FROZEN", "samples": 0, "parameter_writes": 0, "heldout": {"bias": -3.655905829255504, "mse": 44.47865007792461, "mae": 5.530907297306254}, "mean_utility": 8.3624267578125}
{"event": "episode_consolidation_arm_complete", "lifecycle": 3, "arm": "FROZEN", "samples": 0, "parameter_writes": 0, "heldout": {"bias": -4.4765407668446136, "mse": 50.334966877039136, "mae": 6.036820945346426}, "mean_utility": 9.57763671875}
{"event": "episode_consolidation_arm_complete", "lifecycle": 0, "arm": "EPISODIC_MC", "samples": 104534, "parameter_writes": 3281011, "heldout": {"bias": 3.6997852902726955, "mse": 49.568231182468686, "mae": 5.445232008120249}, "mean_utility": 5.7662353515625}
{"event": "episode_consolidation_arm_complete", "lifecycle": 1, "arm": "EPISODIC_MC", "samples": 103751, "parameter_writes": 3251145, "heldout": {"bias": -4.219884447662328, "mse": 53.020561426773256, "mae": 5.974783260417233}, "mean_utility": 0.3231201171875}
{"event": "episode_consolidation_arm_complete", "lifecycle": 3, "arm": "EPISODIC_MC", "samples": 103722, "parameter_writes": 3255211, "heldout": {"bias": 2.76159429310135, "mse": 43.498837743986115, "mae": 5.126734126307031}, "mean_utility": 3.8980712890625}
{"event": "episode_consolidation_arm_complete", "lifecycle": 2, "arm": "NORMALIZED_SEQUENTIAL_MC", "samples": 103419, "parameter_writes": 3245960, "heldout": {"bias": -1.658576780489616, "mse": 32.49566549036559, "mae": 5.196956589743343}, "mean_utility": 8.2611083984375}
{"event": "episode_consolidation_arm_complete", "lifecycle": 0, "arm": "NORMALIZED_SEQUENTIAL_MC", "samples": 104534, "parameter_writes": 3281011, "heldout": {"bias": 0.1565653522464845, "mse": 30.73546091397088, "mae": 5.18232129255176}, "mean_utility": 9.8375244140625}
{"event": "episode_consolidation_arm_complete", "lifecycle": 1, "arm": "NORMALIZED_SEQUENTIAL_MC", "samples": 103751, "parameter_writes": 3251145, "heldout": {"bias": 0.2701195162041514, "mse": 28.98312226010696, "mae": 5.123461092383061}, "mean_utility": 8.49755859375}
{"event": "episode_consolidation_arm_complete", "lifecycle": 3, "arm": "NORMALIZED_SEQUENTIAL_MC", "samples": 103722, "parameter_writes": 3255211, "heldout": {"bias": -0.3492631527664245, "mse": 28.79409497754268, "mae": 5.021967949153795}, "mean_utility": 8.1773681640625}
{"event": "episode_consolidation_arm_complete", "lifecycle": 2, "arm": "EPISODE_MEAN_MC", "samples": 103419, "parameter_writes": 1398663, "heldout": {"bias": -1.6606211707337144, "mse": 32.508864543946686, "mae": 5.1965263202776875}, "mean_utility": 9.2724609375}
{"event": "episode_consolidation_arm_complete", "lifecycle": 0, "arm": "EPISODE_MEAN_MC", "samples": 104534, "parameter_writes": 1403084, "heldout": {"bias": 0.1839370895048835, "mse": 30.74882308206765, "mae": 5.178285953206298}, "mean_utility": 11.3548583984375}
{"event": "episode_consolidation_arm_complete", "lifecycle": 1, "arm": "EPISODE_MEAN_MC", "samples": 103751, "parameter_writes": 1375150, "heldout": {"bias": 0.27845689371254434, "mse": 28.99459382170319, "mae": 5.122754285766722}, "mean_utility": 9.2069091796875}
{"event": "episode_consolidation_arm_complete", "lifecycle": 6, "arm": "FROZEN", "samples": 0, "parameter_writes": 0, "heldout": {"bias": -4.1467930280087435, "mse": 46.917902410863746, "mae": 5.739918598569119}, "mean_utility": 7.2369384765625}
{"event": "episode_consolidation_arm_complete", "lifecycle": 6, "arm": "EPISODIC_MC", "samples": 102593, "parameter_writes": 3218164, "heldout": {"bias": -5.048765537305246, "mse": 57.85581482026842, "mae": 6.313980764370457}, "mean_utility": -0.1053466796875}
{"event": "episode_consolidation_arm_complete", "lifecycle": 3, "arm": "EPISODE_MEAN_MC", "samples": 103722, "parameter_writes": 1393155, "heldout": {"bias": -0.3206143536010073, "mse": 28.797119164647825, "mae": 5.01668656568729}, "mean_utility": 9.6378173828125}
{"event": "episode_consolidation_arm_complete", "lifecycle": 4, "arm": "FROZEN", "samples": 0, "parameter_writes": 0, "heldout": {"bias": -3.734730201867129, "mse": 45.81339739358522, "mae": 5.6596569272193875}, "mean_utility": 11.216796875}
{"event": "episode_consolidation_arm_complete", "lifecycle": 5, "arm": "FROZEN", "samples": 0, "parameter_writes": 0, "heldout": {"bias": -2.42244494861466, "mse": 35.692588309644876, "mae": 4.776436418731367}, "mean_utility": 10.1962890625}
{"event": "episode_consolidation_arm_complete", "lifecycle": 4, "arm": "EPISODIC_MC", "samples": 103420, "parameter_writes": 3248104, "heldout": {"bias": -4.0592489372964655, "mse": 51.95230102608689, "mae": 5.982647397847311}, "mean_utility": 1.5511474609375}
{"event": "episode_consolidation_arm_complete", "lifecycle": 5, "arm": "EPISODIC_MC", "samples": 104551, "parameter_writes": 3278231, "heldout": {"bias": -2.4124547305237463, "mse": 50.94041861527465, "mae": 5.7070612166547114}, "mean_utility": 1.3927001953125}
{"event": "episode_consolidation_arm_complete", "lifecycle": 7, "arm": "FROZEN", "samples": 0, "parameter_writes": 0, "heldout": {"bias": -3.4793339352384196, "mse": 43.243825231131495, "mae": 5.415412282960086}, "mean_utility": 9.344970703125}
{"event": "episode_consolidation_arm_complete", "lifecycle": 6, "arm": "NORMALIZED_SEQUENTIAL_MC", "samples": 102593, "parameter_writes": 3218164, "heldout": {"bias": -1.3075875511727009, "mse": 28.56806483431899, "mae": 5.037247234758393}, "mean_utility": 11.663818359375}
{"event": "episode_consolidation_arm_complete", "lifecycle": 7, "arm": "EPISODIC_MC", "samples": 103008, "parameter_writes": 3231861, "heldout": {"bias": 4.5371527941912255, "mse": 53.766595809658554, "mae": 5.7419167093550145}, "mean_utility": 4.7322998046875}
{"event": "episode_consolidation_arm_complete", "lifecycle": 4, "arm": "NORMALIZED_SEQUENTIAL_MC", "samples": 103420, "parameter_writes": 3248104, "heldout": {"bias": -0.9038020546544724, "mse": 30.625143011203516, "mae": 5.257978281092333}, "mean_utility": 9.8773193359375}
{"event": "episode_consolidation_arm_complete", "lifecycle": 5, "arm": "NORMALIZED_SEQUENTIAL_MC", "samples": 104551, "parameter_writes": 3278231, "heldout": {"bias": 1.1978829017022947, "mse": 27.830126101722854, "mae": 4.987670039008835}, "mean_utility": 10.4971923828125}
{"event": "episode_consolidation_arm_complete", "lifecycle": 6, "arm": "EPISODE_MEAN_MC", "samples": 102593, "parameter_writes": 1355408, "heldout": {"bias": -1.315747017928376, "mse": 28.59419780381027, "mae": 5.037702242477638}, "mean_utility": 11.0692138671875}
{"event": "episode_consolidation_arm_complete", "lifecycle": 7, "arm": "NORMALIZED_SEQUENTIAL_MC", "samples": 103008, "parameter_writes": 3231861, "heldout": {"bias": 0.7993852638376351, "mse": 29.405962423218252, "mae": 5.062010813479425}, "mean_utility": 10.3082275390625}
{"event": "episode_consolidation_arm_complete", "lifecycle": 4, "arm": "EPISODE_MEAN_MC", "samples": 103420, "parameter_writes": 1405708, "heldout": {"bias": -0.90140624533261, "mse": 30.623336495450182, "mae": 5.256925020649965}, "mean_utility": 11.1761474609375}
{"event": "episode_consolidation_arm_complete", "lifecycle": 10, "arm": "FROZEN", "samples": 0, "parameter_writes": 0, "heldout": {"bias": -4.335116387799566, "mse": 49.77350089896017, "mae": 6.031079961891481}, "mean_utility": 8.931640625}
{"event": "episode_consolidation_arm_complete", "lifecycle": 5, "arm": "EPISODE_MEAN_MC", "samples": 104551, "parameter_writes": 1398397, "heldout": {"bias": 1.200676120232491, "mse": 27.83954049174815, "mae": 4.987588603182701}, "mean_utility": 8.065185546875}
{"event": "episode_consolidation_arm_complete", "lifecycle": 10, "arm": "EPISODIC_MC", "samples": 104437, "parameter_writes": 3275207, "heldout": {"bias": 2.437875640022159, "mse": 49.832791295435946, "mae": 5.574381694321487}, "mean_utility": 2.1844482421875}
{"event": "episode_consolidation_arm_complete", "lifecycle": 8, "arm": "FROZEN", "samples": 0, "parameter_writes": 0, "heldout": {"bias": -4.434105913428902, "mse": 49.14746346555032, "mae": 5.927815483591196}, "mean_utility": 11.2381591796875}
{"event": "episode_consolidation_arm_complete", "lifecycle": 9, "arm": "FROZEN", "samples": 0, "parameter_writes": 0, "heldout": {"bias": -3.725210176346786, "mse": 44.73012512962263, "mae": 5.561272811253949}, "mean_utility": 10.017333984375}
{"event": "episode_consolidation_arm_complete", "lifecycle": 7, "arm": "EPISODE_MEAN_MC", "samples": 103008, "parameter_writes": 1362378, "heldout": {"bias": 0.8399604104368398, "mse": 29.487931250693684, "mae": 5.0601445085675305}, "mean_utility": 11.8511962890625}
{"event": "episode_consolidation_arm_complete", "lifecycle": 8, "arm": "EPISODIC_MC", "samples": 103080, "parameter_writes": 3235119, "heldout": {"bias": -4.923099027452167, "mse": 64.6114510209616, "mae": 6.642352948034799}, "mean_utility": 1.31787109375}
{"event": "episode_consolidation_arm_complete", "lifecycle": 9, "arm": "EPISODIC_MC", "samples": 103682, "parameter_writes": 3248725, "heldout": {"bias": -3.1806577585925964, "mse": 43.751409704887735, "mae": 5.600174497710567}, "mean_utility": 1.885498046875}
{"event": "episode_consolidation_arm_complete", "lifecycle": 11, "arm": "FROZEN", "samples": 0, "parameter_writes": 0, "heldout": {"bias": -4.515407917188194, "mse": 49.95949393672489, "mae": 5.974027385622647}, "mean_utility": 8.79541015625}
{"event": "episode_consolidation_arm_complete", "lifecycle": 10, "arm": "NORMALIZED_SEQUENTIAL_MC", "samples": 104437, "parameter_writes": 3275207, "heldout": {"bias": -0.1307500244378438, "mse": 29.689146753938736, "mae": 5.109774065721198}, "mean_utility": 10.611572265625}
{"event": "episode_consolidation_arm_complete", "lifecycle": 11, "arm": "EPISODIC_MC", "samples": 102794, "parameter_writes": 3225435, "heldout": {"bias": -4.500192534209772, "mse": 53.99288735003015, "mae": 6.183737572458772}, "mean_utility": 1.495849609375}
{"event": "episode_consolidation_arm_complete", "lifecycle": 8, "arm": "NORMALIZED_SEQUENTIAL_MC", "samples": 103080, "parameter_writes": 3235119, "heldout": {"bias": -0.9391423114647446, "mse": 27.82524025152261, "mae": 4.977420412008281}, "mean_utility": 9.287109375}
{"event": "episode_consolidation_arm_complete", "lifecycle": 9, "arm": "NORMALIZED_SEQUENTIAL_MC", "samples": 103682, "parameter_writes": 3248725, "heldout": {"bias": -1.0404608468138377, "mse": 29.920955476525485, "mae": 5.176514392058144}, "mean_utility": 8.2528076171875}
{"event": "episode_consolidation_arm_complete", "lifecycle": 10, "arm": "EPISODE_MEAN_MC", "samples": 104437, "parameter_writes": 1392152, "heldout": {"bias": -0.12301866330198293, "mse": 29.687143985731936, "mae": 5.107787865599767}, "mean_utility": 10.2777099609375}
{"event": "episode_consolidation_arm_complete", "lifecycle": 11, "arm": "NORMALIZED_SEQUENTIAL_MC", "samples": 102794, "parameter_writes": 3225435, "heldout": {"bias": -1.670244762645441, "mse": 29.1883307565102, "mae": 5.072165699014513}, "mean_utility": 7.9921875}
{"event": "episode_consolidation_arm_complete", "lifecycle": 8, "arm": "EPISODE_MEAN_MC", "samples": 103080, "parameter_writes": 1369052, "heldout": {"bias": -0.9302937250197316, "mse": 27.81257030110039, "mae": 4.9748746337560945}, "mean_utility": 8.1708984375}
{"event": "episode_consolidation_arm_complete", "lifecycle": 9, "arm": "EPISODE_MEAN_MC", "samples": 103682, "parameter_writes": 1372865, "heldout": {"bias": -1.0308326877111607, "mse": 29.9061155113368, "mae": 5.175289412391657}, "mean_utility": 8.3011474609375}
{"event": "episode_consolidation_arm_complete", "lifecycle": 14, "arm": "FROZEN", "samples": 0, "parameter_writes": 0, "heldout": {"bias": -3.650082629314464, "mse": 45.86149664019204, "mae": 5.736282608577365}, "mean_utility": 10.4317626953125}
{"event": "episode_consolidation_arm_complete", "lifecycle": 12, "arm": "FROZEN", "samples": 0, "parameter_writes": 0, "heldout": {"bias": -3.718454244640849, "mse": 45.36887776798561, "mae": 5.660734564390479}, "mean_utility": 8.46240234375}
{"event": "episode_consolidation_arm_complete", "lifecycle": 14, "arm": "EPISODIC_MC", "samples": 104027, "parameter_writes": 3261154, "heldout": {"bias": -5.11080039629461, "mse": 61.267565390543034, "mae": 6.446185111489265}, "mean_utility": 0.4581298828125}
{"event": "episode_consolidation_arm_complete", "lifecycle": 13, "arm": "FROZEN", "samples": 0, "parameter_writes": 0, "heldout": {"bias": -2.3165244669597476, "mse": 34.62921818218929, "mae": 4.680374722556549}, "mean_utility": 7.7633056640625}
{"event": "episode_consolidation_arm_complete", "lifecycle": 11, "arm": "EPISODE_MEAN_MC", "samples": 102794, "parameter_writes": 1368042, "heldout": {"bias": -1.669360129771142, "mse": 29.18906621400285, "mae": 5.0713066102022495}, "mean_utility": 10.070556640625}
{"event": "episode_consolidation_arm_complete", "lifecycle": 12, "arm": "EPISODIC_MC", "samples": 102981, "parameter_writes": 3232846, "heldout": {"bias": 1.6912082418426497, "mse": 39.71899868623857, "mae": 5.336397776389886}, "mean_utility": 4.081787109375}
{"event": "episode_consolidation_arm_complete", "lifecycle": 13, "arm": "EPISODIC_MC", "samples": 103301, "parameter_writes": 3239314, "heldout": {"bias": 5.249717721732528, "mse": 60.91885812770876, "mae": 6.463450053268846}, "mean_utility": 3.7252197265625}
{"event": "episode_consolidation_arm_complete", "lifecycle": 15, "arm": "FROZEN", "samples": 0, "parameter_writes": 0, "heldout": {"bias": -4.212594501105678, "mse": 46.34315233547648, "mae": 5.668633931190744}, "mean_utility": 7.8721923828125}
{"event": "episode_consolidation_arm_complete", "lifecycle": 14, "arm": "NORMALIZED_SEQUENTIAL_MC", "samples": 104027, "parameter_writes": 3261154, "heldout": {"bias": -1.543351764214384, "mse": 32.9893580073142, "mae": 5.32939302971809}, "mean_utility": 9.1180419921875}
{"event": "episode_consolidation_arm_complete", "lifecycle": 15, "arm": "EPISODIC_MC", "samples": 102668, "parameter_writes": 3220868, "heldout": {"bias": -4.69331139145801, "mse": 54.94249469525673, "mae": 6.185279627519912}, "mean_utility": 0.244384765625}
{"event": "episode_consolidation_arm_complete", "lifecycle": 12, "arm": "NORMALIZED_SEQUENTIAL_MC", "samples": 102981, "parameter_writes": 3232846, "heldout": {"bias": -0.4803319259074777, "mse": 29.911558231267737, "mae": 5.170779994223776}, "mean_utility": 9.8665771484375}
{"event": "episode_consolidation_arm_complete", "lifecycle": 13, "arm": "NORMALIZED_SEQUENTIAL_MC", "samples": 103301, "parameter_writes": 3239314, "heldout": {"bias": 1.409403940087502, "mse": 29.07936292081276, "mae": 5.08893346548168}, "mean_utility": 10.2716064453125}
{"event": "episode_consolidation_arm_complete", "lifecycle": 14, "arm": "EPISODE_MEAN_MC", "samples": 104027, "parameter_writes": 1367529, "heldout": {"bias": -1.5518073176316018, "mse": 33.02412607437077, "mae": 5.329996714480772}, "mean_utility": 10.26318359375}
{"event": "episode_consolidation_arm_complete", "lifecycle": 15, "arm": "NORMALIZED_SEQUENTIAL_MC", "samples": 102668, "parameter_writes": 3220868, "heldout": {"bias": -0.7765536814501625, "mse": 25.504355424988642, "mae": 4.735008910195893}, "mean_utility": 10.31103515625}
{"event": "episode_consolidation_arm_complete", "lifecycle": 12, "arm": "EPISODE_MEAN_MC", "samples": 102981, "parameter_writes": 1392663, "heldout": {"bias": -0.4611461013070569, "mse": 29.901477815106727, "mae": 5.169147015252625}, "mean_utility": 9.8143310546875}
{"event": "episode_consolidation_arm_complete", "lifecycle": 13, "arm": "EPISODE_MEAN_MC", "samples": 103301, "parameter_writes": 1369653, "heldout": {"bias": 1.4380708217496156, "mse": 29.17413746772487, "mae": 5.0941644440698335}, "mean_utility": 11.999267578125}
{"event": "episode_consolidation_arm_complete", "lifecycle": 15, "arm": "EPISODE_MEAN_MC", "samples": 102668, "parameter_writes": 1361139, "heldout": {"bias": -0.7660159882872569, "mse": 25.4966567654953, "mae": 4.733052820878464}, "mean_utility": 12.182861328125}
{"event": "episode_consolidation_complete", "status": "EXPERIMENT_COMPLETE", "utility_primary": {"mean": 0.6878128051757812, "ci95": [-0.2835840225219726, 1.673881721496582], "lifecycle_deltas": {"0": 0.37255859375, "1": 0.844482421875, "2": -2.0067138671875, "3": 0.0601806640625, "4": -0.0406494140625, "5": -2.131103515625, "6": 3.832275390625, "7": 2.5062255859375, "8": -3.0672607421875, "9": -1.7161865234375, "10": 1.3460693359375, "11": 1.275146484375, "12": 1.3519287109375, "13": 4.2359619140625, "14": -0.1685791015625, "15": 4.3106689453125}, "parent_mean_deltas": {"0": -0.345855712890625, "1": 0.30828857421875, "2": 0.750762939453125, "3": 2.038055419921875}, "interval_scope": "CONDITIONAL_ON_FOUR_FROZEN_PARENTS", "improved_equal_worse": [10, 0, 6], "adverse_lifecycles": [2, 4, 5, 8, 9, 14]}, "mse_primary": {"mean": -15.727288115210309, "ci95": [-17.354775868151123, -14.063613634005153], "lifecycle_deltas": {"0": -14.686716762362842, "1": -15.484056256221415, "2": -13.183247587034515, "3": -21.537847712391308, "4": -15.190060898135048, "5": -7.853047817896716, "6": -18.323704607053482, "7": -13.755893980437811, "8": -21.33489316444992, "9": -14.824009618285828, "10": -20.086356913228236, "11": -20.77042772272204, "12": -15.467399952878882, "13": -5.455080714464422, "14": -12.837370565821281, "15": -20.84649556998118}, "positive_equal_negative": [0, 0, 16], "parent_mean_deltas": {"0": -16.669767694456674, "1": -10.904048601717095, "2": -16.10766991828438, "3": -19.227666246383084}, "interval_scope": "CONDITIONAL_ON_FOUR_FROZEN_PARENTS", "improved_equal_worse": [16, 0, 0], "adverse_lifecycles": []}}
