{
  "status": "PASS",
  "independent_valid": true,
  "lifecycles": 64,
  "fixed_source_parents": 4,
  "canonical_rows": 263375,
  "fresh_source_provenance_checked": true,
  "fresh_source_compute": {
    "worker_cpu_seconds": 1700.76468718,
    "compiler_cpu_seconds": 0.962251,
    "coordinator_cpu_seconds": 0.11101587700000026,
    "wall_seconds": 464.0052670360019,
    "includes_source_setup_training_checkpoint_save": true,
    "scope": "Worker job entry through setup, training, trace/progress IO and final checkpoint save; compiler child CPU separately; coordinator run entry through completed aggregation. Historical inherited dynamics CPU is unavailable and excluded. Setup and save CPU are contained in worker CPU, not added again.",
    "full_source_cpu_seconds": 1701.837954057
  },
  "source_and_target_cpu_seconds": 4631.735355076,
  "source_and_target_wall_seconds": 1341.5369935340132,
  "bank_belief_ownership_valid": true,
  "selected_bank_probability_paired_across_arms": true,
  "literal_local_retention_checked": true,
  "physical_detection_stages": 320,
  "physical_acquisitions": 128,
  "total_contexts_created": 128,
  "detector_looks": 321,
  "new_confirmation_games": 1,
  "new_confirmation_raw_tiles": 573,
  "unresolved_cap_stages": [],
  "new_training_environment_observations": 16997255,
  "old_target_training_raw_reused": 0,
  "processed_training_samples": {
    "SOURCE": 0,
    "CONTEXT_MC": 13295091,
    "CONTEXT_LINEAR_WIN": 13295091,
    "CONTEXT_LOCAL": 13295091
  },
  "new_evaluation_games": 73728,
  "evaluation_cutoffs": 0,
  "economic_training_raw_tiles_per_arm": {
    "SOURCE": 28331599,
    "CONTEXT_MC": 28331599,
    "CONTEXT_LINEAR_WIN": 28331599,
    "CONTEXT_LOCAL": 28331599
  },
  "primary_local_over_linear_supported": true,
  "local_over_mc_diagnostic_supported": true,
  "final_net_gain_supported": true,
  "final_task_gain_supported": {
    "A": true,
    "B": true
  },
  "retention_status": {
    "A_after_B1": "SUPPORTED_NONDECREASE",
    "A_return_A2": "SUPPORTED_NONDECREASE",
    "A_after_B2": "SUPPORTED_NONDECREASE",
    "A_final_vs_A1": "SUPPORTED_NONDECREASE",
    "B_after_A2": "SUPPORTED_NONDECREASE",
    "B_return_B2": "SUPPORTED_NONDECREASE",
    "B_final_vs_B1": "SUPPORTED_NONDECREASE"
  },
  "retained_gain_supported": true,
  "primary_utility": {
    "mean": 1.2702670097351074,
    "ci95": [
      1.087409996986389,
      1.4476662158966065
    ],
    "lifecycle_deltas": {
      "0": 1.42010498046875,
      "1": 1.527984619140625,
      "2": 1.71307373046875,
      "3": 0.96917724609375,
      "4": 2.52593994140625,
      "5": 1.3240966796875,
      "6": 1.07281494140625,
      "7": 0.780029296875,
      "8": 2.28369140625,
      "9": -0.717987060546875,
      "10": 0.1748046875,
      "11": 1.948089599609375,
      "12": 2.81744384765625,
      "13": 1.22821044921875,
      "14": 0.603363037109375,
      "15": -0.885772705078125,
      "16": 1.177215576171875,
      "17": 0.184844970703125,
      "18": 1.153533935546875,
      "19": 1.244476318359375,
      "20": 1.19580078125,
      "21": 0.3311767578125,
      "22": 0.74566650390625,
      "23": 1.1796875,
      "24": 1.370849609375,
      "25": 1.59033203125,
      "26": 2.43304443359375,
      "27": 1.941375732421875,
      "28": 1.98583984375,
      "29": 2.087982177734375,
      "30": 0.70294189453125,
      "31": 0.5,
      "32": 1.95550537109375,
      "33": 2.205810546875,
      "34": 1.8172607421875,
      "35": 1.074005126953125,
      "36": 0.92205810546875,
      "37": 1.455810546875,
      "38": 0.318634033203125,
      "39": 1.349761962890625,
      "40": 1.45050048828125,
      "41": 2.417694091796875,
      "42": 1.052947998046875,
      "43": 2.48919677734375,
      "44": 1.217803955078125,
      "45": 1.248382568359375,
      "46": 0.59246826171875,
      "47": 0.40130615234375,
      "48": 2.47943115234375,
      "49": 1.869781494140625,
      "50": 1.970123291015625,
      "51": 1.015228271484375,
      "52": 1.377777099609375,
      "53": 0.475555419921875,
      "54": 1.01171875,
      "55": -0.020843505859375,
      "56": 1.402923583984375,
      "57": 0.207244873046875,
      "58": 1.483001708984375,
      "59": 2.54486083984375,
      "60": 1.9893798828125,
      "61": 0.386688232421875,
      "62": 1.760345458984375,
      "63": 0.764892578125
    },
    "improved_equal_worse": [
      61,
      0,
      3
    ],
    "adverse_lifecycles": [
      9,
      15,
      55
    ],
    "parent_mean_deltas": {
      "0": 1.7232666015625,
      "1": 1.1139755249023438,
      "2": 1.1628589630126953,
      "3": 1.0809669494628906
    },
    "interval_scope": "CONDITIONAL_ON_FOUR_FROZEN_PARENTS"
  },
  "new_sequence_compute_closed": true,
  "method": "One independent literal physical reconstruction of all new initial detector, confirmation and optional model cohort tapes, online LIBRARY raw-rank updates and complete natural game labels; sequential immutable-prior Beta mixture evidence, exact paid additional-game stopping and resolved-only prototype commits; matched MC/LINEAR_WIN/LOCAL original-SOURCE first adaptations, active two-table linear WIN labels, unbounded predictions, residuals and parameter work; immutable bank-owned complete FIT beliefs, actual selected-bank probabilities shared by all four arms, task-and-probability SOURCE pairing, actual repeated return routing, frozen reuse, full score suffix labels, paired whole-game endpoint gains, literal LOCAL retention, and actual new costs.",
  "limitations": "The four SOURCE parents are newly trained; intervals remain conditional on those four parents. The identified deterministic dynamics teacher is inherited. Evaluation actions, experimental weights and bootstrap draws are not recomputed. Saved intervals are checked for scope and feasible range. LINEAR_WIN and LOCAL match two-table capacity and parameter write inventory, while MC uses one table; the comparison does not equalize computation. Complete new-sequence cost accounting includes the measured fresh SOURCE pipeline, while old dynamics training CPU remains inherited. Continued improvement within a known context and general strategic learning are not established by this experiment.",
  "errors": []
}
