{"event": "fresh_confirmation_stage_complete", "lifecycle": 3, "stage": "A1", "context": 0, "created": true, "contexts": 1, "raw": 131758}
{"event": "fresh_confirmation_stage_complete", "lifecycle": 2, "stage": "A1", "context": 0, "created": true, "contexts": 1, "raw": 131758}
{"event": "fresh_confirmation_stage_complete", "lifecycle": 1, "stage": "A1", "context": 0, "created": true, "contexts": 1, "raw": 131895}
{"event": "fresh_confirmation_stage_complete", "lifecycle": 0, "stage": "A1", "context": 0, "created": true, "contexts": 1, "raw": 132000}
{"event": "fresh_confirmation_stage_complete", "lifecycle": 3, "stage": "B1", "context": 1, "created": true, "contexts": 2, "raw": 131633}
{"event": "fresh_confirmation_stage_complete", "lifecycle": 0, "stage": "B1", "context": 1, "created": true, "contexts": 2, "raw": 131478}
{"event": "fresh_confirmation_stage_complete", "lifecycle": 2, "stage": "B1", "context": 1, "created": true, "contexts": 2, "raw": 131329}
{"event": "fresh_confirmation_stage_complete", "lifecycle": 1, "stage": "B1", "context": 1, "created": true, "contexts": 2, "raw": 131842}
{"event": "fresh_confirmation_stage_complete", "lifecycle": 0, "stage": "A2", "context": 0, "created": false, "contexts": 2, "raw": 930}
{"event": "fresh_confirmation_stage_complete", "lifecycle": 2, "stage": "A2", "context": 0, "created": false, "contexts": 2, "raw": 777}
{"event": "fresh_confirmation_stage_complete", "lifecycle": 3, "stage": "A2", "context": 0, "created": false, "contexts": 2, "raw": 1127}
{"event": "fresh_confirmation_stage_complete", "lifecycle": 1, "stage": "A2", "context": 0, "created": false, "contexts": 2, "raw": 931}
{"event": "fresh_confirmation_stage_complete", "lifecycle": 2, "stage": "B2", "context": 1, "created": false, "contexts": 2, "raw": 442}
{"event": "fresh_confirmation_stage_complete", "lifecycle": 0, "stage": "B2", "context": 1, "created": false, "contexts": 2, "raw": 396}
{"event": "fresh_confirmation_stage_complete", "lifecycle": 3, "stage": "B2", "context": 1, "created": false, "contexts": 2, "raw": 470}
{"event": "fresh_confirmation_stage_complete", "lifecycle": 1, "stage": "B2", "context": 1, "created": false, "contexts": 2, "raw": 557}
{"event": "fresh_confirmation_stage_complete", "lifecycle": 0, "stage": "A3", "context": 0, "created": false, "contexts": 2, "raw": 963}
{"event": "fresh_confirmation_stage_complete", "lifecycle": 2, "stage": "A3", "context": 0, "created": false, "contexts": 2, "raw": 955}
{"event": "fresh_confirmation_stage_complete", "lifecycle": 3, "stage": "A3", "context": 0, "created": false, "contexts": 2, "raw": 761}
{"event": "fresh_confirmation_stage_complete", "lifecycle": 1, "stage": "A3", "context": 0, "created": false, "contexts": 2, "raw": 945}
{"event": "fresh_confirmation_stage_complete", "lifecycle": 4, "stage": "A1", "context": 0, "created": true, "contexts": 1, "raw": 131576}
{"event": "fresh_confirmation_stage_complete", "lifecycle": 6, "stage": "A1", "context": 0, "created": true, "contexts": 1, "raw": 132086}
{"event": "fresh_confirmation_stage_complete", "lifecycle": 7, "stage": "A1", "context": 0, "created": true, "contexts": 1, "raw": 132081}
{"event": "fresh_confirmation_stage_complete", "lifecycle": 5, "stage": "A1", "context": 0, "created": true, "contexts": 1, "raw": 131797}
{"event": "fresh_confirmation_stage_complete", "lifecycle": 4, "stage": "B1", "context": 1, "created": true, "contexts": 2, "raw": 131790}
{"event": "fresh_confirmation_stage_complete", "lifecycle": 6, "stage": "B1", "context": 1, "created": true, "contexts": 2, "raw": 131646}
{"event": "fresh_confirmation_stage_complete", "lifecycle": 7, "stage": "B1", "context": 1, "created": true, "contexts": 2, "raw": 131513}
{"event": "fresh_confirmation_stage_complete", "lifecycle": 5, "stage": "B1", "context": 1, "created": true, "contexts": 2, "raw": 131469}
{"event": "fresh_confirmation_stage_complete", "lifecycle": 4, "stage": "A2", "context": 0, "created": false, "contexts": 2, "raw": 915}
{"event": "fresh_confirmation_stage_complete", "lifecycle": 6, "stage": "A2", "context": 0, "created": false, "contexts": 2, "raw": 836}
{"event": "fresh_confirmation_stage_complete", "lifecycle": 7, "stage": "A2", "context": 0, "created": false, "contexts": 2, "raw": 1022}
{"event": "fresh_confirmation_stage_complete", "lifecycle": 5, "stage": "A2", "context": 0, "created": false, "contexts": 2, "raw": 870}
{"event": "fresh_confirmation_stage_complete", "lifecycle": 4, "stage": "B2", "context": 1, "created": false, "contexts": 2, "raw": 317}
{"event": "fresh_confirmation_stage_complete", "lifecycle": 7, "stage": "B2", "context": 1, "created": false, "contexts": 2, "raw": 549}
{"event": "fresh_confirmation_stage_complete", "lifecycle": 6, "stage": "B2", "context": 1, "created": false, "contexts": 2, "raw": 683}
{"event": "fresh_confirmation_stage_complete", "lifecycle": 5, "stage": "B2", "context": 1, "created": false, "contexts": 2, "raw": 533}
{"event": "fresh_confirmation_stage_complete", "lifecycle": 4, "stage": "A3", "context": 0, "created": false, "contexts": 2, "raw": 931}
{"event": "fresh_confirmation_stage_complete", "lifecycle": 7, "stage": "A3", "context": 0, "created": false, "contexts": 2, "raw": 511}
{"event": "fresh_confirmation_stage_complete", "lifecycle": 6, "stage": "A3", "context": 0, "created": false, "contexts": 2, "raw": 995}
{"event": "fresh_confirmation_stage_complete", "lifecycle": 5, "stage": "A3", "context": 0, "created": false, "contexts": 2, "raw": 989}
{"event": "fresh_confirmation_stage_complete", "lifecycle": 8, "stage": "A1", "context": 0, "created": true, "contexts": 1, "raw": 132082}
{"event": "fresh_confirmation_stage_complete", "lifecycle": 11, "stage": "A1", "context": 0, "created": true, "contexts": 1, "raw": 131797}
{"event": "fresh_confirmation_stage_complete", "lifecycle": 10, "stage": "A1", "context": 0, "created": true, "contexts": 1, "raw": 132017}
{"event": "fresh_confirmation_stage_complete", "lifecycle": 9, "stage": "A1", "context": 0, "created": true, "contexts": 1, "raw": 131890}
{"event": "fresh_confirmation_stage_complete", "lifecycle": 8, "stage": "B1", "context": 1, "created": true, "contexts": 2, "raw": 131631}
{"event": "fresh_confirmation_stage_complete", "lifecycle": 11, "stage": "B1", "context": 1, "created": true, "contexts": 2, "raw": 131390}
{"event": "fresh_confirmation_stage_complete", "lifecycle": 10, "stage": "B1", "context": 1, "created": true, "contexts": 2, "raw": 131536}
{"event": "fresh_confirmation_stage_complete", "lifecycle": 9, "stage": "B1", "context": 1, "created": true, "contexts": 2, "raw": 131475}
{"event": "fresh_confirmation_stage_complete", "lifecycle": 11, "stage": "A2", "context": 0, "created": false, "contexts": 2, "raw": 600}
{"event": "fresh_confirmation_stage_complete", "lifecycle": 8, "stage": "A2", "context": 0, "created": false, "contexts": 2, "raw": 805}
{"event": "fresh_confirmation_stage_complete", "lifecycle": 10, "stage": "A2", "context": 0, "created": false, "contexts": 2, "raw": 1055}
{"event": "fresh_confirmation_stage_complete", "lifecycle": 9, "stage": "A2", "context": 0, "created": false, "contexts": 2, "raw": 640}
{"event": "fresh_confirmation_stage_complete", "lifecycle": 11, "stage": "B2", "context": 1, "created": false, "contexts": 2, "raw": 423}
{"event": "fresh_confirmation_stage_complete", "lifecycle": 8, "stage": "B2", "context": 1, "created": false, "contexts": 2, "raw": 435}
{"event": "fresh_confirmation_stage_complete", "lifecycle": 10, "stage": "B2", "context": 1, "created": false, "contexts": 2, "raw": 353}
{"event": "fresh_confirmation_stage_complete", "lifecycle": 9, "stage": "B2", "context": 1, "created": false, "contexts": 2, "raw": 784}
{"event": "fresh_confirmation_stage_complete", "lifecycle": 11, "stage": "A3", "context": 0, "created": false, "contexts": 2, "raw": 824}
{"event": "fresh_confirmation_stage_complete", "lifecycle": 8, "stage": "A3", "context": 0, "created": false, "contexts": 2, "raw": 1110}
{"event": "fresh_confirmation_stage_complete", "lifecycle": 10, "stage": "A3", "context": 0, "created": false, "contexts": 2, "raw": 774}
{"event": "fresh_confirmation_stage_complete", "lifecycle": 9, "stage": "A3", "context": 0, "created": false, "contexts": 2, "raw": 323}
{"event": "fresh_confirmation_stage_complete", "lifecycle": 15, "stage": "A1", "context": 0, "created": true, "contexts": 1, "raw": 131892}
{"event": "fresh_confirmation_stage_complete", "lifecycle": 12, "stage": "A1", "context": 0, "created": true, "contexts": 1, "raw": 131679}
{"event": "fresh_confirmation_stage_complete", "lifecycle": 14, "stage": "A1", "context": 0, "created": true, "contexts": 1, "raw": 131722}
{"event": "fresh_confirmation_stage_complete", "lifecycle": 13, "stage": "A1", "context": 0, "created": true, "contexts": 1, "raw": 132067}
{"event": "fresh_confirmation_stage_complete", "lifecycle": 15, "stage": "B1", "context": 1, "created": true, "contexts": 2, "raw": 131346}
{"event": "fresh_confirmation_stage_complete", "lifecycle": 12, "stage": "B1", "context": 1, "created": true, "contexts": 2, "raw": 131531}
{"event": "fresh_confirmation_stage_complete", "lifecycle": 14, "stage": "B1", "context": 1, "created": true, "contexts": 2, "raw": 131699}
{"event": "fresh_confirmation_stage_complete", "lifecycle": 13, "stage": "B1", "context": 1, "created": true, "contexts": 2, "raw": 131635}
{"event": "fresh_confirmation_stage_complete", "lifecycle": 15, "stage": "A2", "context": 0, "created": false, "contexts": 2, "raw": 723}
{"event": "fresh_confirmation_stage_complete", "lifecycle": 12, "stage": "A2", "context": 0, "created": false, "contexts": 2, "raw": 1031}
{"event": "fresh_confirmation_stage_complete", "lifecycle": 14, "stage": "A2", "context": 0, "created": false, "contexts": 2, "raw": 535}
{"event": "fresh_confirmation_stage_complete", "lifecycle": 13, "stage": "A2", "context": 0, "created": false, "contexts": 2, "raw": 624}
{"event": "fresh_confirmation_stage_complete", "lifecycle": 15, "stage": "B2", "context": 1, "created": false, "contexts": 2, "raw": 403}
{"event": "fresh_confirmation_stage_complete", "lifecycle": 12, "stage": "B2", "context": 1, "created": false, "contexts": 2, "raw": 437}
{"event": "fresh_confirmation_stage_complete", "lifecycle": 14, "stage": "B2", "context": 1, "created": false, "contexts": 2, "raw": 840}
{"event": "fresh_confirmation_stage_complete", "lifecycle": 13, "stage": "B2", "context": 1, "created": false, "contexts": 2, "raw": 315}
{"event": "fresh_confirmation_stage_complete", "lifecycle": 15, "stage": "A3", "context": 0, "created": false, "contexts": 2, "raw": 621}
{"event": "fresh_confirmation_stage_complete", "lifecycle": 12, "stage": "A3", "context": 0, "created": false, "contexts": 2, "raw": 1000}
{"event": "fresh_confirmation_stage_complete", "lifecycle": 14, "stage": "A3", "context": 0, "created": false, "contexts": 2, "raw": 1197}
{"event": "fresh_confirmation_stage_complete", "lifecycle": 13, "stage": "A3", "context": 0, "created": false, "contexts": 2, "raw": 1143}
{"event": "fresh_confirmation_stage_complete", "lifecycle": 19, "stage": "A1", "context": 0, "created": true, "contexts": 1, "raw": 131958}
{"event": "fresh_confirmation_stage_complete", "lifecycle": 18, "stage": "A1", "context": 0, "created": true, "contexts": 1, "raw": 131645}
{"event": "fresh_confirmation_stage_complete", "lifecycle": 16, "stage": "A1", "context": 0, "created": true, "contexts": 1, "raw": 131804}
{"event": "fresh_confirmation_stage_complete", "lifecycle": 17, "stage": "A1", "context": 0, "created": true, "contexts": 1, "raw": 131836}
{"event": "fresh_confirmation_stage_complete", "lifecycle": 19, "stage": "B1", "context": 1, "created": true, "contexts": 2, "raw": 131525}
{"event": "fresh_confirmation_stage_complete", "lifecycle": 18, "stage": "B1", "context": 1, "created": true, "contexts": 2, "raw": 131566}
{"event": "fresh_confirmation_stage_complete", "lifecycle": 16, "stage": "B1", "context": 1, "created": true, "contexts": 2, "raw": 131348}
{"event": "fresh_confirmation_stage_complete", "lifecycle": 17, "stage": "B1", "context": 1, "created": true, "contexts": 2, "raw": 131453}
{"event": "fresh_confirmation_stage_complete", "lifecycle": 19, "stage": "A2", "context": 0, "created": false, "contexts": 2, "raw": 553}
{"event": "fresh_confirmation_stage_complete", "lifecycle": 18, "stage": "A2", "context": 0, "created": false, "contexts": 2, "raw": 706}
{"event": "fresh_confirmation_stage_complete", "lifecycle": 16, "stage": "A2", "context": 0, "created": false, "contexts": 2, "raw": 520}
{"event": "fresh_confirmation_stage_complete", "lifecycle": 17, "stage": "A2", "context": 0, "created": false, "contexts": 2, "raw": 578}
{"event": "fresh_confirmation_stage_complete", "lifecycle": 19, "stage": "B2", "context": 1, "created": false, "contexts": 2, "raw": 299}
{"event": "fresh_confirmation_stage_complete", "lifecycle": 18, "stage": "B2", "context": 1, "created": false, "contexts": 2, "raw": 359}
{"event": "fresh_confirmation_stage_complete", "lifecycle": 16, "stage": "B2", "context": 1, "created": false, "contexts": 2, "raw": 573}
{"event": "fresh_confirmation_stage_complete", "lifecycle": 17, "stage": "B2", "context": 1, "created": false, "contexts": 2, "raw": 654}
{"event": "fresh_confirmation_stage_complete", "lifecycle": 19, "stage": "A3", "context": 0, "created": false, "contexts": 2, "raw": 1052}
{"event": "fresh_confirmation_stage_complete", "lifecycle": 18, "stage": "A3", "context": 0, "created": false, "contexts": 2, "raw": 655}
{"event": "fresh_confirmation_stage_complete", "lifecycle": 16, "stage": "A3", "context": 0, "created": false, "contexts": 2, "raw": 708}
{"event": "fresh_confirmation_stage_complete", "lifecycle": 17, "stage": "A3", "context": 0, "created": false, "contexts": 2, "raw": 671}
{"event": "fresh_confirmation_stage_complete", "lifecycle": 23, "stage": "A1", "context": 0, "created": true, "contexts": 1, "raw": 131675}
{"event": "fresh_confirmation_stage_complete", "lifecycle": 22, "stage": "A1", "context": 0, "created": true, "contexts": 1, "raw": 131560}
{"event": "fresh_confirmation_stage_complete", "lifecycle": 20, "stage": "A1", "context": 0, "created": true, "contexts": 1, "raw": 131645}
{"event": "fresh_confirmation_stage_complete", "lifecycle": 21, "stage": "A1", "context": 0, "created": true, "contexts": 1, "raw": 132191}
{"event": "fresh_confirmation_stage_complete", "lifecycle": 23, "stage": "B1", "context": 1, "created": true, "contexts": 2, "raw": 131565}
{"event": "fresh_confirmation_stage_complete", "lifecycle": 22, "stage": "B1", "context": 1, "created": true, "contexts": 2, "raw": 131466}
{"event": "fresh_confirmation_stage_complete", "lifecycle": 20, "stage": "B1", "context": 1, "created": true, "contexts": 2, "raw": 131375}
{"event": "fresh_confirmation_stage_complete", "lifecycle": 21, "stage": "B1", "context": 1, "created": true, "contexts": 2, "raw": 131626}
{"event": "fresh_confirmation_stage_complete", "lifecycle": 23, "stage": "A2", "context": 0, "created": false, "contexts": 2, "raw": 1020}
{"event": "fresh_confirmation_stage_complete", "lifecycle": 22, "stage": "A2", "context": 0, "created": false, "contexts": 2, "raw": 691}
{"event": "fresh_confirmation_stage_complete", "lifecycle": 20, "stage": "A2", "context": 0, "created": false, "contexts": 2, "raw": 670}
{"event": "fresh_confirmation_stage_complete", "lifecycle": 21, "stage": "A2", "context": 0, "created": false, "contexts": 2, "raw": 675}
{"event": "fresh_confirmation_stage_complete", "lifecycle": 23, "stage": "B2", "context": 1, "created": false, "contexts": 2, "raw": 383}
{"event": "fresh_confirmation_stage_complete", "lifecycle": 22, "stage": "B2", "context": 1, "created": false, "contexts": 2, "raw": 426}
{"event": "fresh_confirmation_stage_complete", "lifecycle": 20, "stage": "B2", "context": 1, "created": false, "contexts": 2, "raw": 500}
{"event": "fresh_confirmation_stage_complete", "lifecycle": 21, "stage": "B2", "context": 1, "created": false, "contexts": 2, "raw": 414}
{"event": "fresh_confirmation_stage_complete", "lifecycle": 23, "stage": "A3", "context": 0, "created": false, "contexts": 2, "raw": 1274}
{"event": "fresh_confirmation_stage_complete", "lifecycle": 22, "stage": "A3", "context": 0, "created": false, "contexts": 2, "raw": 869}
{"event": "fresh_confirmation_stage_complete", "lifecycle": 20, "stage": "A3", "context": 0, "created": false, "contexts": 2, "raw": 1005}
{"event": "fresh_confirmation_stage_complete", "lifecycle": 21, "stage": "A3", "context": 0, "created": false, "contexts": 2, "raw": 620}
{"event": "fresh_confirmation_stage_complete", "lifecycle": 27, "stage": "A1", "context": 0, "created": true, "contexts": 1, "raw": 132106}
{"event": "fresh_confirmation_stage_complete", "lifecycle": 26, "stage": "A1", "context": 0, "created": true, "contexts": 1, "raw": 131729}
{"event": "fresh_confirmation_stage_complete", "lifecycle": 24, "stage": "A1", "context": 0, "created": true, "contexts": 1, "raw": 132097}
{"event": "fresh_confirmation_stage_complete", "lifecycle": 25, "stage": "A1", "context": 0, "created": true, "contexts": 1, "raw": 132130}
{"event": "fresh_confirmation_stage_complete", "lifecycle": 27, "stage": "B1", "context": 1, "created": true, "contexts": 2, "raw": 131427}
{"event": "fresh_confirmation_stage_complete", "lifecycle": 26, "stage": "B1", "context": 1, "created": true, "contexts": 2, "raw": 131719}
{"event": "fresh_confirmation_stage_complete", "lifecycle": 24, "stage": "B1", "context": 1, "created": true, "contexts": 2, "raw": 131674}
{"event": "fresh_confirmation_stage_complete", "lifecycle": 25, "stage": "B1", "context": 1, "created": true, "contexts": 2, "raw": 131827}
{"event": "fresh_confirmation_stage_complete", "lifecycle": 27, "stage": "A2", "context": 0, "created": false, "contexts": 2, "raw": 949}
{"event": "fresh_confirmation_stage_complete", "lifecycle": 26, "stage": "A2", "context": 0, "created": false, "contexts": 2, "raw": 763}
{"event": "fresh_confirmation_stage_complete", "lifecycle": 24, "stage": "A2", "context": 0, "created": false, "contexts": 2, "raw": 531}
{"event": "fresh_confirmation_stage_complete", "lifecycle": 25, "stage": "A2", "context": 0, "created": false, "contexts": 2, "raw": 368}
{"event": "fresh_confirmation_stage_complete", "lifecycle": 27, "stage": "B2", "context": 1, "created": false, "contexts": 2, "raw": 547}
{"event": "fresh_confirmation_stage_complete", "lifecycle": 26, "stage": "B2", "context": 1, "created": false, "contexts": 2, "raw": 419}
{"event": "fresh_confirmation_stage_complete", "lifecycle": 24, "stage": "B2", "context": 1, "created": false, "contexts": 2, "raw": 489}
{"event": "fresh_confirmation_stage_complete", "lifecycle": 25, "stage": "B2", "context": 1, "created": false, "contexts": 2, "raw": 684}
{"event": "fresh_confirmation_stage_complete", "lifecycle": 27, "stage": "A3", "context": 0, "created": false, "contexts": 2, "raw": 1036}
{"event": "fresh_confirmation_stage_complete", "lifecycle": 26, "stage": "A3", "context": 0, "created": false, "contexts": 2, "raw": 761}
{"event": "fresh_confirmation_stage_complete", "lifecycle": 24, "stage": "A3", "context": 0, "created": false, "contexts": 2, "raw": 995}
{"event": "fresh_confirmation_stage_complete", "lifecycle": 25, "stage": "A3", "context": 0, "created": false, "contexts": 2, "raw": 928}
{"event": "fresh_confirmation_stage_complete", "lifecycle": 31, "stage": "A1", "context": 0, "created": true, "contexts": 1, "raw": 131852}
{"event": "fresh_confirmation_stage_complete", "lifecycle": 30, "stage": "A1", "context": 0, "created": true, "contexts": 1, "raw": 131814}
{"event": "fresh_confirmation_stage_complete", "lifecycle": 28, "stage": "A1", "context": 0, "created": true, "contexts": 1, "raw": 131586}
{"event": "fresh_confirmation_stage_complete", "lifecycle": 29, "stage": "A1", "context": 0, "created": true, "contexts": 1, "raw": 131859}
{"event": "fresh_confirmation_stage_complete", "lifecycle": 31, "stage": "B1", "context": 1, "created": true, "contexts": 2, "raw": 131740}
{"event": "fresh_confirmation_stage_complete", "lifecycle": 30, "stage": "B1", "context": 1, "created": true, "contexts": 2, "raw": 131565}
{"event": "fresh_confirmation_stage_complete", "lifecycle": 28, "stage": "B1", "context": 1, "created": true, "contexts": 2, "raw": 131368}
{"event": "fresh_confirmation_stage_complete", "lifecycle": 29, "stage": "B1", "context": 1, "created": true, "contexts": 2, "raw": 131469}
{"event": "fresh_confirmation_stage_complete", "lifecycle": 31, "stage": "A2", "context": 0, "created": false, "contexts": 2, "raw": 556}
{"event": "fresh_confirmation_stage_complete", "lifecycle": 30, "stage": "A2", "context": 0, "created": false, "contexts": 2, "raw": 572}
{"event": "fresh_confirmation_stage_complete", "lifecycle": 28, "stage": "A2", "context": 0, "created": false, "contexts": 2, "raw": 1240}
{"event": "fresh_confirmation_stage_complete", "lifecycle": 29, "stage": "A2", "context": 0, "created": false, "contexts": 2, "raw": 667}
{"event": "fresh_confirmation_stage_complete", "lifecycle": 31, "stage": "B2", "context": 1, "created": false, "contexts": 2, "raw": 409}
{"event": "fresh_confirmation_stage_complete", "lifecycle": 30, "stage": "B2", "context": 1, "created": false, "contexts": 2, "raw": 400}
{"event": "fresh_confirmation_stage_complete", "lifecycle": 28, "stage": "B2", "context": 1, "created": false, "contexts": 2, "raw": 402}
{"event": "fresh_confirmation_stage_complete", "lifecycle": 29, "stage": "B2", "context": 1, "created": false, "contexts": 2, "raw": 259}
{"event": "fresh_confirmation_stage_complete", "lifecycle": 31, "stage": "A3", "context": 0, "created": false, "contexts": 2, "raw": 1010}
{"event": "fresh_confirmation_stage_complete", "lifecycle": 30, "stage": "A3", "context": 0, "created": false, "contexts": 2, "raw": 362}
{"event": "fresh_confirmation_stage_complete", "lifecycle": 28, "stage": "A3", "context": 0, "created": false, "contexts": 2, "raw": 749}
{"event": "fresh_confirmation_stage_complete", "lifecycle": 29, "stage": "A3", "context": 0, "created": false, "contexts": 2, "raw": 1041}
{"event": "fresh_confirmation_stage_complete", "lifecycle": 35, "stage": "A1", "context": 0, "created": true, "contexts": 1, "raw": 131754}
{"event": "fresh_confirmation_stage_complete", "lifecycle": 34, "stage": "A1", "context": 0, "created": true, "contexts": 1, "raw": 131667}
{"event": "fresh_confirmation_stage_complete", "lifecycle": 32, "stage": "A1", "context": 0, "created": true, "contexts": 1, "raw": 131931}
{"event": "fresh_confirmation_stage_complete", "lifecycle": 33, "stage": "A1", "context": 0, "created": true, "contexts": 1, "raw": 132286}
{"event": "fresh_confirmation_stage_complete", "lifecycle": 35, "stage": "B1", "context": 1, "created": true, "contexts": 2, "raw": 131341}
{"event": "fresh_confirmation_stage_complete", "lifecycle": 34, "stage": "B1", "context": 1, "created": true, "contexts": 2, "raw": 131549}
{"event": "fresh_confirmation_stage_complete", "lifecycle": 32, "stage": "B1", "context": 1, "created": true, "contexts": 2, "raw": 131582}
{"event": "fresh_confirmation_stage_complete", "lifecycle": 33, "stage": "B1", "context": 1, "created": true, "contexts": 2, "raw": 131552}
{"event": "fresh_confirmation_stage_complete", "lifecycle": 35, "stage": "A2", "context": 0, "created": false, "contexts": 2, "raw": 1082}
{"event": "fresh_confirmation_stage_complete", "lifecycle": 34, "stage": "A2", "context": 0, "created": false, "contexts": 2, "raw": 677}
{"event": "fresh_confirmation_stage_complete", "lifecycle": 32, "stage": "A2", "context": 0, "created": false, "contexts": 2, "raw": 802}
{"event": "fresh_confirmation_stage_complete", "lifecycle": 33, "stage": "A2", "context": 0, "created": false, "contexts": 2, "raw": 912}
{"event": "fresh_confirmation_stage_complete", "lifecycle": 35, "stage": "B2", "context": 1, "created": false, "contexts": 2, "raw": 497}
{"event": "fresh_confirmation_stage_complete", "lifecycle": 34, "stage": "B2", "context": 1, "created": false, "contexts": 2, "raw": 419}
{"event": "fresh_confirmation_stage_complete", "lifecycle": 32, "stage": "B2", "context": 1, "created": false, "contexts": 2, "raw": 635}
{"event": "fresh_confirmation_stage_complete", "lifecycle": 33, "stage": "B2", "context": 1, "created": false, "contexts": 2, "raw": 863}
{"event": "fresh_confirmation_stage_complete", "lifecycle": 35, "stage": "A3", "context": 0, "created": false, "contexts": 2, "raw": 679}
{"event": "fresh_confirmation_stage_complete", "lifecycle": 34, "stage": "A3", "context": 0, "created": false, "contexts": 2, "raw": 1133}
{"event": "fresh_confirmation_stage_complete", "lifecycle": 32, "stage": "A3", "context": 0, "created": false, "contexts": 2, "raw": 987}
{"event": "fresh_confirmation_stage_complete", "lifecycle": 33, "stage": "A3", "context": 0, "created": false, "contexts": 2, "raw": 581}
{"event": "fresh_confirmation_stage_complete", "lifecycle": 39, "stage": "A1", "context": 0, "created": true, "contexts": 1, "raw": 131505}
{"event": "fresh_confirmation_stage_complete", "lifecycle": 38, "stage": "A1", "context": 0, "created": true, "contexts": 1, "raw": 131770}
{"event": "fresh_confirmation_stage_complete", "lifecycle": 36, "stage": "A1", "context": 0, "created": true, "contexts": 1, "raw": 132073}
{"event": "fresh_confirmation_stage_complete", "lifecycle": 37, "stage": "A1", "context": 0, "created": true, "contexts": 1, "raw": 131610}
{"event": "fresh_confirmation_stage_complete", "lifecycle": 39, "stage": "B1", "context": 1, "created": true, "contexts": 2, "raw": 131877}
{"event": "fresh_confirmation_stage_complete", "lifecycle": 38, "stage": "B1", "context": 1, "created": true, "contexts": 2, "raw": 131813}
{"event": "fresh_confirmation_stage_complete", "lifecycle": 36, "stage": "B1", "context": 1, "created": true, "contexts": 2, "raw": 131781}
{"event": "fresh_confirmation_stage_complete", "lifecycle": 37, "stage": "B1", "context": 1, "created": true, "contexts": 2, "raw": 131828}
{"event": "fresh_confirmation_stage_complete", "lifecycle": 39, "stage": "A2", "context": 0, "created": false, "contexts": 2, "raw": 934}
{"event": "fresh_confirmation_stage_complete", "lifecycle": 38, "stage": "A2", "context": 0, "created": false, "contexts": 2, "raw": 733}
{"event": "fresh_confirmation_stage_complete", "lifecycle": 36, "stage": "A2", "context": 0, "created": false, "contexts": 2, "raw": 573}
{"event": "fresh_confirmation_stage_complete", "lifecycle": 37, "stage": "A2", "context": 0, "created": false, "contexts": 2, "raw": 625}
{"event": "fresh_confirmation_stage_complete", "lifecycle": 39, "stage": "B2", "context": 1, "created": false, "contexts": 2, "raw": 815}
{"event": "fresh_confirmation_stage_complete", "lifecycle": 38, "stage": "B2", "context": 1, "created": false, "contexts": 2, "raw": 665}
{"event": "fresh_confirmation_stage_complete", "lifecycle": 36, "stage": "B2", "context": 1, "created": false, "contexts": 2, "raw": 747}
{"event": "fresh_confirmation_stage_complete", "lifecycle": 37, "stage": "B2", "context": 1, "created": false, "contexts": 2, "raw": 410}
{"event": "fresh_confirmation_stage_complete", "lifecycle": 39, "stage": "A3", "context": 0, "created": false, "contexts": 2, "raw": 994}
{"event": "fresh_confirmation_stage_complete", "lifecycle": 38, "stage": "A3", "context": 0, "created": false, "contexts": 2, "raw": 702}
{"event": "fresh_confirmation_stage_complete", "lifecycle": 36, "stage": "A3", "context": 0, "created": false, "contexts": 2, "raw": 958}
{"event": "fresh_confirmation_stage_complete", "lifecycle": 37, "stage": "A3", "context": 0, "created": false, "contexts": 2, "raw": 958}
{"event": "fresh_confirmation_stage_complete", "lifecycle": 43, "stage": "A1", "context": 0, "created": true, "contexts": 1, "raw": 132099}
{"event": "fresh_confirmation_stage_complete", "lifecycle": 42, "stage": "A1", "context": 0, "created": true, "contexts": 1, "raw": 132181}
{"event": "fresh_confirmation_stage_complete", "lifecycle": 41, "stage": "A1", "context": 0, "created": true, "contexts": 1, "raw": 131418}
{"event": "fresh_confirmation_stage_complete", "lifecycle": 40, "stage": "A1", "context": 0, "created": true, "contexts": 1, "raw": 132116}
{"event": "fresh_confirmation_stage_complete", "lifecycle": 43, "stage": "B1", "context": 1, "created": true, "contexts": 2, "raw": 131480}
{"event": "fresh_confirmation_stage_complete", "lifecycle": 42, "stage": "B1", "context": 1, "created": true, "contexts": 2, "raw": 131670}
{"event": "fresh_confirmation_stage_complete", "lifecycle": 41, "stage": "B1", "context": 1, "created": true, "contexts": 2, "raw": 131762}
{"event": "fresh_confirmation_stage_complete", "lifecycle": 40, "stage": "B1", "context": 1, "created": true, "contexts": 2, "raw": 131596}
{"event": "fresh_confirmation_stage_complete", "lifecycle": 43, "stage": "A2", "context": 0, "created": false, "contexts": 2, "raw": 816}
{"event": "fresh_confirmation_stage_complete", "lifecycle": 42, "stage": "A2", "context": 0, "created": false, "contexts": 2, "raw": 534}
{"event": "fresh_confirmation_stage_complete", "lifecycle": 41, "stage": "A2", "context": 0, "created": false, "contexts": 2, "raw": 905}
{"event": "fresh_confirmation_stage_complete", "lifecycle": 40, "stage": "A2", "context": 0, "created": false, "contexts": 2, "raw": 887}
{"event": "fresh_confirmation_stage_complete", "lifecycle": 43, "stage": "B2", "context": 1, "created": false, "contexts": 2, "raw": 520}
{"event": "fresh_confirmation_stage_complete", "lifecycle": 42, "stage": "B2", "context": 1, "created": false, "contexts": 2, "raw": 323}
{"event": "fresh_confirmation_stage_complete", "lifecycle": 41, "stage": "B2", "context": 1, "created": false, "contexts": 2, "raw": 443}
{"event": "fresh_confirmation_stage_complete", "lifecycle": 40, "stage": "B2", "context": 1, "created": false, "contexts": 2, "raw": 509}
{"event": "fresh_confirmation_stage_complete", "lifecycle": 43, "stage": "A3", "context": 0, "created": false, "contexts": 2, "raw": 726}
{"event": "fresh_confirmation_stage_complete", "lifecycle": 42, "stage": "A3", "context": 0, "created": false, "contexts": 2, "raw": 976}
{"event": "fresh_confirmation_stage_complete", "lifecycle": 41, "stage": "A3", "context": 0, "created": false, "contexts": 2, "raw": 784}
{"event": "fresh_confirmation_stage_complete", "lifecycle": 40, "stage": "A3", "context": 0, "created": false, "contexts": 2, "raw": 781}
{"event": "fresh_confirmation_stage_complete", "lifecycle": 47, "stage": "A1", "context": 0, "created": true, "contexts": 1, "raw": 131656}
{"event": "fresh_confirmation_stage_complete", "lifecycle": 46, "stage": "A1", "context": 0, "created": true, "contexts": 1, "raw": 132122}
{"event": "fresh_confirmation_stage_complete", "lifecycle": 44, "stage": "A1", "context": 0, "created": true, "contexts": 1, "raw": 132283}
{"event": "fresh_confirmation_stage_complete", "lifecycle": 45, "stage": "A1", "context": 0, "created": true, "contexts": 1, "raw": 131944}
{"event": "fresh_confirmation_stage_complete", "lifecycle": 47, "stage": "B1", "context": 1, "created": true, "contexts": 2, "raw": 131445}
{"event": "fresh_confirmation_stage_complete", "lifecycle": 46, "stage": "B1", "context": 1, "created": true, "contexts": 2, "raw": 131491}
{"event": "fresh_confirmation_stage_complete", "lifecycle": 44, "stage": "B1", "context": 1, "created": true, "contexts": 2, "raw": 131509}
{"event": "fresh_confirmation_stage_complete", "lifecycle": 45, "stage": "B1", "context": 1, "created": true, "contexts": 2, "raw": 131470}
{"event": "fresh_confirmation_stage_complete", "lifecycle": 47, "stage": "A2", "context": 0, "created": false, "contexts": 2, "raw": 982}
{"event": "fresh_confirmation_stage_complete", "lifecycle": 46, "stage": "A2", "context": 0, "created": false, "contexts": 2, "raw": 745}
{"event": "fresh_confirmation_stage_complete", "lifecycle": 44, "stage": "A2", "context": 0, "created": false, "contexts": 2, "raw": 527}
{"event": "fresh_confirmation_stage_complete", "lifecycle": 45, "stage": "A2", "context": 0, "created": false, "contexts": 2, "raw": 674}
{"event": "fresh_confirmation_stage_complete", "lifecycle": 47, "stage": "B2", "context": 1, "created": false, "contexts": 2, "raw": 696}
{"event": "fresh_confirmation_stage_complete", "lifecycle": 46, "stage": "B2", "context": 1, "created": false, "contexts": 2, "raw": 307}
{"event": "fresh_confirmation_stage_complete", "lifecycle": 44, "stage": "B2", "context": 1, "created": false, "contexts": 2, "raw": 458}
{"event": "fresh_confirmation_stage_complete", "lifecycle": 45, "stage": "B2", "context": 1, "created": false, "contexts": 2, "raw": 397}
{"event": "fresh_confirmation_stage_complete", "lifecycle": 47, "stage": "A3", "context": 0, "created": false, "contexts": 2, "raw": 719}
{"event": "fresh_confirmation_stage_complete", "lifecycle": 46, "stage": "A3", "context": 0, "created": false, "contexts": 2, "raw": 998}
{"event": "fresh_confirmation_stage_complete", "lifecycle": 44, "stage": "A3", "context": 0, "created": false, "contexts": 2, "raw": 980}
{"event": "fresh_confirmation_stage_complete", "lifecycle": 45, "stage": "A3", "context": 0, "created": false, "contexts": 2, "raw": 404}
{"event": "fresh_confirmation_stage_complete", "lifecycle": 51, "stage": "A1", "context": 0, "created": true, "contexts": 1, "raw": 131861}
{"event": "fresh_confirmation_stage_complete", "lifecycle": 50, "stage": "A1", "context": 0, "created": true, "contexts": 1, "raw": 131758}
{"event": "fresh_confirmation_stage_complete", "lifecycle": 48, "stage": "A1", "context": 0, "created": true, "contexts": 1, "raw": 132019}
{"event": "fresh_confirmation_stage_complete", "lifecycle": 49, "stage": "A1", "context": 0, "created": true, "contexts": 1, "raw": 131928}
{"event": "fresh_confirmation_stage_complete", "lifecycle": 51, "stage": "B1", "context": 1, "created": true, "contexts": 2, "raw": 131703}
{"event": "fresh_confirmation_stage_complete", "lifecycle": 50, "stage": "B1", "context": 1, "created": true, "contexts": 2, "raw": 131437}
{"event": "fresh_confirmation_stage_complete", "lifecycle": 48, "stage": "B1", "context": 1, "created": true, "contexts": 2, "raw": 131639}
{"event": "fresh_confirmation_stage_complete", "lifecycle": 49, "stage": "B1", "context": 1, "created": true, "contexts": 2, "raw": 131707}
{"event": "fresh_confirmation_stage_complete", "lifecycle": 51, "stage": "A2", "context": 0, "created": false, "contexts": 2, "raw": 1037}
{"event": "fresh_confirmation_stage_complete", "lifecycle": 50, "stage": "A2", "context": 0, "created": false, "contexts": 2, "raw": 698}
{"event": "fresh_confirmation_stage_complete", "lifecycle": 48, "stage": "A2", "context": 0, "created": false, "contexts": 2, "raw": 1089}
{"event": "fresh_confirmation_stage_complete", "lifecycle": 49, "stage": "A2", "context": 0, "created": false, "contexts": 2, "raw": 1017}
{"event": "fresh_confirmation_stage_complete", "lifecycle": 51, "stage": "B2", "context": 1, "created": false, "contexts": 2, "raw": 423}
{"event": "fresh_confirmation_stage_complete", "lifecycle": 50, "stage": "B2", "context": 1, "created": false, "contexts": 2, "raw": 276}
{"event": "fresh_confirmation_stage_complete", "lifecycle": 48, "stage": "B2", "context": 1, "created": false, "contexts": 2, "raw": 610}
{"event": "fresh_confirmation_stage_complete", "lifecycle": 49, "stage": "B2", "context": 1, "created": false, "contexts": 2, "raw": 392}
{"event": "fresh_confirmation_stage_complete", "lifecycle": 51, "stage": "A3", "context": 0, "created": false, "contexts": 2, "raw": 973}
{"event": "fresh_confirmation_stage_complete", "lifecycle": 50, "stage": "A3", "context": 0, "created": false, "contexts": 2, "raw": 907}
{"event": "fresh_confirmation_stage_complete", "lifecycle": 48, "stage": "A3", "context": 0, "created": false, "contexts": 2, "raw": 1209}
{"event": "fresh_confirmation_stage_complete", "lifecycle": 49, "stage": "A3", "context": 0, "created": false, "contexts": 2, "raw": 956}
{"event": "fresh_confirmation_stage_complete", "lifecycle": 55, "stage": "A1", "context": 0, "created": true, "contexts": 1, "raw": 131627}
{"event": "fresh_confirmation_stage_complete", "lifecycle": 54, "stage": "A1", "context": 0, "created": true, "contexts": 1, "raw": 131904}
{"event": "fresh_confirmation_stage_complete", "lifecycle": 52, "stage": "A1", "context": 0, "created": true, "contexts": 1, "raw": 132113}
{"event": "fresh_confirmation_stage_complete", "lifecycle": 53, "stage": "A1", "context": 0, "created": true, "contexts": 1, "raw": 131648}
{"event": "fresh_confirmation_stage_complete", "lifecycle": 55, "stage": "B1", "context": 1, "created": true, "contexts": 2, "raw": 131563}
{"event": "fresh_confirmation_stage_complete", "lifecycle": 54, "stage": "B1", "context": 1, "created": true, "contexts": 2, "raw": 131494}
{"event": "fresh_confirmation_stage_complete", "lifecycle": 52, "stage": "B1", "context": 1, "created": true, "contexts": 2, "raw": 131617}
{"event": "fresh_confirmation_stage_complete", "lifecycle": 53, "stage": "B1", "context": 1, "created": true, "contexts": 2, "raw": 131495}
{"event": "fresh_confirmation_stage_complete", "lifecycle": 55, "stage": "A2", "context": 0, "created": false, "contexts": 2, "raw": 631}
{"event": "fresh_confirmation_stage_complete", "lifecycle": 54, "stage": "A2", "context": 0, "created": false, "contexts": 2, "raw": 912}
{"event": "fresh_confirmation_stage_complete", "lifecycle": 52, "stage": "A2", "context": 0, "created": false, "contexts": 2, "raw": 987}
{"event": "fresh_confirmation_stage_complete", "lifecycle": 53, "stage": "A2", "context": 0, "created": false, "contexts": 2, "raw": 555}
{"event": "fresh_confirmation_stage_complete", "lifecycle": 55, "stage": "B2", "context": 1, "created": false, "contexts": 2, "raw": 665}
{"event": "fresh_confirmation_stage_complete", "lifecycle": 54, "stage": "B2", "context": 1, "created": false, "contexts": 2, "raw": 564}
{"event": "fresh_confirmation_stage_complete", "lifecycle": 52, "stage": "B2", "context": 1, "created": false, "contexts": 2, "raw": 603}
{"event": "fresh_confirmation_stage_complete", "lifecycle": 53, "stage": "B2", "context": 1, "created": false, "contexts": 2, "raw": 515}
{"event": "fresh_confirmation_stage_complete", "lifecycle": 55, "stage": "A3", "context": 0, "created": false, "contexts": 2, "raw": 1102}
{"event": "fresh_confirmation_stage_complete", "lifecycle": 54, "stage": "A3", "context": 0, "created": false, "contexts": 2, "raw": 672}
{"event": "fresh_confirmation_stage_complete", "lifecycle": 52, "stage": "A3", "context": 0, "created": false, "contexts": 2, "raw": 509}
{"event": "fresh_confirmation_stage_complete", "lifecycle": 53, "stage": "A3", "context": 0, "created": false, "contexts": 2, "raw": 969}
{"event": "fresh_confirmation_stage_complete", "lifecycle": 59, "stage": "A1", "context": 0, "created": true, "contexts": 1, "raw": 131740}
{"event": "fresh_confirmation_stage_complete", "lifecycle": 58, "stage": "A1", "context": 0, "created": true, "contexts": 1, "raw": 132125}
{"event": "fresh_confirmation_stage_complete", "lifecycle": 56, "stage": "A1", "context": 0, "created": true, "contexts": 1, "raw": 131526}
{"event": "fresh_confirmation_stage_complete", "lifecycle": 57, "stage": "A1", "context": 0, "created": true, "contexts": 1, "raw": 131937}
{"event": "fresh_confirmation_stage_complete", "lifecycle": 59, "stage": "B1", "context": 1, "created": true, "contexts": 2, "raw": 131475}
{"event": "fresh_confirmation_stage_complete", "lifecycle": 58, "stage": "B1", "context": 1, "created": true, "contexts": 2, "raw": 131844}
{"event": "fresh_confirmation_stage_complete", "lifecycle": 56, "stage": "B1", "context": 1, "created": true, "contexts": 2, "raw": 131570}
{"event": "fresh_confirmation_stage_complete", "lifecycle": 57, "stage": "B1", "context": 1, "created": true, "contexts": 2, "raw": 131472}
{"event": "fresh_confirmation_stage_complete", "lifecycle": 59, "stage": "A2", "context": 0, "created": false, "contexts": 2, "raw": 1079}
{"event": "fresh_confirmation_stage_complete", "lifecycle": 58, "stage": "A2", "context": 0, "created": false, "contexts": 2, "raw": 1066}
{"event": "fresh_confirmation_stage_complete", "lifecycle": 56, "stage": "A2", "context": 0, "created": false, "contexts": 2, "raw": 900}
{"event": "fresh_confirmation_stage_complete", "lifecycle": 57, "stage": "A2", "context": 0, "created": false, "contexts": 2, "raw": 572}
{"event": "fresh_confirmation_stage_complete", "lifecycle": 59, "stage": "B2", "context": 1, "created": false, "contexts": 2, "raw": 841}
{"event": "fresh_confirmation_stage_complete", "lifecycle": 58, "stage": "B2", "context": 1, "created": false, "contexts": 2, "raw": 258}
{"event": "fresh_confirmation_stage_complete", "lifecycle": 56, "stage": "B2", "context": 1, "created": false, "contexts": 2, "raw": 654}
{"event": "fresh_confirmation_stage_complete", "lifecycle": 57, "stage": "B2", "context": 1, "created": false, "contexts": 2, "raw": 641}
{"event": "fresh_confirmation_stage_complete", "lifecycle": 59, "stage": "A3", "context": 0, "created": false, "contexts": 2, "raw": 864}
{"event": "fresh_confirmation_stage_complete", "lifecycle": 58, "stage": "A3", "context": 0, "created": false, "contexts": 2, "raw": 630}
{"event": "fresh_confirmation_stage_complete", "lifecycle": 56, "stage": "A3", "context": 0, "created": false, "contexts": 2, "raw": 957}
{"event": "fresh_confirmation_stage_complete", "lifecycle": 57, "stage": "A3", "context": 0, "created": false, "contexts": 2, "raw": 741}
{"event": "fresh_confirmation_stage_complete", "lifecycle": 63, "stage": "A1", "context": 0, "created": true, "contexts": 1, "raw": 131751}
{"event": "fresh_confirmation_stage_complete", "lifecycle": 62, "stage": "A1", "context": 0, "created": true, "contexts": 1, "raw": 131751}
{"event": "fresh_confirmation_stage_complete", "lifecycle": 60, "stage": "A1", "context": 0, "created": true, "contexts": 1, "raw": 132044}
{"event": "fresh_confirmation_stage_complete", "lifecycle": 61, "stage": "A1", "context": 0, "created": true, "contexts": 1, "raw": 131827}
{"event": "fresh_confirmation_stage_complete", "lifecycle": 63, "stage": "B1", "context": 1, "created": true, "contexts": 2, "raw": 131791}
{"event": "fresh_confirmation_stage_complete", "lifecycle": 62, "stage": "B1", "context": 1, "created": true, "contexts": 2, "raw": 131487}
{"event": "fresh_confirmation_stage_complete", "lifecycle": 60, "stage": "B1", "context": 1, "created": true, "contexts": 2, "raw": 131581}
{"event": "fresh_confirmation_stage_complete", "lifecycle": 61, "stage": "B1", "context": 1, "created": true, "contexts": 2, "raw": 131390}
{"event": "fresh_confirmation_stage_complete", "lifecycle": 63, "stage": "A2", "context": 0, "created": false, "contexts": 2, "raw": 571}
{"event": "fresh_confirmation_stage_complete", "lifecycle": 62, "stage": "A2", "context": 0, "created": false, "contexts": 2, "raw": 908}
{"event": "fresh_confirmation_stage_complete", "lifecycle": 60, "stage": "A2", "context": 0, "created": false, "contexts": 2, "raw": 988}
{"event": "fresh_confirmation_stage_complete", "lifecycle": 61, "stage": "A2", "context": 0, "created": false, "contexts": 2, "raw": 666}
{"event": "fresh_confirmation_stage_complete", "lifecycle": 63, "stage": "B2", "context": 1, "created": false, "contexts": 2, "raw": 315}
{"event": "fresh_confirmation_stage_complete", "lifecycle": 62, "stage": "B2", "context": 1, "created": false, "contexts": 2, "raw": 429}
{"event": "fresh_confirmation_stage_complete", "lifecycle": 60, "stage": "B2", "context": 1, "created": false, "contexts": 2, "raw": 540}
{"event": "fresh_confirmation_stage_complete", "lifecycle": 61, "stage": "B2", "context": 1, "created": false, "contexts": 2, "raw": 352}
{"event": "fresh_confirmation_stage_complete", "lifecycle": 63, "stage": "A3", "context": 0, "created": false, "contexts": 2, "raw": 620}
{"event": "fresh_confirmation_stage_complete", "lifecycle": 62, "stage": "A3", "context": 0, "created": false, "contexts": 2, "raw": 1095}
{"event": "fresh_confirmation_stage_complete", "lifecycle": 60, "stage": "A3", "context": 0, "created": false, "contexts": 2, "raw": 620}
{"event": "fresh_confirmation_stage_complete", "lifecycle": 61, "stage": "A3", "context": 0, "created": false, "contexts": 2, "raw": 568}
{"event": "fresh_confirmation_complete", "primary": {"mean": 1.2702670097351074, "ci95": [1.087409996986389, 1.4476662158966065], "lifecycle_deltas": {"0": 1.42010498046875, "1": 1.527984619140625, "2": 1.71307373046875, "3": 0.96917724609375, "4": 2.52593994140625, "5": 1.3240966796875, "6": 1.07281494140625, "7": 0.780029296875, "8": 2.28369140625, "9": -0.717987060546875, "10": 0.1748046875, "11": 1.948089599609375, "12": 2.81744384765625, "13": 1.22821044921875, "14": 0.603363037109375, "15": -0.885772705078125, "16": 1.177215576171875, "17": 0.184844970703125, "18": 1.153533935546875, "19": 1.244476318359375, "20": 1.19580078125, "21": 0.3311767578125, "22": 0.74566650390625, "23": 1.1796875, "24": 1.370849609375, "25": 1.59033203125, "26": 2.43304443359375, "27": 1.941375732421875, "28": 1.98583984375, "29": 2.087982177734375, "30": 0.70294189453125, "31": 0.5, "32": 1.95550537109375, "33": 2.205810546875, "34": 1.8172607421875, "35": 1.074005126953125, "36": 0.92205810546875, "37": 1.455810546875, "38": 0.318634033203125, "39": 1.349761962890625, "40": 1.45050048828125, "41": 2.417694091796875, "42": 1.052947998046875, "43": 2.48919677734375, "44": 1.217803955078125, "45": 1.248382568359375, "46": 0.59246826171875, "47": 0.40130615234375, "48": 2.47943115234375, "49": 1.869781494140625, "50": 1.970123291015625, "51": 1.015228271484375, "52": 1.377777099609375, "53": 0.475555419921875, "54": 1.01171875, "55": -0.020843505859375, "56": 1.402923583984375, "57": 0.207244873046875, "58": 1.483001708984375, "59": 2.54486083984375, "60": 1.9893798828125, "61": 0.386688232421875, "62": 1.760345458984375, "63": 0.764892578125}, "improved_equal_worse": [61, 0, 3], "adverse_lifecycles": [9, 15, 55], "parent_mean_deltas": {"0": 1.7232666015625, "1": 1.1139755249023438, "2": 1.1628589630126953, "3": 1.0809669494628906}, "interval_scope": "CONDITIONAL_ON_FOUR_FROZEN_PARENTS"}, "net_gain": true, "retention": {"A_after_B1": "SUPPORTED_NONDECREASE", "A_return_A2": "SUPPORTED_NONDECREASE", "A_after_B2": "SUPPORTED_NONDECREASE", "A_final_vs_A1": "SUPPORTED_NONDECREASE", "B_after_A2": "SUPPORTED_NONDECREASE", "B_return_B2": "SUPPORTED_NONDECREASE", "B_final_vs_B1": "SUPPORTED_NONDECREASE"}}
