{
  "status": "PASS",
  "independent_valid": true,
  "lifecycles": 64,
  "fixed_source_parents": 4,
  "fresh_stage_histories": 192,
  "canonical_rows": 393802,
  "fresh_actor_raw_tiles": 25165824,
  "fresh_warmup_raw_tiles": 140896,
  "fit_games": 24109,
  "heldout_games": 6114,
  "processed_training_samples": {
    "SOURCE": 0,
    "MC": 19940640,
    "LOCAL_RISK": 19940640
  },
  "final_cumulative_updates": {
    "SOURCE": 0,
    "MC": 19940640,
    "LOCAL_RISK": 19940640
  },
  "excluded_tail_raw_tiles": 84270,
  "evaluation_games": 30720,
  "distinct_evaluation_seed_conditions": 4096,
  "evaluation_cutoffs": 0,
  "economic_training_raw_tiles_per_arm": 36586312,
  "actual_parameter_writes": {
    "SOURCE": 0,
    "MC": 283255782,
    "LOCAL_RISK": 566511564
  },
  "primary_sequence_gain_supported": true,
  "primary_utility": {
    "mean": 0.41019344329833984,
    "ci95": [
      0.13324235677719118,
      0.6782712936401365
    ],
    "lifecycle_deltas": {
      "0": 0.648529052734375,
      "1": -1.558563232421875,
      "2": 2.056396484375,
      "3": 1.611297607421875,
      "4": -0.5833740234375,
      "5": 0.668670654296875,
      "6": -0.36724853515625,
      "7": 0.477325439453125,
      "8": 0.855682373046875,
      "9": -1.35638427734375,
      "10": 0.789459228515625,
      "11": 2.2515869140625,
      "12": -1.10125732421875,
      "13": 0.630889892578125,
      "14": 1.91485595703125,
      "15": 3.2109375,
      "16": 0.7774658203125,
      "17": 1.67877197265625,
      "18": -1.973785400390625,
      "19": -1.606964111328125,
      "20": 0.014404296875,
      "21": 2.022918701171875,
      "22": -0.347198486328125,
      "23": -1.037322998046875,
      "24": 1.484283447265625,
      "25": -0.31097412109375,
      "26": 0.7960205078125,
      "27": 1.75128173828125,
      "28": -1.475067138671875,
      "29": 0.946044921875,
      "30": -0.711181640625,
      "31": 0.65606689453125,
      "32": 1.552734375,
      "33": -0.20733642578125,
      "34": 0.947662353515625,
      "35": 0.195159912109375,
      "36": 0.478179931640625,
      "37": -0.77398681640625,
      "38": 1.541656494140625,
      "39": 0.068511962890625,
      "40": 1.417388916015625,
      "41": 0.13348388671875,
      "42": 2.335906982421875,
      "43": 1.413818359375,
      "44": 1.140289306640625,
      "45": -1.048828125,
      "46": 0.55078125,
      "47": 0.9818115234375,
      "48": -0.1009521484375,
      "49": 0.761383056640625,
      "50": 0.209716796875,
      "51": 0.2945556640625,
      "52": -1.173492431640625,
      "53": 0.578338623046875,
      "54": 1.292724609375,
      "55": -0.9349365234375,
      "56": -0.1151123046875,
      "57": -0.648712158203125,
      "58": 1.17388916015625,
      "59": -1.433807373046875,
      "60": 0.896453857421875,
      "61": 0.99591064453125,
      "62": -0.134246826171875,
      "63": 1.04986572265625
    },
    "improved_equal_worse": [
      42,
      0,
      22
    ],
    "adverse_lifecycles": [
      1,
      4,
      6,
      9,
      12,
      18,
      19,
      22,
      23,
      25,
      28,
      30,
      33,
      37,
      45,
      48,
      52,
      55,
      56,
      57,
      59,
      62
    ],
    "parent_mean_deltas": {
      "0": 0.29475975036621094,
      "1": 0.15697669982910156,
      "2": 0.6297130584716797,
      "3": 0.5593242645263672
    },
    "interval_scope": "CONDITIONAL_ON_FOUR_FROZEN_PARENTS"
  },
  "retention_status": {
    "A_after_B": "SUPPORTED_LOSS",
    "B_after_A2": "SUPPORTED_NONDECREASE",
    "A_final_vs_A1": "SUPPORTED_LOSS"
  },
  "final_task_gain_supported": {
    "A": true,
    "B": false
  },
  "operational_recovery_valid": true,
  "historical_total_compute_closed": false,
  "training_raw_tiles_physical_lower_bound": 25825312,
  "economic_training_raw_tiles_lower_bound_per_arm": {
    "SOURCE": 37104904,
    "MC": 37104904,
    "LOCAL_RISK": 37104904
  },
  "regenerated_original_arm_receipts": 448,
  "method": "Once-read new canonical warmup and all 192 stage raw/action/score histories; independent observed Beta/router and fit-prefix reconstruction, complete factual targets, once-created SOURCE/MC/local head inventory, cumulative updates and preserved-buffer receipts, full heldout components, unchanged first-task beliefs and paired checkpoint seeds, exact SOURCE repetition, literal forgetting/restoration contrasts, final equal-task primary and all fresh input/actual work costs.",
  "limitations": "No world sampling, experimental weight replay, new fitting or bootstrap regeneration. Producer reconstructs boards; audit checks raw, scores, terminal and memory receipts independently. Head preservation is verified from driver array-identity/counter receipts and finite driver tests. Intervals are checked for fixed-parent scope and feasible range. Stages are externally supplied and SOURCE supplies target data; four inherited source models are reused. All preserved interrupted arm means and updates reproduce exactly; original completed evaluation work is deterministically reconstructed. Unretained original process, fit and evaluation CPU remains unavailable; historical costs are lower bounds.",
  "errors": []
}
