command=TMPDIR=/tmp PYTHONDONTWRITEBYTECODE=1 PYTHONPATH=src pytest -q -s $(rg --files tests | rg '(v41|v124|v159|v168|v178r1|v179)' | sort)
result=66 passed, 1 skipped in 2028.96s (0:33:48)
expected_skip=tests/test_construction_k7_cross_family_generic_compiler_campaign_v124.py:41: frozen identity is never rerun
v178r1_campaign_id=43e174c7ffd17c5a0e18a584dc638ea2cb48a2695bd2073af0fc80e321d90687
v178r1_campaign_sha256=e64ed08f2f8aad04e5fa3145570add5a016b01aee55b20be89c89b9de05eb282
v178r1_verification_id=990cffd9b99324c05281dcb190fb8ea5c514729486e923acbd1f4ce489f8f3a6
v178r1_verification_sha256=f7f0e3aee3c3a1d05d0b4c2df37a36a40db49346935dc47cbc2f67e763686867
v179_completion_contract_id=6823041e61671aa9cefd45903522451c605735d937cab8e356c9035087f2fd66
v179_completion_audit_id=373e67b24f19b130f556fbf5249b5661c27430a2f1ff15bc12dadb38d7238561
v179_verification_id=56fb4630b23cdfa0e28effaccaaabe30ddf8c9e18a40575ec30049fcabe9a3c9
v179_verification_sha256=87cb03551df641ba15b9d3318e24a40d682a267b05896cbe9e72ab37ecb8bf54
production_prior_receipt_event_scan_count=0
production_eager_retained_authorization_update_count=0
registered_finite_central_objective_completed=true
registered_finite_central_objective_completion_independently_verified=true
complete_ground_world_model_synthesized=false
arbitrary_unseen_domain_transfer_claimed=false
official_execution_allowed=false
official_scalar_cost=null
WORKLOAD_ECONOMICS_GATE=NOT_RUN
COUNTER_COMPLETENESS_GATE=NOT_RUN
py_compile=PASS
git_diff_check=PASS
