{"event": "conditional_bellman_phase_complete", "lifecycle": 2, "arm": "FROZEN", "phase": "A", "samples": 0, "heldout_mse": 61.954940176948696, "mean_utility": 8.86614990234375}
{"event": "conditional_bellman_phase_complete", "lifecycle": 0, "arm": "FROZEN", "phase": "A", "samples": 0, "heldout_mse": 37.4822659063695, "mean_utility": 10.7777099609375}
{"event": "conditional_bellman_phase_complete", "lifecycle": 3, "arm": "FROZEN", "phase": "A", "samples": 0, "heldout_mse": 42.87396286398257, "mean_utility": 8.12646484375}
{"event": "conditional_bellman_phase_complete", "lifecycle": 1, "arm": "FROZEN", "phase": "A", "samples": 0, "heldout_mse": 52.35585734227486, "mean_utility": 9.2950439453125}
{"event": "conditional_bellman_phase_complete", "lifecycle": 0, "arm": "MC_BOARD", "phase": "A", "samples": 52689, "heldout_mse": 35.41432549243795, "mean_utility": 10.65960693359375}
{"event": "conditional_bellman_phase_complete", "lifecycle": 2, "arm": "MC_BOARD", "phase": "A", "samples": 50306, "heldout_mse": 35.07226340325716, "mean_utility": 10.01934814453125}
{"event": "conditional_bellman_phase_complete", "lifecycle": 3, "arm": "MC_BOARD", "phase": "A", "samples": 49964, "heldout_mse": 26.24667776152807, "mean_utility": 10.51898193359375}
{"event": "conditional_bellman_phase_complete", "lifecycle": 1, "arm": "MC_BOARD", "phase": "A", "samples": 51460, "heldout_mse": 28.72748390161753, "mean_utility": 12.25433349609375}
{"event": "conditional_bellman_phase_complete", "lifecycle": 0, "arm": "MC_CONDITIONED", "phase": "A", "samples": 52689, "heldout_mse": 35.41432213982225, "mean_utility": 9.09320068359375}
{"event": "conditional_bellman_phase_complete", "lifecycle": 2, "arm": "MC_CONDITIONED", "phase": "A", "samples": 50306, "heldout_mse": 35.072263616112274, "mean_utility": 9.14337158203125}
{"event": "conditional_bellman_phase_complete", "lifecycle": 3, "arm": "MC_CONDITIONED", "phase": "A", "samples": 49964, "heldout_mse": 26.246689773312777, "mean_utility": 10.70721435546875}
{"event": "conditional_bellman_phase_complete", "lifecycle": 1, "arm": "MC_CONDITIONED", "phase": "A", "samples": 51460, "heldout_mse": 28.727499341202712, "mean_utility": 9.662109375}
{"event": "conditional_bellman_phase_complete", "lifecycle": 3, "arm": "BELLMAN_BOARD", "phase": "A", "samples": 49964, "heldout_mse": 42.440956451017435, "mean_utility": 9.413330078125}
{"event": "conditional_bellman_phase_complete", "lifecycle": 0, "arm": "BELLMAN_BOARD", "phase": "A", "samples": 52689, "heldout_mse": 37.17723004607529, "mean_utility": 9.6473388671875}
{"event": "conditional_bellman_phase_complete", "lifecycle": 1, "arm": "BELLMAN_BOARD", "phase": "A", "samples": 51460, "heldout_mse": 51.8177189313418, "mean_utility": 9.658203125}
{"event": "conditional_bellman_phase_complete", "lifecycle": 2, "arm": "BELLMAN_BOARD", "phase": "A", "samples": 50306, "heldout_mse": 61.378319262168, "mean_utility": 8.748046875}
{"event": "conditional_bellman_phase_complete", "lifecycle": 3, "arm": "BELLMAN_CONDITIONED", "phase": "A", "samples": 49964, "heldout_mse": 42.44095825063237, "mean_utility": 9.755859375}
{"event": "conditional_bellman_phase_complete", "lifecycle": 1, "arm": "BELLMAN_CONDITIONED", "phase": "A", "samples": 51460, "heldout_mse": 51.81772062776515, "mean_utility": 9.19586181640625}
{"event": "conditional_bellman_phase_complete", "lifecycle": 0, "arm": "BELLMAN_CONDITIONED", "phase": "A", "samples": 52689, "heldout_mse": 37.1772302499196, "mean_utility": 8.2843017578125}
{"event": "conditional_bellman_phase_complete", "lifecycle": 2, "arm": "BELLMAN_CONDITIONED", "phase": "A", "samples": 50306, "heldout_mse": 61.37831997751239, "mean_utility": 10.74188232421875}
{"event": "conditional_bellman_phase_complete", "lifecycle": 3, "arm": "FROZEN", "phase": "B", "samples": 0, "heldout_mse": 25.069950541379782, "mean_utility": 5.351318359375}
{"event": "conditional_bellman_phase_complete", "lifecycle": 1, "arm": "FROZEN", "phase": "B", "samples": 0, "heldout_mse": 21.26967839197649, "mean_utility": 6.11846923828125}
{"event": "conditional_bellman_phase_complete", "lifecycle": 0, "arm": "FROZEN", "phase": "B", "samples": 0, "heldout_mse": 21.44323855751931, "mean_utility": 5.685302734375}
{"event": "conditional_bellman_phase_complete", "lifecycle": 2, "arm": "FROZEN", "phase": "B", "samples": 0, "heldout_mse": 21.271388754021025, "mean_utility": 6.26953125}
{"event": "conditional_bellman_phase_complete", "lifecycle": 3, "arm": "MC_BOARD", "phase": "B", "samples": 51367, "heldout_mse": 24.864702364432056, "mean_utility": 3.2218017578125}
{"event": "conditional_bellman_phase_complete", "lifecycle": 1, "arm": "MC_BOARD", "phase": "B", "samples": 50778, "heldout_mse": 20.795353100827988, "mean_utility": 1.929931640625}
{"event": "conditional_bellman_phase_complete", "lifecycle": 0, "arm": "MC_BOARD", "phase": "B", "samples": 51797, "heldout_mse": 23.52663374409767, "mean_utility": 3.9581298828125}
{"event": "conditional_bellman_phase_complete", "lifecycle": 3, "arm": "MC_CONDITIONED", "phase": "B", "samples": 51367, "heldout_mse": 24.894241956875547, "mean_utility": 3.49114990234375}
{"event": "conditional_bellman_phase_complete", "lifecycle": 2, "arm": "MC_BOARD", "phase": "B", "samples": 51228, "heldout_mse": 21.936189363004306, "mean_utility": 3.20611572265625}
{"event": "conditional_bellman_phase_complete", "lifecycle": 1, "arm": "MC_CONDITIONED", "phase": "B", "samples": 50778, "heldout_mse": 20.91730734414482, "mean_utility": 1.6778564453125}
{"event": "conditional_bellman_phase_complete", "lifecycle": 0, "arm": "MC_CONDITIONED", "phase": "B", "samples": 51797, "heldout_mse": 23.301405331812205, "mean_utility": 5.1302490234375}
{"event": "conditional_bellman_phase_complete", "lifecycle": 2, "arm": "MC_CONDITIONED", "phase": "B", "samples": 51228, "heldout_mse": 21.967288328938768, "mean_utility": 3.119873046875}
{"event": "conditional_bellman_phase_complete", "lifecycle": 3, "arm": "BELLMAN_BOARD", "phase": "B", "samples": 51367, "heldout_mse": 24.935621214742653, "mean_utility": 4.86151123046875}
{"event": "conditional_bellman_phase_complete", "lifecycle": 1, "arm": "BELLMAN_BOARD", "phase": "B", "samples": 50778, "heldout_mse": 21.171602000907786, "mean_utility": 5.0614013671875}
{"event": "conditional_bellman_phase_complete", "lifecycle": 0, "arm": "BELLMAN_BOARD", "phase": "B", "samples": 51797, "heldout_mse": 21.48499966592428, "mean_utility": 4.30126953125}
{"event": "conditional_bellman_phase_complete", "lifecycle": 3, "arm": "BELLMAN_CONDITIONED", "phase": "B", "samples": 51367, "heldout_mse": 24.94616871407981, "mean_utility": 5.675048828125}
{"event": "conditional_bellman_phase_complete", "lifecycle": 2, "arm": "BELLMAN_BOARD", "phase": "B", "samples": 51228, "heldout_mse": 21.23562485961159, "mean_utility": 5.4356689453125}
{"event": "conditional_bellman_phase_complete", "lifecycle": 1, "arm": "BELLMAN_CONDITIONED", "phase": "B", "samples": 50778, "heldout_mse": 21.181927959194226, "mean_utility": 6.17633056640625}
{"event": "conditional_bellman_phase_complete", "lifecycle": 0, "arm": "BELLMAN_CONDITIONED", "phase": "B", "samples": 51797, "heldout_mse": 21.478382555542726, "mean_utility": 4.7398681640625}
{"event": "conditional_bellman_phase_complete", "lifecycle": 2, "arm": "BELLMAN_CONDITIONED", "phase": "B", "samples": 51228, "heldout_mse": 21.23832526463904, "mean_utility": 5.13861083984375}
{"event": "conditional_bellman_phase_complete", "lifecycle": 3, "arm": "FROZEN", "phase": "A_prime", "samples": 0, "heldout_mse": 41.96763283410466, "mean_utility": 7.7706298828125}
{"event": "conditional_bellman_phase_complete", "lifecycle": 0, "arm": "FROZEN", "phase": "A_prime", "samples": 0, "heldout_mse": 44.05397437040026, "mean_utility": 8.18890380859375}
{"event": "conditional_bellman_phase_complete", "lifecycle": 1, "arm": "FROZEN", "phase": "A_prime", "samples": 0, "heldout_mse": 52.52193950271617, "mean_utility": 8.62738037109375}
{"event": "conditional_bellman_phase_complete", "lifecycle": 3, "arm": "MC_BOARD", "phase": "A_prime", "samples": 50707, "heldout_mse": 26.296082174903752, "mean_utility": 9.01409912109375}
{"event": "conditional_bellman_phase_complete", "lifecycle": 0, "arm": "MC_BOARD", "phase": "A_prime", "samples": 50035, "heldout_mse": 33.661444755655296, "mean_utility": 8.64739990234375}
{"event": "conditional_bellman_phase_complete", "lifecycle": 1, "arm": "MC_BOARD", "phase": "A_prime", "samples": 50645, "heldout_mse": 29.021192379456842, "mean_utility": 10.77142333984375}
{"event": "conditional_bellman_phase_complete", "lifecycle": 2, "arm": "FROZEN", "phase": "A_prime", "samples": 0, "heldout_mse": 52.317623845245876, "mean_utility": 8.35430908203125}
{"event": "conditional_bellman_phase_complete", "lifecycle": 3, "arm": "MC_CONDITIONED", "phase": "A_prime", "samples": 50707, "heldout_mse": 26.319488243133065, "mean_utility": 10.213134765625}
{"event": "conditional_bellman_phase_complete", "lifecycle": 0, "arm": "MC_CONDITIONED", "phase": "A_prime", "samples": 50035, "heldout_mse": 33.12959114050418, "mean_utility": 7.64776611328125}
{"event": "conditional_bellman_phase_complete", "lifecycle": 1, "arm": "MC_CONDITIONED", "phase": "A_prime", "samples": 50645, "heldout_mse": 28.788728409291764, "mean_utility": 10.6591796875}
{"event": "conditional_bellman_phase_complete", "lifecycle": 2, "arm": "MC_BOARD", "phase": "A_prime", "samples": 50648, "heldout_mse": 25.571102201854618, "mean_utility": 10.28765869140625}
{"event": "conditional_bellman_phase_complete", "lifecycle": 3, "arm": "BELLMAN_BOARD", "phase": "A_prime", "samples": 50707, "heldout_mse": 40.72210119995361, "mean_utility": 9.19964599609375}
{"event": "conditional_bellman_phase_complete", "lifecycle": 0, "arm": "BELLMAN_BOARD", "phase": "A_prime", "samples": 50035, "heldout_mse": 42.79810696001611, "mean_utility": 8.8475341796875}
{"event": "conditional_bellman_phase_complete", "lifecycle": 1, "arm": "BELLMAN_BOARD", "phase": "A_prime", "samples": 50645, "heldout_mse": 50.92078674060609, "mean_utility": 8.4957275390625}
{"event": "conditional_bellman_phase_complete", "lifecycle": 2, "arm": "MC_CONDITIONED", "phase": "A_prime", "samples": 50648, "heldout_mse": 25.646277957083846, "mean_utility": 7.691650390625}
{"event": "conditional_bellman_phase_complete", "lifecycle": 3, "arm": "BELLMAN_CONDITIONED", "phase": "A_prime", "samples": 50707, "heldout_mse": 40.817653622889466, "mean_utility": 7.16571044921875}
{"event": "conditional_bellman_phase_complete", "lifecycle": 0, "arm": "BELLMAN_CONDITIONED", "phase": "A_prime", "samples": 50035, "heldout_mse": 42.8900664675329, "mean_utility": 8.1240234375}
{"event": "conditional_bellman_phase_complete", "lifecycle": 1, "arm": "BELLMAN_CONDITIONED", "phase": "A_prime", "samples": 50645, "heldout_mse": 51.04760956363629, "mean_utility": 8.7760009765625}
{"event": "conditional_bellman_phase_complete", "lifecycle": 2, "arm": "BELLMAN_BOARD", "phase": "A_prime", "samples": 50648, "heldout_mse": 50.662029970195285, "mean_utility": 9.4959716796875}
{"event": "conditional_bellman_phase_complete", "lifecycle": 2, "arm": "BELLMAN_CONDITIONED", "phase": "A_prime", "samples": 50648, "heldout_mse": 50.794767115016704, "mean_utility": 10.67437744140625}
{"event": "conditional_bellman_phase_complete", "lifecycle": 5, "arm": "FROZEN", "phase": "A", "samples": 0, "heldout_mse": 52.624509564917716, "mean_utility": 9.2840576171875}
{"event": "conditional_bellman_phase_complete", "lifecycle": 7, "arm": "FROZEN", "phase": "A", "samples": 0, "heldout_mse": 42.060822579148066, "mean_utility": 7.499755859375}
{"event": "conditional_bellman_phase_complete", "lifecycle": 4, "arm": "FROZEN", "phase": "A", "samples": 0, "heldout_mse": 52.49526929899652, "mean_utility": 8.906005859375}
{"event": "conditional_bellman_phase_complete", "lifecycle": 5, "arm": "MC_BOARD", "phase": "A", "samples": 51061, "heldout_mse": 26.65992616979193, "mean_utility": 8.84466552734375}
{"event": "conditional_bellman_phase_complete", "lifecycle": 7, "arm": "MC_BOARD", "phase": "A", "samples": 51520, "heldout_mse": 33.588268837249665, "mean_utility": 7.45343017578125}
{"event": "conditional_bellman_phase_complete", "lifecycle": 4, "arm": "MC_BOARD", "phase": "A", "samples": 51189, "heldout_mse": 27.656476992914286, "mean_utility": 10.89617919921875}
{"event": "conditional_bellman_phase_complete", "lifecycle": 5, "arm": "MC_CONDITIONED", "phase": "A", "samples": 51061, "heldout_mse": 26.659937451850027, "mean_utility": 11.54595947265625}
{"event": "conditional_bellman_phase_complete", "lifecycle": 7, "arm": "MC_CONDITIONED", "phase": "A", "samples": 51520, "heldout_mse": 33.588259131755294, "mean_utility": 10.43035888671875}
{"event": "conditional_bellman_phase_complete", "lifecycle": 4, "arm": "MC_CONDITIONED", "phase": "A", "samples": 51189, "heldout_mse": 27.656571431530548, "mean_utility": 11.28973388671875}
{"event": "conditional_bellman_phase_complete", "lifecycle": 5, "arm": "BELLMAN_BOARD", "phase": "A", "samples": 51061, "heldout_mse": 52.0829397569216, "mean_utility": 9.85137939453125}
{"event": "conditional_bellman_phase_complete", "lifecycle": 7, "arm": "BELLMAN_BOARD", "phase": "A", "samples": 51520, "heldout_mse": 41.753702697664686, "mean_utility": 8.8441162109375}
{"event": "conditional_bellman_phase_complete", "lifecycle": 4, "arm": "BELLMAN_BOARD", "phase": "A", "samples": 51189, "heldout_mse": 51.90695272127058, "mean_utility": 8.11749267578125}
{"event": "conditional_bellman_phase_complete", "lifecycle": 6, "arm": "FROZEN", "phase": "A", "samples": 0, "heldout_mse": 38.54544591149898, "mean_utility": 9.34405517578125}
{"event": "conditional_bellman_phase_complete", "lifecycle": 5, "arm": "BELLMAN_CONDITIONED", "phase": "A", "samples": 51061, "heldout_mse": 52.082941388440865, "mean_utility": 8.33428955078125}
{"event": "conditional_bellman_phase_complete", "lifecycle": 6, "arm": "MC_BOARD", "phase": "A", "samples": 51797, "heldout_mse": 30.3468844511467, "mean_utility": 9.41949462890625}
{"event": "conditional_bellman_phase_complete", "lifecycle": 7, "arm": "BELLMAN_CONDITIONED", "phase": "A", "samples": 51520, "heldout_mse": 41.753706285106276, "mean_utility": 10.2669677734375}
{"event": "conditional_bellman_phase_complete", "lifecycle": 4, "arm": "BELLMAN_CONDITIONED", "phase": "A", "samples": 51189, "heldout_mse": 51.9069589994345, "mean_utility": 9.33868408203125}
{"event": "conditional_bellman_phase_complete", "lifecycle": 6, "arm": "MC_CONDITIONED", "phase": "A", "samples": 51797, "heldout_mse": 30.34687399582511, "mean_utility": 10.8817138671875}
{"event": "conditional_bellman_phase_complete", "lifecycle": 6, "arm": "BELLMAN_BOARD", "phase": "A", "samples": 51797, "heldout_mse": 38.251254399996576, "mean_utility": 10.78167724609375}
{"event": "conditional_bellman_phase_complete", "lifecycle": 5, "arm": "FROZEN", "phase": "B", "samples": 0, "heldout_mse": 18.08810589483673, "mean_utility": 3.8343505859375}
{"event": "conditional_bellman_phase_complete", "lifecycle": 7, "arm": "FROZEN", "phase": "B", "samples": 0, "heldout_mse": 32.59581278832182, "mean_utility": 3.80987548828125}
{"event": "conditional_bellman_phase_complete", "lifecycle": 4, "arm": "FROZEN", "phase": "B", "samples": 0, "heldout_mse": 24.481846021798894, "mean_utility": 6.5384521484375}
{"event": "conditional_bellman_phase_complete", "lifecycle": 6, "arm": "BELLMAN_CONDITIONED", "phase": "A", "samples": 51797, "heldout_mse": 38.25125600334872, "mean_utility": 9.304443359375}
{"event": "conditional_bellman_phase_complete", "lifecycle": 5, "arm": "MC_BOARD", "phase": "B", "samples": 51568, "heldout_mse": 20.433542283397895, "mean_utility": 4.04901123046875}
{"event": "conditional_bellman_phase_complete", "lifecycle": 7, "arm": "MC_BOARD", "phase": "B", "samples": 51364, "heldout_mse": 30.37893816667256, "mean_utility": 3.54803466796875}
{"event": "conditional_bellman_phase_complete", "lifecycle": 4, "arm": "MC_BOARD", "phase": "B", "samples": 51527, "heldout_mse": 24.394211266644373, "mean_utility": 1.3212890625}
{"event": "conditional_bellman_phase_complete", "lifecycle": 5, "arm": "MC_CONDITIONED", "phase": "B", "samples": 51568, "heldout_mse": 20.153665138433364, "mean_utility": 4.10943603515625}
{"event": "conditional_bellman_phase_complete", "lifecycle": 4, "arm": "MC_CONDITIONED", "phase": "B", "samples": 51527, "heldout_mse": 24.34957499842895, "mean_utility": 2.393310546875}
{"event": "conditional_bellman_phase_complete", "lifecycle": 7, "arm": "MC_CONDITIONED", "phase": "B", "samples": 51364, "heldout_mse": 30.297836656057008, "mean_utility": 3.376953125}
{"event": "conditional_bellman_phase_complete", "lifecycle": 6, "arm": "FROZEN", "phase": "B", "samples": 0, "heldout_mse": 25.143592393155252, "mean_utility": 4.44171142578125}
{"event": "conditional_bellman_phase_complete", "lifecycle": 5, "arm": "BELLMAN_BOARD", "phase": "B", "samples": 51568, "heldout_mse": 18.206073483235542, "mean_utility": 5.46630859375}
{"event": "conditional_bellman_phase_complete", "lifecycle": 7, "arm": "BELLMAN_BOARD", "phase": "B", "samples": 51364, "heldout_mse": 32.21663600986853, "mean_utility": 4.47528076171875}
{"event": "conditional_bellman_phase_complete", "lifecycle": 4, "arm": "BELLMAN_BOARD", "phase": "B", "samples": 51527, "heldout_mse": 24.368184041279214, "mean_utility": 5.3455810546875}
{"event": "conditional_bellman_phase_complete", "lifecycle": 6, "arm": "MC_BOARD", "phase": "B", "samples": 51909, "heldout_mse": 27.621530715551664, "mean_utility": 5.3385009765625}
{"event": "conditional_bellman_phase_complete", "lifecycle": 5, "arm": "BELLMAN_CONDITIONED", "phase": "B", "samples": 51568, "heldout_mse": 18.19408790645619, "mean_utility": 6.03936767578125}
{"event": "conditional_bellman_phase_complete", "lifecycle": 7, "arm": "BELLMAN_CONDITIONED", "phase": "B", "samples": 51364, "heldout_mse": 32.24910409770539, "mean_utility": 5.62469482421875}
{"event": "conditional_bellman_phase_complete", "lifecycle": 6, "arm": "MC_CONDITIONED", "phase": "B", "samples": 51909, "heldout_mse": 27.77441383137161, "mean_utility": 5.97381591796875}
{"event": "conditional_bellman_phase_complete", "lifecycle": 4, "arm": "BELLMAN_CONDITIONED", "phase": "B", "samples": 51527, "heldout_mse": 24.376518696111198, "mean_utility": 5.41729736328125}
{"event": "conditional_bellman_phase_complete", "lifecycle": 6, "arm": "BELLMAN_BOARD", "phase": "B", "samples": 51909, "heldout_mse": 25.018800712106607, "mean_utility": 3.6824951171875}
{"event": "conditional_bellman_phase_complete", "lifecycle": 5, "arm": "FROZEN", "phase": "A_prime", "samples": 0, "heldout_mse": 47.15232205774246, "mean_utility": 9.1641845703125}
{"event": "conditional_bellman_phase_complete", "lifecycle": 7, "arm": "FROZEN", "phase": "A_prime", "samples": 0, "heldout_mse": 57.29024994431634, "mean_utility": 8.0418701171875}
{"event": "conditional_bellman_phase_complete", "lifecycle": 4, "arm": "FROZEN", "phase": "A_prime", "samples": 0, "heldout_mse": 39.99958399764342, "mean_utility": 9.63031005859375}
{"event": "conditional_bellman_phase_complete", "lifecycle": 5, "arm": "MC_BOARD", "phase": "A_prime", "samples": 51608, "heldout_mse": 28.376310616515145, "mean_utility": 9.52398681640625}
{"event": "conditional_bellman_phase_complete", "lifecycle": 7, "arm": "MC_BOARD", "phase": "A_prime", "samples": 50940, "heldout_mse": 27.687334035306872, "mean_utility": 9.40277099609375}
{"event": "conditional_bellman_phase_complete", "lifecycle": 6, "arm": "BELLMAN_CONDITIONED", "phase": "B", "samples": 51909, "heldout_mse": 25.03004159499313, "mean_utility": 4.8963623046875}
{"event": "conditional_bellman_phase_complete", "lifecycle": 4, "arm": "MC_BOARD", "phase": "A_prime", "samples": 50944, "heldout_mse": 28.70570522347079, "mean_utility": 9.55010986328125}
{"event": "conditional_bellman_phase_complete", "lifecycle": 5, "arm": "MC_CONDITIONED", "phase": "A_prime", "samples": 51608, "heldout_mse": 28.35130195378604, "mean_utility": 9.935546875}
{"event": "conditional_bellman_phase_complete", "lifecycle": 7, "arm": "MC_CONDITIONED", "phase": "A_prime", "samples": 50940, "heldout_mse": 27.508475479424856, "mean_utility": 10.691162109375}
{"event": "conditional_bellman_phase_complete", "lifecycle": 4, "arm": "MC_CONDITIONED", "phase": "A_prime", "samples": 50944, "heldout_mse": 28.913399241004342, "mean_utility": 10.8551025390625}
{"event": "conditional_bellman_phase_complete", "lifecycle": 5, "arm": "BELLMAN_BOARD", "phase": "A_prime", "samples": 51608, "heldout_mse": 45.75295234018996, "mean_utility": 6.83319091796875}
{"event": "conditional_bellman_phase_complete", "lifecycle": 7, "arm": "BELLMAN_BOARD", "phase": "A_prime", "samples": 50940, "heldout_mse": 55.42699590419716, "mean_utility": 9.05029296875}
{"event": "conditional_bellman_phase_complete", "lifecycle": 4, "arm": "BELLMAN_BOARD", "phase": "A_prime", "samples": 50944, "heldout_mse": 38.849766235576084, "mean_utility": 8.60479736328125}
{"event": "conditional_bellman_phase_complete", "lifecycle": 6, "arm": "FROZEN", "phase": "A_prime", "samples": 0, "heldout_mse": 43.23751096509054, "mean_utility": 8.1343994140625}
{"event": "conditional_bellman_phase_complete", "lifecycle": 7, "arm": "BELLMAN_CONDITIONED", "phase": "A_prime", "samples": 50940, "heldout_mse": 55.568823954668346, "mean_utility": 8.12542724609375}
{"event": "conditional_bellman_phase_complete", "lifecycle": 5, "arm": "BELLMAN_CONDITIONED", "phase": "A_prime", "samples": 51608, "heldout_mse": 45.85726826058725, "mean_utility": 7.99951171875}
{"event": "conditional_bellman_phase_complete", "lifecycle": 6, "arm": "MC_BOARD", "phase": "A_prime", "samples": 50760, "heldout_mse": 27.01515203670441, "mean_utility": 8.92840576171875}
{"event": "conditional_bellman_phase_complete", "lifecycle": 4, "arm": "BELLMAN_CONDITIONED", "phase": "A_prime", "samples": 50944, "heldout_mse": 38.93705632520758, "mean_utility": 7.37677001953125}
{"event": "conditional_bellman_phase_complete", "lifecycle": 6, "arm": "MC_CONDITIONED", "phase": "A_prime", "samples": 50760, "heldout_mse": 27.056408978981697, "mean_utility": 10.57635498046875}
{"event": "conditional_bellman_phase_complete", "lifecycle": 11, "arm": "FROZEN", "phase": "A", "samples": 0, "heldout_mse": 47.52905626832358, "mean_utility": 9.356689453125}
{"event": "conditional_bellman_phase_complete", "lifecycle": 9, "arm": "FROZEN", "phase": "A", "samples": 0, "heldout_mse": 47.70750669109257, "mean_utility": 8.6744384765625}
{"event": "conditional_bellman_phase_complete", "lifecycle": 6, "arm": "BELLMAN_BOARD", "phase": "A_prime", "samples": 50760, "heldout_mse": 42.02533228584706, "mean_utility": 7.87518310546875}
{"event": "conditional_bellman_phase_complete", "lifecycle": 11, "arm": "MC_BOARD", "phase": "A", "samples": 51343, "heldout_mse": 30.13596738292924, "mean_utility": 11.23284912109375}
{"event": "conditional_bellman_phase_complete", "lifecycle": 8, "arm": "FROZEN", "phase": "A", "samples": 0, "heldout_mse": 47.92035225199992, "mean_utility": 7.7733154296875}
{"event": "conditional_bellman_phase_complete", "lifecycle": 9, "arm": "MC_BOARD", "phase": "A", "samples": 50974, "heldout_mse": 28.381658128153028, "mean_utility": 9.73626708984375}
{"event": "conditional_bellman_phase_complete", "lifecycle": 11, "arm": "MC_CONDITIONED", "phase": "A", "samples": 51343, "heldout_mse": 30.1360051788163, "mean_utility": 11.50347900390625}
{"event": "conditional_bellman_phase_complete", "lifecycle": 8, "arm": "MC_BOARD", "phase": "A", "samples": 51372, "heldout_mse": 30.8404881085597, "mean_utility": 10.11993408203125}
{"event": "conditional_bellman_phase_complete", "lifecycle": 9, "arm": "MC_CONDITIONED", "phase": "A", "samples": 50974, "heldout_mse": 28.38168062099378, "mean_utility": 10.2879638671875}
{"event": "conditional_bellman_phase_complete", "lifecycle": 8, "arm": "MC_CONDITIONED", "phase": "A", "samples": 51372, "heldout_mse": 30.840522347895362, "mean_utility": 10.5758056640625}
{"event": "conditional_bellman_phase_complete", "lifecycle": 11, "arm": "BELLMAN_BOARD", "phase": "A", "samples": 51343, "heldout_mse": 47.03284857879804, "mean_utility": 8.67498779296875}
{"event": "conditional_bellman_phase_complete", "lifecycle": 6, "arm": "BELLMAN_CONDITIONED", "phase": "A_prime", "samples": 50760, "heldout_mse": 42.1178811453819, "mean_utility": 8.6817626953125}
{"event": "conditional_bellman_phase_complete", "lifecycle": 9, "arm": "BELLMAN_BOARD", "phase": "A", "samples": 50974, "heldout_mse": 47.233618595765996, "mean_utility": 9.73876953125}
{"event": "conditional_bellman_phase_complete", "lifecycle": 8, "arm": "BELLMAN_BOARD", "phase": "A", "samples": 51372, "heldout_mse": 47.42393260932328, "mean_utility": 10.10333251953125}
{"event": "conditional_bellman_phase_complete", "lifecycle": 11, "arm": "BELLMAN_CONDITIONED", "phase": "A", "samples": 51343, "heldout_mse": 47.032850181930726, "mean_utility": 8.4747314453125}
{"event": "conditional_bellman_phase_complete", "lifecycle": 9, "arm": "BELLMAN_CONDITIONED", "phase": "A", "samples": 50974, "heldout_mse": 47.23362010664319, "mean_utility": 10.348388671875}
{"event": "conditional_bellman_phase_complete", "lifecycle": 8, "arm": "BELLMAN_CONDITIONED", "phase": "A", "samples": 51372, "heldout_mse": 47.42393519427565, "mean_utility": 9.3243408203125}
{"event": "conditional_bellman_phase_complete", "lifecycle": 10, "arm": "FROZEN", "phase": "A", "samples": 0, "heldout_mse": 37.427595152112126, "mean_utility": 10.06866455078125}
{"event": "conditional_bellman_phase_complete", "lifecycle": 11, "arm": "FROZEN", "phase": "B", "samples": 0, "heldout_mse": 24.709734947005504, "mean_utility": 4.002685546875}
{"event": "conditional_bellman_phase_complete", "lifecycle": 10, "arm": "MC_BOARD", "phase": "A", "samples": 51552, "heldout_mse": 28.769828608532368, "mean_utility": 9.33392333984375}
{"event": "conditional_bellman_phase_complete", "lifecycle": 9, "arm": "FROZEN", "phase": "B", "samples": 0, "heldout_mse": 31.87865410623433, "mean_utility": 3.55853271484375}
{"event": "conditional_bellman_phase_complete", "lifecycle": 10, "arm": "MC_CONDITIONED", "phase": "A", "samples": 51552, "heldout_mse": 28.769750050905362, "mean_utility": 11.2337646484375}
{"event": "conditional_bellman_phase_complete", "lifecycle": 11, "arm": "MC_BOARD", "phase": "B", "samples": 51138, "heldout_mse": 25.105480755961036, "mean_utility": 5.39971923828125}
{"event": "conditional_bellman_phase_complete", "lifecycle": 8, "arm": "FROZEN", "phase": "B", "samples": 0, "heldout_mse": 33.72911999185462, "mean_utility": 5.2916259765625}
{"event": "conditional_bellman_phase_complete", "lifecycle": 9, "arm": "MC_BOARD", "phase": "B", "samples": 50868, "heldout_mse": 32.81468116687402, "mean_utility": 1.10009765625}
{"event": "conditional_bellman_phase_complete", "lifecycle": 10, "arm": "BELLMAN_BOARD", "phase": "A", "samples": 51552, "heldout_mse": 37.102509672310305, "mean_utility": 7.8876953125}
{"event": "conditional_bellman_phase_complete", "lifecycle": 11, "arm": "MC_CONDITIONED", "phase": "B", "samples": 51138, "heldout_mse": 24.978467693327637, "mean_utility": 5.6380615234375}
{"event": "conditional_bellman_phase_complete", "lifecycle": 8, "arm": "MC_BOARD", "phase": "B", "samples": 51315, "heldout_mse": 31.332449200890366, "mean_utility": 4.220947265625}
{"event": "conditional_bellman_phase_complete", "lifecycle": 9, "arm": "MC_CONDITIONED", "phase": "B", "samples": 50868, "heldout_mse": 32.94668432680612, "mean_utility": 1.75567626953125}
{"event": "conditional_bellman_phase_complete", "lifecycle": 10, "arm": "BELLMAN_CONDITIONED", "phase": "A", "samples": 51552, "heldout_mse": 37.102516735563746, "mean_utility": 8.97808837890625}
{"event": "conditional_bellman_phase_complete", "lifecycle": 8, "arm": "MC_CONDITIONED", "phase": "B", "samples": 51315, "heldout_mse": 31.682404336614166, "mean_utility": 5.03179931640625}
{"event": "conditional_bellman_phase_complete", "lifecycle": 11, "arm": "BELLMAN_BOARD", "phase": "B", "samples": 51138, "heldout_mse": 24.604302467971777, "mean_utility": 6.02783203125}
{"event": "conditional_bellman_phase_complete", "lifecycle": 9, "arm": "BELLMAN_BOARD", "phase": "B", "samples": 50868, "heldout_mse": 31.549568520617456, "mean_utility": 7.48760986328125}
{"event": "conditional_bellman_phase_complete", "lifecycle": 8, "arm": "BELLMAN_BOARD", "phase": "B", "samples": 51315, "heldout_mse": 33.26965691861102, "mean_utility": 4.8936767578125}
{"event": "conditional_bellman_phase_complete", "lifecycle": 11, "arm": "BELLMAN_CONDITIONED", "phase": "B", "samples": 51138, "heldout_mse": 24.612415757639578, "mean_utility": 5.39910888671875}
{"event": "conditional_bellman_phase_complete", "lifecycle": 10, "arm": "FROZEN", "phase": "B", "samples": 0, "heldout_mse": 24.83469936806279, "mean_utility": 4.63287353515625}
{"event": "conditional_bellman_phase_complete", "lifecycle": 9, "arm": "BELLMAN_CONDITIONED", "phase": "B", "samples": 50868, "heldout_mse": 31.5771741169647, "mean_utility": 5.7176513671875}
{"event": "conditional_bellman_phase_complete", "lifecycle": 10, "arm": "MC_BOARD", "phase": "B", "samples": 52016, "heldout_mse": 24.776637209092286, "mean_utility": 3.05792236328125}
{"event": "conditional_bellman_phase_complete", "lifecycle": 8, "arm": "BELLMAN_CONDITIONED", "phase": "B", "samples": 51315, "heldout_mse": 33.3217644603056, "mean_utility": 4.8262939453125}
{"event": "conditional_bellman_phase_complete", "lifecycle": 11, "arm": "FROZEN", "phase": "A_prime", "samples": 0, "heldout_mse": 45.921817468233904, "mean_utility": 9.7392578125}
{"event": "conditional_bellman_phase_complete", "lifecycle": 10, "arm": "MC_CONDITIONED", "phase": "B", "samples": 52016, "heldout_mse": 24.72389565939424, "mean_utility": 4.489990234375}
{"event": "conditional_bellman_phase_complete", "lifecycle": 11, "arm": "MC_BOARD", "phase": "A_prime", "samples": 50385, "heldout_mse": 25.41955576248163, "mean_utility": 9.4615478515625}
{"event": "conditional_bellman_phase_complete", "lifecycle": 9, "arm": "FROZEN", "phase": "A_prime", "samples": 0, "heldout_mse": 41.300594716813464, "mean_utility": 8.875732421875}
{"event": "conditional_bellman_phase_complete", "lifecycle": 8, "arm": "FROZEN", "phase": "A_prime", "samples": 0, "heldout_mse": 37.1226361108312, "mean_utility": 7.92626953125}
{"event": "conditional_bellman_phase_complete", "lifecycle": 10, "arm": "BELLMAN_BOARD", "phase": "B", "samples": 52016, "heldout_mse": 24.766629627128413, "mean_utility": 6.0438232421875}
{"event": "conditional_bellman_phase_complete", "lifecycle": 11, "arm": "MC_CONDITIONED", "phase": "A_prime", "samples": 50385, "heldout_mse": 25.232084708109, "mean_utility": 9.571044921875}
{"event": "conditional_bellman_phase_complete", "lifecycle": 9, "arm": "MC_BOARD", "phase": "A_prime", "samples": 51411, "heldout_mse": 27.798802438577926, "mean_utility": 10.017578125}
{"event": "conditional_bellman_phase_complete", "lifecycle": 8, "arm": "MC_BOARD", "phase": "A_prime", "samples": 51358, "heldout_mse": 28.988735037145634, "mean_utility": 11.3709716796875}
{"event": "conditional_bellman_phase_complete", "lifecycle": 9, "arm": "MC_CONDITIONED", "phase": "A_prime", "samples": 51411, "heldout_mse": 27.61468238541974, "mean_utility": 8.8287353515625}
{"event": "conditional_bellman_phase_complete", "lifecycle": 11, "arm": "BELLMAN_BOARD", "phase": "A_prime", "samples": 50385, "heldout_mse": 44.40265460790956, "mean_utility": 8.980712890625}
{"event": "conditional_bellman_phase_complete", "lifecycle": 10, "arm": "BELLMAN_CONDITIONED", "phase": "B", "samples": 52016, "heldout_mse": 24.771687566143594, "mean_utility": 5.0689697265625}
{"event": "conditional_bellman_phase_complete", "lifecycle": 8, "arm": "MC_CONDITIONED", "phase": "A_prime", "samples": 51358, "heldout_mse": 29.129733030529717, "mean_utility": 10.5975341796875}
{"event": "conditional_bellman_phase_complete", "lifecycle": 9, "arm": "BELLMAN_BOARD", "phase": "A_prime", "samples": 51411, "heldout_mse": 40.098445038731235, "mean_utility": 8.60931396484375}
{"event": "conditional_bellman_phase_complete", "lifecycle": 11, "arm": "BELLMAN_CONDITIONED", "phase": "A_prime", "samples": 50385, "heldout_mse": 44.53440105113191, "mean_utility": 6.3663330078125}
{"event": "conditional_bellman_phase_complete", "lifecycle": 8, "arm": "BELLMAN_BOARD", "phase": "A_prime", "samples": 51358, "heldout_mse": 36.16121285548602, "mean_utility": 9.1505126953125}
{"event": "conditional_bellman_phase_complete", "lifecycle": 9, "arm": "BELLMAN_CONDITIONED", "phase": "A_prime", "samples": 51411, "heldout_mse": 40.193106876737495, "mean_utility": 10.08978271484375}
{"event": "conditional_bellman_phase_complete", "lifecycle": 10, "arm": "FROZEN", "phase": "A_prime", "samples": 0, "heldout_mse": 41.90781180252803, "mean_utility": 10.2249755859375}
{"event": "conditional_bellman_phase_complete", "lifecycle": 8, "arm": "BELLMAN_CONDITIONED", "phase": "A_prime", "samples": 51358, "heldout_mse": 36.23562407641817, "mean_utility": 7.884521484375}
{"event": "conditional_bellman_phase_complete", "lifecycle": 10, "arm": "MC_BOARD", "phase": "A_prime", "samples": 50361, "heldout_mse": 26.399188811750978, "mean_utility": 8.86212158203125}
{"event": "conditional_bellman_phase_complete", "lifecycle": 15, "arm": "FROZEN", "phase": "A", "samples": 0, "heldout_mse": 31.81596023718542, "mean_utility": 10.43914794921875}
{"event": "conditional_bellman_phase_complete", "lifecycle": 15, "arm": "MC_BOARD", "phase": "A", "samples": 50810, "heldout_mse": 24.90779437985307, "mean_utility": 8.5428466796875}
{"event": "conditional_bellman_phase_complete", "lifecycle": 10, "arm": "MC_CONDITIONED", "phase": "A_prime", "samples": 50361, "heldout_mse": 26.270530166224656, "mean_utility": 11.124267578125}
{"event": "conditional_bellman_phase_complete", "lifecycle": 13, "arm": "FROZEN", "phase": "A", "samples": 0, "heldout_mse": 42.87574974522415, "mean_utility": 10.35150146484375}
{"event": "conditional_bellman_phase_complete", "lifecycle": 15, "arm": "MC_CONDITIONED", "phase": "A", "samples": 50810, "heldout_mse": 24.907798210783792, "mean_utility": 9.3739013671875}
{"event": "conditional_bellman_phase_complete", "lifecycle": 13, "arm": "MC_BOARD", "phase": "A", "samples": 51466, "heldout_mse": 30.993962480485806, "mean_utility": 10.51953125}
{"event": "conditional_bellman_phase_complete", "lifecycle": 15, "arm": "BELLMAN_BOARD", "phase": "A", "samples": 50810, "heldout_mse": 31.56037722967943, "mean_utility": 9.1778564453125}
{"event": "conditional_bellman_phase_complete", "lifecycle": 12, "arm": "FROZEN", "phase": "A", "samples": 0, "heldout_mse": 31.768878131369632, "mean_utility": 10.24432373046875}
{"event": "conditional_bellman_phase_complete", "lifecycle": 13, "arm": "MC_CONDITIONED", "phase": "A", "samples": 51466, "heldout_mse": 30.993963966444614, "mean_utility": 11.07989501953125}
{"event": "conditional_bellman_phase_complete", "lifecycle": 10, "arm": "BELLMAN_BOARD", "phase": "A_prime", "samples": 50361, "heldout_mse": 40.67327994217093, "mean_utility": 8.0855712890625}
{"event": "conditional_bellman_phase_complete", "lifecycle": 12, "arm": "MC_BOARD", "phase": "A", "samples": 50715, "heldout_mse": 25.410206730591934, "mean_utility": 9.55145263671875}
{"event": "conditional_bellman_phase_complete", "lifecycle": 15, "arm": "BELLMAN_CONDITIONED", "phase": "A", "samples": 50810, "heldout_mse": 31.56037837340263, "mean_utility": 8.39556884765625}
{"event": "conditional_bellman_phase_complete", "lifecycle": 13, "arm": "BELLMAN_BOARD", "phase": "A", "samples": 51466, "heldout_mse": 42.50438316329076, "mean_utility": 7.3004150390625}
{"event": "conditional_bellman_phase_complete", "lifecycle": 12, "arm": "MC_CONDITIONED", "phase": "A", "samples": 50715, "heldout_mse": 25.410211442547595, "mean_utility": 9.41143798828125}
{"event": "conditional_bellman_phase_complete", "lifecycle": 13, "arm": "BELLMAN_CONDITIONED", "phase": "A", "samples": 51466, "heldout_mse": 42.50438428696658, "mean_utility": 9.50872802734375}
{"event": "conditional_bellman_phase_complete", "lifecycle": 10, "arm": "BELLMAN_CONDITIONED", "phase": "A_prime", "samples": 50361, "heldout_mse": 40.76870929443576, "mean_utility": 8.71160888671875}
{"event": "conditional_bellman_phase_complete", "lifecycle": 12, "arm": "BELLMAN_BOARD", "phase": "A", "samples": 50715, "heldout_mse": 31.488215244517875, "mean_utility": 8.5787353515625}
{"event": "conditional_bellman_phase_complete", "lifecycle": 12, "arm": "BELLMAN_CONDITIONED", "phase": "A", "samples": 50715, "heldout_mse": 31.488216361458786, "mean_utility": 9.36053466796875}
{"event": "conditional_bellman_phase_complete", "lifecycle": 15, "arm": "FROZEN", "phase": "B", "samples": 0, "heldout_mse": 20.0306193632256, "mean_utility": 6.3319091796875}
{"event": "conditional_bellman_phase_complete", "lifecycle": 14, "arm": "FROZEN", "phase": "A", "samples": 0, "heldout_mse": 33.147711264641565, "mean_utility": 10.24713134765625}
{"event": "conditional_bellman_phase_complete", "lifecycle": 15, "arm": "MC_BOARD", "phase": "B", "samples": 50557, "heldout_mse": 19.320596125684894, "mean_utility": 2.91448974609375}
{"event": "conditional_bellman_phase_complete", "lifecycle": 14, "arm": "MC_BOARD", "phase": "A", "samples": 51586, "heldout_mse": 33.05614014240881, "mean_utility": 10.49456787109375}
{"event": "conditional_bellman_phase_complete", "lifecycle": 13, "arm": "FROZEN", "phase": "B", "samples": 0, "heldout_mse": 23.928424195041025, "mean_utility": 4.35137939453125}
{"event": "conditional_bellman_phase_complete", "lifecycle": 14, "arm": "MC_CONDITIONED", "phase": "A", "samples": 51586, "heldout_mse": 33.05229686179481, "mean_utility": 11.08221435546875}
{"event": "conditional_bellman_phase_complete", "lifecycle": 15, "arm": "MC_CONDITIONED", "phase": "B", "samples": 50557, "heldout_mse": 19.36543450460156, "mean_utility": 2.89935302734375}
{"event": "conditional_bellman_phase_complete", "lifecycle": 12, "arm": "FROZEN", "phase": "B", "samples": 0, "heldout_mse": 40.13808825158271, "mean_utility": 6.4229736328125}
{"event": "conditional_bellman_phase_complete", "lifecycle": 13, "arm": "MC_BOARD", "phase": "B", "samples": 51114, "heldout_mse": 23.629634320421413, "mean_utility": 4.2379150390625}
{"event": "conditional_bellman_phase_complete", "lifecycle": 14, "arm": "BELLMAN_BOARD", "phase": "A", "samples": 51586, "heldout_mse": 32.94309390251068, "mean_utility": 8.890869140625}
{"event": "conditional_bellman_phase_complete", "lifecycle": 15, "arm": "BELLMAN_BOARD", "phase": "B", "samples": 50557, "heldout_mse": 19.93174610683223, "mean_utility": 4.70782470703125}
{"event": "conditional_bellman_phase_complete", "lifecycle": 12, "arm": "MC_BOARD", "phase": "B", "samples": 50987, "heldout_mse": 36.57792316922811, "mean_utility": 4.09857177734375}
{"event": "conditional_bellman_phase_complete", "lifecycle": 14, "arm": "BELLMAN_CONDITIONED", "phase": "A", "samples": 51586, "heldout_mse": 32.943295649772246, "mean_utility": 8.952392578125}
{"event": "conditional_bellman_phase_complete", "lifecycle": 13, "arm": "MC_CONDITIONED", "phase": "B", "samples": 51114, "heldout_mse": 23.53669385668909, "mean_utility": 4.231689453125}
{"event": "conditional_bellman_phase_complete", "lifecycle": 12, "arm": "MC_CONDITIONED", "phase": "B", "samples": 50987, "heldout_mse": 36.757065972600515, "mean_utility": 3.30987548828125}
{"event": "conditional_bellman_phase_complete", "lifecycle": 15, "arm": "BELLMAN_CONDITIONED", "phase": "B", "samples": 50557, "heldout_mse": 19.938968798459744, "mean_utility": 6.2000732421875}
{"event": "conditional_bellman_phase_complete", "lifecycle": 13, "arm": "BELLMAN_BOARD", "phase": "B", "samples": 51114, "heldout_mse": 23.69786517803251, "mean_utility": 4.9306640625}
{"event": "conditional_bellman_phase_complete", "lifecycle": 12, "arm": "BELLMAN_BOARD", "phase": "B", "samples": 50987, "heldout_mse": 39.49240312909949, "mean_utility": 6.711181640625}
{"event": "conditional_bellman_phase_complete", "lifecycle": 14, "arm": "FROZEN", "phase": "B", "samples": 0, "heldout_mse": 8.851342785966015, "mean_utility": 6.8974609375}
{"event": "conditional_bellman_phase_complete", "lifecycle": 13, "arm": "BELLMAN_CONDITIONED", "phase": "B", "samples": 51114, "heldout_mse": 23.716314376978197, "mean_utility": 4.572998046875}
{"event": "conditional_bellman_phase_complete", "lifecycle": 15, "arm": "FROZEN", "phase": "A_prime", "samples": 0, "heldout_mse": 34.30733937187508, "mean_utility": 11.650634765625}
{"event": "conditional_bellman_phase_complete", "lifecycle": 12, "arm": "BELLMAN_CONDITIONED", "phase": "B", "samples": 50987, "heldout_mse": 39.55159430024789, "mean_utility": 3.18548583984375}
{"event": "conditional_bellman_phase_complete", "lifecycle": 14, "arm": "MC_BOARD", "phase": "B", "samples": 52313, "heldout_mse": 17.32401315307898, "mean_utility": 3.6434326171875}
{"event": "conditional_bellman_phase_complete", "lifecycle": 15, "arm": "MC_BOARD", "phase": "A_prime", "samples": 51414, "heldout_mse": 28.897864395190123, "mean_utility": 11.75506591796875}
{"event": "conditional_bellman_phase_complete", "lifecycle": 14, "arm": "MC_CONDITIONED", "phase": "B", "samples": 52313, "heldout_mse": 17.00515692792027, "mean_utility": 4.2281494140625}
{"event": "conditional_bellman_phase_complete", "lifecycle": 13, "arm": "FROZEN", "phase": "A_prime", "samples": 0, "heldout_mse": 37.2358406352029, "mean_utility": 9.78790283203125}
{"event": "conditional_bellman_phase_complete", "lifecycle": 15, "arm": "MC_CONDITIONED", "phase": "A_prime", "samples": 51414, "heldout_mse": 29.197403354334448, "mean_utility": 10.84051513671875}
{"event": "conditional_bellman_phase_complete", "lifecycle": 13, "arm": "MC_BOARD", "phase": "A_prime", "samples": 50787, "heldout_mse": 28.168755720494183, "mean_utility": 7.95733642578125}
{"event": "conditional_bellman_phase_complete", "lifecycle": 12, "arm": "FROZEN", "phase": "A_prime", "samples": 0, "heldout_mse": 56.49414043229653, "mean_utility": 9.19281005859375}
{"event": "conditional_bellman_phase_complete", "lifecycle": 14, "arm": "BELLMAN_BOARD", "phase": "B", "samples": 52313, "heldout_mse": 9.311688985797966, "mean_utility": 6.01959228515625}
{"event": "conditional_bellman_phase_complete", "lifecycle": 15, "arm": "BELLMAN_BOARD", "phase": "A_prime", "samples": 51414, "heldout_mse": 33.36934674014506, "mean_utility": 9.18267822265625}
{"event": "conditional_bellman_phase_complete", "lifecycle": 13, "arm": "MC_CONDITIONED", "phase": "A_prime", "samples": 50787, "heldout_mse": 28.13299728729959, "mean_utility": 8.37109375}
{"event": "conditional_bellman_phase_complete", "lifecycle": 12, "arm": "MC_BOARD", "phase": "A_prime", "samples": 50824, "heldout_mse": 32.204714733592695, "mean_utility": 9.744873046875}
{"event": "conditional_bellman_phase_complete", "lifecycle": 15, "arm": "BELLMAN_CONDITIONED", "phase": "A_prime", "samples": 51414, "heldout_mse": 33.44235761016914, "mean_utility": 8.65771484375}
{"event": "conditional_bellman_phase_complete", "lifecycle": 13, "arm": "BELLMAN_BOARD", "phase": "A_prime", "samples": 50787, "heldout_mse": 36.303432519995724, "mean_utility": 7.94091796875}
{"event": "conditional_bellman_phase_complete", "lifecycle": 12, "arm": "MC_CONDITIONED", "phase": "A_prime", "samples": 50824, "heldout_mse": 31.605431592778245, "mean_utility": 9.6005859375}
{"event": "conditional_bellman_phase_complete", "lifecycle": 14, "arm": "BELLMAN_CONDITIONED", "phase": "B", "samples": 52313, "heldout_mse": 9.268248586579865, "mean_utility": 6.221435546875}
{"event": "conditional_bellman_phase_complete", "lifecycle": 12, "arm": "BELLMAN_BOARD", "phase": "A_prime", "samples": 50824, "heldout_mse": 54.551745098877966, "mean_utility": 9.07159423828125}
{"event": "conditional_bellman_phase_complete", "lifecycle": 13, "arm": "BELLMAN_CONDITIONED", "phase": "A_prime", "samples": 50787, "heldout_mse": 36.375647292446835, "mean_utility": 7.57354736328125}
{"event": "conditional_bellman_phase_complete", "lifecycle": 12, "arm": "BELLMAN_CONDITIONED", "phase": "A_prime", "samples": 50824, "heldout_mse": 54.70355650523478, "mean_utility": 8.58990478515625}
{"event": "conditional_bellman_phase_complete", "lifecycle": 14, "arm": "FROZEN", "phase": "A_prime", "samples": 0, "heldout_mse": 32.59019174922115, "mean_utility": 7.26849365234375}
{"event": "conditional_bellman_phase_complete", "lifecycle": 14, "arm": "MC_BOARD", "phase": "A_prime", "samples": 51557, "heldout_mse": 29.69856431139718, "mean_utility": 11.345458984375}
{"event": "conditional_bellman_phase_complete", "lifecycle": 14, "arm": "MC_CONDITIONED", "phase": "A_prime", "samples": 51557, "heldout_mse": 30.02753556618661, "mean_utility": 8.487548828125}
{"event": "conditional_bellman_phase_complete", "lifecycle": 14, "arm": "BELLMAN_BOARD", "phase": "A_prime", "samples": 51557, "heldout_mse": 31.89476883738641, "mean_utility": 8.25933837890625}
{"event": "conditional_bellman_phase_complete", "lifecycle": 14, "arm": "BELLMAN_CONDITIONED", "phase": "A_prime", "samples": 51557, "heldout_mse": 31.951298622219017, "mean_utility": 10.86907958984375}
{"event": "conditional_bellman_complete", "primary": {"mean": -0.13000488281250017, "ci95": [-0.5865100860595703, 0.3187831560770654], "lifecycle_deltas": {"0": -1.1679077148437509, "1": 0.0357666015625, "2": 1.021626790364583, "3": 0.44940185546875, "4": -0.980672200520833, "5": 0.030192057291666075, "6": 0.32080078125, "7": 1.555196126302084, "8": 0.34798177083333304, "9": 1.6823730468749991, "10": -0.722615559895833, "11": -0.95281982421875, "12": -1.574727376302083, "13": -0.945170084635417, "14": 0.54327392578125, "15": -1.7227783203125009}, "improved_equal_worse": [9, 0, 7], "adverse_lifecycles": [0, 4, 10, 11, 12, 13, 15], "parent_mean_deltas": {"0": -0.8438313802083335, "1": 0.20079040527343706, "2": 0.290771484375, "3": -0.16775004069010424}, "interval_scope": "CONDITIONAL_ON_FOUR_FROZEN_PARENTS"}}
