concurrent.futures.process._RemoteTraceback: 
"""
Traceback (most recent call last):
  File "/usr/lib/python3.10/concurrent/futures/process.py", line 246, in _process_worker
    r = call_item.fn(*call_item.args, **call_item.kwargs)
  File "/home/erzhu419/mine_code/Auditable Coarse-to-Fine Quotient Planning/workspaces/acfqp-controlled-predictive-quotient-exploration/src/acfqp/science/greedy_target_run_v317.py", line 196, in _run_parent
    _save(output/'lifecycle_receipts'/f'life_{life}.json',row)
  File "/home/erzhu419/mine_code/Auditable Coarse-to-Fine Quotient Planning/workspaces/acfqp-controlled-predictive-quotient-exploration/src/acfqp/science/greedy_target_run_v317.py", line 31, in _save
    Path(path).write_text(json.dumps(value, indent=2, allow_nan=False)+'\n')
  File "/usr/lib/python3.10/json/__init__.py", line 238, in dumps
    **kw).encode(obj)
  File "/usr/lib/python3.10/json/encoder.py", line 201, in encode
    chunks = list(chunks)
  File "/usr/lib/python3.10/json/encoder.py", line 431, in _iterencode
    yield from _iterencode_dict(o, _current_indent_level)
  File "/usr/lib/python3.10/json/encoder.py", line 405, in _iterencode_dict
    yield from chunks
  File "/usr/lib/python3.10/json/encoder.py", line 405, in _iterencode_dict
    yield from chunks
  File "/usr/lib/python3.10/json/encoder.py", line 405, in _iterencode_dict
    yield from chunks
  [Previous line repeated 4 more times]
  File "/usr/lib/python3.10/json/encoder.py", line 438, in _iterencode
    o = _default(o)
  File "/usr/lib/python3.10/json/encoder.py", line 179, in default
    raise TypeError(f'Object of type {o.__class__.__name__} '
TypeError: Object of type ndarray is not JSON serializable
"""

The above exception was the direct cause of the following exception:

Traceback (most recent call last):
  File "/home/erzhu419/mine_code/Auditable Coarse-to-Fine Quotient Planning/workspaces/acfqp-controlled-predictive-quotient-exploration/scripts/run_greedy_targets_v317.py", line 12, in <module>
    run(args.source_summary,args.output)
  File "/home/erzhu419/mine_code/Auditable Coarse-to-Fine Quotient Planning/workspaces/acfqp-controlled-predictive-quotient-exploration/src/acfqp/science/greedy_target_run_v317.py", line 264, in run
    result=job.result(); parents.append(result)
  File "/usr/lib/python3.10/concurrent/futures/_base.py", line 451, in result
    return self.__get_result()
  File "/usr/lib/python3.10/concurrent/futures/_base.py", line 403, in __get_result
    raise self._exception
TypeError: Object of type ndarray is not JSON serializable
