{"event": "component_cell_complete", "lifecycle": 3, "task": "A", "arm": "MC_MC"}
{"event": "component_cell_complete", "lifecycle": 2, "task": "A", "arm": "MC_MC"}
{"event": "component_cell_complete", "lifecycle": 0, "task": "A", "arm": "MC_MC"}
{"event": "component_cell_complete", "lifecycle": 1, "task": "A", "arm": "MC_MC"}
{"event": "component_cell_complete", "lifecycle": 3, "task": "A", "arm": "TD_MC"}
{"event": "component_cell_complete", "lifecycle": 2, "task": "A", "arm": "TD_MC"}
{"event": "component_cell_complete", "lifecycle": 1, "task": "A", "arm": "TD_MC"}
{"event": "component_cell_complete", "lifecycle": 0, "task": "A", "arm": "TD_MC"}
{"event": "component_cell_complete", "lifecycle": 3, "task": "A", "arm": "MC_TD"}
{"event": "component_cell_complete", "lifecycle": 2, "task": "A", "arm": "MC_TD"}
{"event": "component_cell_complete", "lifecycle": 1, "task": "A", "arm": "MC_TD"}
{"event": "component_cell_complete", "lifecycle": 0, "task": "A", "arm": "MC_TD"}
{"event": "component_cell_complete", "lifecycle": 3, "task": "A", "arm": "TD_TD"}
{"event": "component_cell_complete", "lifecycle": 2, "task": "A", "arm": "TD_TD"}
{"event": "component_cell_complete", "lifecycle": 1, "task": "A", "arm": "TD_TD"}
{"event": "component_cell_complete", "lifecycle": 0, "task": "A", "arm": "TD_TD"}
{"event": "component_cell_complete", "lifecycle": 3, "task": "A", "arm": "FIRST_LOCAL"}
{"event": "component_cell_complete", "lifecycle": 2, "task": "A", "arm": "FIRST_LOCAL"}
{"event": "component_cell_complete", "lifecycle": 0, "task": "A", "arm": "FIRST_LOCAL"}
{"event": "component_cell_complete", "lifecycle": 1, "task": "A", "arm": "FIRST_LOCAL"}
{"event": "component_cell_complete", "lifecycle": 3, "task": "B", "arm": "MC_MC"}
{"event": "component_cell_complete", "lifecycle": 2, "task": "B", "arm": "MC_MC"}
{"event": "component_cell_complete", "lifecycle": 1, "task": "B", "arm": "MC_MC"}
{"event": "component_cell_complete", "lifecycle": 0, "task": "B", "arm": "MC_MC"}
{"event": "component_cell_complete", "lifecycle": 3, "task": "B", "arm": "TD_MC"}
{"event": "component_cell_complete", "lifecycle": 2, "task": "B", "arm": "TD_MC"}
{"event": "component_cell_complete", "lifecycle": 1, "task": "B", "arm": "TD_MC"}
{"event": "component_cell_complete", "lifecycle": 0, "task": "B", "arm": "TD_MC"}
{"event": "component_cell_complete", "lifecycle": 3, "task": "B", "arm": "MC_TD"}
{"event": "component_cell_complete", "lifecycle": 2, "task": "B", "arm": "MC_TD"}
{"event": "component_cell_complete", "lifecycle": 1, "task": "B", "arm": "MC_TD"}
{"event": "component_cell_complete", "lifecycle": 0, "task": "B", "arm": "MC_TD"}
{"event": "component_cell_complete", "lifecycle": 3, "task": "B", "arm": "TD_TD"}
{"event": "component_cell_complete", "lifecycle": 2, "task": "B", "arm": "TD_TD"}
{"event": "component_cell_complete", "lifecycle": 1, "task": "B", "arm": "TD_TD"}
{"event": "component_cell_complete", "lifecycle": 0, "task": "B", "arm": "TD_TD"}
{"event": "component_cell_complete", "lifecycle": 3, "task": "B", "arm": "FIRST_LOCAL"}
{"event": "component_cell_complete", "lifecycle": 2, "task": "B", "arm": "FIRST_LOCAL"}
{"event": "component_cell_complete", "lifecycle": 1, "task": "B", "arm": "FIRST_LOCAL"}
{"event": "component_cell_complete", "lifecycle": 0, "task": "B", "arm": "FIRST_LOCAL"}
{"event": "component_cell_complete", "lifecycle": 7, "task": "A", "arm": "MC_MC"}
{"event": "component_cell_complete", "lifecycle": 6, "task": "A", "arm": "MC_MC"}
{"event": "component_cell_complete", "lifecycle": 5, "task": "A", "arm": "MC_MC"}
{"event": "component_cell_complete", "lifecycle": 4, "task": "A", "arm": "MC_MC"}
{"event": "component_cell_complete", "lifecycle": 7, "task": "A", "arm": "TD_MC"}
{"event": "component_cell_complete", "lifecycle": 6, "task": "A", "arm": "TD_MC"}
{"event": "component_cell_complete", "lifecycle": 5, "task": "A", "arm": "TD_MC"}
{"event": "component_cell_complete", "lifecycle": 4, "task": "A", "arm": "TD_MC"}
{"event": "component_cell_complete", "lifecycle": 7, "task": "A", "arm": "MC_TD"}
{"event": "component_cell_complete", "lifecycle": 6, "task": "A", "arm": "MC_TD"}
{"event": "component_cell_complete", "lifecycle": 5, "task": "A", "arm": "MC_TD"}
{"event": "component_cell_complete", "lifecycle": 4, "task": "A", "arm": "MC_TD"}
{"event": "component_cell_complete", "lifecycle": 7, "task": "A", "arm": "TD_TD"}
{"event": "component_cell_complete", "lifecycle": 6, "task": "A", "arm": "TD_TD"}
{"event": "component_cell_complete", "lifecycle": 5, "task": "A", "arm": "TD_TD"}
{"event": "component_cell_complete", "lifecycle": 4, "task": "A", "arm": "TD_TD"}
{"event": "component_cell_complete", "lifecycle": 7, "task": "A", "arm": "FIRST_LOCAL"}
{"event": "component_cell_complete", "lifecycle": 6, "task": "A", "arm": "FIRST_LOCAL"}
{"event": "component_cell_complete", "lifecycle": 5, "task": "A", "arm": "FIRST_LOCAL"}
{"event": "component_cell_complete", "lifecycle": 4, "task": "A", "arm": "FIRST_LOCAL"}
{"event": "component_cell_complete", "lifecycle": 7, "task": "B", "arm": "MC_MC"}
{"event": "component_cell_complete", "lifecycle": 6, "task": "B", "arm": "MC_MC"}
{"event": "component_cell_complete", "lifecycle": 5, "task": "B", "arm": "MC_MC"}
{"event": "component_cell_complete", "lifecycle": 4, "task": "B", "arm": "MC_MC"}
{"event": "component_cell_complete", "lifecycle": 7, "task": "B", "arm": "TD_MC"}
{"event": "component_cell_complete", "lifecycle": 6, "task": "B", "arm": "TD_MC"}
{"event": "component_cell_complete", "lifecycle": 5, "task": "B", "arm": "TD_MC"}
{"event": "component_cell_complete", "lifecycle": 4, "task": "B", "arm": "TD_MC"}
{"event": "component_cell_complete", "lifecycle": 7, "task": "B", "arm": "MC_TD"}
{"event": "component_cell_complete", "lifecycle": 5, "task": "B", "arm": "MC_TD"}
{"event": "component_cell_complete", "lifecycle": 6, "task": "B", "arm": "MC_TD"}
{"event": "component_cell_complete", "lifecycle": 4, "task": "B", "arm": "MC_TD"}
{"event": "component_cell_complete", "lifecycle": 7, "task": "B", "arm": "TD_TD"}
{"event": "component_cell_complete", "lifecycle": 5, "task": "B", "arm": "TD_TD"}
{"event": "component_cell_complete", "lifecycle": 6, "task": "B", "arm": "TD_TD"}
{"event": "component_cell_complete", "lifecycle": 4, "task": "B", "arm": "TD_TD"}
{"event": "component_cell_complete", "lifecycle": 7, "task": "B", "arm": "FIRST_LOCAL"}
{"event": "component_cell_complete", "lifecycle": 5, "task": "B", "arm": "FIRST_LOCAL"}
{"event": "component_cell_complete", "lifecycle": 6, "task": "B", "arm": "FIRST_LOCAL"}
{"event": "component_cell_complete", "lifecycle": 4, "task": "B", "arm": "FIRST_LOCAL"}
{"event": "component_cell_complete", "lifecycle": 11, "task": "A", "arm": "MC_MC"}
{"event": "component_cell_complete", "lifecycle": 9, "task": "A", "arm": "MC_MC"}
{"event": "component_cell_complete", "lifecycle": 10, "task": "A", "arm": "MC_MC"}
{"event": "component_cell_complete", "lifecycle": 8, "task": "A", "arm": "MC_MC"}
{"event": "component_cell_complete", "lifecycle": 11, "task": "A", "arm": "TD_MC"}
{"event": "component_cell_complete", "lifecycle": 9, "task": "A", "arm": "TD_MC"}
{"event": "component_cell_complete", "lifecycle": 10, "task": "A", "arm": "TD_MC"}
{"event": "component_cell_complete", "lifecycle": 8, "task": "A", "arm": "TD_MC"}
{"event": "component_cell_complete", "lifecycle": 11, "task": "A", "arm": "MC_TD"}
{"event": "component_cell_complete", "lifecycle": 9, "task": "A", "arm": "MC_TD"}
{"event": "component_cell_complete", "lifecycle": 10, "task": "A", "arm": "MC_TD"}
{"event": "component_cell_complete", "lifecycle": 8, "task": "A", "arm": "MC_TD"}
{"event": "component_cell_complete", "lifecycle": 11, "task": "A", "arm": "TD_TD"}
{"event": "component_cell_complete", "lifecycle": 9, "task": "A", "arm": "TD_TD"}
{"event": "component_cell_complete", "lifecycle": 10, "task": "A", "arm": "TD_TD"}
{"event": "component_cell_complete", "lifecycle": 8, "task": "A", "arm": "TD_TD"}
{"event": "component_cell_complete", "lifecycle": 11, "task": "A", "arm": "FIRST_LOCAL"}
{"event": "component_cell_complete", "lifecycle": 9, "task": "A", "arm": "FIRST_LOCAL"}
{"event": "component_cell_complete", "lifecycle": 10, "task": "A", "arm": "FIRST_LOCAL"}
{"event": "component_cell_complete", "lifecycle": 8, "task": "A", "arm": "FIRST_LOCAL"}
{"event": "component_cell_complete", "lifecycle": 11, "task": "B", "arm": "MC_MC"}
{"event": "component_cell_complete", "lifecycle": 9, "task": "B", "arm": "MC_MC"}
{"event": "component_cell_complete", "lifecycle": 10, "task": "B", "arm": "MC_MC"}
{"event": "component_cell_complete", "lifecycle": 8, "task": "B", "arm": "MC_MC"}
{"event": "component_cell_complete", "lifecycle": 11, "task": "B", "arm": "TD_MC"}
{"event": "component_cell_complete", "lifecycle": 9, "task": "B", "arm": "TD_MC"}
{"event": "component_cell_complete", "lifecycle": 10, "task": "B", "arm": "TD_MC"}
{"event": "component_cell_complete", "lifecycle": 8, "task": "B", "arm": "TD_MC"}
{"event": "component_cell_complete", "lifecycle": 11, "task": "B", "arm": "MC_TD"}
{"event": "component_cell_complete", "lifecycle": 9, "task": "B", "arm": "MC_TD"}
{"event": "component_cell_complete", "lifecycle": 10, "task": "B", "arm": "MC_TD"}
{"event": "component_cell_complete", "lifecycle": 8, "task": "B", "arm": "MC_TD"}
{"event": "component_cell_complete", "lifecycle": 9, "task": "B", "arm": "TD_TD"}
{"event": "component_cell_complete", "lifecycle": 10, "task": "B", "arm": "TD_TD"}
{"event": "component_cell_complete", "lifecycle": 11, "task": "B", "arm": "TD_TD"}
{"event": "component_cell_complete", "lifecycle": 8, "task": "B", "arm": "TD_TD"}
{"event": "component_cell_complete", "lifecycle": 9, "task": "B", "arm": "FIRST_LOCAL"}
{"event": "component_cell_complete", "lifecycle": 10, "task": "B", "arm": "FIRST_LOCAL"}
{"event": "component_cell_complete", "lifecycle": 11, "task": "B", "arm": "FIRST_LOCAL"}
{"event": "component_cell_complete", "lifecycle": 8, "task": "B", "arm": "FIRST_LOCAL"}
{"event": "component_cell_complete", "lifecycle": 14, "task": "A", "arm": "MC_MC"}
{"event": "component_cell_complete", "lifecycle": 13, "task": "A", "arm": "MC_MC"}
{"event": "component_cell_complete", "lifecycle": 15, "task": "A", "arm": "MC_MC"}
{"event": "component_cell_complete", "lifecycle": 12, "task": "A", "arm": "MC_MC"}
{"event": "component_cell_complete", "lifecycle": 14, "task": "A", "arm": "TD_MC"}
{"event": "component_cell_complete", "lifecycle": 13, "task": "A", "arm": "TD_MC"}
{"event": "component_cell_complete", "lifecycle": 15, "task": "A", "arm": "TD_MC"}
{"event": "component_cell_complete", "lifecycle": 12, "task": "A", "arm": "TD_MC"}
{"event": "component_cell_complete", "lifecycle": 14, "task": "A", "arm": "MC_TD"}
{"event": "component_cell_complete", "lifecycle": 13, "task": "A", "arm": "MC_TD"}
{"event": "component_cell_complete", "lifecycle": 15, "task": "A", "arm": "MC_TD"}
{"event": "component_cell_complete", "lifecycle": 12, "task": "A", "arm": "MC_TD"}
{"event": "component_cell_complete", "lifecycle": 14, "task": "A", "arm": "TD_TD"}
{"event": "component_cell_complete", "lifecycle": 13, "task": "A", "arm": "TD_TD"}
{"event": "component_cell_complete", "lifecycle": 15, "task": "A", "arm": "TD_TD"}
{"event": "component_cell_complete", "lifecycle": 12, "task": "A", "arm": "TD_TD"}
{"event": "component_cell_complete", "lifecycle": 14, "task": "A", "arm": "FIRST_LOCAL"}
{"event": "component_cell_complete", "lifecycle": 13, "task": "A", "arm": "FIRST_LOCAL"}
{"event": "component_cell_complete", "lifecycle": 15, "task": "A", "arm": "FIRST_LOCAL"}
{"event": "component_cell_complete", "lifecycle": 12, "task": "A", "arm": "FIRST_LOCAL"}
{"event": "component_cell_complete", "lifecycle": 13, "task": "B", "arm": "MC_MC"}
{"event": "component_cell_complete", "lifecycle": 14, "task": "B", "arm": "MC_MC"}
{"event": "component_cell_complete", "lifecycle": 15, "task": "B", "arm": "MC_MC"}
{"event": "component_cell_complete", "lifecycle": 13, "task": "B", "arm": "TD_MC"}
{"event": "component_cell_complete", "lifecycle": 12, "task": "B", "arm": "MC_MC"}
{"event": "component_cell_complete", "lifecycle": 14, "task": "B", "arm": "TD_MC"}
{"event": "component_cell_complete", "lifecycle": 15, "task": "B", "arm": "TD_MC"}
{"event": "component_cell_complete", "lifecycle": 13, "task": "B", "arm": "MC_TD"}
{"event": "component_cell_complete", "lifecycle": 14, "task": "B", "arm": "MC_TD"}
{"event": "component_cell_complete", "lifecycle": 12, "task": "B", "arm": "TD_MC"}
{"event": "component_cell_complete", "lifecycle": 15, "task": "B", "arm": "MC_TD"}
{"event": "component_cell_complete", "lifecycle": 13, "task": "B", "arm": "TD_TD"}
{"event": "component_cell_complete", "lifecycle": 12, "task": "B", "arm": "MC_TD"}
{"event": "component_cell_complete", "lifecycle": 14, "task": "B", "arm": "TD_TD"}
{"event": "component_cell_complete", "lifecycle": 15, "task": "B", "arm": "TD_TD"}
{"event": "component_cell_complete", "lifecycle": 13, "task": "B", "arm": "FIRST_LOCAL"}
{"event": "component_cell_complete", "lifecycle": 12, "task": "B", "arm": "TD_TD"}
{"event": "component_cell_complete", "lifecycle": 14, "task": "B", "arm": "FIRST_LOCAL"}
{"event": "component_cell_complete", "lifecycle": 15, "task": "B", "arm": "FIRST_LOCAL"}
{"event": "component_cell_complete", "lifecycle": 12, "task": "B", "arm": "FIRST_LOCAL"}
{"event": "component_targets_complete", "status": "EXPERIMENT_COMPLETE"}
