{"event": "confirmed_context_stage_complete", "lifecycle": 1, "stage": "A1", "context": 0, "created": true, "contexts": 1, "raw": 131922}
{"event": "confirmed_context_stage_complete", "lifecycle": 3, "stage": "A1", "context": 0, "created": true, "contexts": 1, "raw": 131839}
{"event": "confirmed_context_stage_complete", "lifecycle": 2, "stage": "A1", "context": 0, "created": true, "contexts": 1, "raw": 131869}
{"event": "confirmed_context_stage_complete", "lifecycle": 0, "stage": "A1", "context": 0, "created": true, "contexts": 1, "raw": 132083}
{"event": "confirmed_context_stage_complete", "lifecycle": 1, "stage": "B1", "context": 1, "created": true, "contexts": 2, "raw": 131368}
{"event": "confirmed_context_stage_complete", "lifecycle": 2, "stage": "B1", "context": 1, "created": true, "contexts": 2, "raw": 131551}
{"event": "confirmed_context_stage_complete", "lifecycle": 3, "stage": "B1", "context": 1, "created": true, "contexts": 2, "raw": 131726}
{"event": "confirmed_context_stage_complete", "lifecycle": 0, "stage": "B1", "context": 1, "created": true, "contexts": 2, "raw": 131573}
{"event": "confirmed_context_stage_complete", "lifecycle": 1, "stage": "A2", "context": 0, "created": false, "contexts": 2, "raw": 967}
{"event": "confirmed_context_stage_complete", "lifecycle": 2, "stage": "A2", "context": 0, "created": false, "contexts": 2, "raw": 677}
{"event": "confirmed_context_stage_complete", "lifecycle": 3, "stage": "A2", "context": 0, "created": false, "contexts": 2, "raw": 752}
{"event": "confirmed_context_stage_complete", "lifecycle": 0, "stage": "A2", "context": 0, "created": false, "contexts": 2, "raw": 719}
{"event": "confirmed_context_stage_complete", "lifecycle": 1, "stage": "B2", "context": 1, "created": false, "contexts": 2, "raw": 454}
{"event": "confirmed_context_stage_complete", "lifecycle": 2, "stage": "B2", "context": 1, "created": false, "contexts": 2, "raw": 690}
{"event": "confirmed_context_stage_complete", "lifecycle": 3, "stage": "B2", "context": 1, "created": false, "contexts": 2, "raw": 698}
{"event": "confirmed_context_stage_complete", "lifecycle": 0, "stage": "B2", "context": 1, "created": false, "contexts": 2, "raw": 446}
{"event": "confirmed_context_stage_complete", "lifecycle": 1, "stage": "A3", "context": 0, "created": false, "contexts": 2, "raw": 586}
{"event": "confirmed_context_stage_complete", "lifecycle": 2, "stage": "A3", "context": 0, "created": false, "contexts": 2, "raw": 1013}
{"event": "confirmed_context_stage_complete", "lifecycle": 3, "stage": "A3", "context": 0, "created": false, "contexts": 2, "raw": 788}
{"event": "confirmed_context_stage_complete", "lifecycle": 0, "stage": "A3", "context": 0, "created": false, "contexts": 2, "raw": 723}
{"event": "confirmed_context_stage_complete", "lifecycle": 5, "stage": "A1", "context": 0, "created": true, "contexts": 1, "raw": 131927}
{"event": "confirmed_context_stage_complete", "lifecycle": 6, "stage": "A1", "context": 0, "created": true, "contexts": 1, "raw": 132071}
{"event": "confirmed_context_stage_complete", "lifecycle": 7, "stage": "A1", "context": 0, "created": true, "contexts": 1, "raw": 132058}
{"event": "confirmed_context_stage_complete", "lifecycle": 4, "stage": "A1", "context": 0, "created": true, "contexts": 1, "raw": 132091}
{"event": "confirmed_context_stage_complete", "lifecycle": 5, "stage": "B1", "context": 1, "created": true, "contexts": 2, "raw": 131469}
{"event": "confirmed_context_stage_complete", "lifecycle": 6, "stage": "B1", "context": 1, "created": true, "contexts": 2, "raw": 131693}
{"event": "confirmed_context_stage_complete", "lifecycle": 7, "stage": "B1", "context": 1, "created": true, "contexts": 2, "raw": 131336}
{"event": "confirmed_context_stage_complete", "lifecycle": 4, "stage": "B1", "context": 1, "created": true, "contexts": 2, "raw": 131415}
{"event": "confirmed_context_stage_complete", "lifecycle": 5, "stage": "A2", "context": 0, "created": false, "contexts": 2, "raw": 789}
{"event": "confirmed_context_stage_complete", "lifecycle": 6, "stage": "A2", "context": 0, "created": false, "contexts": 2, "raw": 994}
{"event": "confirmed_context_stage_complete", "lifecycle": 7, "stage": "A2", "context": 0, "created": false, "contexts": 2, "raw": 584}
{"event": "confirmed_context_stage_complete", "lifecycle": 4, "stage": "A2", "context": 0, "created": false, "contexts": 2, "raw": 1061}
{"event": "confirmed_context_stage_complete", "lifecycle": 5, "stage": "B2", "context": 1, "created": false, "contexts": 2, "raw": 410}
{"event": "confirmed_context_stage_complete", "lifecycle": 6, "stage": "B2", "context": 1, "created": false, "contexts": 2, "raw": 687}
{"event": "confirmed_context_stage_complete", "lifecycle": 7, "stage": "B2", "context": 1, "created": false, "contexts": 2, "raw": 531}
{"event": "confirmed_context_stage_complete", "lifecycle": 4, "stage": "B2", "context": 1, "created": false, "contexts": 2, "raw": 381}
{"event": "confirmed_context_stage_complete", "lifecycle": 6, "stage": "A3", "context": 0, "created": false, "contexts": 2, "raw": 1048}
{"event": "confirmed_context_stage_complete", "lifecycle": 5, "stage": "A3", "context": 0, "created": false, "contexts": 2, "raw": 1009}
{"event": "confirmed_context_stage_complete", "lifecycle": 7, "stage": "A3", "context": 0, "created": false, "contexts": 2, "raw": 1042}
{"event": "confirmed_context_stage_complete", "lifecycle": 4, "stage": "A3", "context": 0, "created": false, "contexts": 2, "raw": 852}
{"event": "confirmed_context_stage_complete", "lifecycle": 10, "stage": "A1", "context": 0, "created": true, "contexts": 1, "raw": 132064}
{"event": "confirmed_context_stage_complete", "lifecycle": 9, "stage": "A1", "context": 0, "created": true, "contexts": 1, "raw": 131853}
{"event": "confirmed_context_stage_complete", "lifecycle": 11, "stage": "A1", "context": 0, "created": true, "contexts": 1, "raw": 132176}
{"event": "confirmed_context_stage_complete", "lifecycle": 8, "stage": "A1", "context": 0, "created": true, "contexts": 1, "raw": 131711}
{"event": "confirmed_context_stage_complete", "lifecycle": 10, "stage": "B1", "context": 1, "created": true, "contexts": 2, "raw": 131479}
{"event": "confirmed_context_stage_complete", "lifecycle": 9, "stage": "B1", "context": 1, "created": true, "contexts": 2, "raw": 131559}
{"event": "confirmed_context_stage_complete", "lifecycle": 11, "stage": "B1", "context": 1, "created": true, "contexts": 2, "raw": 131497}
{"event": "confirmed_context_stage_complete", "lifecycle": 8, "stage": "B1", "context": 1, "created": true, "contexts": 2, "raw": 131542}
{"event": "confirmed_context_stage_complete", "lifecycle": 10, "stage": "A2", "context": 0, "created": false, "contexts": 2, "raw": 678}
{"event": "confirmed_context_stage_complete", "lifecycle": 9, "stage": "A2", "context": 0, "created": false, "contexts": 2, "raw": 955}
{"event": "confirmed_context_stage_complete", "lifecycle": 11, "stage": "A2", "context": 0, "created": false, "contexts": 2, "raw": 870}
{"event": "confirmed_context_stage_complete", "lifecycle": 8, "stage": "A2", "context": 0, "created": false, "contexts": 2, "raw": 777}
{"event": "confirmed_context_stage_complete", "lifecycle": 10, "stage": "B2", "context": 1, "created": false, "contexts": 2, "raw": 606}
{"event": "confirmed_context_stage_complete", "lifecycle": 9, "stage": "B2", "context": 1, "created": false, "contexts": 2, "raw": 326}
{"event": "confirmed_context_stage_complete", "lifecycle": 11, "stage": "B2", "context": 1, "created": false, "contexts": 2, "raw": 941}
{"event": "confirmed_context_stage_complete", "lifecycle": 8, "stage": "B2", "context": 1, "created": false, "contexts": 2, "raw": 391}
{"event": "confirmed_context_stage_complete", "lifecycle": 10, "stage": "A3", "context": 0, "created": false, "contexts": 2, "raw": 792}
{"event": "confirmed_context_stage_complete", "lifecycle": 9, "stage": "A3", "context": 0, "created": false, "contexts": 2, "raw": 542}
{"event": "confirmed_context_stage_complete", "lifecycle": 11, "stage": "A3", "context": 0, "created": false, "contexts": 2, "raw": 694}
{"event": "confirmed_context_stage_complete", "lifecycle": 8, "stage": "A3", "context": 0, "created": false, "contexts": 2, "raw": 536}
{"event": "confirmed_context_stage_complete", "lifecycle": 14, "stage": "A1", "context": 0, "created": true, "contexts": 1, "raw": 132380}
{"event": "confirmed_context_stage_complete", "lifecycle": 13, "stage": "A1", "context": 0, "created": true, "contexts": 1, "raw": 132090}
{"event": "confirmed_context_stage_complete", "lifecycle": 15, "stage": "A1", "context": 0, "created": true, "contexts": 1, "raw": 132072}
{"event": "confirmed_context_stage_complete", "lifecycle": 12, "stage": "A1", "context": 0, "created": true, "contexts": 1, "raw": 132124}
{"event": "confirmed_context_stage_complete", "lifecycle": 14, "stage": "B1", "context": 1, "created": true, "contexts": 2, "raw": 131517}
{"event": "confirmed_context_stage_complete", "lifecycle": 13, "stage": "B1", "context": 1, "created": true, "contexts": 2, "raw": 131772}
{"event": "confirmed_context_stage_complete", "lifecycle": 15, "stage": "B1", "context": 1, "created": true, "contexts": 2, "raw": 131380}
{"event": "confirmed_context_stage_complete", "lifecycle": 12, "stage": "B1", "context": 1, "created": true, "contexts": 2, "raw": 131489}
{"event": "confirmed_context_stage_complete", "lifecycle": 14, "stage": "A2", "context": 0, "created": false, "contexts": 2, "raw": 898}
{"event": "confirmed_context_stage_complete", "lifecycle": 15, "stage": "A2", "context": 0, "created": false, "contexts": 2, "raw": 568}
{"event": "confirmed_context_stage_complete", "lifecycle": 13, "stage": "A2", "context": 0, "created": false, "contexts": 2, "raw": 272}
{"event": "confirmed_context_stage_complete", "lifecycle": 12, "stage": "A2", "context": 0, "created": false, "contexts": 2, "raw": 603}
{"event": "confirmed_context_stage_complete", "lifecycle": 14, "stage": "B2", "context": 1, "created": false, "contexts": 2, "raw": 257}
{"event": "confirmed_context_stage_complete", "lifecycle": 15, "stage": "B2", "context": 1, "created": false, "contexts": 2, "raw": 422}
{"event": "confirmed_context_stage_complete", "lifecycle": 13, "stage": "B2", "context": 1, "created": false, "contexts": 2, "raw": 506}
{"event": "confirmed_context_stage_complete", "lifecycle": 12, "stage": "B2", "context": 1, "created": false, "contexts": 2, "raw": 383}
{"event": "confirmed_context_stage_complete", "lifecycle": 15, "stage": "A3", "context": 0, "created": false, "contexts": 2, "raw": 690}
{"event": "confirmed_context_stage_complete", "lifecycle": 14, "stage": "A3", "context": 0, "created": false, "contexts": 2, "raw": 752}
{"event": "confirmed_context_stage_complete", "lifecycle": 13, "stage": "A3", "context": 0, "created": false, "contexts": 2, "raw": 1070}
{"event": "confirmed_context_stage_complete", "lifecycle": 12, "stage": "A3", "context": 0, "created": false, "contexts": 2, "raw": 633}
{"event": "confirmed_context_stage_complete", "lifecycle": 18, "stage": "A1", "context": 0, "created": true, "contexts": 1, "raw": 131754}
{"event": "confirmed_context_stage_complete", "lifecycle": 19, "stage": "A1", "context": 0, "created": true, "contexts": 1, "raw": 132143}
{"event": "confirmed_context_stage_complete", "lifecycle": 17, "stage": "A1", "context": 0, "created": true, "contexts": 1, "raw": 131888}
{"event": "confirmed_context_stage_complete", "lifecycle": 16, "stage": "A1", "context": 0, "created": true, "contexts": 1, "raw": 131643}
{"event": "confirmed_context_stage_complete", "lifecycle": 18, "stage": "B1", "context": 1, "created": true, "contexts": 2, "raw": 131471}
{"event": "confirmed_context_stage_complete", "lifecycle": 19, "stage": "B1", "context": 1, "created": true, "contexts": 2, "raw": 131538}
{"event": "confirmed_context_stage_complete", "lifecycle": 17, "stage": "B1", "context": 1, "created": true, "contexts": 2, "raw": 131484}
{"event": "confirmed_context_stage_complete", "lifecycle": 16, "stage": "B1", "context": 1, "created": true, "contexts": 2, "raw": 131634}
{"event": "confirmed_context_stage_complete", "lifecycle": 18, "stage": "A2", "context": 0, "created": false, "contexts": 2, "raw": 877}
{"event": "confirmed_context_stage_complete", "lifecycle": 19, "stage": "A2", "context": 0, "created": false, "contexts": 2, "raw": 996}
{"event": "confirmed_context_stage_complete", "lifecycle": 17, "stage": "A2", "context": 0, "created": false, "contexts": 2, "raw": 1035}
{"event": "confirmed_context_stage_complete", "lifecycle": 16, "stage": "A2", "context": 0, "created": false, "contexts": 2, "raw": 888}
{"event": "confirmed_context_stage_complete", "lifecycle": 18, "stage": "B2", "context": 1, "created": false, "contexts": 2, "raw": 426}
{"event": "confirmed_context_stage_complete", "lifecycle": 19, "stage": "B2", "context": 1, "created": false, "contexts": 2, "raw": 494}
{"event": "confirmed_context_stage_complete", "lifecycle": 17, "stage": "B2", "context": 1, "created": false, "contexts": 2, "raw": 590}
{"event": "confirmed_context_stage_complete", "lifecycle": 16, "stage": "B2", "context": 1, "created": false, "contexts": 2, "raw": 302}
{"event": "confirmed_context_stage_complete", "lifecycle": 18, "stage": "A3", "context": 0, "created": false, "contexts": 2, "raw": 1176}
{"event": "confirmed_context_stage_complete", "lifecycle": 19, "stage": "A3", "context": 0, "created": false, "contexts": 2, "raw": 757}
{"event": "confirmed_context_stage_complete", "lifecycle": 17, "stage": "A3", "context": 0, "created": false, "contexts": 2, "raw": 664}
{"event": "confirmed_context_stage_complete", "lifecycle": 16, "stage": "A3", "context": 0, "created": false, "contexts": 2, "raw": 846}
{"event": "confirmed_context_stage_complete", "lifecycle": 22, "stage": "A1", "context": 0, "created": true, "contexts": 1, "raw": 131682}
{"event": "confirmed_context_stage_complete", "lifecycle": 23, "stage": "A1", "context": 0, "created": true, "contexts": 1, "raw": 132025}
{"event": "confirmed_context_stage_complete", "lifecycle": 21, "stage": "A1", "context": 0, "created": true, "contexts": 1, "raw": 132477}
{"event": "confirmed_context_stage_complete", "lifecycle": 20, "stage": "A1", "context": 0, "created": true, "contexts": 1, "raw": 131759}
{"event": "confirmed_context_stage_complete", "lifecycle": 22, "stage": "B1", "context": 1, "created": true, "contexts": 2, "raw": 131652}
{"event": "confirmed_context_stage_complete", "lifecycle": 23, "stage": "B1", "context": 1, "created": true, "contexts": 2, "raw": 131495}
{"event": "confirmed_context_stage_complete", "lifecycle": 21, "stage": "B1", "context": 1, "created": true, "contexts": 2, "raw": 131362}
{"event": "confirmed_context_stage_complete", "lifecycle": 20, "stage": "B1", "context": 1, "created": true, "contexts": 2, "raw": 131921}
{"event": "confirmed_context_stage_complete", "lifecycle": 22, "stage": "A2", "context": 0, "created": false, "contexts": 2, "raw": 393}
{"event": "confirmed_context_stage_complete", "lifecycle": 23, "stage": "A2", "context": 0, "created": false, "contexts": 2, "raw": 835}
{"event": "confirmed_context_stage_complete", "lifecycle": 21, "stage": "A2", "context": 0, "created": false, "contexts": 2, "raw": 688}
{"event": "confirmed_context_stage_complete", "lifecycle": 20, "stage": "A2", "context": 0, "created": false, "contexts": 2, "raw": 860}
{"event": "confirmed_context_stage_complete", "lifecycle": 22, "stage": "B2", "context": 1, "created": false, "contexts": 2, "raw": 313}
{"event": "confirmed_context_stage_complete", "lifecycle": 23, "stage": "B2", "context": 1, "created": false, "contexts": 2, "raw": 469}
{"event": "confirmed_context_stage_complete", "lifecycle": 21, "stage": "B2", "context": 1, "created": false, "contexts": 2, "raw": 674}
{"event": "confirmed_context_stage_complete", "lifecycle": 20, "stage": "B2", "context": 1, "created": false, "contexts": 2, "raw": 330}
{"event": "confirmed_context_stage_complete", "lifecycle": 22, "stage": "A3", "context": 0, "created": false, "contexts": 2, "raw": 702}
{"event": "confirmed_context_stage_complete", "lifecycle": 23, "stage": "A3", "context": 0, "created": false, "contexts": 2, "raw": 486}
{"event": "confirmed_context_stage_complete", "lifecycle": 21, "stage": "A3", "context": 0, "created": false, "contexts": 2, "raw": 746}
{"event": "confirmed_context_stage_complete", "lifecycle": 20, "stage": "A3", "context": 0, "created": false, "contexts": 2, "raw": 799}
{"event": "confirmed_context_stage_complete", "lifecycle": 26, "stage": "A1", "context": 0, "created": true, "contexts": 1, "raw": 132068}
{"event": "confirmed_context_stage_complete", "lifecycle": 27, "stage": "A1", "context": 0, "created": true, "contexts": 1, "raw": 131819}
{"event": "confirmed_context_stage_complete", "lifecycle": 25, "stage": "A1", "context": 0, "created": true, "contexts": 1, "raw": 131867}
{"event": "confirmed_context_stage_complete", "lifecycle": 24, "stage": "A1", "context": 0, "created": true, "contexts": 1, "raw": 131972}
{"event": "confirmed_context_stage_complete", "lifecycle": 26, "stage": "B1", "context": 1, "created": true, "contexts": 2, "raw": 131536}
{"event": "confirmed_context_stage_complete", "lifecycle": 27, "stage": "B1", "context": 1, "created": true, "contexts": 2, "raw": 131366}
{"event": "confirmed_context_stage_complete", "lifecycle": 25, "stage": "B1", "context": 1, "created": true, "contexts": 2, "raw": 131538}
{"event": "confirmed_context_stage_complete", "lifecycle": 24, "stage": "B1", "context": 1, "created": true, "contexts": 2, "raw": 131496}
{"event": "confirmed_context_stage_complete", "lifecycle": 26, "stage": "A2", "context": 0, "created": false, "contexts": 2, "raw": 1175}
{"event": "confirmed_context_stage_complete", "lifecycle": 27, "stage": "A2", "context": 0, "created": false, "contexts": 2, "raw": 1036}
{"event": "confirmed_context_stage_complete", "lifecycle": 25, "stage": "A2", "context": 0, "created": false, "contexts": 2, "raw": 985}
{"event": "confirmed_context_stage_complete", "lifecycle": 24, "stage": "A2", "context": 0, "created": false, "contexts": 2, "raw": 1037}
{"event": "confirmed_context_stage_complete", "lifecycle": 26, "stage": "B2", "context": 1, "created": false, "contexts": 2, "raw": 646}
{"event": "confirmed_context_stage_complete", "lifecycle": 27, "stage": "B2", "context": 1, "created": false, "contexts": 2, "raw": 261}
{"event": "confirmed_context_stage_complete", "lifecycle": 25, "stage": "B2", "context": 1, "created": false, "contexts": 2, "raw": 320}
{"event": "confirmed_context_stage_complete", "lifecycle": 24, "stage": "B2", "context": 1, "created": false, "contexts": 2, "raw": 607}
{"event": "confirmed_context_stage_complete", "lifecycle": 26, "stage": "A3", "context": 0, "created": false, "contexts": 2, "raw": 659}
{"event": "confirmed_context_stage_complete", "lifecycle": 27, "stage": "A3", "context": 0, "created": false, "contexts": 2, "raw": 1063}
{"event": "confirmed_context_stage_complete", "lifecycle": 25, "stage": "A3", "context": 0, "created": false, "contexts": 2, "raw": 927}
{"event": "confirmed_context_stage_complete", "lifecycle": 24, "stage": "A3", "context": 0, "created": false, "contexts": 2, "raw": 509}
{"event": "confirmed_context_stage_complete", "lifecycle": 30, "stage": "A1", "context": 0, "created": true, "contexts": 1, "raw": 132086}
{"event": "confirmed_context_stage_complete", "lifecycle": 31, "stage": "A1", "context": 0, "created": true, "contexts": 1, "raw": 131860}
{"event": "confirmed_context_stage_complete", "lifecycle": 29, "stage": "A1", "context": 0, "created": true, "contexts": 1, "raw": 131600}
{"event": "confirmed_context_stage_complete", "lifecycle": 28, "stage": "A1", "context": 0, "created": true, "contexts": 1, "raw": 131805}
{"event": "confirmed_context_stage_complete", "lifecycle": 30, "stage": "B1", "context": 1, "created": true, "contexts": 2, "raw": 131376}
{"event": "confirmed_context_stage_complete", "lifecycle": 31, "stage": "B1", "context": 1, "created": true, "contexts": 2, "raw": 131631}
{"event": "confirmed_context_stage_complete", "lifecycle": 29, "stage": "B1", "context": 1, "created": true, "contexts": 2, "raw": 131688}
{"event": "confirmed_context_stage_complete", "lifecycle": 28, "stage": "B1", "context": 1, "created": true, "contexts": 2, "raw": 131810}
{"event": "confirmed_context_stage_complete", "lifecycle": 30, "stage": "A2", "context": 0, "created": false, "contexts": 2, "raw": 1041}
{"event": "confirmed_context_stage_complete", "lifecycle": 31, "stage": "A2", "context": 0, "created": false, "contexts": 2, "raw": 895}
{"event": "confirmed_context_stage_complete", "lifecycle": 29, "stage": "A2", "context": 0, "created": false, "contexts": 2, "raw": 1120}
{"event": "confirmed_context_stage_complete", "lifecycle": 28, "stage": "A2", "context": 0, "created": false, "contexts": 2, "raw": 673}
{"event": "confirmed_context_stage_complete", "lifecycle": 30, "stage": "B2", "context": 1, "created": false, "contexts": 2, "raw": 319}
{"event": "confirmed_context_stage_complete", "lifecycle": 31, "stage": "B2", "context": 1, "created": false, "contexts": 2, "raw": 482}
{"event": "confirmed_context_stage_complete", "lifecycle": 29, "stage": "B2", "context": 1, "created": false, "contexts": 2, "raw": 396}
{"event": "confirmed_context_stage_complete", "lifecycle": 28, "stage": "B2", "context": 1, "created": false, "contexts": 2, "raw": 340}
{"event": "confirmed_context_stage_complete", "lifecycle": 30, "stage": "A3", "context": 0, "created": false, "contexts": 2, "raw": 729}
{"event": "confirmed_context_stage_complete", "lifecycle": 31, "stage": "A3", "context": 0, "created": false, "contexts": 2, "raw": 904}
{"event": "confirmed_context_stage_complete", "lifecycle": 29, "stage": "A3", "context": 0, "created": false, "contexts": 2, "raw": 985}
{"event": "confirmed_context_stage_complete", "lifecycle": 28, "stage": "A3", "context": 0, "created": false, "contexts": 2, "raw": 944}
{"event": "confirmed_context_stage_complete", "lifecycle": 34, "stage": "A1", "context": 0, "created": true, "contexts": 1, "raw": 131794}
{"event": "confirmed_context_stage_complete", "lifecycle": 35, "stage": "A1", "context": 0, "created": true, "contexts": 1, "raw": 132155}
{"event": "confirmed_context_stage_complete", "lifecycle": 33, "stage": "A1", "context": 0, "created": true, "contexts": 1, "raw": 131490}
{"event": "confirmed_context_stage_complete", "lifecycle": 32, "stage": "A1", "context": 0, "created": true, "contexts": 1, "raw": 131821}
{"event": "confirmed_context_stage_complete", "lifecycle": 34, "stage": "B1", "context": 1, "created": true, "contexts": 2, "raw": 131775}
{"event": "confirmed_context_stage_complete", "lifecycle": 35, "stage": "B1", "context": 1, "created": true, "contexts": 2, "raw": 131639}
{"event": "confirmed_context_stage_complete", "lifecycle": 33, "stage": "B1", "context": 1, "created": true, "contexts": 2, "raw": 131947}
{"event": "confirmed_context_stage_complete", "lifecycle": 34, "stage": "A2", "context": 0, "created": false, "contexts": 2, "raw": 620}
{"event": "confirmed_context_stage_complete", "lifecycle": 32, "stage": "B1", "context": 1, "created": true, "contexts": 2, "raw": 131506}
{"event": "confirmed_context_stage_complete", "lifecycle": 35, "stage": "A2", "context": 0, "created": false, "contexts": 2, "raw": 586}
{"event": "confirmed_context_stage_complete", "lifecycle": 33, "stage": "A2", "context": 0, "created": false, "contexts": 2, "raw": 600}
{"event": "confirmed_context_stage_complete", "lifecycle": 34, "stage": "B2", "context": 1, "created": false, "contexts": 2, "raw": 426}
{"event": "confirmed_context_stage_complete", "lifecycle": 32, "stage": "A2", "context": 0, "created": false, "contexts": 2, "raw": 1084}
{"event": "confirmed_context_stage_complete", "lifecycle": 35, "stage": "B2", "context": 1, "created": false, "contexts": 2, "raw": 456}
{"event": "confirmed_context_stage_complete", "lifecycle": 33, "stage": "B2", "context": 1, "created": false, "contexts": 2, "raw": 306}
{"event": "confirmed_context_stage_complete", "lifecycle": 34, "stage": "A3", "context": 0, "created": false, "contexts": 2, "raw": 1047}
{"event": "confirmed_context_stage_complete", "lifecycle": 35, "stage": "A3", "context": 0, "created": false, "contexts": 2, "raw": 893}
{"event": "confirmed_context_stage_complete", "lifecycle": 32, "stage": "B2", "context": 1, "created": false, "contexts": 2, "raw": 543}
{"event": "confirmed_context_stage_complete", "lifecycle": 33, "stage": "A3", "context": 0, "created": false, "contexts": 2, "raw": 1235}
{"event": "confirmed_context_stage_complete", "lifecycle": 32, "stage": "A3", "context": 0, "created": false, "contexts": 2, "raw": 777}
{"event": "confirmed_context_stage_complete", "lifecycle": 38, "stage": "A1", "context": 0, "created": true, "contexts": 1, "raw": 132286}
{"event": "confirmed_context_stage_complete", "lifecycle": 37, "stage": "A1", "context": 0, "created": true, "contexts": 1, "raw": 132049}
{"event": "confirmed_context_stage_complete", "lifecycle": 39, "stage": "A1", "context": 0, "created": true, "contexts": 1, "raw": 131947}
{"event": "confirmed_context_stage_complete", "lifecycle": 36, "stage": "A1", "context": 0, "created": true, "contexts": 1, "raw": 132012}
{"event": "confirmed_context_stage_complete", "lifecycle": 38, "stage": "B1", "context": 1, "created": true, "contexts": 2, "raw": 131729}
{"event": "confirmed_context_stage_complete", "lifecycle": 39, "stage": "B1", "context": 1, "created": true, "contexts": 2, "raw": 131469}
{"event": "confirmed_context_stage_complete", "lifecycle": 37, "stage": "B1", "context": 1, "created": true, "contexts": 2, "raw": 131693}
{"event": "confirmed_context_stage_complete", "lifecycle": 38, "stage": "A2", "context": 0, "created": false, "contexts": 2, "raw": 842}
{"event": "confirmed_context_stage_complete", "lifecycle": 39, "stage": "A2", "context": 0, "created": false, "contexts": 2, "raw": 970}
{"event": "confirmed_context_stage_complete", "lifecycle": 37, "stage": "A2", "context": 0, "created": false, "contexts": 2, "raw": 1006}
{"event": "confirmed_context_stage_complete", "lifecycle": 36, "stage": "B1", "context": 1, "created": true, "contexts": 2, "raw": 131455}
{"event": "confirmed_context_stage_complete", "lifecycle": 38, "stage": "B2", "context": 1, "created": false, "contexts": 2, "raw": 407}
{"event": "confirmed_context_stage_complete", "lifecycle": 39, "stage": "B2", "context": 1, "created": false, "contexts": 2, "raw": 678}
{"event": "confirmed_context_stage_complete", "lifecycle": 37, "stage": "B2", "context": 1, "created": false, "contexts": 2, "raw": 899}
{"event": "confirmed_context_stage_complete", "lifecycle": 36, "stage": "A2", "context": 0, "created": false, "contexts": 2, "raw": 290}
{"event": "confirmed_context_stage_complete", "lifecycle": 38, "stage": "A3", "context": 0, "created": false, "contexts": 2, "raw": 1008}
{"event": "confirmed_context_stage_complete", "lifecycle": 39, "stage": "A3", "context": 0, "created": false, "contexts": 2, "raw": 1217}
{"event": "confirmed_context_stage_complete", "lifecycle": 37, "stage": "A3", "context": 0, "created": false, "contexts": 2, "raw": 943}
{"event": "confirmed_context_stage_complete", "lifecycle": 36, "stage": "B2", "context": 1, "created": false, "contexts": 2, "raw": 343}
{"event": "confirmed_context_stage_complete", "lifecycle": 36, "stage": "A3", "context": 0, "created": false, "contexts": 2, "raw": 1047}
{"event": "confirmed_context_stage_complete", "lifecycle": 42, "stage": "A1", "context": 0, "created": true, "contexts": 1, "raw": 132198}
{"event": "confirmed_context_stage_complete", "lifecycle": 43, "stage": "A1", "context": 0, "created": true, "contexts": 1, "raw": 131849}
{"event": "confirmed_context_stage_complete", "lifecycle": 41, "stage": "A1", "context": 0, "created": true, "contexts": 1, "raw": 132055}
{"event": "confirmed_context_stage_complete", "lifecycle": 40, "stage": "A1", "context": 0, "created": true, "contexts": 1, "raw": 132068}
{"event": "confirmed_context_stage_complete", "lifecycle": 42, "stage": "B1", "context": 1, "created": true, "contexts": 2, "raw": 131532}
{"event": "confirmed_context_stage_complete", "lifecycle": 43, "stage": "B1", "context": 1, "created": true, "contexts": 2, "raw": 131453}
{"event": "confirmed_context_stage_complete", "lifecycle": 41, "stage": "B1", "context": 1, "created": true, "contexts": 2, "raw": 131654}
{"event": "confirmed_context_stage_complete", "lifecycle": 42, "stage": "A2", "context": 0, "created": false, "contexts": 2, "raw": 1188}
{"event": "confirmed_context_stage_complete", "lifecycle": 43, "stage": "A2", "context": 0, "created": false, "contexts": 2, "raw": 978}
{"event": "confirmed_context_stage_complete", "lifecycle": 41, "stage": "A2", "context": 0, "created": false, "contexts": 2, "raw": 499}
{"event": "confirmed_context_stage_complete", "lifecycle": 40, "stage": "B1", "context": 1, "created": true, "contexts": 2, "raw": 131472}
{"event": "confirmed_context_stage_complete", "lifecycle": 42, "stage": "B2", "context": 1, "created": false, "contexts": 2, "raw": 339}
{"event": "confirmed_context_stage_complete", "lifecycle": 43, "stage": "B2", "context": 1, "created": false, "contexts": 2, "raw": 291}
{"event": "confirmed_context_stage_complete", "lifecycle": 41, "stage": "B2", "context": 1, "created": false, "contexts": 2, "raw": 611}
{"event": "confirmed_context_stage_complete", "lifecycle": 40, "stage": "A2", "context": 0, "created": false, "contexts": 2, "raw": 812}
{"event": "confirmed_context_stage_complete", "lifecycle": 42, "stage": "A3", "context": 0, "created": false, "contexts": 2, "raw": 1080}
{"event": "confirmed_context_stage_complete", "lifecycle": 43, "stage": "A3", "context": 0, "created": false, "contexts": 2, "raw": 620}
{"event": "confirmed_context_stage_complete", "lifecycle": 41, "stage": "A3", "context": 0, "created": false, "contexts": 2, "raw": 849}
{"event": "confirmed_context_stage_complete", "lifecycle": 40, "stage": "B2", "context": 1, "created": false, "contexts": 2, "raw": 612}
{"event": "confirmed_context_stage_complete", "lifecycle": 40, "stage": "A3", "context": 0, "created": false, "contexts": 2, "raw": 1017}
{"event": "confirmed_context_stage_complete", "lifecycle": 46, "stage": "A1", "context": 0, "created": true, "contexts": 1, "raw": 131955}
{"event": "confirmed_context_stage_complete", "lifecycle": 47, "stage": "A1", "context": 0, "created": true, "contexts": 1, "raw": 131821}
{"event": "confirmed_context_stage_complete", "lifecycle": 45, "stage": "A1", "context": 0, "created": true, "contexts": 1, "raw": 131807}
{"event": "confirmed_context_stage_complete", "lifecycle": 44, "stage": "A1", "context": 0, "created": true, "contexts": 1, "raw": 131724}
{"event": "confirmed_context_stage_complete", "lifecycle": 46, "stage": "B1", "context": 1, "created": true, "contexts": 2, "raw": 131457}
{"event": "confirmed_context_stage_complete", "lifecycle": 47, "stage": "B1", "context": 1, "created": true, "contexts": 2, "raw": 131565}
{"event": "confirmed_context_stage_complete", "lifecycle": 45, "stage": "B1", "context": 1, "created": true, "contexts": 2, "raw": 131571}
{"event": "confirmed_context_stage_complete", "lifecycle": 46, "stage": "A2", "context": 0, "created": false, "contexts": 2, "raw": 1097}
{"event": "confirmed_context_stage_complete", "lifecycle": 47, "stage": "A2", "context": 0, "created": false, "contexts": 2, "raw": 599}
{"event": "confirmed_context_stage_complete", "lifecycle": 45, "stage": "A2", "context": 0, "created": false, "contexts": 2, "raw": 1024}
{"event": "confirmed_context_stage_complete", "lifecycle": 44, "stage": "B1", "context": 1, "created": true, "contexts": 2, "raw": 131703}
{"event": "confirmed_context_stage_complete", "lifecycle": 46, "stage": "B2", "context": 1, "created": false, "contexts": 2, "raw": 390}
{"event": "confirmed_context_stage_complete", "lifecycle": 45, "stage": "B2", "context": 1, "created": false, "contexts": 2, "raw": 264}
{"event": "confirmed_context_stage_complete", "lifecycle": 47, "stage": "B2", "context": 1, "created": false, "contexts": 2, "raw": 408}
{"event": "confirmed_context_stage_complete", "lifecycle": 44, "stage": "A2", "context": 0, "created": false, "contexts": 2, "raw": 1034}
{"event": "confirmed_context_stage_complete", "lifecycle": 46, "stage": "A3", "context": 0, "created": false, "contexts": 2, "raw": 840}
{"event": "confirmed_context_stage_complete", "lifecycle": 45, "stage": "A3", "context": 0, "created": false, "contexts": 2, "raw": 905}
{"event": "confirmed_context_stage_complete", "lifecycle": 47, "stage": "A3", "context": 0, "created": false, "contexts": 2, "raw": 794}
{"event": "confirmed_context_stage_complete", "lifecycle": 44, "stage": "B2", "context": 1, "created": false, "contexts": 2, "raw": 476}
{"event": "confirmed_context_stage_complete", "lifecycle": 44, "stage": "A3", "context": 0, "created": false, "contexts": 2, "raw": 937}
{"event": "confirmed_context_stage_complete", "lifecycle": 50, "stage": "A1", "context": 0, "created": true, "contexts": 1, "raw": 131421}
{"event": "confirmed_context_stage_complete", "lifecycle": 51, "stage": "A1", "context": 0, "created": true, "contexts": 1, "raw": 131863}
{"event": "confirmed_context_stage_complete", "lifecycle": 49, "stage": "A1", "context": 0, "created": true, "contexts": 1, "raw": 131602}
{"event": "confirmed_context_stage_complete", "lifecycle": 48, "stage": "A1", "context": 0, "created": true, "contexts": 1, "raw": 131754}
{"event": "confirmed_context_stage_complete", "lifecycle": 50, "stage": "B1", "context": 1, "created": true, "contexts": 2, "raw": 131530}
{"event": "confirmed_context_stage_complete", "lifecycle": 51, "stage": "B1", "context": 1, "created": true, "contexts": 2, "raw": 131498}
{"event": "confirmed_context_stage_complete", "lifecycle": 49, "stage": "B1", "context": 1, "created": true, "contexts": 2, "raw": 131426}
{"event": "confirmed_context_stage_complete", "lifecycle": 50, "stage": "A2", "context": 0, "created": false, "contexts": 2, "raw": 4796}
{"event": "confirmed_context_stage_complete", "lifecycle": 51, "stage": "A2", "context": 0, "created": false, "contexts": 2, "raw": 1187}
{"event": "confirmed_context_stage_complete", "lifecycle": 49, "stage": "A2", "context": 0, "created": false, "contexts": 2, "raw": 990}
{"event": "confirmed_context_stage_complete", "lifecycle": 48, "stage": "B1", "context": 1, "created": true, "contexts": 2, "raw": 131419}
{"event": "confirmed_context_stage_complete", "lifecycle": 51, "stage": "B2", "context": 1, "created": false, "contexts": 2, "raw": 457}
{"event": "confirmed_context_stage_complete", "lifecycle": 50, "stage": "B2", "context": 1, "created": false, "contexts": 2, "raw": 421}
{"event": "confirmed_context_stage_complete", "lifecycle": 49, "stage": "B2", "context": 1, "created": false, "contexts": 2, "raw": 803}
{"event": "confirmed_context_stage_complete", "lifecycle": 48, "stage": "A2", "context": 0, "created": false, "contexts": 2, "raw": 850}
{"event": "confirmed_context_stage_complete", "lifecycle": 51, "stage": "A3", "context": 0, "created": false, "contexts": 2, "raw": 1290}
{"event": "confirmed_context_stage_complete", "lifecycle": 50, "stage": "A3", "context": 0, "created": false, "contexts": 2, "raw": 738}
{"event": "confirmed_context_stage_complete", "lifecycle": 49, "stage": "A3", "context": 0, "created": false, "contexts": 2, "raw": 798}
{"event": "confirmed_context_stage_complete", "lifecycle": 48, "stage": "B2", "context": 1, "created": false, "contexts": 2, "raw": 446}
{"event": "confirmed_context_stage_complete", "lifecycle": 48, "stage": "A3", "context": 0, "created": false, "contexts": 2, "raw": 926}
{"event": "confirmed_context_stage_complete", "lifecycle": 54, "stage": "A1", "context": 0, "created": true, "contexts": 1, "raw": 132277}
{"event": "confirmed_context_stage_complete", "lifecycle": 55, "stage": "A1", "context": 0, "created": true, "contexts": 1, "raw": 132065}
{"event": "confirmed_context_stage_complete", "lifecycle": 53, "stage": "A1", "context": 0, "created": true, "contexts": 1, "raw": 132025}
{"event": "confirmed_context_stage_complete", "lifecycle": 52, "stage": "A1", "context": 0, "created": true, "contexts": 1, "raw": 131915}
{"event": "confirmed_context_stage_complete", "lifecycle": 54, "stage": "B1", "context": 1, "created": true, "contexts": 2, "raw": 131357}
{"event": "confirmed_context_stage_complete", "lifecycle": 55, "stage": "B1", "context": 1, "created": true, "contexts": 2, "raw": 131670}
{"event": "confirmed_context_stage_complete", "lifecycle": 53, "stage": "B1", "context": 1, "created": true, "contexts": 2, "raw": 131727}
{"event": "confirmed_context_stage_complete", "lifecycle": 54, "stage": "A2", "context": 0, "created": false, "contexts": 2, "raw": 659}
{"event": "confirmed_context_stage_complete", "lifecycle": 55, "stage": "A2", "context": 0, "created": false, "contexts": 2, "raw": 1016}
{"event": "confirmed_context_stage_complete", "lifecycle": 53, "stage": "A2", "context": 0, "created": false, "contexts": 2, "raw": 433}
{"event": "confirmed_context_stage_complete", "lifecycle": 52, "stage": "B1", "context": 1, "created": true, "contexts": 2, "raw": 131695}
{"event": "confirmed_context_stage_complete", "lifecycle": 54, "stage": "B2", "context": 1, "created": false, "contexts": 2, "raw": 435}
{"event": "confirmed_context_stage_complete", "lifecycle": 55, "stage": "B2", "context": 1, "created": false, "contexts": 2, "raw": 397}
{"event": "confirmed_context_stage_complete", "lifecycle": 53, "stage": "B2", "context": 1, "created": false, "contexts": 2, "raw": 574}
{"event": "confirmed_context_stage_complete", "lifecycle": 52, "stage": "A2", "context": 0, "created": false, "contexts": 2, "raw": 611}
{"event": "confirmed_context_stage_complete", "lifecycle": 54, "stage": "A3", "context": 0, "created": false, "contexts": 2, "raw": 568}
{"event": "confirmed_context_stage_complete", "lifecycle": 55, "stage": "A3", "context": 0, "created": false, "contexts": 2, "raw": 1140}
{"event": "confirmed_context_stage_complete", "lifecycle": 53, "stage": "A3", "context": 0, "created": false, "contexts": 2, "raw": 973}
{"event": "confirmed_context_stage_complete", "lifecycle": 52, "stage": "B2", "context": 1, "created": false, "contexts": 2, "raw": 480}
{"event": "confirmed_context_stage_complete", "lifecycle": 52, "stage": "A3", "context": 0, "created": false, "contexts": 2, "raw": 613}
{"event": "confirmed_context_stage_complete", "lifecycle": 58, "stage": "A1", "context": 0, "created": true, "contexts": 1, "raw": 131763}
{"event": "confirmed_context_stage_complete", "lifecycle": 59, "stage": "A1", "context": 0, "created": true, "contexts": 1, "raw": 131828}
{"event": "confirmed_context_stage_complete", "lifecycle": 57, "stage": "A1", "context": 0, "created": true, "contexts": 1, "raw": 132094}
{"event": "confirmed_context_stage_complete", "lifecycle": 56, "stage": "A1", "context": 0, "created": true, "contexts": 1, "raw": 131563}
{"event": "confirmed_context_stage_complete", "lifecycle": 58, "stage": "B1", "context": 1, "created": true, "contexts": 2, "raw": 131436}
{"event": "confirmed_context_stage_complete", "lifecycle": 59, "stage": "B1", "context": 1, "created": true, "contexts": 2, "raw": 131478}
{"event": "confirmed_context_stage_complete", "lifecycle": 57, "stage": "B1", "context": 1, "created": true, "contexts": 2, "raw": 131470}
{"event": "confirmed_context_stage_complete", "lifecycle": 58, "stage": "A2", "context": 0, "created": false, "contexts": 2, "raw": 1674}
{"event": "confirmed_context_stage_complete", "lifecycle": 59, "stage": "A2", "context": 0, "created": false, "contexts": 2, "raw": 1211}
{"event": "confirmed_context_stage_complete", "lifecycle": 57, "stage": "A2", "context": 0, "created": false, "contexts": 2, "raw": 569}
{"event": "confirmed_context_stage_complete", "lifecycle": 56, "stage": "B1", "context": 1, "created": true, "contexts": 2, "raw": 131365}
{"event": "confirmed_context_stage_complete", "lifecycle": 58, "stage": "B2", "context": 1, "created": false, "contexts": 2, "raw": 365}
{"event": "confirmed_context_stage_complete", "lifecycle": 59, "stage": "B2", "context": 1, "created": false, "contexts": 2, "raw": 417}
{"event": "confirmed_context_stage_complete", "lifecycle": 57, "stage": "B2", "context": 1, "created": false, "contexts": 2, "raw": 291}
{"event": "confirmed_context_stage_complete", "lifecycle": 56, "stage": "A2", "context": 0, "created": false, "contexts": 2, "raw": 719}
{"event": "confirmed_context_stage_complete", "lifecycle": 58, "stage": "A3", "context": 0, "created": false, "contexts": 2, "raw": 704}
{"event": "confirmed_context_stage_complete", "lifecycle": 57, "stage": "A3", "context": 0, "created": false, "contexts": 2, "raw": 350}
{"event": "confirmed_context_stage_complete", "lifecycle": 59, "stage": "A3", "context": 0, "created": false, "contexts": 2, "raw": 1035}
{"event": "confirmed_context_stage_complete", "lifecycle": 56, "stage": "B2", "context": 1, "created": false, "contexts": 2, "raw": 386}
{"event": "confirmed_context_stage_complete", "lifecycle": 56, "stage": "A3", "context": 0, "created": false, "contexts": 2, "raw": 714}
{"event": "confirmed_context_stage_complete", "lifecycle": 62, "stage": "A1", "context": 0, "created": true, "contexts": 1, "raw": 132077}
{"event": "confirmed_context_stage_complete", "lifecycle": 61, "stage": "A1", "context": 0, "created": true, "contexts": 1, "raw": 132105}
{"event": "confirmed_context_stage_complete", "lifecycle": 63, "stage": "A1", "context": 0, "created": true, "contexts": 1, "raw": 132062}
{"event": "confirmed_context_stage_complete", "lifecycle": 60, "stage": "A1", "context": 0, "created": true, "contexts": 1, "raw": 131869}
{"event": "confirmed_context_stage_complete", "lifecycle": 62, "stage": "B1", "context": 1, "created": true, "contexts": 2, "raw": 131368}
{"event": "confirmed_context_stage_complete", "lifecycle": 61, "stage": "B1", "context": 1, "created": true, "contexts": 2, "raw": 131666}
{"event": "confirmed_context_stage_complete", "lifecycle": 63, "stage": "B1", "context": 1, "created": true, "contexts": 2, "raw": 131563}
{"event": "confirmed_context_stage_complete", "lifecycle": 62, "stage": "A2", "context": 0, "created": false, "contexts": 2, "raw": 739}
{"event": "confirmed_context_stage_complete", "lifecycle": 61, "stage": "A2", "context": 0, "created": false, "contexts": 2, "raw": 968}
{"event": "confirmed_context_stage_complete", "lifecycle": 60, "stage": "B1", "context": 1, "created": true, "contexts": 2, "raw": 131669}
{"event": "confirmed_context_stage_complete", "lifecycle": 63, "stage": "A2", "context": 0, "created": false, "contexts": 2, "raw": 715}
{"event": "confirmed_context_stage_complete", "lifecycle": 62, "stage": "B2", "context": 1, "created": false, "contexts": 2, "raw": 448}
{"event": "confirmed_context_stage_complete", "lifecycle": 61, "stage": "B2", "context": 1, "created": false, "contexts": 2, "raw": 617}
{"event": "confirmed_context_stage_complete", "lifecycle": 60, "stage": "A2", "context": 0, "created": false, "contexts": 2, "raw": 873}
{"event": "confirmed_context_stage_complete", "lifecycle": 63, "stage": "B2", "context": 1, "created": false, "contexts": 2, "raw": 641}
{"event": "confirmed_context_stage_complete", "lifecycle": 62, "stage": "A3", "context": 0, "created": false, "contexts": 2, "raw": 719}
{"event": "confirmed_context_stage_complete", "lifecycle": 61, "stage": "A3", "context": 0, "created": false, "contexts": 2, "raw": 539}
{"event": "confirmed_context_stage_complete", "lifecycle": 60, "stage": "B2", "context": 1, "created": false, "contexts": 2, "raw": 352}
{"event": "confirmed_context_stage_complete", "lifecycle": 63, "stage": "A3", "context": 0, "created": false, "contexts": 2, "raw": 695}
{"event": "confirmed_context_stage_complete", "lifecycle": 60, "stage": "A3", "context": 0, "created": false, "contexts": 2, "raw": 686}
{"event": "confirmed_context_complete", "primary": {"mean": 1.1907362937927246, "ci95": [0.9441687583923339, 1.446879124641418], "lifecycle_deltas": {"0": 1.306060791015625, "1": 1.6690673828125, "2": 1.013397216796875, "3": -1.214630126953125, "4": 0.5087890625, "5": 0.012176513671875, "6": 1.174163818359375, "7": 1.827239990234375, "8": 0.7119140625, "9": -0.67596435546875, "10": 0.797760009765625, "11": 0.95050048828125, "12": 2.73345947265625, "13": 0.056060791015625, "14": 3.280487060546875, "15": 2.309661865234375, "16": 0.70330810546875, "17": 1.886383056640625, "18": 1.3206787109375, "19": 0.40960693359375, "20": 1.370880126953125, "21": 1.81011962890625, "22": 2.465362548828125, "23": 1.360992431640625, "24": -0.025115966796875, "25": -0.4400634765625, "26": 0.66497802734375, "27": 0.876373291015625, "28": 0.054931640625, "29": 1.22613525390625, "30": 2.86407470703125, "31": 2.8382568359375, "32": 2.12640380859375, "33": 2.373046875, "34": 2.253448486328125, "35": 2.2010498046875, "36": 0.713287353515625, "37": 1.0916748046875, "38": 0.65533447265625, "39": 1.243865966796875, "40": 2.8004150390625, "41": 0.263641357421875, "42": 1.38262939453125, "43": 1.43096923828125, "44": -0.10345458984375, "45": 0.8870849609375, "46": 1.4776611328125, "47": 0.3714599609375, "48": -0.167572021484375, "49": 2.32666015625, "50": 2.742279052734375, "51": 1.3116455078125, "52": 4.009307861328125, "53": 0.7279052734375, "54": 1.9481201171875, "55": 0.966461181640625, "56": 2.16796875, "57": 1.234161376953125, "58": 1.0177001953125, "59": -0.761474609375, "60": 1.9573974609375, "61": -0.886383056640625, "62": 0.044097900390625, "63": 0.55328369140625}, "improved_equal_worse": [56, 0, 8], "adverse_lifecycles": [3, 9, 24, 25, 44, 48, 59, 61], "parent_mean_deltas": {"0": 1.3042488098144531, "1": 0.8476066589355469, "2": 1.5688858032226562, "3": 1.0422039031982422}, "interval_scope": "CONDITIONAL_ON_FOUR_FROZEN_PARENTS"}, "net_gain": true, "retention": {"A_after_B1": "SUPPORTED_NONDECREASE", "A_return_A2": "SUPPORTED_NONDECREASE", "A_after_B2": "SUPPORTED_NONDECREASE", "A_final_vs_A1": "SUPPORTED_NONDECREASE", "B_after_A2": "SUPPORTED_NONDECREASE", "B_return_B2": "SUPPORTED_NONDECREASE", "B_final_vs_B1": "SUPPORTED_NONDECREASE"}}
