{"event": "split_risk_arm_complete", "lifecycle": 3, "arm": "SOURCE", "samples": 0, "heldout": {"bias": -1.7784858905486978, "mse": 35.041959483948546, "mae": 4.901637403909874}, "mean_utility": 5.64031982421875}
{"event": "split_risk_arm_complete", "lifecycle": 2, "arm": "SOURCE", "samples": 0, "heldout": {"bias": 0.3643686855282394, "mse": 22.69437603677542, "mae": 3.807268477002112}, "mean_utility": 4.29730224609375}
{"event": "split_risk_arm_complete", "lifecycle": 0, "arm": "SOURCE", "samples": 0, "heldout": {"bias": 0.016062642624104125, "mse": 20.423363294869805, "mae": 3.469467818361474}, "mean_utility": 5.61151123046875}
{"event": "split_risk_arm_complete", "lifecycle": 3, "arm": "MC", "samples": 104217, "heldout": {"bias": -0.5189342519645082, "mse": 31.84749459704443, "mae": 5.124095273531378}, "mean_utility": 4.8486328125}
{"event": "split_risk_arm_complete", "lifecycle": 1, "arm": "SOURCE", "samples": 0, "heldout": {"bias": -1.568241821039417, "mse": 31.43277848639601, "mae": 4.4652511411779985}, "mean_utility": 4.97808837890625}
{"event": "split_risk_arm_complete", "lifecycle": 2, "arm": "MC", "samples": 106115, "heldout": {"bias": 1.7040285399985011, "mse": 25.655004191231814, "mae": 4.516869932074717}, "mean_utility": 4.15277099609375}
{"event": "split_risk_arm_complete", "lifecycle": 0, "arm": "MC", "samples": 103552, "heldout": {"bias": 1.7027521117582747, "mse": 22.52356203051045, "mae": 4.304095923839291}, "mean_utility": 3.8011474609375}
{"event": "split_risk_arm_complete", "lifecycle": 1, "arm": "MC", "samples": 103720, "heldout": {"bias": -0.3161806755075196, "mse": 28.33717398337105, "mae": 4.711967520243732}, "mean_utility": 5.5806884765625}
{"event": "split_risk_arm_complete", "lifecycle": 3, "arm": "LOCAL_RISK", "samples": 104217, "heldout": {"bias": -0.21309901946421855, "mse": 31.606216452744004, "mae": 5.201218545623727}, "mean_utility": 5.7857666015625}
{"event": "split_risk_arm_complete", "lifecycle": 2, "arm": "LOCAL_RISK", "samples": 106115, "heldout": {"bias": 1.9304038853442502, "mse": 26.223856188980342, "mae": 4.648626108257586}, "mean_utility": 6.33734130859375}
{"event": "split_risk_arm_complete", "lifecycle": 0, "arm": "LOCAL_RISK", "samples": 103552, "heldout": {"bias": 1.6615419905213948, "mse": 22.225037710661653, "mae": 4.278308793177318}, "mean_utility": 6.11358642578125}
{"event": "split_risk_arm_complete", "lifecycle": 3, "arm": "GLOBAL_RISK", "samples": 104217, "heldout": {"bias": -0.07680612707822594, "mse": 31.999253551292142, "mae": 5.267544115624832}, "mean_utility": 3.879638671875}
{"event": "split_risk_arm_complete", "lifecycle": 1, "arm": "LOCAL_RISK", "samples": 103720, "heldout": {"bias": 0.061640407423428925, "mse": 28.10131977919064, "mae": 4.816663050525699}, "mean_utility": 5.72857666015625}
{"event": "split_risk_arm_complete", "lifecycle": 7, "arm": "SOURCE", "samples": 0, "heldout": {"bias": -1.0109163456690209, "mse": 29.541228553888114, "mae": 4.4114148856366295}, "mean_utility": 5.66485595703125}
{"event": "split_risk_arm_complete", "lifecycle": 2, "arm": "GLOBAL_RISK", "samples": 106115, "heldout": {"bias": 2.056283468911614, "mse": 27.359667692308786, "mae": 4.751599423338829}, "mean_utility": 4.156005859375}
{"event": "split_risk_arm_complete", "lifecycle": 0, "arm": "GLOBAL_RISK", "samples": 103552, "heldout": {"bias": 1.6823415841820732, "mse": 22.37516900169902, "mae": 4.30178151227406}, "mean_utility": 3.86834716796875}
{"event": "split_risk_arm_complete", "lifecycle": 4, "arm": "SOURCE", "samples": 0, "heldout": {"bias": -0.6342157327797379, "mse": 26.088420571501274, "mae": 4.006909277508096}, "mean_utility": 3.71435546875}
{"event": "split_risk_arm_complete", "lifecycle": 6, "arm": "SOURCE", "samples": 0, "heldout": {"bias": -0.7632838643969757, "mse": 26.442889698877373, "mae": 4.022621539744019}, "mean_utility": 7.36785888671875}
{"event": "split_risk_arm_complete", "lifecycle": 7, "arm": "MC", "samples": 104740, "heldout": {"bias": 0.6558843167900709, "mse": 28.937090976167326, "mae": 4.937106340220449}, "mean_utility": 2.31915283203125}
{"event": "split_risk_arm_complete", "lifecycle": 1, "arm": "GLOBAL_RISK", "samples": 103720, "heldout": {"bias": 0.17019054919837032, "mse": 28.26771642487795, "mae": 4.868227543681602}, "mean_utility": 2.84515380859375}
{"event": "split_risk_arm_complete", "lifecycle": 6, "arm": "MC", "samples": 104480, "heldout": {"bias": -0.1186844279999828, "mse": 25.378185561486884, "mae": 4.203577048937171}, "mean_utility": 2.2794189453125}
{"event": "split_risk_arm_complete", "lifecycle": 5, "arm": "SOURCE", "samples": 0, "heldout": {"bias": -1.017399749637356, "mse": 27.560025408420664, "mae": 4.11951203630405}, "mean_utility": 3.5537109375}
{"event": "split_risk_arm_complete", "lifecycle": 4, "arm": "MC", "samples": 104101, "heldout": {"bias": -0.0012169196552065603, "mse": 24.955707632213933, "mae": 4.19239499987418}, "mean_utility": 5.51544189453125}
{"event": "split_risk_arm_complete", "lifecycle": 7, "arm": "LOCAL_RISK", "samples": 104740, "heldout": {"bias": 0.6017624707783411, "mse": 28.532661715309338, "mae": 4.908763021304753}, "mean_utility": 5.9151611328125}
{"event": "split_risk_arm_complete", "lifecycle": 5, "arm": "MC", "samples": 102734, "heldout": {"bias": -0.724110186590819, "mse": 26.591785933761656, "mae": 4.142997401203369}, "mean_utility": 2.12017822265625}
{"event": "split_risk_arm_complete", "lifecycle": 6, "arm": "LOCAL_RISK", "samples": 104480, "heldout": {"bias": 0.6614071012684138, "mse": 25.66123345364999, "mae": 4.536853044982642}, "mean_utility": 5.4913330078125}
{"event": "split_risk_arm_complete", "lifecycle": 4, "arm": "LOCAL_RISK", "samples": 104101, "heldout": {"bias": 0.4801340031470492, "mse": 25.058653672195966, "mae": 4.402357838927508}, "mean_utility": 5.4947509765625}
{"event": "split_risk_arm_complete", "lifecycle": 5, "arm": "LOCAL_RISK", "samples": 102734, "heldout": {"bias": 0.04370064679658566, "mse": 25.778588299074755, "mae": 4.392908063284571}, "mean_utility": 5.47869873046875}
{"event": "split_risk_arm_complete", "lifecycle": 7, "arm": "GLOBAL_RISK", "samples": 104740, "heldout": {"bias": 0.7112877081472911, "mse": 29.045397725964822, "mae": 4.975900757058291}, "mean_utility": 4.2850341796875}
{"event": "split_risk_arm_complete", "lifecycle": 11, "arm": "SOURCE", "samples": 0, "heldout": {"bias": 0.07222066091977088, "mse": 21.818024874820072, "mae": 3.6278043214454296}, "mean_utility": 5.771484375}
{"event": "split_risk_arm_complete", "lifecycle": 6, "arm": "GLOBAL_RISK", "samples": 104480, "heldout": {"bias": 0.8352864553883356, "mse": 26.07358900141471, "mae": 4.640426748017701}, "mean_utility": 4.986328125}
{"event": "split_risk_arm_complete", "lifecycle": 4, "arm": "GLOBAL_RISK", "samples": 104101, "heldout": {"bias": 0.6096531702315728, "mse": 25.09821962095301, "mae": 4.477391447044217}, "mean_utility": 3.9927978515625}
{"event": "split_risk_arm_complete", "lifecycle": 10, "arm": "SOURCE", "samples": 0, "heldout": {"bias": 0.6246514571789279, "mse": 19.83131623728208, "mae": 3.5451936591267734}, "mean_utility": 4.808349609375}
{"event": "split_risk_arm_complete", "lifecycle": 11, "arm": "MC", "samples": 103588, "heldout": {"bias": 1.3056766776169935, "mse": 23.49942130652374, "mae": 4.244146042898031}, "mean_utility": 5.1580810546875}
{"event": "split_risk_arm_complete", "lifecycle": 8, "arm": "SOURCE", "samples": 0, "heldout": {"bias": 0.49823608187219537, "mse": 20.337799648185488, "mae": 3.5739861372835477}, "mean_utility": 7.1611328125}
{"event": "split_risk_arm_complete", "lifecycle": 5, "arm": "GLOBAL_RISK", "samples": 102734, "heldout": {"bias": 0.15411985704203074, "mse": 25.814179703361226, "mae": 4.467575659925911}, "mean_utility": 4.90234375}
{"event": "split_risk_arm_complete", "lifecycle": 10, "arm": "MC", "samples": 105111, "heldout": {"bias": 1.6189512584585533, "mse": 21.58224275208142, "mae": 4.099450460338908}, "mean_utility": 4.29254150390625}
{"event": "split_risk_arm_complete", "lifecycle": 9, "arm": "SOURCE", "samples": 0, "heldout": {"bias": -0.8627557888927709, "mse": 27.790125516144755, "mae": 4.182044728062893}, "mean_utility": 6.13555908203125}
{"event": "split_risk_arm_complete", "lifecycle": 8, "arm": "MC", "samples": 104707, "heldout": {"bias": 1.5644260485433354, "mse": 22.086641967677913, "mae": 4.139325420808878}, "mean_utility": 3.47113037109375}
{"event": "split_risk_arm_complete", "lifecycle": 11, "arm": "LOCAL_RISK", "samples": 103588, "heldout": {"bias": 1.365086524040496, "mse": 23.29968615413692, "mae": 4.2561509061025715}, "mean_utility": 4.8775634765625}
{"event": "split_risk_arm_complete", "lifecycle": 9, "arm": "MC", "samples": 104348, "heldout": {"bias": -0.19595071799436597, "mse": 26.844949911721425, "mae": 4.392714140824689}, "mean_utility": 3.56268310546875}
{"event": "split_risk_arm_complete", "lifecycle": 10, "arm": "LOCAL_RISK", "samples": 105111, "heldout": {"bias": 1.9249300038014365, "mse": 22.59898296703706, "mae": 4.302964583749568}, "mean_utility": 7.22003173828125}
{"event": "split_risk_arm_complete", "lifecycle": 8, "arm": "LOCAL_RISK", "samples": 104707, "heldout": {"bias": 1.838680447184199, "mse": 22.903100078804858, "mae": 4.306960967013642}, "mean_utility": 5.12359619140625}
{"event": "split_risk_arm_complete", "lifecycle": 11, "arm": "GLOBAL_RISK", "samples": 103588, "heldout": {"bias": 1.447894491332766, "mse": 23.876241263715983, "mae": 4.345826205736258}, "mean_utility": 5.75048828125}
{"event": "split_risk_arm_complete", "lifecycle": 9, "arm": "LOCAL_RISK", "samples": 104348, "heldout": {"bias": 0.292237533540253, "mse": 26.695829380316816, "mae": 4.571499432658923}, "mean_utility": 4.98919677734375}
{"event": "split_risk_arm_complete", "lifecycle": 15, "arm": "SOURCE", "samples": 0, "heldout": {"bias": 0.7007862058383595, "mse": 18.439780060519553, "mae": 3.3457325404098968}, "mean_utility": 6.33807373046875}
{"event": "split_risk_arm_complete", "lifecycle": 10, "arm": "GLOBAL_RISK", "samples": 105111, "heldout": {"bias": 2.030631961102814, "mse": 23.20778821191184, "mae": 4.386341515301182}, "mean_utility": 4.5174560546875}
{"event": "split_risk_arm_complete", "lifecycle": 8, "arm": "GLOBAL_RISK", "samples": 104707, "heldout": {"bias": 1.940544615529847, "mse": 23.553231508094434, "mae": 4.402085288802239}, "mean_utility": 3.6766357421875}
{"event": "split_risk_arm_complete", "lifecycle": 15, "arm": "MC", "samples": 104597, "heldout": {"bias": 1.064317223573261, "mse": 18.777231481905428, "mae": 3.504403777129223}, "mean_utility": 2.2318115234375}
{"event": "split_risk_arm_complete", "lifecycle": 14, "arm": "SOURCE", "samples": 0, "heldout": {"bias": -1.3974401444779307, "mse": 31.266200538668283, "mae": 4.497944475573631}, "mean_utility": 7.49749755859375}
{"event": "split_risk_arm_complete", "lifecycle": 9, "arm": "GLOBAL_RISK", "samples": 104348, "heldout": {"bias": 0.4095835619631509, "mse": 26.95109180348142, "mae": 4.640288166014939}, "mean_utility": 4.354248046875}
{"event": "split_risk_arm_complete", "lifecycle": 12, "arm": "SOURCE", "samples": 0, "heldout": {"bias": 0.617929083605235, "mse": 17.66647514993498, "mae": 3.256228891832251}, "mean_utility": 4.43359375}
{"event": "split_risk_arm_complete", "lifecycle": 14, "arm": "MC", "samples": 103581, "heldout": {"bias": -1.2505680215340176, "mse": 30.58000193883779, "mae": 4.504988780177151}, "mean_utility": 3.75341796875}
{"event": "split_risk_arm_complete", "lifecycle": 13, "arm": "SOURCE", "samples": 0, "heldout": {"bias": -0.4705974269829211, "mse": 24.10340856356549, "mae": 3.8391226343051077}, "mean_utility": 4.785888671875}
{"event": "split_risk_arm_complete", "lifecycle": 15, "arm": "LOCAL_RISK", "samples": 104597, "heldout": {"bias": 1.8242805193190246, "mse": 20.826095303031412, "mae": 4.005422644332281}, "mean_utility": 5.03399658203125}
{"event": "split_risk_arm_complete", "lifecycle": 12, "arm": "MC", "samples": 103704, "heldout": {"bias": 1.7837891264210937, "mse": 19.683613309776874, "mae": 3.878933456728441}, "mean_utility": 4.594970703125}
{"event": "split_risk_arm_complete", "lifecycle": 13, "arm": "MC", "samples": 103594, "heldout": {"bias": 0.5375468751806426, "mse": 23.51388867550096, "mae": 4.181320894237682}, "mean_utility": 3.858642578125}
{"event": "split_risk_arm_complete", "lifecycle": 14, "arm": "LOCAL_RISK", "samples": 103581, "heldout": {"bias": -0.36349581927459823, "mse": 28.979609003659732, "mae": 4.73066394060924}, "mean_utility": 6.12811279296875}
{"event": "split_risk_arm_complete", "lifecycle": 12, "arm": "LOCAL_RISK", "samples": 103704, "heldout": {"bias": 1.8374791074095722, "mse": 19.727723440901435, "mae": 3.9065674987113397}, "mean_utility": 6.488037109375}
{"event": "split_risk_arm_complete", "lifecycle": 15, "arm": "GLOBAL_RISK", "samples": 104597, "heldout": {"bias": 2.0124463911566894, "mse": 21.77562961280976, "mae": 4.174301728099189}, "mean_utility": 6.28228759765625}
{"event": "split_risk_arm_complete", "lifecycle": 13, "arm": "LOCAL_RISK", "samples": 103594, "heldout": {"bias": 0.8549087266080823, "mse": 23.807562083213845, "mae": 4.324241875003491}, "mean_utility": 4.037841796875}
{"event": "split_risk_arm_complete", "lifecycle": 19, "arm": "SOURCE", "samples": 0, "heldout": {"bias": -1.1940266261397772, "mse": 29.519935356493296, "mae": 4.343281717675017}, "mean_utility": 5.864013671875}
{"event": "split_risk_arm_complete", "lifecycle": 14, "arm": "GLOBAL_RISK", "samples": 103581, "heldout": {"bias": -0.19887011574889063, "mse": 29.109519207937065, "mae": 4.823085069632485}, "mean_utility": 5.32879638671875}
{"event": "split_risk_arm_complete", "lifecycle": 12, "arm": "GLOBAL_RISK", "samples": 103704, "heldout": {"bias": 1.9293399337148234, "mse": 20.071903766865027, "mae": 3.984711973752007}, "mean_utility": 5.10198974609375}
{"event": "split_risk_arm_complete", "lifecycle": 19, "arm": "MC", "samples": 103067, "heldout": {"bias": -0.6323431962087935, "mse": 28.073295198610268, "mae": 4.433247141420669}, "mean_utility": 2.0865478515625}
{"event": "split_risk_arm_complete", "lifecycle": 18, "arm": "SOURCE", "samples": 0, "heldout": {"bias": 0.07073076391280031, "mse": 21.869173165325765, "mae": 3.635018230354482}, "mean_utility": 6.52532958984375}
{"event": "split_risk_arm_complete", "lifecycle": 13, "arm": "GLOBAL_RISK", "samples": 103594, "heldout": {"bias": 0.9437821352010326, "mse": 24.122926625529686, "mae": 4.395743356133764}, "mean_utility": 3.61822509765625}
{"event": "split_risk_arm_complete", "lifecycle": 16, "arm": "SOURCE", "samples": 0, "heldout": {"bias": 0.1532436393774524, "mse": 21.380974944939265, "mae": 3.6284115979200955}, "mean_utility": 6.6351318359375}
{"event": "split_risk_arm_complete", "lifecycle": 18, "arm": "MC", "samples": 105067, "heldout": {"bias": 1.4801531009486455, "mse": 23.613763071529014, "mae": 4.349675743849918}, "mean_utility": 3.63360595703125}
{"event": "split_risk_arm_complete", "lifecycle": 17, "arm": "SOURCE", "samples": 0, "heldout": {"bias": -0.7491275987678611, "mse": 28.531428223658047, "mae": 4.285131531249194}, "mean_utility": 4.62469482421875}
{"event": "split_risk_arm_complete", "lifecycle": 19, "arm": "LOCAL_RISK", "samples": 103067, "heldout": {"bias": -0.09143688630233289, "mse": 27.46106495877319, "mae": 4.591298653191521}, "mean_utility": 6.55712890625}
{"event": "split_risk_arm_complete", "lifecycle": 16, "arm": "MC", "samples": 104481, "heldout": {"bias": 1.2260300905372665, "mse": 22.364368681426942, "mae": 4.105957343694573}, "mean_utility": 4.7955322265625}
{"event": "split_risk_arm_complete", "lifecycle": 17, "arm": "MC", "samples": 104311, "heldout": {"bias": 0.5260717247640421, "mse": 27.961130900526953, "mae": 4.7464496303093195}, "mean_utility": 5.029052734375}
{"event": "split_risk_arm_complete", "lifecycle": 18, "arm": "LOCAL_RISK", "samples": 105067, "heldout": {"bias": 1.7894546611855304, "mse": 24.506415620694316, "mae": 4.5257598474402245}, "mean_utility": 4.8165283203125}
{"event": "split_risk_arm_complete", "lifecycle": 16, "arm": "LOCAL_RISK", "samples": 104481, "heldout": {"bias": 1.5754509064207438, "mse": 23.23067906056356, "mae": 4.309400652904816}, "mean_utility": 5.6671142578125}
{"event": "split_risk_arm_complete", "lifecycle": 19, "arm": "GLOBAL_RISK", "samples": 103067, "heldout": {"bias": 0.02254914740276099, "mse": 27.493740171088536, "mae": 4.657359679258803}, "mean_utility": 4.89227294921875}
{"event": "split_risk_arm_complete", "lifecycle": 17, "arm": "LOCAL_RISK", "samples": 104311, "heldout": {"bias": 0.7033888021036265, "mse": 28.006118094789127, "mae": 4.815881233730843}, "mean_utility": 3.9656982421875}
{"event": "split_risk_arm_complete", "lifecycle": 23, "arm": "SOURCE", "samples": 0, "heldout": {"bias": -0.5339787481830746, "mse": 25.243768226319947, "mae": 3.9142521112065496}, "mean_utility": 4.2489013671875}
{"event": "split_risk_arm_complete", "lifecycle": 18, "arm": "GLOBAL_RISK", "samples": 105067, "heldout": {"bias": 1.8984777957284684, "mse": 25.084107995222904, "mae": 4.601437429895077}, "mean_utility": 3.4844970703125}
{"event": "split_risk_arm_complete", "lifecycle": 23, "arm": "MC", "samples": 103951, "heldout": {"bias": 1.1921240361318952, "mse": 26.0702060806739, "mae": 4.636408313838794}, "mean_utility": 4.0164794921875}
{"event": "split_risk_arm_complete", "lifecycle": 16, "arm": "GLOBAL_RISK", "samples": 104481, "heldout": {"bias": 1.668663583357119, "mse": 23.50017375442856, "mae": 4.367384531548142}, "mean_utility": 5.041259765625}
{"event": "split_risk_arm_complete", "lifecycle": 22, "arm": "SOURCE", "samples": 0, "heldout": {"bias": -0.09799601306965958, "mse": 22.58119984082903, "mae": 3.7041609895663563}, "mean_utility": 4.50836181640625}
{"event": "split_risk_arm_complete", "lifecycle": 17, "arm": "GLOBAL_RISK", "samples": 104311, "heldout": {"bias": 0.7969521492060216, "mse": 28.595794604548658, "mae": 4.886789067147554}, "mean_utility": 3.74188232421875}
{"event": "split_risk_arm_complete", "lifecycle": 20, "arm": "SOURCE", "samples": 0, "heldout": {"bias": 0.06998307455967957, "mse": 20.791342587708115, "mae": 3.520713793988178}, "mean_utility": 5.2833251953125}
{"event": "split_risk_arm_complete", "lifecycle": 22, "arm": "MC", "samples": 103330, "heldout": {"bias": 0.6996070761315222, "mse": 22.671981085135524, "mae": 4.01835184732437}, "mean_utility": 4.13214111328125}
{"event": "split_risk_arm_complete", "lifecycle": 23, "arm": "LOCAL_RISK", "samples": 103951, "heldout": {"bias": 1.1996655897419815, "mse": 25.79573896844832, "mae": 4.631594144915227}, "mean_utility": 4.85821533203125}
{"event": "split_risk_arm_complete", "lifecycle": 21, "arm": "SOURCE", "samples": 0, "heldout": {"bias": -0.33346509638510796, "mse": 28.12428966388775, "mae": 4.3480487310922085}, "mean_utility": 5.0869140625}
{"event": "split_risk_arm_complete", "lifecycle": 20, "arm": "MC", "samples": 103881, "heldout": {"bias": 1.0892743409128745, "mse": 21.164597070948094, "mae": 3.99879043788458}, "mean_utility": 2.74468994140625}
{"event": "split_risk_arm_complete", "lifecycle": 22, "arm": "LOCAL_RISK", "samples": 103330, "heldout": {"bias": 1.1366172135274049, "mse": 23.348686632800746, "mae": 4.248500364178026}, "mean_utility": 5.37750244140625}
{"event": "split_risk_arm_complete", "lifecycle": 21, "arm": "MC", "samples": 105372, "heldout": {"bias": 1.3839278292492443, "mse": 29.939788261125344, "mae": 5.035748623120853}, "mean_utility": 5.39752197265625}
{"event": "split_risk_arm_complete", "lifecycle": 20, "arm": "LOCAL_RISK", "samples": 103881, "heldout": {"bias": 1.4824078468904907, "mse": 21.970975230798565, "mae": 4.214583248655133}, "mean_utility": 5.62359619140625}
{"event": "split_risk_arm_complete", "lifecycle": 23, "arm": "GLOBAL_RISK", "samples": 103951, "heldout": {"bias": 1.254473664943752, "mse": 26.320982229857528, "mae": 4.698204084050265}, "mean_utility": 5.55694580078125}
{"event": "split_risk_arm_complete", "lifecycle": 21, "arm": "LOCAL_RISK", "samples": 105372, "heldout": {"bias": 1.5992205932763508, "mse": 30.610024917861487, "mae": 5.156634704299116}, "mean_utility": 6.3531494140625}
{"event": "split_risk_arm_complete", "lifecycle": 27, "arm": "SOURCE", "samples": 0, "heldout": {"bias": -1.1835266330055378, "mse": 29.29549846696843, "mae": 4.281901787898832}, "mean_utility": 6.41400146484375}
{"event": "split_risk_arm_complete", "lifecycle": 22, "arm": "GLOBAL_RISK", "samples": 103330, "heldout": {"bias": 1.2247527558770175, "mse": 23.70050672397357, "mae": 4.323235239523913}, "mean_utility": 5.95587158203125}
{"event": "split_risk_arm_complete", "lifecycle": 20, "arm": "GLOBAL_RISK", "samples": 103881, "heldout": {"bias": 1.5975524381267543, "mse": 22.402046278690115, "mae": 4.301364928215494}, "mean_utility": 5.61248779296875}
{"event": "split_risk_arm_complete", "lifecycle": 27, "arm": "MC", "samples": 103617, "heldout": {"bias": 0.21539877644757432, "mse": 27.344767650944682, "mae": 4.708639480408446}, "mean_utility": 4.40185546875}
{"event": "split_risk_arm_complete", "lifecycle": 26, "arm": "SOURCE", "samples": 0, "heldout": {"bias": -0.8132323608020613, "mse": 26.27884056371954, "mae": 3.996616227688752}, "mean_utility": 8.04449462890625}
{"event": "split_risk_arm_complete", "lifecycle": 24, "arm": "SOURCE", "samples": 0, "heldout": {"bias": -0.39470615931988845, "mse": 24.758672201532555, "mae": 3.906347103346703}, "mean_utility": 7.21942138671875}
{"event": "split_risk_arm_complete", "lifecycle": 21, "arm": "GLOBAL_RISK", "samples": 105372, "heldout": {"bias": 1.6541019476447665, "mse": 31.256911799767195, "mae": 5.2149320255415414}, "mean_utility": 6.71685791015625}
{"event": "split_risk_arm_complete", "lifecycle": 27, "arm": "LOCAL_RISK", "samples": 103617, "heldout": {"bias": 0.4270476004609332, "mse": 27.3221776541871, "mae": 4.784059913715881}, "mean_utility": 6.3741455078125}
{"event": "split_risk_arm_complete", "lifecycle": 26, "arm": "MC", "samples": 104523, "heldout": {"bias": 0.5095152124184912, "mse": 25.057959037760916, "mae": 4.431305175536089}, "mean_utility": 6.21319580078125}
{"event": "split_risk_arm_complete", "lifecycle": 25, "arm": "SOURCE", "samples": 0, "heldout": {"bias": -1.067582726788142, "mse": 29.02323571084157, "mae": 4.304187472718117}, "mean_utility": 5.6729736328125}
{"event": "split_risk_arm_complete", "lifecycle": 24, "arm": "MC", "samples": 103909, "heldout": {"bias": 0.26712725077005234, "mse": 24.233509419481887, "mae": 4.101562825034341}, "mean_utility": 4.5887451171875}
{"event": "split_risk_arm_complete", "lifecycle": 25, "arm": "MC", "samples": 103195, "heldout": {"bias": -0.6935289249513911, "mse": 28.019576480809228, "mae": 4.368133514262263}, "mean_utility": 3.54058837890625}
{"event": "split_risk_arm_complete", "lifecycle": 26, "arm": "LOCAL_RISK", "samples": 104523, "heldout": {"bias": 0.85679432870567, "mse": 25.349183447482755, "mae": 4.577666348589331}, "mean_utility": 5.0635986328125}
{"event": "split_risk_arm_complete", "lifecycle": 24, "arm": "LOCAL_RISK", "samples": 103909, "heldout": {"bias": 0.7792409100703136, "mse": 24.639755200794216, "mae": 4.342040922002645}, "mean_utility": 6.6839599609375}
{"event": "split_risk_arm_complete", "lifecycle": 27, "arm": "GLOBAL_RISK", "samples": 103617, "heldout": {"bias": 0.5023177353043804, "mse": 27.58085185536689, "mae": 4.831947026740912}, "mean_utility": 3.44677734375}
{"event": "split_risk_arm_complete", "lifecycle": 25, "arm": "LOCAL_RISK", "samples": 103195, "heldout": {"bias": -0.04429287101550792, "mse": 27.298432218017098, "mae": 4.560107108804108}, "mean_utility": 5.51220703125}
{"event": "split_risk_arm_complete", "lifecycle": 31, "arm": "SOURCE", "samples": 0, "heldout": {"bias": -0.3202549303586932, "mse": 24.63612929858899, "mae": 3.9352910211591206}, "mean_utility": 3.7747802734375}
{"event": "split_risk_arm_complete", "lifecycle": 26, "arm": "GLOBAL_RISK", "samples": 104523, "heldout": {"bias": 0.9302864715238908, "mse": 25.4858144134597, "mae": 4.615185208444544}, "mean_utility": 4.83294677734375}
{"event": "split_risk_arm_complete", "lifecycle": 31, "arm": "MC", "samples": 104597, "heldout": {"bias": 0.534601913243369, "mse": 24.261370572464145, "mae": 4.24537529117106}, "mean_utility": 4.53570556640625}
{"event": "split_risk_arm_complete", "lifecycle": 24, "arm": "GLOBAL_RISK", "samples": 103909, "heldout": {"bias": 0.9212789144671129, "mse": 24.95273008285064, "mae": 4.434927419638574}, "mean_utility": 4.62664794921875}
{"event": "split_risk_arm_complete", "lifecycle": 30, "arm": "SOURCE", "samples": 0, "heldout": {"bias": -0.503808973578161, "mse": 24.311805126911402, "mae": 3.8053465772876707}, "mean_utility": 3.86968994140625}
{"event": "split_risk_arm_complete", "lifecycle": 25, "arm": "GLOBAL_RISK", "samples": 103195, "heldout": {"bias": 0.09166857979976809, "mse": 27.192459501109138, "mae": 4.628094130166107}, "mean_utility": 4.355224609375}
{"event": "split_risk_arm_complete", "lifecycle": 28, "arm": "SOURCE", "samples": 0, "heldout": {"bias": 0.5176769130836494, "mse": 19.037983084924736, "mae": 3.405539636626183}, "mean_utility": 5.74371337890625}
{"event": "split_risk_arm_complete", "lifecycle": 30, "arm": "MC", "samples": 104060, "heldout": {"bias": 0.1748949665036129, "mse": 23.17872419402901, "mae": 4.0324026742153425}, "mean_utility": 3.26409912109375}
{"event": "split_risk_arm_complete", "lifecycle": 31, "arm": "LOCAL_RISK", "samples": 104597, "heldout": {"bias": 1.1343991108747014, "mse": 25.104688123170384, "mae": 4.533372736896304}, "mean_utility": 4.44244384765625}
{"event": "split_risk_arm_complete", "lifecycle": 29, "arm": "SOURCE", "samples": 0, "heldout": {"bias": -1.1243864422500622, "mse": 31.371851170914468, "mae": 4.5653422242041115}, "mean_utility": 4.84735107421875}
{"event": "split_risk_arm_complete", "lifecycle": 28, "arm": "MC", "samples": 103541, "heldout": {"bias": 0.5084863062623017, "mse": 18.571830803728304, "mae": 3.3420952987454933}, "mean_utility": 2.5626220703125}
{"event": "split_risk_arm_complete", "lifecycle": 29, "arm": "MC", "samples": 104173, "heldout": {"bias": -0.7407572538323278, "mse": 30.28728440733307, "mae": 4.666127808343911}, "mean_utility": 2.12164306640625}
{"event": "split_risk_arm_complete", "lifecycle": 30, "arm": "LOCAL_RISK", "samples": 104060, "heldout": {"bias": 0.8237010160727269, "mse": 23.712483786038792, "mae": 4.35165995837858}, "mean_utility": 4.8211669921875}
{"event": "split_risk_arm_complete", "lifecycle": 28, "arm": "LOCAL_RISK", "samples": 103541, "heldout": {"bias": 1.1983586108766506, "mse": 19.572441621710343, "mae": 3.6983001630206944}, "mean_utility": 5.88897705078125}
{"event": "split_risk_arm_complete", "lifecycle": 31, "arm": "GLOBAL_RISK", "samples": 104597, "heldout": {"bias": 1.262858463934522, "mse": 25.60460438217251, "mae": 4.611270141384013}, "mean_utility": 5.41015625}
{"event": "split_risk_arm_complete", "lifecycle": 29, "arm": "LOCAL_RISK", "samples": 104173, "heldout": {"bias": -0.2333598687934543, "mse": 29.71342762995379, "mae": 4.820506255926832}, "mean_utility": 7.3736572265625}
{"event": "split_risk_arm_complete", "lifecycle": 35, "arm": "SOURCE", "samples": 0, "heldout": {"bias": -1.8279487006595505, "mse": 33.56202341574826, "mae": 4.66796280896636}, "mean_utility": 4.9903564453125}
{"event": "split_risk_arm_complete", "lifecycle": 30, "arm": "GLOBAL_RISK", "samples": 104060, "heldout": {"bias": 1.0152445699556218, "mse": 23.94331799261912, "mae": 4.451369319422822}, "mean_utility": 2.8558349609375}
{"event": "split_risk_arm_complete", "lifecycle": 28, "arm": "GLOBAL_RISK", "samples": 103541, "heldout": {"bias": 1.3422182709903077, "mse": 19.686048768132775, "mae": 3.7956565648065976}, "mean_utility": 4.1749267578125}
{"event": "split_risk_arm_complete", "lifecycle": 35, "arm": "MC", "samples": 103793, "heldout": {"bias": -1.5214250880075686, "mse": 32.01821632432443, "mae": 4.679795827420287}, "mean_utility": 2.64141845703125}
{"event": "split_risk_arm_complete", "lifecycle": 34, "arm": "SOURCE", "samples": 0, "heldout": {"bias": 0.913482673559917, "mse": 16.84421120896805, "mae": 3.2239391900185717}, "mean_utility": 3.9078369140625}
{"event": "split_risk_arm_complete", "lifecycle": 29, "arm": "GLOBAL_RISK", "samples": 104173, "heldout": {"bias": -0.07407727198401667, "mse": 29.878996050372198, "mae": 4.909497979966862}, "mean_utility": 5.48114013671875}
{"event": "split_risk_arm_complete", "lifecycle": 32, "arm": "SOURCE", "samples": 0, "heldout": {"bias": 0.6552172578862598, "mse": 18.40220107701836, "mae": 3.346063489337387}, "mean_utility": 5.2235107421875}
{"event": "split_risk_arm_complete", "lifecycle": 34, "arm": "MC", "samples": 104689, "heldout": {"bias": 2.1267335988587153, "mse": 19.79428755392342, "mae": 3.8963439775457838}, "mean_utility": 4.448486328125}
{"event": "split_risk_arm_complete", "lifecycle": 35, "arm": "LOCAL_RISK", "samples": 103793, "heldout": {"bias": -0.5973426705937411, "mse": 29.655977946427736, "mae": 4.858588318705458}, "mean_utility": 5.1375732421875}
{"event": "split_risk_arm_complete", "lifecycle": 33, "arm": "SOURCE", "samples": 0, "heldout": {"bias": -0.20217236461535557, "mse": 25.144794301378656, "mae": 4.007474764535303}, "mean_utility": 5.6119384765625}
{"event": "split_risk_arm_complete", "lifecycle": 32, "arm": "MC", "samples": 104337, "heldout": {"bias": 1.5873726590581, "mse": 19.916603799921486, "mae": 3.811517281186713}, "mean_utility": 2.9385986328125}
{"event": "split_risk_arm_complete", "lifecycle": 34, "arm": "LOCAL_RISK", "samples": 104689, "heldout": {"bias": 2.549222283613465, "mse": 21.772248591785235, "mae": 4.217766693234694}, "mean_utility": 6.0186767578125}
{"event": "split_risk_arm_complete", "lifecycle": 33, "arm": "MC", "samples": 105619, "heldout": {"bias": 1.465709307905682, "mse": 26.914668135015557, "mae": 4.792857392960924}, "mean_utility": 4.39154052734375}
{"event": "split_risk_arm_complete", "lifecycle": 32, "arm": "LOCAL_RISK", "samples": 104337, "heldout": {"bias": 1.8686914865310589, "mse": 20.782506468299, "mae": 3.997587085992533}, "mean_utility": 6.6939697265625}
{"event": "split_risk_arm_complete", "lifecycle": 35, "arm": "GLOBAL_RISK", "samples": 103793, "heldout": {"bias": -0.3955803914003105, "mse": 29.353874004658394, "mae": 4.924322327745381}, "mean_utility": 3.116943359375}
{"event": "split_risk_arm_complete", "lifecycle": 39, "arm": "SOURCE", "samples": 0, "heldout": {"bias": -1.7963762632259297, "mse": 33.762881407707034, "mae": 4.704255422457659}, "mean_utility": 3.92193603515625}
{"event": "split_risk_arm_complete", "lifecycle": 33, "arm": "LOCAL_RISK", "samples": 105619, "heldout": {"bias": 1.7571782471291695, "mse": 27.84549609390119, "mae": 4.950478690724779}, "mean_utility": 6.72637939453125}
{"event": "split_risk_arm_complete", "lifecycle": 34, "arm": "GLOBAL_RISK", "samples": 104689, "heldout": {"bias": 2.6123747997260542, "mse": 22.25118338175325, "mae": 4.27371440464094}, "mean_utility": 5.78692626953125}
{"event": "split_risk_arm_complete", "lifecycle": 39, "arm": "MC", "samples": 102738, "heldout": {"bias": -1.0777771378166927, "mse": 31.143658254944494, "mae": 4.804270656517839}, "mean_utility": 3.74774169921875}
{"event": "split_risk_arm_complete", "lifecycle": 32, "arm": "GLOBAL_RISK", "samples": 104337, "heldout": {"bias": 2.0130086281911352, "mse": 21.48363861705226, "mae": 4.115815734641408}, "mean_utility": 5.711669921875}
{"event": "split_risk_arm_complete", "lifecycle": 38, "arm": "SOURCE", "samples": 0, "heldout": {"bias": -0.989652418720078, "mse": 30.549768903356824, "mae": 4.51619581369936}, "mean_utility": 5.69342041015625}
{"event": "split_risk_arm_complete", "lifecycle": 36, "arm": "SOURCE", "samples": 0, "heldout": {"bias": -0.593101182131822, "mse": 26.405673046196604, "mae": 4.078935621115337}, "mean_utility": 5.5726318359375}
{"event": "split_risk_arm_complete", "lifecycle": 33, "arm": "GLOBAL_RISK", "samples": 105619, "heldout": {"bias": 1.8092892818048005, "mse": 28.46567048936934, "mae": 5.004249861145656}, "mean_utility": 4.89208984375}
{"event": "split_risk_arm_complete", "lifecycle": 39, "arm": "LOCAL_RISK", "samples": 102738, "heldout": {"bias": -0.5338971971807114, "mse": 30.043423028371183, "mae": 4.920344876800747}, "mean_utility": 4.47186279296875}
{"event": "split_risk_arm_complete", "lifecycle": 38, "arm": "MC", "samples": 105159, "heldout": {"bias": -0.6756026185447785, "mse": 30.082136914424854, "mae": 4.612395591973737}, "mean_utility": 2.28155517578125}
{"event": "split_risk_arm_complete", "lifecycle": 37, "arm": "SOURCE", "samples": 0, "heldout": {"bias": -0.5483525135026068, "mse": 26.000116156850286, "mae": 4.0166646262253565}, "mean_utility": 6.53466796875}
{"event": "split_risk_arm_complete", "lifecycle": 36, "arm": "MC", "samples": 104368, "heldout": {"bias": 0.5569353784492745, "mse": 25.8996405083234, "mae": 4.484818830968253}, "mean_utility": 4.7884521484375}
{"event": "split_risk_arm_complete", "lifecycle": 38, "arm": "LOCAL_RISK", "samples": 105159, "heldout": {"bias": 0.03179910379056115, "mse": 29.484212951354692, "mae": 4.835401988662765}, "mean_utility": 6.8421630859375}
{"event": "split_risk_arm_complete", "lifecycle": 37, "arm": "MC", "samples": 104013, "heldout": {"bias": 0.04710088899404145, "mse": 25.437252100556503, "mae": 4.215557693252082}, "mean_utility": 6.35321044921875}
{"event": "split_risk_arm_complete", "lifecycle": 39, "arm": "GLOBAL_RISK", "samples": 102738, "heldout": {"bias": -0.42461804737658654, "mse": 29.899062382909534, "mae": 4.959588951795769}, "mean_utility": 3.55157470703125}
{"event": "split_risk_arm_complete", "lifecycle": 36, "arm": "LOCAL_RISK", "samples": 104368, "heldout": {"bias": 0.995246041079158, "mse": 26.392164023133507, "mae": 4.677841471170234}, "mean_utility": 4.3966064453125}
{"event": "split_risk_arm_complete", "lifecycle": 43, "arm": "SOURCE", "samples": 0, "heldout": {"bias": 0.13234346303192954, "mse": 21.73725540771913, "mae": 3.64729208117339}, "mean_utility": 4.9801025390625}
{"event": "split_risk_arm_complete", "lifecycle": 37, "arm": "LOCAL_RISK", "samples": 104013, "heldout": {"bias": 0.6932648612765837, "mse": 25.796686567116495, "mae": 4.517198914748234}, "mean_utility": 6.39141845703125}
{"event": "split_risk_arm_complete", "lifecycle": 38, "arm": "GLOBAL_RISK", "samples": 105159, "heldout": {"bias": 0.2026422483948329, "mse": 30.029644187189827, "mae": 4.956297224533969}, "mean_utility": 4.5133056640625}
{"event": "split_risk_arm_complete", "lifecycle": 43, "arm": "MC", "samples": 104415, "heldout": {"bias": 0.6394359507479384, "mse": 21.778158241635794, "mae": 3.844932177161086}, "mean_utility": 2.2989501953125}
{"event": "split_risk_arm_complete", "lifecycle": 42, "arm": "SOURCE", "samples": 0, "heldout": {"bias": 0.1043549553564031, "mse": 20.932369767922882, "mae": 3.5570944140825267}, "mean_utility": 5.73382568359375}
{"event": "split_risk_arm_complete", "lifecycle": 36, "arm": "GLOBAL_RISK", "samples": 104368, "heldout": {"bias": 1.1066509790340844, "mse": 26.884505802626908, "mae": 4.751106321416893}, "mean_utility": 6.187255859375}
{"event": "split_risk_arm_complete", "lifecycle": 40, "arm": "SOURCE", "samples": 0, "heldout": {"bias": -2.1082757846576965, "mse": 36.30906901511661, "mae": 4.9773024224164795}, "mean_utility": 4.30438232421875}
{"event": "split_risk_arm_complete", "lifecycle": 43, "arm": "LOCAL_RISK", "samples": 104415, "heldout": {"bias": 1.2633233088854678, "mse": 22.849512107569044, "mae": 4.187393154091575}, "mean_utility": 5.28564453125}
{"event": "split_risk_arm_complete", "lifecycle": 37, "arm": "GLOBAL_RISK", "samples": 104013, "heldout": {"bias": 0.784560527400513, "mse": 26.1122281888647, "mae": 4.595684689805741}, "mean_utility": 4.79815673828125}
{"event": "split_risk_arm_complete", "lifecycle": 42, "arm": "MC", "samples": 104371, "heldout": {"bias": 1.1881609418739556, "mse": 21.45544464994715, "mae": 4.015216163274888}, "mean_utility": 4.5634765625}
{"event": "split_risk_arm_complete", "lifecycle": 41, "arm": "SOURCE", "samples": 0, "heldout": {"bias": 0.568999217518372, "mse": 19.977512978653262, "mae": 3.5336681835553314}, "mean_utility": 6.57061767578125}
{"event": "split_risk_arm_complete", "lifecycle": 40, "arm": "MC", "samples": 103943, "heldout": {"bias": -1.4971720622240459, "mse": 33.851970625952255, "mae": 5.023530791229365}, "mean_utility": 3.271484375}
{"event": "split_risk_arm_complete", "lifecycle": 42, "arm": "LOCAL_RISK", "samples": 104371, "heldout": {"bias": 1.663048158337565, "mse": 22.655432393833475, "mae": 4.2999573810062515}, "mean_utility": 5.07818603515625}
{"event": "split_risk_arm_complete", "lifecycle": 43, "arm": "GLOBAL_RISK", "samples": 104415, "heldout": {"bias": 1.4183838908841118, "mse": 23.54295299447868, "mae": 4.315305523878585}, "mean_utility": 4.04254150390625}
{"event": "split_risk_arm_complete", "lifecycle": 41, "arm": "MC", "samples": 104738, "heldout": {"bias": 2.025990461345973, "mse": 23.65829900086092, "mae": 4.431694496040701}, "mean_utility": 4.26641845703125}
{"event": "split_risk_arm_complete", "lifecycle": 40, "arm": "LOCAL_RISK", "samples": 103943, "heldout": {"bias": -1.0120077515393882, "mse": 32.482842023451525, "mae": 5.080055744589766}, "mean_utility": 5.7264404296875}
{"event": "split_risk_arm_complete", "lifecycle": 47, "arm": "SOURCE", "samples": 0, "heldout": {"bias": -0.006122331758366756, "mse": 20.58039513287941, "mae": 3.48995809648099}, "mean_utility": 7.251220703125}
{"event": "split_risk_arm_complete", "lifecycle": 41, "arm": "LOCAL_RISK", "samples": 104738, "heldout": {"bias": 1.8598479069952036, "mse": 22.61376314620917, "mae": 4.301712841819371}, "mean_utility": 8.02911376953125}
{"event": "split_risk_arm_complete", "lifecycle": 42, "arm": "GLOBAL_RISK", "samples": 104371, "heldout": {"bias": 1.721463712209742, "mse": 22.795906680167406, "mae": 4.34269837724875}, "mean_utility": 5.3133544921875}
{"event": "split_risk_arm_complete", "lifecycle": 47, "arm": "MC", "samples": 103271, "heldout": {"bias": 0.9254776932547757, "mse": 20.333084370134497, "mae": 3.8021727334591247}, "mean_utility": 5.086181640625}
{"event": "split_risk_arm_complete", "lifecycle": 40, "arm": "GLOBAL_RISK", "samples": 103943, "heldout": {"bias": -0.8796713251513145, "mse": 32.63402866176482, "mae": 5.145667486154073}, "mean_utility": 4.2073974609375}
{"event": "split_risk_arm_complete", "lifecycle": 46, "arm": "SOURCE", "samples": 0, "heldout": {"bias": -0.9683491056738169, "mse": 29.855287820339832, "mae": 4.449585901817544}, "mean_utility": 3.25811767578125}
{"event": "split_risk_arm_complete", "lifecycle": 44, "arm": "SOURCE", "samples": 0, "heldout": {"bias": -0.362017474498043, "mse": 24.525592034601257, "mae": 3.9063437355328907}, "mean_utility": 6.12054443359375}
{"event": "split_risk_arm_complete", "lifecycle": 47, "arm": "LOCAL_RISK", "samples": 103271, "heldout": {"bias": 1.5401286093004234, "mse": 21.652122408524217, "mae": 4.163428199301587}, "mean_utility": 6.31494140625}
{"event": "split_risk_arm_complete", "lifecycle": 41, "arm": "GLOBAL_RISK", "samples": 104738, "heldout": {"bias": 1.9547399582168798, "mse": 23.292333940508666, "mae": 4.389205375752058}, "mean_utility": 4.638916015625}
{"event": "split_risk_arm_complete", "lifecycle": 46, "arm": "MC", "samples": 104129, "heldout": {"bias": 0.4459117267373089, "mse": 28.571657242106433, "mae": 4.848124139983608}, "mean_utility": 5.76177978515625}
{"event": "split_risk_arm_complete", "lifecycle": 45, "arm": "SOURCE", "samples": 0, "heldout": {"bias": 0.32090265894012254, "mse": 22.166252706403604, "mae": 3.770837792333851}, "mean_utility": 4.3240966796875}
{"event": "split_risk_arm_complete", "lifecycle": 44, "arm": "MC", "samples": 104302, "heldout": {"bias": 0.28297702098517313, "mse": 23.863091672244224, "mae": 4.086330298522282}, "mean_utility": 2.07061767578125}
{"event": "split_risk_arm_complete", "lifecycle": 46, "arm": "LOCAL_RISK", "samples": 104129, "heldout": {"bias": 0.5153726703356161, "mse": 28.56693248696036, "mae": 4.880033432848104}, "mean_utility": 6.651611328125}
{"event": "split_risk_arm_complete", "lifecycle": 45, "arm": "MC", "samples": 105038, "heldout": {"bias": 1.3814746712143384, "mse": 23.632164814814125, "mae": 4.287406103875311}, "mean_utility": 4.53912353515625}
{"event": "split_risk_arm_complete", "lifecycle": 47, "arm": "GLOBAL_RISK", "samples": 103271, "heldout": {"bias": 1.6402776472935165, "mse": 21.961448494543845, "mae": 4.235847638363505}, "mean_utility": 4.616455078125}
{"event": "split_risk_arm_complete", "lifecycle": 44, "arm": "LOCAL_RISK", "samples": 104302, "heldout": {"bias": 0.9458966520855581, "mse": 24.412080987947398, "mae": 4.383491366107707}, "mean_utility": 5.4317626953125}
{"event": "split_risk_arm_complete", "lifecycle": 51, "arm": "SOURCE", "samples": 0, "heldout": {"bias": 0.46814283818871827, "mse": 19.58922226354599, "mae": 3.470661156145307}, "mean_utility": 3.8477783203125}
{"event": "split_risk_arm_complete", "lifecycle": 45, "arm": "LOCAL_RISK", "samples": 105038, "heldout": {"bias": 1.7092707224043717, "mse": 24.59737760647255, "mae": 4.484899346669646}, "mean_utility": 5.5142822265625}
{"event": "split_risk_arm_complete", "lifecycle": 46, "arm": "GLOBAL_RISK", "samples": 104129, "heldout": {"bias": 0.5935092554206067, "mse": 28.767515225737935, "mae": 4.921371438595924}, "mean_utility": 4.03765869140625}
{"event": "split_risk_arm_complete", "lifecycle": 51, "arm": "MC", "samples": 104896, "heldout": {"bias": 1.2227100428928455, "mse": 20.270418374741308, "mae": 3.8393011488140547}, "mean_utility": 5.20794677734375}
{"event": "split_risk_arm_complete", "lifecycle": 44, "arm": "GLOBAL_RISK", "samples": 104302, "heldout": {"bias": 1.103571351546701, "mse": 24.795273739087076, "mae": 4.47460691315283}, "mean_utility": 4.7615966796875}
{"event": "split_risk_arm_complete", "lifecycle": 50, "arm": "SOURCE", "samples": 0, "heldout": {"bias": 0.5114369970866952, "mse": 20.174172684320105, "mae": 3.545534547891822}, "mean_utility": 4.37884521484375}
{"event": "split_risk_arm_complete", "lifecycle": 48, "arm": "SOURCE", "samples": 0, "heldout": {"bias": -0.47677746529443443, "mse": 25.80890753443009, "mae": 4.041907116409602}, "mean_utility": 4.80364990234375}
{"event": "split_risk_arm_complete", "lifecycle": 51, "arm": "LOCAL_RISK", "samples": 104896, "heldout": {"bias": 2.036912310006222, "mse": 22.733122791568658, "mae": 4.3713415897409655}, "mean_utility": 5.12396240234375}
{"event": "split_risk_arm_complete", "lifecycle": 45, "arm": "GLOBAL_RISK", "samples": 105038, "heldout": {"bias": 1.8082791442296342, "mse": 25.238920714514773, "mae": 4.568506666250645}, "mean_utility": 5.0291748046875}
{"event": "split_risk_arm_complete", "lifecycle": 50, "arm": "MC", "samples": 105103, "heldout": {"bias": 2.3732576535083214, "mse": 25.3416614247959, "mae": 4.619819061594634}, "mean_utility": 5.7777099609375}
{"event": "split_risk_arm_complete", "lifecycle": 48, "arm": "MC", "samples": 104023, "heldout": {"bias": -0.5452322840198857, "mse": 25.62631587049272, "mae": 3.9971598477106034}, "mean_utility": 2.5372314453125}
{"event": "split_risk_arm_complete", "lifecycle": 49, "arm": "SOURCE", "samples": 0, "heldout": {"bias": -0.8731085337040936, "mse": 29.81710434458188, "mae": 4.4687162393396545}, "mean_utility": 5.62347412109375}
{"event": "split_risk_arm_complete", "lifecycle": 50, "arm": "LOCAL_RISK", "samples": 105103, "heldout": {"bias": 2.653043418283712, "mse": 26.63167033356771, "mae": 4.809739622335186}, "mean_utility": 5.1026611328125}
{"event": "split_risk_arm_complete", "lifecycle": 51, "arm": "GLOBAL_RISK", "samples": 104896, "heldout": {"bias": 2.153957191830237, "mse": 23.25295749953319, "mae": 4.456395807209012}, "mean_utility": 4.3043212890625}
{"event": "split_risk_arm_complete", "lifecycle": 49, "arm": "MC", "samples": 103936, "heldout": {"bias": -0.34390469477949537, "mse": 29.207564495082693, "mae": 4.625557033813256}, "mean_utility": 3.8292236328125}
{"event": "split_risk_arm_complete", "lifecycle": 48, "arm": "LOCAL_RISK", "samples": 104023, "heldout": {"bias": 0.22697901973645335, "mse": 25.1824857430014, "mae": 4.26607530747119}, "mean_utility": 6.0572509765625}
{"event": "split_risk_arm_complete", "lifecycle": 55, "arm": "SOURCE", "samples": 0, "heldout": {"bias": 0.238323492270672, "mse": 21.882338287601193, "mae": 3.694652792885061}, "mean_utility": 5.19879150390625}
{"event": "split_risk_arm_complete", "lifecycle": 49, "arm": "LOCAL_RISK", "samples": 103936, "heldout": {"bias": 0.3777030197410608, "mse": 29.01658690441566, "mae": 4.854720169474014}, "mean_utility": 5.094482421875}
{"event": "split_risk_arm_complete", "lifecycle": 55, "arm": "MC", "samples": 105061, "heldout": {"bias": 0.3712134724020215, "mse": 21.73008635165241, "mae": 3.7378203853091856}, "mean_utility": 2.43060302734375}
{"event": "split_risk_arm_complete", "lifecycle": 50, "arm": "GLOBAL_RISK", "samples": 105103, "heldout": {"bias": 2.7019119851545375, "mse": 27.166413420975115, "mae": 4.86377982550711}, "mean_utility": 5.75274658203125}
{"event": "split_risk_arm_complete", "lifecycle": 48, "arm": "GLOBAL_RISK", "samples": 104023, "heldout": {"bias": 0.4026335909903821, "mse": 25.329994439951612, "mae": 4.376548928524814}, "mean_utility": 5.162353515625}
{"event": "split_risk_arm_complete", "lifecycle": 54, "arm": "SOURCE", "samples": 0, "heldout": {"bias": -0.7044559145167886, "mse": 26.319061381731267, "mae": 4.016691657190543}, "mean_utility": 5.41339111328125}
{"event": "split_risk_arm_complete", "lifecycle": 52, "arm": "SOURCE", "samples": 0, "heldout": {"bias": 0.6688289394819614, "mse": 21.063857010708862, "mae": 3.7054926988667813}, "mean_utility": 6.38677978515625}
{"event": "split_risk_arm_complete", "lifecycle": 55, "arm": "LOCAL_RISK", "samples": 105061, "heldout": {"bias": 1.2994183146806544, "mse": 23.216471985177797, "mae": 4.244576974921831}, "mean_utility": 4.98876953125}
{"event": "split_risk_arm_complete", "lifecycle": 49, "arm": "GLOBAL_RISK", "samples": 103936, "heldout": {"bias": 0.5068813952543302, "mse": 29.492793106195244, "mae": 4.938954012439716}, "mean_utility": 5.18548583984375}
{"event": "split_risk_arm_complete", "lifecycle": 54, "arm": "MC", "samples": 103471, "heldout": {"bias": 0.1303985943396558, "mse": 25.41446304119076, "mae": 4.273736778896326}, "mean_utility": 4.83245849609375}
{"event": "split_risk_arm_complete", "lifecycle": 52, "arm": "MC", "samples": 106165, "heldout": {"bias": 1.9887950742061624, "mse": 24.75463088892547, "mae": 4.470454012205423}, "mean_utility": 5.37115478515625}
{"event": "split_risk_arm_complete", "lifecycle": 53, "arm": "SOURCE", "samples": 0, "heldout": {"bias": -0.6859638719900819, "mse": 26.43194896940271, "mae": 4.035594141236824}, "mean_utility": 5.9425048828125}
{"event": "split_risk_arm_complete", "lifecycle": 54, "arm": "LOCAL_RISK", "samples": 103471, "heldout": {"bias": 0.5724153998372036, "mse": 25.579683671638694, "mae": 4.459437628737549}, "mean_utility": 4.36761474609375}
{"event": "split_risk_arm_complete", "lifecycle": 55, "arm": "GLOBAL_RISK", "samples": 105061, "heldout": {"bias": 1.5138821850938105, "mse": 24.125250153635072, "mae": 4.405413382864609}, "mean_utility": 4.8455810546875}
{"event": "split_risk_arm_complete", "lifecycle": 53, "arm": "MC", "samples": 103236, "heldout": {"bias": 0.09943126462327916, "mse": 25.425384185337883, "mae": 4.263529428795252}, "mean_utility": 3.40350341796875}
{"event": "split_risk_arm_complete", "lifecycle": 52, "arm": "LOCAL_RISK", "samples": 106165, "heldout": {"bias": 2.0926214079339505, "mse": 24.860051879297156, "mae": 4.525422922181646}, "mean_utility": 4.619140625}
{"event": "split_risk_arm_complete", "lifecycle": 59, "arm": "SOURCE", "samples": 0, "heldout": {"bias": 0.5448612298453759, "mse": 20.60888326414719, "mae": 3.59945997367905}, "mean_utility": 2.850830078125}
{"event": "split_risk_arm_complete", "lifecycle": 53, "arm": "LOCAL_RISK", "samples": 103236, "heldout": {"bias": 0.5014544525154802, "mse": 25.46519959114491, "mae": 4.422662808899676}, "mean_utility": 8.461181640625}
{"event": "split_risk_arm_complete", "lifecycle": 59, "arm": "MC", "samples": 105976, "heldout": {"bias": 2.4502463558342304, "mse": 26.060758828982273, "mae": 4.725801514211693}, "mean_utility": 4.1087646484375}
{"event": "split_risk_arm_complete", "lifecycle": 54, "arm": "GLOBAL_RISK", "samples": 103471, "heldout": {"bias": 0.6776991408491013, "mse": 25.9806163915382, "mae": 4.544697926117534}, "mean_utility": 4.37274169921875}
{"event": "split_risk_arm_complete", "lifecycle": 52, "arm": "GLOBAL_RISK", "samples": 106165, "heldout": {"bias": 2.2144835797682205, "mse": 25.9457924139102, "mae": 4.640239825282033}, "mean_utility": 4.78460693359375}
{"event": "split_risk_arm_complete", "lifecycle": 58, "arm": "SOURCE", "samples": 0, "heldout": {"bias": 0.49169092598261155, "mse": 19.86811225073215, "mae": 3.5185304733687564}, "mean_utility": 3.963134765625}
{"event": "split_risk_arm_complete", "lifecycle": 59, "arm": "LOCAL_RISK", "samples": 105976, "heldout": {"bias": 2.5483368939225715, "mse": 26.293545617356877, "mae": 4.789913985583455}, "mean_utility": 5.18658447265625}
{"event": "split_risk_arm_complete", "lifecycle": 56, "arm": "SOURCE", "samples": 0, "heldout": {"bias": -1.4639892987198375, "mse": 30.9097178310421, "mae": 4.427346894886871}, "mean_utility": 5.35540771484375}
{"event": "split_risk_arm_complete", "lifecycle": 53, "arm": "GLOBAL_RISK", "samples": 103236, "heldout": {"bias": 0.6698940403754476, "mse": 25.75070098750269, "mae": 4.524299400938477}, "mean_utility": 3.60821533203125}
{"event": "split_risk_arm_complete", "lifecycle": 58, "arm": "MC", "samples": 105491, "heldout": {"bias": 0.8514361416946736, "mse": 19.815713784173255, "mae": 3.6627151559762385}, "mean_utility": 2.607666015625}
{"event": "split_risk_arm_complete", "lifecycle": 56, "arm": "MC", "samples": 103729, "heldout": {"bias": -0.8343805033547473, "mse": 28.83579394262833, "mae": 4.543092062911151}, "mean_utility": 3.66790771484375}
{"event": "split_risk_arm_complete", "lifecycle": 57, "arm": "SOURCE", "samples": 0, "heldout": {"bias": -1.0458447897922583, "mse": 27.76054471436797, "mae": 4.084178052116804}, "mean_utility": 6.10858154296875}
{"event": "split_risk_arm_complete", "lifecycle": 59, "arm": "GLOBAL_RISK", "samples": 105976, "heldout": {"bias": 2.6714752304662888, "mse": 27.291882518010077, "mae": 4.884613249765906}, "mean_utility": 4.58941650390625}
{"event": "split_risk_arm_complete", "lifecycle": 58, "arm": "LOCAL_RISK", "samples": 105491, "heldout": {"bias": 1.608172663529812, "mse": 21.511451484040524, "mae": 4.124331930906542}, "mean_utility": 5.39617919921875}
{"event": "split_risk_arm_complete", "lifecycle": 57, "arm": "MC", "samples": 103061, "heldout": {"bias": 0.4361646883042746, "mse": 26.356946055040037, "mae": 4.596305507715596}, "mean_utility": 4.1326904296875}
{"event": "split_risk_arm_complete", "lifecycle": 56, "arm": "LOCAL_RISK", "samples": 103729, "heldout": {"bias": -0.2803325314727126, "mse": 28.118958672162428, "mae": 4.701519576912698}, "mean_utility": 5.3267822265625}
{"event": "split_risk_arm_complete", "lifecycle": 63, "arm": "SOURCE", "samples": 0, "heldout": {"bias": -0.013148664368760176, "mse": 22.670228961749586, "mae": 3.736918394444755}, "mean_utility": 4.03070068359375}
{"event": "split_risk_arm_complete", "lifecycle": 57, "arm": "LOCAL_RISK", "samples": 103061, "heldout": {"bias": 0.6036938753854575, "mse": 26.31654905204661, "mae": 4.6602511667078295}, "mean_utility": 6.9134521484375}
{"event": "split_risk_arm_complete", "lifecycle": 63, "arm": "MC", "samples": 104079, "heldout": {"bias": 1.3431850403227308, "mse": 23.511647638501998, "mae": 4.29803394178858}, "mean_utility": 4.39044189453125}
{"event": "split_risk_arm_complete", "lifecycle": 58, "arm": "GLOBAL_RISK", "samples": 105491, "heldout": {"bias": 1.7932960075701252, "mse": 22.447486386684155, "mae": 4.27308730806924}, "mean_utility": 2.78118896484375}
{"event": "split_risk_arm_complete", "lifecycle": 56, "arm": "GLOBAL_RISK", "samples": 103729, "heldout": {"bias": -0.14008216360300868, "mse": 28.2048403532968, "mae": 4.770427447211459}, "mean_utility": 4.34783935546875}
{"event": "split_risk_arm_complete", "lifecycle": 62, "arm": "SOURCE", "samples": 0, "heldout": {"bias": 0.11415984741579868, "mse": 21.29860871636435, "mae": 3.585942237157907}, "mean_utility": 5.75030517578125}
{"event": "split_risk_arm_complete", "lifecycle": 63, "arm": "LOCAL_RISK", "samples": 104079, "heldout": {"bias": 1.5252247647108117, "mse": 24.10695196907515, "mae": 4.423347358124482}, "mean_utility": 5.6976318359375}
{"event": "split_risk_arm_complete", "lifecycle": 60, "arm": "SOURCE", "samples": 0, "heldout": {"bias": -1.6692065835191923, "mse": 33.15843545650963, "mae": 4.6574622134202635}, "mean_utility": 4.9737548828125}
{"event": "split_risk_arm_complete", "lifecycle": 62, "arm": "MC", "samples": 104361, "heldout": {"bias": 0.6154594337206181, "mse": 21.05509085045747, "mae": 3.7706988973543876}, "mean_utility": 2.56024169921875}
{"event": "split_risk_arm_complete", "lifecycle": 57, "arm": "GLOBAL_RISK", "samples": 103061, "heldout": {"bias": 0.6367739835751175, "mse": 26.58827606764805, "mae": 4.705317865016188}, "mean_utility": 4.95233154296875}
{"event": "split_risk_arm_complete", "lifecycle": 60, "arm": "MC", "samples": 103472, "heldout": {"bias": -1.6082714164586955, "mse": 32.75672324565005, "mae": 4.651781318753846}, "mean_utility": 1.38671875}
{"event": "split_risk_arm_complete", "lifecycle": 61, "arm": "SOURCE", "samples": 0, "heldout": {"bias": 0.33184072426459044, "mse": 19.7773458692654, "mae": 3.455612200085545}, "mean_utility": 5.0924072265625}
{"event": "split_risk_arm_complete", "lifecycle": 62, "arm": "LOCAL_RISK", "samples": 104361, "heldout": {"bias": 1.2685138082104161, "mse": 22.108714033717778, "mae": 4.12991528694303}, "mean_utility": 6.3702392578125}
{"event": "split_risk_arm_complete", "lifecycle": 63, "arm": "GLOBAL_RISK", "samples": 104079, "heldout": {"bias": 1.5438688189517558, "mse": 24.142834118397463, "mae": 4.438265483427248}, "mean_utility": 4.65887451171875}
{"event": "split_risk_arm_complete", "lifecycle": 60, "arm": "LOCAL_RISK", "samples": 103472, "heldout": {"bias": -0.7440436324944014, "mse": 30.51136750299424, "mae": 4.817509691850619}, "mean_utility": 4.42523193359375}
{"event": "split_risk_arm_complete", "lifecycle": 61, "arm": "MC", "samples": 103517, "heldout": {"bias": 1.304415600602582, "mse": 20.783623181161026, "mae": 3.9092140370072985}, "mean_utility": 2.6090087890625}
{"event": "split_risk_arm_complete", "lifecycle": 61, "arm": "LOCAL_RISK", "samples": 103517, "heldout": {"bias": 1.621449037127197, "mse": 21.523157820154623, "mae": 4.095752451812334}, "mean_utility": 7.32867431640625}
{"event": "split_risk_arm_complete", "lifecycle": 62, "arm": "GLOBAL_RISK", "samples": 104361, "heldout": {"bias": 1.4493722976209669, "mse": 22.688627916104572, "mae": 4.258136992306954}, "mean_utility": 3.9993896484375}
{"event": "split_risk_arm_complete", "lifecycle": 60, "arm": "GLOBAL_RISK", "samples": 103472, "heldout": {"bias": -0.5652310607898157, "mse": 30.671423277573055, "mae": 4.922707206570444}, "mean_utility": 3.92803955078125}
{"event": "split_risk_arm_complete", "lifecycle": 61, "arm": "GLOBAL_RISK", "samples": 103517, "heldout": {"bias": 1.7467810919787796, "mse": 22.011234780666367, "mae": 4.186930215524054}, "mean_utility": 4.80572509765625}
{"event": "split_risk_complete", "status": "EXPERIMENT_COMPLETE", "split_risk_gain_supported": false, "utility_primary": {"mean": -0.7004194259643555, "ci95": [-1.0269424200057984, -0.3704668760299685], "lifecycle_deltas": {"0": -1.7431640625, "1": -2.1329345703125, "2": -0.14129638671875, "3": -1.76068115234375, "4": 0.2784423828125, "5": 1.3486328125, "6": -2.38153076171875, "7": -1.37982177734375, "8": -3.4844970703125, "9": -1.78131103515625, "10": -0.2908935546875, "11": -0.02099609375, "12": 0.66839599609375, "13": -1.16766357421875, "14": -2.168701171875, "15": -0.0557861328125, "16": -1.5938720703125, "17": -0.8828125, "18": -3.04083251953125, "19": -0.97174072265625, "20": 0.32916259765625, "21": 1.62994384765625, "22": 1.447509765625, "23": 1.30804443359375, "24": -2.5927734375, "25": -1.3177490234375, "26": -3.2115478515625, "27": -2.96722412109375, "28": -1.56878662109375, "29": 0.6337890625, "30": -1.01385498046875, "31": 1.6353759765625, "32": 0.4881591796875, "33": -0.7198486328125, "34": 1.87908935546875, "35": -1.8734130859375, "36": 0.6146240234375, "37": -1.73651123046875, "38": -1.18011474609375, "39": -0.370361328125, "40": -0.09698486328125, "41": -1.93170166015625, "42": -0.42047119140625, "43": -0.93756103515625, "44": -1.35894775390625, "45": 0.705078125, "46": 0.779541015625, "47": -2.634765625, "48": 0.35870361328125, "49": -0.43798828125, "50": 1.3739013671875, "51": 0.45654296875, "52": -1.6021728515625, "53": -2.33428955078125, "54": -1.0406494140625, "55": -0.35321044921875, "56": -1.007568359375, "57": -1.15625, "58": -1.18194580078125, "59": 1.73858642578125, "60": -1.04571533203125, "61": -0.28668212890625, "62": -1.75091552734375, "63": 0.628173828125}, "parent_mean_deltas": {"0": -0.8348121643066406, "1": -0.7230186462402344, "2": -0.7714195251464844, "3": -0.4724273681640625}, "interval_scope": "CONDITIONAL_ON_FOUR_FROZEN_PARENTS_AND_RETAINED_B_TRAINING", "improved_equal_worse": [19, 0, 45], "adverse_lifecycles": [0, 1, 2, 3, 6, 7, 8, 9, 10, 11, 13, 14, 15, 16, 17, 18, 19, 24, 25, 26, 27, 28, 30, 33, 35, 37, 38, 39, 40, 41, 42, 43, 44, 47, 49, 52, 53, 54, 55, 56, 57, 58, 60, 61, 62]}}
