{
  "complete": true,
  "valid": true,
  "observations": 48,
  "matched": {
    "BASE": 48,
    "TRACE": 48,
    "PARAM": 48
  },
  "new_bindings_reused_without_compilation": 32,
  "errors": {},
  "ground_counts": {
    "ground_h2_explicit_state_calls": 48,
    "ground_h2_active_roots": 48,
    "ground_h2_explicit_swipe_calls": 192,
    "ground_h2_step_calls": 186,
    "ground_h2_step_outcomes": 1284,
    "ground_h1_contract_requests": 1284,
    "ground_h1_unique_active_boards": 1284,
    "ground_h1_explicit_swipe_calls": 5136,
    "ground_h1_step_calls": 4596,
    "ground_h1_step_outcomes": 39540
  }
}
