{"event": "history_control_arm_complete", "lifecycle": 0, "arm": "MC_FRESH_B", "updates": 103194, "utility": 2.33905029296875}
{"event": "history_control_arm_complete", "lifecycle": 1, "arm": "MC_FRESH_B", "updates": 103407, "utility": 3.84967041015625}
{"event": "history_control_arm_complete", "lifecycle": 3, "arm": "MC_FRESH_B", "updates": 104152, "utility": 2.43768310546875}
{"event": "history_control_arm_complete", "lifecycle": 2, "arm": "MC_FRESH_B", "updates": 104879, "utility": 4.59332275390625}
{"event": "history_control_arm_complete", "lifecycle": 0, "arm": "MC_AFTER_A1_B", "updates": 206969, "utility": 1.15216064453125}
{"event": "history_control_arm_complete", "lifecycle": 3, "arm": "MC_AFTER_A1_B", "updates": 208018, "utility": 0.32244873046875}
{"event": "history_control_arm_complete", "lifecycle": 1, "arm": "MC_AFTER_A1_B", "updates": 207015, "utility": 2.32666015625}
{"event": "history_control_arm_complete", "lifecycle": 2, "arm": "MC_AFTER_A1_B", "updates": 209242, "utility": 2.572998046875}
{"event": "history_control_arm_complete", "lifecycle": 0, "arm": "LOCAL_FRESH_B", "updates": 103194, "utility": 6.126708984375}
{"event": "history_control_arm_complete", "lifecycle": 3, "arm": "LOCAL_FRESH_B", "updates": 104152, "utility": 6.21337890625}
{"event": "history_control_arm_complete", "lifecycle": 1, "arm": "LOCAL_FRESH_B", "updates": 103407, "utility": 6.4315185546875}
{"event": "history_control_arm_complete", "lifecycle": 2, "arm": "LOCAL_FRESH_B", "updates": 104879, "utility": 6.0186767578125}
{"event": "history_control_arm_complete", "lifecycle": 0, "arm": "LOCAL_AFTER_A1_B", "updates": 206969, "utility": 3.6328125}
{"event": "history_control_arm_complete", "lifecycle": 3, "arm": "LOCAL_AFTER_A1_B", "updates": 208018, "utility": 4.80767822265625}
{"event": "history_control_arm_complete", "lifecycle": 1, "arm": "LOCAL_AFTER_A1_B", "updates": 207015, "utility": 4.3011474609375}
{"event": "history_control_arm_complete", "lifecycle": 2, "arm": "LOCAL_AFTER_A1_B", "updates": 209242, "utility": 6.21466064453125}
{"event": "history_control_arm_complete", "lifecycle": 4, "arm": "MC_FRESH_B", "updates": 102028, "utility": 4.50323486328125}
{"event": "history_control_arm_complete", "lifecycle": 7, "arm": "MC_FRESH_B", "updates": 103621, "utility": 4.2694091796875}
{"event": "history_control_arm_complete", "lifecycle": 5, "arm": "MC_FRESH_B", "updates": 103936, "utility": 4.752197265625}
{"event": "history_control_arm_complete", "lifecycle": 6, "arm": "MC_FRESH_B", "updates": 102942, "utility": 1.92120361328125}
{"event": "history_control_arm_complete", "lifecycle": 4, "arm": "MC_AFTER_A1_B", "updates": 207232, "utility": 0.92181396484375}
{"event": "history_control_arm_complete", "lifecycle": 5, "arm": "MC_AFTER_A1_B", "updates": 207141, "utility": 0.73760986328125}
{"event": "history_control_arm_complete", "lifecycle": 7, "arm": "MC_AFTER_A1_B", "updates": 208601, "utility": 3.21258544921875}
{"event": "history_control_arm_complete", "lifecycle": 6, "arm": "MC_AFTER_A1_B", "updates": 206965, "utility": 1.63995361328125}
{"event": "history_control_arm_complete", "lifecycle": 4, "arm": "LOCAL_FRESH_B", "updates": 102028, "utility": 5.38690185546875}
{"event": "history_control_arm_complete", "lifecycle": 5, "arm": "LOCAL_FRESH_B", "updates": 103936, "utility": 7.1171875}
{"event": "history_control_arm_complete", "lifecycle": 7, "arm": "LOCAL_FRESH_B", "updates": 103621, "utility": 6.56591796875}
{"event": "history_control_arm_complete", "lifecycle": 6, "arm": "LOCAL_FRESH_B", "updates": 102942, "utility": 6.14923095703125}
{"event": "history_control_arm_complete", "lifecycle": 5, "arm": "LOCAL_AFTER_A1_B", "updates": 207141, "utility": 4.49835205078125}
{"event": "history_control_arm_complete", "lifecycle": 4, "arm": "LOCAL_AFTER_A1_B", "updates": 207232, "utility": 3.82745361328125}
{"event": "history_control_arm_complete", "lifecycle": 7, "arm": "LOCAL_AFTER_A1_B", "updates": 208601, "utility": 4.93316650390625}
{"event": "history_control_arm_complete", "lifecycle": 6, "arm": "LOCAL_AFTER_A1_B", "updates": 206965, "utility": 2.7264404296875}
{"event": "history_control_arm_complete", "lifecycle": 9, "arm": "MC_FRESH_B", "updates": 103355, "utility": 5.27081298828125}
{"event": "history_control_arm_complete", "lifecycle": 8, "arm": "MC_FRESH_B", "updates": 103731, "utility": 6.16357421875}
{"event": "history_control_arm_complete", "lifecycle": 11, "arm": "MC_FRESH_B", "updates": 102451, "utility": 4.77276611328125}
{"event": "history_control_arm_complete", "lifecycle": 10, "arm": "MC_FRESH_B", "updates": 105104, "utility": 3.439697265625}
{"event": "history_control_arm_complete", "lifecycle": 9, "arm": "MC_AFTER_A1_B", "updates": 207624, "utility": 3.5853271484375}
{"event": "history_control_arm_complete", "lifecycle": 8, "arm": "MC_AFTER_A1_B", "updates": 207573, "utility": 3.02838134765625}
{"event": "history_control_arm_complete", "lifecycle": 11, "arm": "MC_AFTER_A1_B", "updates": 205524, "utility": 4.06903076171875}
{"event": "history_control_arm_complete", "lifecycle": 10, "arm": "MC_AFTER_A1_B", "updates": 208631, "utility": 2.527099609375}
{"event": "history_control_arm_complete", "lifecycle": 9, "arm": "LOCAL_FRESH_B", "updates": 103355, "utility": 3.47442626953125}
{"event": "history_control_arm_complete", "lifecycle": 8, "arm": "LOCAL_FRESH_B", "updates": 103731, "utility": 6.6005859375}
{"event": "history_control_arm_complete", "lifecycle": 11, "arm": "LOCAL_FRESH_B", "updates": 102451, "utility": 5.29022216796875}
{"event": "history_control_arm_complete", "lifecycle": 10, "arm": "LOCAL_FRESH_B", "updates": 105104, "utility": 4.75921630859375}
{"event": "history_control_arm_complete", "lifecycle": 9, "arm": "LOCAL_AFTER_A1_B", "updates": 207624, "utility": 4.52886962890625}
{"event": "history_control_arm_complete", "lifecycle": 8, "arm": "LOCAL_AFTER_A1_B", "updates": 207573, "utility": 3.637451171875}
{"event": "history_control_arm_complete", "lifecycle": 11, "arm": "LOCAL_AFTER_A1_B", "updates": 205524, "utility": 3.86834716796875}
{"event": "history_control_arm_complete", "lifecycle": 10, "arm": "LOCAL_AFTER_A1_B", "updates": 208631, "utility": 3.93865966796875}
{"event": "history_control_arm_complete", "lifecycle": 13, "arm": "MC_FRESH_B", "updates": 104338, "utility": 5.5772705078125}
{"event": "history_control_arm_complete", "lifecycle": 12, "arm": "MC_FRESH_B", "updates": 103195, "utility": 2.3314208984375}
{"event": "history_control_arm_complete", "lifecycle": 15, "arm": "MC_FRESH_B", "updates": 103436, "utility": 2.484375}
{"event": "history_control_arm_complete", "lifecycle": 14, "arm": "MC_FRESH_B", "updates": 103278, "utility": 4.305908203125}
{"event": "history_control_arm_complete", "lifecycle": 13, "arm": "MC_AFTER_A1_B", "updates": 207459, "utility": 2.82275390625}
{"event": "history_control_arm_complete", "lifecycle": 12, "arm": "MC_AFTER_A1_B", "updates": 206827, "utility": 0.43414306640625}
{"event": "history_control_arm_complete", "lifecycle": 15, "arm": "MC_AFTER_A1_B", "updates": 209084, "utility": 1.51702880859375}
{"event": "history_control_arm_complete", "lifecycle": 14, "arm": "MC_AFTER_A1_B", "updates": 207978, "utility": 3.2957763671875}
{"event": "history_control_arm_complete", "lifecycle": 13, "arm": "LOCAL_FRESH_B", "updates": 104338, "utility": 4.9383544921875}
{"event": "history_control_arm_complete", "lifecycle": 12, "arm": "LOCAL_FRESH_B", "updates": 103195, "utility": 5.0738525390625}
{"event": "history_control_arm_complete", "lifecycle": 15, "arm": "LOCAL_FRESH_B", "updates": 103436, "utility": 6.45404052734375}
{"event": "history_control_arm_complete", "lifecycle": 14, "arm": "LOCAL_FRESH_B", "updates": 103278, "utility": 5.779052734375}
{"event": "history_control_arm_complete", "lifecycle": 13, "arm": "LOCAL_AFTER_A1_B", "updates": 207459, "utility": 3.03662109375}
{"event": "history_control_arm_complete", "lifecycle": 12, "arm": "LOCAL_AFTER_A1_B", "updates": 206827, "utility": 2.95147705078125}
{"event": "history_control_arm_complete", "lifecycle": 15, "arm": "LOCAL_AFTER_A1_B", "updates": 209084, "utility": 3.27569580078125}
{"event": "history_control_arm_complete", "lifecycle": 14, "arm": "LOCAL_AFTER_A1_B", "updates": 207978, "utility": 4.616943359375}
{"event": "history_control_arm_complete", "lifecycle": 17, "arm": "MC_FRESH_B", "updates": 102869, "utility": 4.10919189453125}
{"event": "history_control_arm_complete", "lifecycle": 16, "arm": "MC_FRESH_B", "updates": 103711, "utility": 3.39044189453125}
{"event": "history_control_arm_complete", "lifecycle": 19, "arm": "MC_FRESH_B", "updates": 103260, "utility": 4.4510498046875}
{"event": "history_control_arm_complete", "lifecycle": 18, "arm": "MC_FRESH_B", "updates": 102720, "utility": 2.4365234375}
{"event": "history_control_arm_complete", "lifecycle": 17, "arm": "MC_AFTER_A1_B", "updates": 206012, "utility": 6.11688232421875}
{"event": "history_control_arm_complete", "lifecycle": 16, "arm": "MC_AFTER_A1_B", "updates": 207987, "utility": 2.76055908203125}
{"event": "history_control_arm_complete", "lifecycle": 19, "arm": "MC_AFTER_A1_B", "updates": 208369, "utility": 0.42535400390625}
{"event": "history_control_arm_complete", "lifecycle": 18, "arm": "MC_AFTER_A1_B", "updates": 206793, "utility": 2.33258056640625}
{"event": "history_control_arm_complete", "lifecycle": 17, "arm": "LOCAL_FRESH_B", "updates": 102869, "utility": 6.929931640625}
{"event": "history_control_arm_complete", "lifecycle": 16, "arm": "LOCAL_FRESH_B", "updates": 103711, "utility": 5.335205078125}
{"event": "history_control_arm_complete", "lifecycle": 19, "arm": "LOCAL_FRESH_B", "updates": 103260, "utility": 5.483154296875}
{"event": "history_control_arm_complete", "lifecycle": 18, "arm": "LOCAL_FRESH_B", "updates": 102720, "utility": 6.691162109375}
{"event": "history_control_arm_complete", "lifecycle": 16, "arm": "LOCAL_AFTER_A1_B", "updates": 207987, "utility": 2.78900146484375}
{"event": "history_control_arm_complete", "lifecycle": 17, "arm": "LOCAL_AFTER_A1_B", "updates": 206012, "utility": 7.043212890625}
{"event": "history_control_arm_complete", "lifecycle": 19, "arm": "LOCAL_AFTER_A1_B", "updates": 208369, "utility": 3.04852294921875}
{"event": "history_control_arm_complete", "lifecycle": 18, "arm": "LOCAL_AFTER_A1_B", "updates": 206793, "utility": 4.0596923828125}
{"event": "history_control_arm_complete", "lifecycle": 20, "arm": "MC_FRESH_B", "updates": 103341, "utility": 3.69183349609375}
{"event": "history_control_arm_complete", "lifecycle": 21, "arm": "MC_FRESH_B", "updates": 103925, "utility": 6.48455810546875}
{"event": "history_control_arm_complete", "lifecycle": 23, "arm": "MC_FRESH_B", "updates": 103735, "utility": 3.51690673828125}
{"event": "history_control_arm_complete", "lifecycle": 22, "arm": "MC_FRESH_B", "updates": 103455, "utility": 2.43115234375}
{"event": "history_control_arm_complete", "lifecycle": 20, "arm": "MC_AFTER_A1_B", "updates": 207576, "utility": 4.15545654296875}
{"event": "history_control_arm_complete", "lifecycle": 21, "arm": "MC_AFTER_A1_B", "updates": 207863, "utility": 5.24066162109375}
{"event": "history_control_arm_complete", "lifecycle": 23, "arm": "MC_AFTER_A1_B", "updates": 207444, "utility": 4.2967529296875}
{"event": "history_control_arm_complete", "lifecycle": 22, "arm": "MC_AFTER_A1_B", "updates": 206557, "utility": 1.6307373046875}
{"event": "history_control_arm_complete", "lifecycle": 20, "arm": "LOCAL_FRESH_B", "updates": 103341, "utility": 5.47283935546875}
{"event": "history_control_arm_complete", "lifecycle": 21, "arm": "LOCAL_FRESH_B", "updates": 103925, "utility": 5.89947509765625}
{"event": "history_control_arm_complete", "lifecycle": 23, "arm": "LOCAL_FRESH_B", "updates": 103735, "utility": 5.40814208984375}
{"event": "history_control_arm_complete", "lifecycle": 22, "arm": "LOCAL_FRESH_B", "updates": 103455, "utility": 5.28857421875}
{"event": "history_control_arm_complete", "lifecycle": 20, "arm": "LOCAL_AFTER_A1_B", "updates": 207576, "utility": 5.25372314453125}
{"event": "history_control_arm_complete", "lifecycle": 22, "arm": "LOCAL_AFTER_A1_B", "updates": 206557, "utility": 3.115966796875}
{"event": "history_control_arm_complete", "lifecycle": 21, "arm": "LOCAL_AFTER_A1_B", "updates": 207863, "utility": 6.04656982421875}
{"event": "history_control_arm_complete", "lifecycle": 23, "arm": "LOCAL_AFTER_A1_B", "updates": 207444, "utility": 4.20538330078125}
{"event": "history_control_arm_complete", "lifecycle": 25, "arm": "MC_FRESH_B", "updates": 106208, "utility": 2.26666259765625}
{"event": "history_control_arm_complete", "lifecycle": 24, "arm": "MC_FRESH_B", "updates": 104497, "utility": 4.61920166015625}
{"event": "history_control_arm_complete", "lifecycle": 26, "arm": "MC_FRESH_B", "updates": 103020, "utility": 5.64227294921875}
{"event": "history_control_arm_complete", "lifecycle": 27, "arm": "MC_FRESH_B", "updates": 103707, "utility": 3.50299072265625}
{"event": "history_control_arm_complete", "lifecycle": 25, "arm": "MC_AFTER_A1_B", "updates": 209880, "utility": 1.05523681640625}
{"event": "history_control_arm_complete", "lifecycle": 24, "arm": "MC_AFTER_A1_B", "updates": 207832, "utility": 3.51708984375}
{"event": "history_control_arm_complete", "lifecycle": 26, "arm": "MC_AFTER_A1_B", "updates": 206712, "utility": 5.07257080078125}
{"event": "history_control_arm_complete", "lifecycle": 27, "arm": "MC_AFTER_A1_B", "updates": 206532, "utility": 2.03472900390625}
{"event": "history_control_arm_complete", "lifecycle": 25, "arm": "LOCAL_FRESH_B", "updates": 106208, "utility": 5.97210693359375}
{"event": "history_control_arm_complete", "lifecycle": 24, "arm": "LOCAL_FRESH_B", "updates": 104497, "utility": 5.8099365234375}
{"event": "history_control_arm_complete", "lifecycle": 26, "arm": "LOCAL_FRESH_B", "updates": 103020, "utility": 5.61328125}
{"event": "history_control_arm_complete", "lifecycle": 27, "arm": "LOCAL_FRESH_B", "updates": 103707, "utility": 4.27569580078125}
{"event": "history_control_arm_complete", "lifecycle": 24, "arm": "LOCAL_AFTER_A1_B", "updates": 207832, "utility": 3.98809814453125}
{"event": "history_control_arm_complete", "lifecycle": 25, "arm": "LOCAL_AFTER_A1_B", "updates": 209880, "utility": 3.445556640625}
{"event": "history_control_arm_complete", "lifecycle": 26, "arm": "LOCAL_AFTER_A1_B", "updates": 206712, "utility": 5.5941162109375}
{"event": "history_control_arm_complete", "lifecycle": 27, "arm": "LOCAL_AFTER_A1_B", "updates": 206532, "utility": 3.4268798828125}
{"event": "history_control_arm_complete", "lifecycle": 28, "arm": "MC_FRESH_B", "updates": 103634, "utility": 2.51727294921875}
{"event": "history_control_arm_complete", "lifecycle": 29, "arm": "MC_FRESH_B", "updates": 104443, "utility": 3.53076171875}
{"event": "history_control_arm_complete", "lifecycle": 30, "arm": "MC_FRESH_B", "updates": 103953, "utility": 4.0975341796875}
{"event": "history_control_arm_complete", "lifecycle": 31, "arm": "MC_FRESH_B", "updates": 104104, "utility": 5.5203857421875}
{"event": "history_control_arm_complete", "lifecycle": 28, "arm": "MC_AFTER_A1_B", "updates": 205980, "utility": 2.67059326171875}
{"event": "history_control_arm_complete", "lifecycle": 29, "arm": "MC_AFTER_A1_B", "updates": 209121, "utility": 2.010986328125}
{"event": "history_control_arm_complete", "lifecycle": 30, "arm": "MC_AFTER_A1_B", "updates": 206703, "utility": 2.20538330078125}
{"event": "history_control_arm_complete", "lifecycle": 31, "arm": "MC_AFTER_A1_B", "updates": 208629, "utility": 1.29046630859375}
{"event": "history_control_arm_complete", "lifecycle": 28, "arm": "LOCAL_FRESH_B", "updates": 103634, "utility": 4.66632080078125}
{"event": "history_control_arm_complete", "lifecycle": 29, "arm": "LOCAL_FRESH_B", "updates": 104443, "utility": 5.64068603515625}
{"event": "history_control_arm_complete", "lifecycle": 30, "arm": "LOCAL_FRESH_B", "updates": 103953, "utility": 4.95849609375}
{"event": "history_control_arm_complete", "lifecycle": 31, "arm": "LOCAL_FRESH_B", "updates": 104104, "utility": 5.96484375}
{"event": "history_control_arm_complete", "lifecycle": 28, "arm": "LOCAL_AFTER_A1_B", "updates": 205980, "utility": 4.1837158203125}
{"event": "history_control_arm_complete", "lifecycle": 29, "arm": "LOCAL_AFTER_A1_B", "updates": 209121, "utility": 3.915771484375}
{"event": "history_control_arm_complete", "lifecycle": 30, "arm": "LOCAL_AFTER_A1_B", "updates": 206703, "utility": 3.755859375}
{"event": "history_control_arm_complete", "lifecycle": 31, "arm": "LOCAL_AFTER_A1_B", "updates": 208629, "utility": 3.178955078125}
{"event": "history_control_arm_complete", "lifecycle": 32, "arm": "MC_FRESH_B", "updates": 105219, "utility": 3.31011962890625}
{"event": "history_control_arm_complete", "lifecycle": 33, "arm": "MC_FRESH_B", "updates": 103556, "utility": 3.56170654296875}
{"event": "history_control_arm_complete", "lifecycle": 34, "arm": "MC_FRESH_B", "updates": 104073, "utility": 4.70562744140625}
{"event": "history_control_arm_complete", "lifecycle": 35, "arm": "MC_FRESH_B", "updates": 104064, "utility": 2.45977783203125}
{"event": "history_control_arm_complete", "lifecycle": 33, "arm": "MC_AFTER_A1_B", "updates": 207403, "utility": 1.54180908203125}
{"event": "history_control_arm_complete", "lifecycle": 32, "arm": "MC_AFTER_A1_B", "updates": 208994, "utility": 3.7247314453125}
{"event": "history_control_arm_complete", "lifecycle": 35, "arm": "MC_AFTER_A1_B", "updates": 207577, "utility": 0.681396484375}
{"event": "history_control_arm_complete", "lifecycle": 34, "arm": "MC_AFTER_A1_B", "updates": 208114, "utility": 2.6817626953125}
{"event": "history_control_arm_complete", "lifecycle": 33, "arm": "LOCAL_FRESH_B", "updates": 103556, "utility": 5.79681396484375}
{"event": "history_control_arm_complete", "lifecycle": 32, "arm": "LOCAL_FRESH_B", "updates": 105219, "utility": 5.31524658203125}
{"event": "history_control_arm_complete", "lifecycle": 35, "arm": "LOCAL_FRESH_B", "updates": 104064, "utility": 6.1890869140625}
{"event": "history_control_arm_complete", "lifecycle": 34, "arm": "LOCAL_FRESH_B", "updates": 104073, "utility": 6.08966064453125}
{"event": "history_control_arm_complete", "lifecycle": 33, "arm": "LOCAL_AFTER_A1_B", "updates": 207403, "utility": 5.09429931640625}
{"event": "history_control_arm_complete", "lifecycle": 32, "arm": "LOCAL_AFTER_A1_B", "updates": 208994, "utility": 3.9102783203125}
{"event": "history_control_arm_complete", "lifecycle": 35, "arm": "LOCAL_AFTER_A1_B", "updates": 207577, "utility": 2.40069580078125}
{"event": "history_control_arm_complete", "lifecycle": 34, "arm": "LOCAL_AFTER_A1_B", "updates": 208114, "utility": 3.4935302734375}
{"event": "history_control_arm_complete", "lifecycle": 36, "arm": "MC_FRESH_B", "updates": 105070, "utility": 3.77545166015625}
{"event": "history_control_arm_complete", "lifecycle": 37, "arm": "MC_FRESH_B", "updates": 103312, "utility": 4.12481689453125}
{"event": "history_control_arm_complete", "lifecycle": 39, "arm": "MC_FRESH_B", "updates": 104474, "utility": 2.44927978515625}
{"event": "history_control_arm_complete", "lifecycle": 38, "arm": "MC_FRESH_B", "updates": 104581, "utility": 3.7220458984375}
{"event": "history_control_arm_complete", "lifecycle": 37, "arm": "MC_AFTER_A1_B", "updates": 206530, "utility": 2.279541015625}
{"event": "history_control_arm_complete", "lifecycle": 36, "arm": "MC_AFTER_A1_B", "updates": 209100, "utility": 2.07659912109375}
{"event": "history_control_arm_complete", "lifecycle": 39, "arm": "MC_AFTER_A1_B", "updates": 207967, "utility": 0.98089599609375}
{"event": "history_control_arm_complete", "lifecycle": 38, "arm": "MC_AFTER_A1_B", "updates": 208001, "utility": 2.28875732421875}
{"event": "history_control_arm_complete", "lifecycle": 37, "arm": "LOCAL_FRESH_B", "updates": 103312, "utility": 3.80975341796875}
{"event": "history_control_arm_complete", "lifecycle": 39, "arm": "LOCAL_FRESH_B", "updates": 104474, "utility": 5.62530517578125}
{"event": "history_control_arm_complete", "lifecycle": 36, "arm": "LOCAL_FRESH_B", "updates": 105070, "utility": 7.3714599609375}
{"event": "history_control_arm_complete", "lifecycle": 38, "arm": "LOCAL_FRESH_B", "updates": 104581, "utility": 4.3548583984375}
{"event": "history_control_arm_complete", "lifecycle": 37, "arm": "LOCAL_AFTER_A1_B", "updates": 206530, "utility": 5.585205078125}
{"event": "history_control_arm_complete", "lifecycle": 39, "arm": "LOCAL_AFTER_A1_B", "updates": 207967, "utility": 3.4766845703125}
{"event": "history_control_arm_complete", "lifecycle": 36, "arm": "LOCAL_AFTER_A1_B", "updates": 209100, "utility": 2.99334716796875}
{"event": "history_control_arm_complete", "lifecycle": 38, "arm": "LOCAL_AFTER_A1_B", "updates": 208001, "utility": 4.10516357421875}
{"event": "history_control_arm_complete", "lifecycle": 41, "arm": "MC_FRESH_B", "updates": 101502, "utility": 1.39459228515625}
{"event": "history_control_arm_complete", "lifecycle": 40, "arm": "MC_FRESH_B", "updates": 105520, "utility": 5.51708984375}
{"event": "history_control_arm_complete", "lifecycle": 43, "arm": "MC_FRESH_B", "updates": 104040, "utility": 6.52105712890625}
{"event": "history_control_arm_complete", "lifecycle": 42, "arm": "MC_FRESH_B", "updates": 103545, "utility": 2.39276123046875}
{"event": "history_control_arm_complete", "lifecycle": 41, "arm": "MC_AFTER_A1_B", "updates": 205279, "utility": 1.21136474609375}
{"event": "history_control_arm_complete", "lifecycle": 40, "arm": "MC_AFTER_A1_B", "updates": 210306, "utility": 3.2322998046875}
{"event": "history_control_arm_complete", "lifecycle": 42, "arm": "MC_AFTER_A1_B", "updates": 206713, "utility": 0.05303955078125}
{"event": "history_control_arm_complete", "lifecycle": 43, "arm": "MC_AFTER_A1_B", "updates": 208206, "utility": 5.0545654296875}
{"event": "history_control_arm_complete", "lifecycle": 41, "arm": "LOCAL_FRESH_B", "updates": 101502, "utility": 4.40338134765625}
{"event": "history_control_arm_complete", "lifecycle": 40, "arm": "LOCAL_FRESH_B", "updates": 105520, "utility": 4.544677734375}
{"event": "history_control_arm_complete", "lifecycle": 42, "arm": "LOCAL_FRESH_B", "updates": 103545, "utility": 4.70770263671875}
{"event": "history_control_arm_complete", "lifecycle": 43, "arm": "LOCAL_FRESH_B", "updates": 104040, "utility": 5.330078125}
{"event": "history_control_arm_complete", "lifecycle": 41, "arm": "LOCAL_AFTER_A1_B", "updates": 205279, "utility": 2.9407958984375}
{"event": "history_control_arm_complete", "lifecycle": 40, "arm": "LOCAL_AFTER_A1_B", "updates": 210306, "utility": 4.56292724609375}
{"event": "history_control_arm_complete", "lifecycle": 42, "arm": "LOCAL_AFTER_A1_B", "updates": 206713, "utility": 2.5191650390625}
{"event": "history_control_arm_complete", "lifecycle": 43, "arm": "LOCAL_AFTER_A1_B", "updates": 208206, "utility": 6.22906494140625}
{"event": "history_control_arm_complete", "lifecycle": 45, "arm": "MC_FRESH_B", "updates": 103675, "utility": 5.41619873046875}
{"event": "history_control_arm_complete", "lifecycle": 44, "arm": "MC_FRESH_B", "updates": 104861, "utility": 2.00927734375}
{"event": "history_control_arm_complete", "lifecycle": 46, "arm": "MC_FRESH_B", "updates": 105420, "utility": 2.0799560546875}
{"event": "history_control_arm_complete", "lifecycle": 47, "arm": "MC_FRESH_B", "updates": 104560, "utility": 6.151123046875}
{"event": "history_control_arm_complete", "lifecycle": 45, "arm": "MC_AFTER_A1_B", "updates": 208917, "utility": 2.68402099609375}
{"event": "history_control_arm_complete", "lifecycle": 44, "arm": "MC_AFTER_A1_B", "updates": 209198, "utility": 2.5050048828125}
{"event": "history_control_arm_complete", "lifecycle": 46, "arm": "MC_AFTER_A1_B", "updates": 209320, "utility": 1.33746337890625}
{"event": "history_control_arm_complete", "lifecycle": 47, "arm": "MC_AFTER_A1_B", "updates": 208233, "utility": 3.76519775390625}
{"event": "history_control_arm_complete", "lifecycle": 45, "arm": "LOCAL_FRESH_B", "updates": 103675, "utility": 5.4195556640625}
{"event": "history_control_arm_complete", "lifecycle": 44, "arm": "LOCAL_FRESH_B", "updates": 104861, "utility": 5.19091796875}
{"event": "history_control_arm_complete", "lifecycle": 46, "arm": "LOCAL_FRESH_B", "updates": 105420, "utility": 4.78790283203125}
{"event": "history_control_arm_complete", "lifecycle": 47, "arm": "LOCAL_FRESH_B", "updates": 104560, "utility": 5.76068115234375}
{"event": "history_control_arm_complete", "lifecycle": 45, "arm": "LOCAL_AFTER_A1_B", "updates": 208917, "utility": 2.95062255859375}
{"event": "history_control_arm_complete", "lifecycle": 44, "arm": "LOCAL_AFTER_A1_B", "updates": 209198, "utility": 3.87188720703125}
{"event": "history_control_arm_complete", "lifecycle": 46, "arm": "LOCAL_AFTER_A1_B", "updates": 209320, "utility": 2.57635498046875}
{"event": "history_control_arm_complete", "lifecycle": 47, "arm": "LOCAL_AFTER_A1_B", "updates": 208233, "utility": 4.65869140625}
{"event": "history_control_arm_complete", "lifecycle": 49, "arm": "MC_FRESH_B", "updates": 103361, "utility": 5.995849609375}
{"event": "history_control_arm_complete", "lifecycle": 48, "arm": "MC_FRESH_B", "updates": 104816, "utility": 3.71435546875}
{"event": "history_control_arm_complete", "lifecycle": 50, "arm": "MC_FRESH_B", "updates": 103419, "utility": 3.35736083984375}
{"event": "history_control_arm_complete", "lifecycle": 51, "arm": "MC_FRESH_B", "updates": 103676, "utility": 5.82025146484375}
{"event": "history_control_arm_complete", "lifecycle": 49, "arm": "MC_AFTER_A1_B", "updates": 206839, "utility": 4.10406494140625}
{"event": "history_control_arm_complete", "lifecycle": 50, "arm": "MC_AFTER_A1_B", "updates": 206559, "utility": 1.4754638671875}
{"event": "history_control_arm_complete", "lifecycle": 48, "arm": "MC_AFTER_A1_B", "updates": 209154, "utility": 2.75091552734375}
{"event": "history_control_arm_complete", "lifecycle": 51, "arm": "MC_AFTER_A1_B", "updates": 208462, "utility": 4.48077392578125}
{"event": "history_control_arm_complete", "lifecycle": 49, "arm": "LOCAL_FRESH_B", "updates": 103361, "utility": 5.201904296875}
{"event": "history_control_arm_complete", "lifecycle": 50, "arm": "LOCAL_FRESH_B", "updates": 103419, "utility": 5.1375732421875}
{"event": "history_control_arm_complete", "lifecycle": 48, "arm": "LOCAL_FRESH_B", "updates": 104816, "utility": 4.0286865234375}
{"event": "history_control_arm_complete", "lifecycle": 51, "arm": "LOCAL_FRESH_B", "updates": 103676, "utility": 6.07489013671875}
{"event": "history_control_arm_complete", "lifecycle": 49, "arm": "LOCAL_AFTER_A1_B", "updates": 206839, "utility": 4.79296875}
{"event": "history_control_arm_complete", "lifecycle": 50, "arm": "LOCAL_AFTER_A1_B", "updates": 206559, "utility": 3.09161376953125}
{"event": "history_control_arm_complete", "lifecycle": 48, "arm": "LOCAL_AFTER_A1_B", "updates": 209154, "utility": 5.36669921875}
{"event": "history_control_arm_complete", "lifecycle": 51, "arm": "LOCAL_AFTER_A1_B", "updates": 208462, "utility": 2.94354248046875}
{"event": "history_control_arm_complete", "lifecycle": 53, "arm": "MC_FRESH_B", "updates": 103748, "utility": 4.64300537109375}
{"event": "history_control_arm_complete", "lifecycle": 54, "arm": "MC_FRESH_B", "updates": 104744, "utility": 3.41912841796875}
{"event": "history_control_arm_complete", "lifecycle": 52, "arm": "MC_FRESH_B", "updates": 103155, "utility": 2.64019775390625}
{"event": "history_control_arm_complete", "lifecycle": 55, "arm": "MC_FRESH_B", "updates": 103489, "utility": 3.25469970703125}
{"event": "history_control_arm_complete", "lifecycle": 53, "arm": "MC_AFTER_A1_B", "updates": 206949, "utility": 4.982421875}
{"event": "history_control_arm_complete", "lifecycle": 54, "arm": "MC_AFTER_A1_B", "updates": 208025, "utility": 3.87255859375}
{"event": "history_control_arm_complete", "lifecycle": 52, "arm": "MC_AFTER_A1_B", "updates": 207493, "utility": 2.247802734375}
{"event": "history_control_arm_complete", "lifecycle": 55, "arm": "MC_AFTER_A1_B", "updates": 207210, "utility": 1.45599365234375}
{"event": "history_control_arm_complete", "lifecycle": 54, "arm": "LOCAL_FRESH_B", "updates": 104744, "utility": 5.1873779296875}
{"event": "history_control_arm_complete", "lifecycle": 53, "arm": "LOCAL_FRESH_B", "updates": 103748, "utility": 7.758544921875}
{"event": "history_control_arm_complete", "lifecycle": 52, "arm": "LOCAL_FRESH_B", "updates": 103155, "utility": 5.90447998046875}
{"event": "history_control_arm_complete", "lifecycle": 55, "arm": "LOCAL_FRESH_B", "updates": 103489, "utility": 6.61810302734375}
{"event": "history_control_arm_complete", "lifecycle": 54, "arm": "LOCAL_AFTER_A1_B", "updates": 208025, "utility": 4.0087890625}
{"event": "history_control_arm_complete", "lifecycle": 53, "arm": "LOCAL_AFTER_A1_B", "updates": 206949, "utility": 4.90765380859375}
{"event": "history_control_arm_complete", "lifecycle": 52, "arm": "LOCAL_AFTER_A1_B", "updates": 207493, "utility": 3.125}
{"event": "history_control_arm_complete", "lifecycle": 55, "arm": "LOCAL_AFTER_A1_B", "updates": 207210, "utility": 5.54425048828125}
{"event": "history_control_arm_complete", "lifecycle": 57, "arm": "MC_FRESH_B", "updates": 103331, "utility": 2.43988037109375}
{"event": "history_control_arm_complete", "lifecycle": 58, "arm": "MC_FRESH_B", "updates": 102881, "utility": 2.7359619140625}
{"event": "history_control_arm_complete", "lifecycle": 56, "arm": "MC_FRESH_B", "updates": 102556, "utility": 6.8165283203125}
{"event": "history_control_arm_complete", "lifecycle": 59, "arm": "MC_FRESH_B", "updates": 104076, "utility": 3.89739990234375}
{"event": "history_control_arm_complete", "lifecycle": 57, "arm": "MC_AFTER_A1_B", "updates": 207805, "utility": 1.215576171875}
{"event": "history_control_arm_complete", "lifecycle": 58, "arm": "MC_AFTER_A1_B", "updates": 206053, "utility": 2.44500732421875}
{"event": "history_control_arm_complete", "lifecycle": 56, "arm": "MC_AFTER_A1_B", "updates": 206166, "utility": 3.30926513671875}
{"event": "history_control_arm_complete", "lifecycle": 59, "arm": "MC_AFTER_A1_B", "updates": 208822, "utility": 3.1126708984375}
{"event": "history_control_arm_complete", "lifecycle": 57, "arm": "LOCAL_FRESH_B", "updates": 103331, "utility": 6.31103515625}
{"event": "history_control_arm_complete", "lifecycle": 58, "arm": "LOCAL_FRESH_B", "updates": 102881, "utility": 5.44305419921875}
{"event": "history_control_arm_complete", "lifecycle": 56, "arm": "LOCAL_FRESH_B", "updates": 102556, "utility": 6.423828125}
{"event": "history_control_arm_complete", "lifecycle": 59, "arm": "LOCAL_FRESH_B", "updates": 104076, "utility": 6.70208740234375}
{"event": "history_control_arm_complete", "lifecycle": 57, "arm": "LOCAL_AFTER_A1_B", "updates": 207805, "utility": 3.8719482421875}
{"event": "history_control_arm_complete", "lifecycle": 58, "arm": "LOCAL_AFTER_A1_B", "updates": 206053, "utility": 6.55426025390625}
{"event": "history_control_arm_complete", "lifecycle": 56, "arm": "LOCAL_AFTER_A1_B", "updates": 206166, "utility": 4.6292724609375}
{"event": "history_control_arm_complete", "lifecycle": 59, "arm": "LOCAL_AFTER_A1_B", "updates": 208822, "utility": 5.12005615234375}
{"event": "history_control_arm_complete", "lifecycle": 61, "arm": "MC_FRESH_B", "updates": 104969, "utility": 3.91729736328125}
{"event": "history_control_arm_complete", "lifecycle": 62, "arm": "MC_FRESH_B", "updates": 103816, "utility": 4.2276611328125}
{"event": "history_control_arm_complete", "lifecycle": 60, "arm": "MC_FRESH_B", "updates": 102983, "utility": 1.90234375}
{"event": "history_control_arm_complete", "lifecycle": 63, "arm": "MC_FRESH_B", "updates": 103957, "utility": 2.30859375}
{"event": "history_control_arm_complete", "lifecycle": 61, "arm": "MC_AFTER_A1_B", "updates": 207958, "utility": 1.89031982421875}
{"event": "history_control_arm_complete", "lifecycle": 60, "arm": "MC_AFTER_A1_B", "updates": 206834, "utility": 0.31011962890625}
{"event": "history_control_arm_complete", "lifecycle": 62, "arm": "MC_AFTER_A1_B", "updates": 207829, "utility": 6.0751953125}
{"event": "history_control_arm_complete", "lifecycle": 63, "arm": "MC_AFTER_A1_B", "updates": 207869, "utility": 1.71038818359375}
{"event": "history_control_arm_complete", "lifecycle": 61, "arm": "LOCAL_FRESH_B", "updates": 104969, "utility": 6.22198486328125}
{"event": "history_control_arm_complete", "lifecycle": 60, "arm": "LOCAL_FRESH_B", "updates": 102983, "utility": 4.05731201171875}
{"event": "history_control_arm_complete", "lifecycle": 62, "arm": "LOCAL_FRESH_B", "updates": 103816, "utility": 6.881591796875}
{"event": "history_control_arm_complete", "lifecycle": 63, "arm": "LOCAL_FRESH_B", "updates": 103957, "utility": 6.101806640625}
{"event": "history_control_arm_complete", "lifecycle": 61, "arm": "LOCAL_AFTER_A1_B", "updates": 207958, "utility": 3.12493896484375}
{"event": "history_control_arm_complete", "lifecycle": 60, "arm": "LOCAL_AFTER_A1_B", "updates": 206834, "utility": 2.57830810546875}
{"event": "history_control_arm_complete", "lifecycle": 62, "arm": "LOCAL_AFTER_A1_B", "updates": 207829, "utility": 5.05938720703125}
{"event": "history_control_arm_complete", "lifecycle": 63, "arm": "LOCAL_AFTER_A1_B", "updates": 207869, "utility": 3.61419677734375}
{"event": "history_control_complete", "history_diagnosis": "FRESH_B_GAIN_WITH_HISTORY_NEGATIVE_TRANSFER_SUPPORTED", "primary": {"mean": 1.5467510223388672, "ci95": [1.235444760322571, 1.8498993158340449], "lifecycle_deltas": {"0": 2.493896484375, "1": 2.13037109375, "2": -0.19598388671875, "3": 1.40570068359375, "4": 1.5594482421875, "5": 2.61883544921875, "6": 3.42279052734375, "7": 1.63275146484375, "8": 2.963134765625, "9": -1.054443359375, "10": 0.820556640625, "11": 1.421875, "12": 2.12237548828125, "13": 1.9017333984375, "14": 1.162109375, "15": 3.1783447265625, "16": 2.54620361328125, "17": -0.11328125, "18": 2.6314697265625, "19": 2.43463134765625, "20": 0.2191162109375, "21": -0.1470947265625, "22": 2.172607421875, "23": 1.2027587890625, "24": 1.82183837890625, "25": 2.52655029296875, "26": 0.0191650390625, "27": 0.84881591796875, "28": 0.48260498046875, "29": 1.72491455078125, "30": 1.20263671875, "31": 2.785888671875, "32": 1.40496826171875, "33": 0.7025146484375, "34": 2.59613037109375, "35": 3.78839111328125, "36": 4.37811279296875, "37": -1.77545166015625, "38": 0.24969482421875, "39": 2.14862060546875, "40": -0.01824951171875, "41": 1.46258544921875, "42": 2.18853759765625, "43": -0.89898681640625, "44": 1.31903076171875, "45": 2.46893310546875, "46": 2.2115478515625, "47": 1.10198974609375, "48": -1.3380126953125, "49": 0.408935546875, "50": 2.04595947265625, "51": 3.13134765625, "52": 2.77947998046875, "53": 2.85089111328125, "54": 1.1785888671875, "55": 1.0738525390625, "56": 1.7945556640625, "57": 2.4390869140625, "58": -1.1112060546875, "59": 1.58203125, "60": 1.47900390625, "61": 3.0970458984375, "62": 1.82220458984375, "63": 2.48760986328125}, "improved_equal_worse": [55, 0, 9], "adverse_lifecycles": [2, 9, 17, 21, 37, 40, 43, 48, 58], "parent_mean_deltas": {"0": 1.6254692077636719, "1": 1.3276329040527344, "2": 1.4010505676269531, "3": 1.8328514099121094}, "interval_scope": "CONDITIONAL_ON_FOUR_FROZEN_PARENTS_AND_RETAINED_V303_HISTORIES"}}
