{"event": "bank_belief_stage_complete", "lifecycle": 0, "stage": "A1", "context": 0, "created": true, "contexts": 1, "raw": 131706}
{"event": "bank_belief_stage_complete", "lifecycle": 1, "stage": "A1", "context": 0, "created": true, "contexts": 1, "raw": 131655}
{"event": "bank_belief_stage_complete", "lifecycle": 2, "stage": "A1", "context": 0, "created": true, "contexts": 1, "raw": 132048}
{"event": "bank_belief_stage_complete", "lifecycle": 3, "stage": "A1", "context": 0, "created": true, "contexts": 1, "raw": 131740}
{"event": "bank_belief_stage_complete", "lifecycle": 0, "stage": "B1", "context": 1, "created": true, "contexts": 2, "raw": 131545}
{"event": "bank_belief_stage_complete", "lifecycle": 1, "stage": "B1", "context": 1, "created": true, "contexts": 2, "raw": 131406}
{"event": "bank_belief_stage_complete", "lifecycle": 3, "stage": "B1", "context": 1, "created": true, "contexts": 2, "raw": 132020}
{"event": "bank_belief_stage_complete", "lifecycle": 2, "stage": "B1", "context": 1, "created": true, "contexts": 2, "raw": 131458}
{"event": "bank_belief_stage_complete", "lifecycle": 0, "stage": "A2", "context": 0, "created": false, "contexts": 2, "raw": 1161}
{"event": "bank_belief_stage_complete", "lifecycle": 1, "stage": "A2", "context": 0, "created": false, "contexts": 2, "raw": 1014}
{"event": "bank_belief_stage_complete", "lifecycle": 3, "stage": "A2", "context": 0, "created": false, "contexts": 2, "raw": 1108}
{"event": "bank_belief_stage_complete", "lifecycle": 2, "stage": "A2", "context": 0, "created": false, "contexts": 2, "raw": 661}
{"event": "bank_belief_stage_complete", "lifecycle": 0, "stage": "B2", "context": 1, "created": false, "contexts": 2, "raw": 357}
{"event": "bank_belief_stage_complete", "lifecycle": 1, "stage": "B2", "context": 1, "created": false, "contexts": 2, "raw": 323}
{"event": "bank_belief_stage_complete", "lifecycle": 3, "stage": "B2", "context": 1, "created": false, "contexts": 2, "raw": 604}
{"event": "bank_belief_stage_complete", "lifecycle": 2, "stage": "B2", "context": 1, "created": false, "contexts": 2, "raw": 449}
{"event": "bank_belief_stage_complete", "lifecycle": 0, "stage": "A3", "context": 0, "created": false, "contexts": 2, "raw": 647}
{"event": "bank_belief_stage_complete", "lifecycle": 1, "stage": "A3", "context": 0, "created": false, "contexts": 2, "raw": 561}
{"event": "bank_belief_stage_complete", "lifecycle": 3, "stage": "A3", "context": 0, "created": false, "contexts": 2, "raw": 565}
{"event": "bank_belief_stage_complete", "lifecycle": 2, "stage": "A3", "context": 0, "created": false, "contexts": 2, "raw": 757}
{"event": "bank_belief_stage_complete", "lifecycle": 4, "stage": "A1", "context": 0, "created": true, "contexts": 1, "raw": 132075}
{"event": "bank_belief_stage_complete", "lifecycle": 5, "stage": "A1", "context": 0, "created": true, "contexts": 1, "raw": 131854}
{"event": "bank_belief_stage_complete", "lifecycle": 7, "stage": "A1", "context": 0, "created": true, "contexts": 1, "raw": 131691}
{"event": "bank_belief_stage_complete", "lifecycle": 6, "stage": "A1", "context": 0, "created": true, "contexts": 1, "raw": 131659}
{"event": "bank_belief_stage_complete", "lifecycle": 4, "stage": "B1", "context": 1, "created": true, "contexts": 2, "raw": 131498}
{"event": "bank_belief_stage_complete", "lifecycle": 5, "stage": "B1", "context": 1, "created": true, "contexts": 2, "raw": 131386}
{"event": "bank_belief_stage_complete", "lifecycle": 7, "stage": "B1", "context": 1, "created": true, "contexts": 2, "raw": 131438}
{"event": "bank_belief_stage_complete", "lifecycle": 6, "stage": "B1", "context": 1, "created": true, "contexts": 2, "raw": 131678}
{"event": "bank_belief_stage_complete", "lifecycle": 4, "stage": "A2", "context": 0, "created": false, "contexts": 2, "raw": 986}
{"event": "bank_belief_stage_complete", "lifecycle": 5, "stage": "A2", "context": 0, "created": false, "contexts": 2, "raw": 541}
{"event": "bank_belief_stage_complete", "lifecycle": 7, "stage": "A2", "context": 0, "created": false, "contexts": 2, "raw": 626}
{"event": "bank_belief_stage_complete", "lifecycle": 6, "stage": "A2", "context": 0, "created": false, "contexts": 2, "raw": 1041}
{"event": "bank_belief_stage_complete", "lifecycle": 4, "stage": "B2", "context": 1, "created": false, "contexts": 2, "raw": 359}
{"event": "bank_belief_stage_complete", "lifecycle": 5, "stage": "B2", "context": 1, "created": false, "contexts": 2, "raw": 596}
{"event": "bank_belief_stage_complete", "lifecycle": 7, "stage": "B2", "context": 1, "created": false, "contexts": 2, "raw": 452}
{"event": "bank_belief_stage_complete", "lifecycle": 6, "stage": "B2", "context": 1, "created": false, "contexts": 2, "raw": 452}
{"event": "bank_belief_stage_complete", "lifecycle": 4, "stage": "A3", "context": 0, "created": false, "contexts": 2, "raw": 980}
{"event": "bank_belief_stage_complete", "lifecycle": 5, "stage": "A3", "context": 0, "created": false, "contexts": 2, "raw": 976}
{"event": "bank_belief_stage_complete", "lifecycle": 7, "stage": "A3", "context": 0, "created": false, "contexts": 2, "raw": 910}
{"event": "bank_belief_stage_complete", "lifecycle": 6, "stage": "A3", "context": 0, "created": false, "contexts": 2, "raw": 846}
{"event": "bank_belief_stage_complete", "lifecycle": 8, "stage": "A1", "context": 0, "created": true, "contexts": 1, "raw": 132037}
{"event": "bank_belief_stage_complete", "lifecycle": 9, "stage": "A1", "context": 0, "created": true, "contexts": 1, "raw": 131600}
{"event": "bank_belief_stage_complete", "lifecycle": 11, "stage": "A1", "context": 0, "created": true, "contexts": 1, "raw": 131600}
{"event": "bank_belief_stage_complete", "lifecycle": 10, "stage": "A1", "context": 0, "created": true, "contexts": 1, "raw": 131839}
{"event": "bank_belief_stage_complete", "lifecycle": 8, "stage": "B1", "context": 1, "created": true, "contexts": 2, "raw": 131573}
{"event": "bank_belief_stage_complete", "lifecycle": 9, "stage": "B1", "context": 1, "created": true, "contexts": 2, "raw": 131450}
{"event": "bank_belief_stage_complete", "lifecycle": 11, "stage": "B1", "context": 1, "created": true, "contexts": 2, "raw": 131338}
{"event": "bank_belief_stage_complete", "lifecycle": 10, "stage": "B1", "context": 1, "created": true, "contexts": 2, "raw": 131594}
{"event": "bank_belief_stage_complete", "lifecycle": 8, "stage": "A2", "context": 0, "created": false, "contexts": 2, "raw": 745}
{"event": "bank_belief_stage_complete", "lifecycle": 9, "stage": "A2", "context": 0, "created": false, "contexts": 2, "raw": 1010}
{"event": "bank_belief_stage_complete", "lifecycle": 11, "stage": "A2", "context": 0, "created": false, "contexts": 2, "raw": 1013}
{"event": "bank_belief_stage_complete", "lifecycle": 10, "stage": "A2", "context": 0, "created": false, "contexts": 2, "raw": 950}
{"event": "bank_belief_stage_complete", "lifecycle": 8, "stage": "B2", "context": 1, "created": false, "contexts": 2, "raw": 410}
{"event": "bank_belief_stage_complete", "lifecycle": 9, "stage": "B2", "context": 1, "created": false, "contexts": 2, "raw": 880}
{"event": "bank_belief_stage_complete", "lifecycle": 11, "stage": "B2", "context": 1, "created": false, "contexts": 2, "raw": 309}
{"event": "bank_belief_stage_complete", "lifecycle": 10, "stage": "B2", "context": 1, "created": false, "contexts": 2, "raw": 519}
{"event": "bank_belief_stage_complete", "lifecycle": 8, "stage": "A3", "context": 0, "created": false, "contexts": 2, "raw": 469}
{"event": "bank_belief_stage_complete", "lifecycle": 9, "stage": "A3", "context": 0, "created": false, "contexts": 2, "raw": 550}
{"event": "bank_belief_stage_complete", "lifecycle": 11, "stage": "A3", "context": 0, "created": false, "contexts": 2, "raw": 928}
{"event": "bank_belief_stage_complete", "lifecycle": 10, "stage": "A3", "context": 0, "created": false, "contexts": 2, "raw": 983}
{"event": "bank_belief_stage_complete", "lifecycle": 12, "stage": "A1", "context": 0, "created": true, "contexts": 1, "raw": 131692}
{"event": "bank_belief_stage_complete", "lifecycle": 13, "stage": "A1", "context": 0, "created": true, "contexts": 1, "raw": 131779}
{"event": "bank_belief_stage_complete", "lifecycle": 15, "stage": "A1", "context": 0, "created": true, "contexts": 1, "raw": 131640}
{"event": "bank_belief_stage_complete", "lifecycle": 14, "stage": "A1", "context": 0, "created": true, "contexts": 1, "raw": 131720}
{"event": "bank_belief_stage_complete", "lifecycle": 12, "stage": "B1", "context": 1, "created": true, "contexts": 2, "raw": 131512}
{"event": "bank_belief_stage_complete", "lifecycle": 13, "stage": "B1", "context": 1, "created": true, "contexts": 2, "raw": 131473}
{"event": "bank_belief_stage_complete", "lifecycle": 15, "stage": "B1", "context": 1, "created": true, "contexts": 2, "raw": 131396}
{"event": "bank_belief_stage_complete", "lifecycle": 14, "stage": "B1", "context": 1, "created": true, "contexts": 2, "raw": 131439}
{"event": "bank_belief_stage_complete", "lifecycle": 12, "stage": "A2", "context": 0, "created": false, "contexts": 2, "raw": 1091}
{"event": "bank_belief_stage_complete", "lifecycle": 13, "stage": "A2", "context": 0, "created": false, "contexts": 2, "raw": 678}
{"event": "bank_belief_stage_complete", "lifecycle": 15, "stage": "A2", "context": 0, "created": false, "contexts": 2, "raw": 853}
{"event": "bank_belief_stage_complete", "lifecycle": 14, "stage": "A2", "context": 0, "created": false, "contexts": 2, "raw": 936}
{"event": "bank_belief_stage_complete", "lifecycle": 12, "stage": "B2", "context": 1, "created": false, "contexts": 2, "raw": 454}
{"event": "bank_belief_stage_complete", "lifecycle": 13, "stage": "B2", "context": 1, "created": false, "contexts": 2, "raw": 395}
{"event": "bank_belief_stage_complete", "lifecycle": 15, "stage": "B2", "context": 1, "created": false, "contexts": 2, "raw": 538}
{"event": "bank_belief_stage_complete", "lifecycle": 14, "stage": "B2", "context": 1, "created": false, "contexts": 2, "raw": 371}
{"event": "bank_belief_stage_complete", "lifecycle": 12, "stage": "A3", "context": 0, "created": false, "contexts": 2, "raw": 712}
{"event": "bank_belief_stage_complete", "lifecycle": 13, "stage": "A3", "context": 0, "created": false, "contexts": 2, "raw": 805}
{"event": "bank_belief_stage_complete", "lifecycle": 15, "stage": "A3", "context": 0, "created": false, "contexts": 2, "raw": 425}
{"event": "bank_belief_stage_complete", "lifecycle": 14, "stage": "A3", "context": 0, "created": false, "contexts": 2, "raw": 561}
{"event": "bank_belief_stage_complete", "lifecycle": 16, "stage": "A1", "context": 0, "created": true, "contexts": 1, "raw": 131828}
{"event": "bank_belief_stage_complete", "lifecycle": 17, "stage": "A1", "context": 0, "created": true, "contexts": 1, "raw": 131555}
{"event": "bank_belief_stage_complete", "lifecycle": 19, "stage": "A1", "context": 0, "created": true, "contexts": 1, "raw": 132220}
{"event": "bank_belief_stage_complete", "lifecycle": 18, "stage": "A1", "context": 0, "created": true, "contexts": 1, "raw": 131761}
{"event": "bank_belief_stage_complete", "lifecycle": 16, "stage": "B1", "context": 1, "created": true, "contexts": 2, "raw": 131408}
{"event": "bank_belief_stage_complete", "lifecycle": 17, "stage": "B1", "context": 1, "created": true, "contexts": 2, "raw": 131502}
{"event": "bank_belief_stage_complete", "lifecycle": 18, "stage": "B1", "context": 1, "created": true, "contexts": 2, "raw": 131546}
{"event": "bank_belief_stage_complete", "lifecycle": 19, "stage": "B1", "context": 1, "created": true, "contexts": 2, "raw": 131415}
{"event": "bank_belief_stage_complete", "lifecycle": 16, "stage": "A2", "context": 0, "created": false, "contexts": 2, "raw": 578}
{"event": "bank_belief_stage_complete", "lifecycle": 17, "stage": "A2", "context": 0, "created": false, "contexts": 2, "raw": 513}
{"event": "bank_belief_stage_complete", "lifecycle": 19, "stage": "A2", "context": 0, "created": false, "contexts": 2, "raw": 979}
{"event": "bank_belief_stage_complete", "lifecycle": 18, "stage": "A2", "context": 0, "created": false, "contexts": 2, "raw": 1136}
{"event": "bank_belief_stage_complete", "lifecycle": 16, "stage": "B2", "context": 1, "created": false, "contexts": 2, "raw": 388}
{"event": "bank_belief_stage_complete", "lifecycle": 17, "stage": "B2", "context": 1, "created": false, "contexts": 2, "raw": 343}
{"event": "bank_belief_stage_complete", "lifecycle": 19, "stage": "B2", "context": 1, "created": false, "contexts": 2, "raw": 357}
{"event": "bank_belief_stage_complete", "lifecycle": 18, "stage": "B2", "context": 1, "created": false, "contexts": 2, "raw": 1009}
{"event": "bank_belief_stage_complete", "lifecycle": 16, "stage": "A3", "context": 0, "created": false, "contexts": 2, "raw": 1121}
{"event": "bank_belief_stage_complete", "lifecycle": 17, "stage": "A3", "context": 0, "created": false, "contexts": 2, "raw": 1042}
{"event": "bank_belief_stage_complete", "lifecycle": 18, "stage": "A3", "context": 0, "created": false, "contexts": 2, "raw": 1091}
{"event": "bank_belief_stage_complete", "lifecycle": 19, "stage": "A3", "context": 0, "created": false, "contexts": 2, "raw": 1148}
{"event": "bank_belief_stage_complete", "lifecycle": 20, "stage": "A1", "context": 0, "created": true, "contexts": 1, "raw": 131532}
{"event": "bank_belief_stage_complete", "lifecycle": 21, "stage": "A1", "context": 0, "created": true, "contexts": 1, "raw": 132143}
{"event": "bank_belief_stage_complete", "lifecycle": 22, "stage": "A1", "context": 0, "created": true, "contexts": 1, "raw": 131948}
{"event": "bank_belief_stage_complete", "lifecycle": 23, "stage": "A1", "context": 0, "created": true, "contexts": 1, "raw": 132071}
{"event": "bank_belief_stage_complete", "lifecycle": 20, "stage": "B1", "context": 1, "created": true, "contexts": 2, "raw": 131926}
{"event": "bank_belief_stage_complete", "lifecycle": 21, "stage": "B1", "context": 1, "created": true, "contexts": 2, "raw": 131418}
{"event": "bank_belief_stage_complete", "lifecycle": 23, "stage": "B1", "context": 1, "created": true, "contexts": 2, "raw": 131448}
{"event": "bank_belief_stage_complete", "lifecycle": 22, "stage": "B1", "context": 1, "created": true, "contexts": 2, "raw": 131404}
{"event": "bank_belief_stage_complete", "lifecycle": 20, "stage": "A2", "context": 0, "created": false, "contexts": 2, "raw": 621}
{"event": "bank_belief_stage_complete", "lifecycle": 21, "stage": "A2", "context": 0, "created": false, "contexts": 2, "raw": 978}
{"event": "bank_belief_stage_complete", "lifecycle": 23, "stage": "A2", "context": 0, "created": false, "contexts": 2, "raw": 988}
{"event": "bank_belief_stage_complete", "lifecycle": 20, "stage": "B2", "context": 1, "created": false, "contexts": 2, "raw": 627}
{"event": "bank_belief_stage_complete", "lifecycle": 22, "stage": "A2", "context": 0, "created": false, "contexts": 2, "raw": 861}
{"event": "bank_belief_stage_complete", "lifecycle": 21, "stage": "B2", "context": 1, "created": false, "contexts": 2, "raw": 319}
{"event": "bank_belief_stage_complete", "lifecycle": 23, "stage": "B2", "context": 1, "created": false, "contexts": 2, "raw": 427}
{"event": "bank_belief_stage_complete", "lifecycle": 20, "stage": "A3", "context": 0, "created": false, "contexts": 2, "raw": 811}
{"event": "bank_belief_stage_complete", "lifecycle": 22, "stage": "B2", "context": 1, "created": false, "contexts": 2, "raw": 350}
{"event": "bank_belief_stage_complete", "lifecycle": 21, "stage": "A3", "context": 0, "created": false, "contexts": 2, "raw": 1087}
{"event": "bank_belief_stage_complete", "lifecycle": 23, "stage": "A3", "context": 0, "created": false, "contexts": 2, "raw": 865}
{"event": "bank_belief_stage_complete", "lifecycle": 22, "stage": "A3", "context": 0, "created": false, "contexts": 2, "raw": 902}
{"event": "bank_belief_stage_complete", "lifecycle": 24, "stage": "A1", "context": 0, "created": true, "contexts": 1, "raw": 132134}
{"event": "bank_belief_stage_complete", "lifecycle": 25, "stage": "A1", "context": 0, "created": true, "contexts": 1, "raw": 131617}
{"event": "bank_belief_stage_complete", "lifecycle": 27, "stage": "A1", "context": 0, "created": true, "contexts": 1, "raw": 132056}
{"event": "bank_belief_stage_complete", "lifecycle": 26, "stage": "A1", "context": 0, "created": true, "contexts": 1, "raw": 132079}
{"event": "bank_belief_stage_complete", "lifecycle": 24, "stage": "B1", "context": 1, "created": true, "contexts": 2, "raw": 131426}
{"event": "bank_belief_stage_complete", "lifecycle": 25, "stage": "B1", "context": 1, "created": true, "contexts": 2, "raw": 131704}
{"event": "bank_belief_stage_complete", "lifecycle": 27, "stage": "B1", "context": 1, "created": true, "contexts": 2, "raw": 131593}
{"event": "bank_belief_stage_complete", "lifecycle": 24, "stage": "A2", "context": 0, "created": false, "contexts": 2, "raw": 1681}
{"event": "bank_belief_stage_complete", "lifecycle": 26, "stage": "B1", "context": 1, "created": true, "contexts": 2, "raw": 131485}
{"event": "bank_belief_stage_complete", "lifecycle": 25, "stage": "A2", "context": 0, "created": false, "contexts": 2, "raw": 897}
{"event": "bank_belief_stage_complete", "lifecycle": 27, "stage": "A2", "context": 0, "created": false, "contexts": 2, "raw": 711}
{"event": "bank_belief_stage_complete", "lifecycle": 24, "stage": "B2", "context": 1, "created": false, "contexts": 2, "raw": 553}
{"event": "bank_belief_stage_complete", "lifecycle": 26, "stage": "A2", "context": 0, "created": false, "contexts": 2, "raw": 1031}
{"event": "bank_belief_stage_complete", "lifecycle": 25, "stage": "B2", "context": 1, "created": false, "contexts": 2, "raw": 422}
{"event": "bank_belief_stage_complete", "lifecycle": 24, "stage": "A3", "context": 0, "created": false, "contexts": 2, "raw": 989}
{"event": "bank_belief_stage_complete", "lifecycle": 27, "stage": "B2", "context": 1, "created": false, "contexts": 2, "raw": 400}
{"event": "bank_belief_stage_complete", "lifecycle": 26, "stage": "B2", "context": 1, "created": false, "contexts": 2, "raw": 460}
{"event": "bank_belief_stage_complete", "lifecycle": 25, "stage": "A3", "context": 0, "created": false, "contexts": 2, "raw": 996}
{"event": "bank_belief_stage_complete", "lifecycle": 27, "stage": "A3", "context": 0, "created": false, "contexts": 2, "raw": 606}
{"event": "bank_belief_stage_complete", "lifecycle": 26, "stage": "A3", "context": 0, "created": false, "contexts": 2, "raw": 875}
{"event": "bank_belief_stage_complete", "lifecycle": 28, "stage": "A1", "context": 0, "created": true, "contexts": 1, "raw": 131849}
{"event": "bank_belief_stage_complete", "lifecycle": 31, "stage": "A1", "context": 0, "created": true, "contexts": 1, "raw": 131728}
{"event": "bank_belief_stage_complete", "lifecycle": 29, "stage": "A1", "context": 0, "created": true, "contexts": 1, "raw": 131863}
{"event": "bank_belief_stage_complete", "lifecycle": 30, "stage": "A1", "context": 0, "created": true, "contexts": 1, "raw": 131604}
{"event": "bank_belief_stage_complete", "lifecycle": 28, "stage": "B1", "context": 1, "created": true, "contexts": 2, "raw": 131759}
{"event": "bank_belief_stage_complete", "lifecycle": 28, "stage": "A2", "context": 0, "created": false, "contexts": 2, "raw": 685}
{"event": "bank_belief_stage_complete", "lifecycle": 31, "stage": "B1", "context": 1, "created": true, "contexts": 2, "raw": 131385}
{"event": "bank_belief_stage_complete", "lifecycle": 29, "stage": "B1", "context": 1, "created": true, "contexts": 2, "raw": 131412}
{"event": "bank_belief_stage_complete", "lifecycle": 30, "stage": "B1", "context": 1, "created": true, "contexts": 2, "raw": 131546}
{"event": "bank_belief_stage_complete", "lifecycle": 28, "stage": "B2", "context": 1, "created": false, "contexts": 2, "raw": 573}
{"event": "bank_belief_stage_complete", "lifecycle": 31, "stage": "A2", "context": 0, "created": false, "contexts": 2, "raw": 645}
{"event": "bank_belief_stage_complete", "lifecycle": 29, "stage": "A2", "context": 0, "created": false, "contexts": 2, "raw": 959}
{"event": "bank_belief_stage_complete", "lifecycle": 30, "stage": "A2", "context": 0, "created": false, "contexts": 2, "raw": 737}
{"event": "bank_belief_stage_complete", "lifecycle": 31, "stage": "B2", "context": 1, "created": false, "contexts": 2, "raw": 355}
{"event": "bank_belief_stage_complete", "lifecycle": 28, "stage": "A3", "context": 0, "created": false, "contexts": 2, "raw": 989}
{"event": "bank_belief_stage_complete", "lifecycle": 29, "stage": "B2", "context": 1, "created": false, "contexts": 2, "raw": 409}
{"event": "bank_belief_stage_complete", "lifecycle": 30, "stage": "B2", "context": 1, "created": false, "contexts": 2, "raw": 665}
{"event": "bank_belief_stage_complete", "lifecycle": 31, "stage": "A3", "context": 0, "created": false, "contexts": 2, "raw": 956}
{"event": "bank_belief_stage_complete", "lifecycle": 29, "stage": "A3", "context": 0, "created": false, "contexts": 2, "raw": 849}
{"event": "bank_belief_stage_complete", "lifecycle": 30, "stage": "A3", "context": 0, "created": false, "contexts": 2, "raw": 962}
{"event": "bank_belief_stage_complete", "lifecycle": 32, "stage": "A1", "context": 0, "created": true, "contexts": 1, "raw": 131644}
{"event": "bank_belief_stage_complete", "lifecycle": 35, "stage": "A1", "context": 0, "created": true, "contexts": 1, "raw": 132051}
{"event": "bank_belief_stage_complete", "lifecycle": 33, "stage": "A1", "context": 0, "created": true, "contexts": 1, "raw": 132149}
{"event": "bank_belief_stage_complete", "lifecycle": 34, "stage": "A1", "context": 0, "created": true, "contexts": 1, "raw": 131867}
{"event": "bank_belief_stage_complete", "lifecycle": 32, "stage": "B1", "context": 1, "created": true, "contexts": 2, "raw": 131445}
{"event": "bank_belief_stage_complete", "lifecycle": 32, "stage": "A2", "context": 0, "created": false, "contexts": 2, "raw": 1147}
{"event": "bank_belief_stage_complete", "lifecycle": 35, "stage": "B1", "context": 1, "created": true, "contexts": 2, "raw": 131492}
{"event": "bank_belief_stage_complete", "lifecycle": 33, "stage": "B1", "context": 1, "created": true, "contexts": 2, "raw": 131360}
{"event": "bank_belief_stage_complete", "lifecycle": 34, "stage": "B1", "context": 1, "created": true, "contexts": 2, "raw": 131844}
{"event": "bank_belief_stage_complete", "lifecycle": 32, "stage": "B2", "context": 1, "created": false, "contexts": 2, "raw": 706}
{"event": "bank_belief_stage_complete", "lifecycle": 35, "stage": "A2", "context": 0, "created": false, "contexts": 2, "raw": 938}
{"event": "bank_belief_stage_complete", "lifecycle": 33, "stage": "A2", "context": 0, "created": false, "contexts": 2, "raw": 1912}
{"event": "bank_belief_stage_complete", "lifecycle": 34, "stage": "A2", "context": 0, "created": false, "contexts": 2, "raw": 903}
{"event": "bank_belief_stage_complete", "lifecycle": 32, "stage": "A3", "context": 0, "created": false, "contexts": 2, "raw": 604}
{"event": "bank_belief_stage_complete", "lifecycle": 35, "stage": "B2", "context": 1, "created": false, "contexts": 2, "raw": 501}
{"event": "bank_belief_stage_complete", "lifecycle": 33, "stage": "B2", "context": 1, "created": false, "contexts": 2, "raw": 451}
{"event": "bank_belief_stage_complete", "lifecycle": 34, "stage": "B2", "context": 1, "created": false, "contexts": 2, "raw": 449}
{"event": "bank_belief_stage_complete", "lifecycle": 35, "stage": "A3", "context": 0, "created": false, "contexts": 2, "raw": 812}
{"event": "bank_belief_stage_complete", "lifecycle": 33, "stage": "A3", "context": 0, "created": false, "contexts": 2, "raw": 635}
{"event": "bank_belief_stage_complete", "lifecycle": 34, "stage": "A3", "context": 0, "created": false, "contexts": 2, "raw": 989}
{"event": "bank_belief_stage_complete", "lifecycle": 36, "stage": "A1", "context": 0, "created": true, "contexts": 1, "raw": 131684}
{"event": "bank_belief_stage_complete", "lifecycle": 39, "stage": "A1", "context": 0, "created": true, "contexts": 1, "raw": 131710}
{"event": "bank_belief_stage_complete", "lifecycle": 37, "stage": "A1", "context": 0, "created": true, "contexts": 1, "raw": 132044}
{"event": "bank_belief_stage_complete", "lifecycle": 38, "stage": "A1", "context": 0, "created": true, "contexts": 1, "raw": 131685}
{"event": "bank_belief_stage_complete", "lifecycle": 36, "stage": "B1", "context": 1, "created": true, "contexts": 2, "raw": 131492}
{"event": "bank_belief_stage_complete", "lifecycle": 36, "stage": "A2", "context": 0, "created": false, "contexts": 2, "raw": 694}
{"event": "bank_belief_stage_complete", "lifecycle": 39, "stage": "B1", "context": 1, "created": true, "contexts": 2, "raw": 131329}
{"event": "bank_belief_stage_complete", "lifecycle": 37, "stage": "B1", "context": 1, "created": true, "contexts": 2, "raw": 131495}
{"event": "bank_belief_stage_complete", "lifecycle": 38, "stage": "B1", "context": 1, "created": true, "contexts": 2, "raw": 131512}
{"event": "bank_belief_stage_complete", "lifecycle": 36, "stage": "B2", "context": 1, "created": false, "contexts": 2, "raw": 390}
{"event": "bank_belief_stage_complete", "lifecycle": 39, "stage": "A2", "context": 0, "created": false, "contexts": 2, "raw": 861}
{"event": "bank_belief_stage_complete", "lifecycle": 37, "stage": "A2", "context": 0, "created": false, "contexts": 2, "raw": 1004}
{"event": "bank_belief_stage_complete", "lifecycle": 38, "stage": "A2", "context": 0, "created": false, "contexts": 2, "raw": 897}
{"event": "bank_belief_stage_complete", "lifecycle": 36, "stage": "A3", "context": 0, "created": false, "contexts": 2, "raw": 1207}
{"event": "bank_belief_stage_complete", "lifecycle": 39, "stage": "B2", "context": 1, "created": false, "contexts": 2, "raw": 274}
{"event": "bank_belief_stage_complete", "lifecycle": 37, "stage": "B2", "context": 1, "created": false, "contexts": 2, "raw": 668}
{"event": "bank_belief_stage_complete", "lifecycle": 38, "stage": "B2", "context": 1, "created": false, "contexts": 2, "raw": 495}
{"event": "bank_belief_stage_complete", "lifecycle": 39, "stage": "A3", "context": 0, "created": false, "contexts": 2, "raw": 785}
{"event": "bank_belief_stage_complete", "lifecycle": 37, "stage": "A3", "context": 0, "created": false, "contexts": 2, "raw": 1230}
{"event": "bank_belief_stage_complete", "lifecycle": 38, "stage": "A3", "context": 0, "created": false, "contexts": 2, "raw": 615}
{"event": "bank_belief_stage_complete", "lifecycle": 40, "stage": "A1", "context": 0, "created": true, "contexts": 1, "raw": 132054}
{"event": "bank_belief_stage_complete", "lifecycle": 43, "stage": "A1", "context": 0, "created": true, "contexts": 1, "raw": 132298}
{"event": "bank_belief_stage_complete", "lifecycle": 41, "stage": "A1", "context": 0, "created": true, "contexts": 1, "raw": 131970}
{"event": "bank_belief_stage_complete", "lifecycle": 42, "stage": "A1", "context": 0, "created": true, "contexts": 1, "raw": 131687}
{"event": "bank_belief_stage_complete", "lifecycle": 40, "stage": "B1", "context": 1, "created": true, "contexts": 2, "raw": 131476}
{"event": "bank_belief_stage_complete", "lifecycle": 43, "stage": "B1", "context": 1, "created": true, "contexts": 2, "raw": 131656}
{"event": "bank_belief_stage_complete", "lifecycle": 40, "stage": "A2", "context": 0, "created": false, "contexts": 2, "raw": 687}
{"event": "bank_belief_stage_complete", "lifecycle": 41, "stage": "B1", "context": 1, "created": true, "contexts": 2, "raw": 131709}
{"event": "bank_belief_stage_complete", "lifecycle": 42, "stage": "B1", "context": 1, "created": true, "contexts": 2, "raw": 131654}
{"event": "bank_belief_stage_complete", "lifecycle": 43, "stage": "A2", "context": 0, "created": false, "contexts": 2, "raw": 651}
{"event": "bank_belief_stage_complete", "lifecycle": 40, "stage": "B2", "context": 1, "created": false, "contexts": 2, "raw": 257}
{"event": "bank_belief_stage_complete", "lifecycle": 41, "stage": "A2", "context": 0, "created": false, "contexts": 2, "raw": 588}
{"event": "bank_belief_stage_complete", "lifecycle": 42, "stage": "A2", "context": 0, "created": false, "contexts": 2, "raw": 989}
{"event": "bank_belief_stage_complete", "lifecycle": 43, "stage": "B2", "context": 1, "created": false, "contexts": 2, "raw": 323}
{"event": "bank_belief_stage_complete", "lifecycle": 40, "stage": "A3", "context": 0, "created": false, "contexts": 2, "raw": 751}
{"event": "bank_belief_stage_complete", "lifecycle": 41, "stage": "B2", "context": 1, "created": false, "contexts": 2, "raw": 368}
{"event": "bank_belief_stage_complete", "lifecycle": 42, "stage": "B2", "context": 1, "created": false, "contexts": 2, "raw": 294}
{"event": "bank_belief_stage_complete", "lifecycle": 43, "stage": "A3", "context": 0, "created": false, "contexts": 2, "raw": 723}
{"event": "bank_belief_stage_complete", "lifecycle": 41, "stage": "A3", "context": 0, "created": false, "contexts": 2, "raw": 690}
{"event": "bank_belief_stage_complete", "lifecycle": 42, "stage": "A3", "context": 0, "created": false, "contexts": 2, "raw": 585}
{"event": "bank_belief_stage_complete", "lifecycle": 44, "stage": "A1", "context": 0, "created": true, "contexts": 1, "raw": 131642}
{"event": "bank_belief_stage_complete", "lifecycle": 47, "stage": "A1", "context": 0, "created": true, "contexts": 1, "raw": 131744}
{"event": "bank_belief_stage_complete", "lifecycle": 45, "stage": "A1", "context": 0, "created": true, "contexts": 1, "raw": 132053}
{"event": "bank_belief_stage_complete", "lifecycle": 46, "stage": "A1", "context": 0, "created": true, "contexts": 1, "raw": 131795}
{"event": "bank_belief_stage_complete", "lifecycle": 44, "stage": "B1", "context": 1, "created": true, "contexts": 2, "raw": 131558}
{"event": "bank_belief_stage_complete", "lifecycle": 47, "stage": "B1", "context": 1, "created": true, "contexts": 2, "raw": 131671}
{"event": "bank_belief_stage_complete", "lifecycle": 44, "stage": "A2", "context": 0, "created": false, "contexts": 2, "raw": 911}
{"event": "bank_belief_stage_complete", "lifecycle": 45, "stage": "B1", "context": 1, "created": true, "contexts": 2, "raw": 131449}
{"event": "bank_belief_stage_complete", "lifecycle": 46, "stage": "B1", "context": 1, "created": true, "contexts": 2, "raw": 131745}
{"event": "bank_belief_stage_complete", "lifecycle": 47, "stage": "A2", "context": 0, "created": false, "contexts": 2, "raw": 741}
{"event": "bank_belief_stage_complete", "lifecycle": 44, "stage": "B2", "context": 1, "created": false, "contexts": 2, "raw": 545}
{"event": "bank_belief_stage_complete", "lifecycle": 45, "stage": "A2", "context": 0, "created": false, "contexts": 2, "raw": 1024}
{"event": "bank_belief_stage_complete", "lifecycle": 46, "stage": "A2", "context": 0, "created": false, "contexts": 2, "raw": 1078}
{"event": "bank_belief_stage_complete", "lifecycle": 47, "stage": "B2", "context": 1, "created": false, "contexts": 2, "raw": 604}
{"event": "bank_belief_stage_complete", "lifecycle": 44, "stage": "A3", "context": 0, "created": false, "contexts": 2, "raw": 950}
{"event": "bank_belief_stage_complete", "lifecycle": 45, "stage": "B2", "context": 1, "created": false, "contexts": 2, "raw": 340}
{"event": "bank_belief_stage_complete", "lifecycle": 46, "stage": "B2", "context": 1, "created": false, "contexts": 2, "raw": 505}
{"event": "bank_belief_stage_complete", "lifecycle": 47, "stage": "A3", "context": 0, "created": false, "contexts": 2, "raw": 1011}
{"event": "bank_belief_stage_complete", "lifecycle": 45, "stage": "A3", "context": 0, "created": false, "contexts": 2, "raw": 1020}
{"event": "bank_belief_stage_complete", "lifecycle": 46, "stage": "A3", "context": 0, "created": false, "contexts": 2, "raw": 513}
{"event": "bank_belief_stage_complete", "lifecycle": 48, "stage": "A1", "context": 0, "created": true, "contexts": 1, "raw": 131630}
{"event": "bank_belief_stage_complete", "lifecycle": 51, "stage": "A1", "context": 0, "created": true, "contexts": 1, "raw": 132129}
{"event": "bank_belief_stage_complete", "lifecycle": 49, "stage": "A1", "context": 0, "created": true, "contexts": 1, "raw": 132136}
{"event": "bank_belief_stage_complete", "lifecycle": 50, "stage": "A1", "context": 0, "created": true, "contexts": 1, "raw": 131829}
{"event": "bank_belief_stage_complete", "lifecycle": 48, "stage": "B1", "context": 1, "created": true, "contexts": 2, "raw": 131711}
{"event": "bank_belief_stage_complete", "lifecycle": 51, "stage": "B1", "context": 1, "created": true, "contexts": 2, "raw": 131350}
{"event": "bank_belief_stage_complete", "lifecycle": 48, "stage": "A2", "context": 0, "created": false, "contexts": 2, "raw": 848}
{"event": "bank_belief_stage_complete", "lifecycle": 49, "stage": "B1", "context": 1, "created": true, "contexts": 2, "raw": 131448}
{"event": "bank_belief_stage_complete", "lifecycle": 50, "stage": "B1", "context": 1, "created": true, "contexts": 2, "raw": 131664}
{"event": "bank_belief_stage_complete", "lifecycle": 51, "stage": "A2", "context": 0, "created": false, "contexts": 2, "raw": 836}
{"event": "bank_belief_stage_complete", "lifecycle": 48, "stage": "B2", "context": 1, "created": false, "contexts": 2, "raw": 698}
{"event": "bank_belief_stage_complete", "lifecycle": 49, "stage": "A2", "context": 0, "created": false, "contexts": 2, "raw": 374}
{"event": "bank_belief_stage_complete", "lifecycle": 50, "stage": "A2", "context": 0, "created": false, "contexts": 2, "raw": 483}
{"event": "bank_belief_stage_complete", "lifecycle": 51, "stage": "B2", "context": 1, "created": false, "contexts": 2, "raw": 377}
{"event": "bank_belief_stage_complete", "lifecycle": 48, "stage": "A3", "context": 0, "created": false, "contexts": 2, "raw": 619}
{"event": "bank_belief_stage_complete", "lifecycle": 49, "stage": "B2", "context": 1, "created": false, "contexts": 2, "raw": 610}
{"event": "bank_belief_stage_complete", "lifecycle": 50, "stage": "B2", "context": 1, "created": false, "contexts": 2, "raw": 488}
{"event": "bank_belief_stage_complete", "lifecycle": 51, "stage": "A3", "context": 0, "created": false, "contexts": 2, "raw": 902}
{"event": "bank_belief_stage_complete", "lifecycle": 49, "stage": "A3", "context": 0, "created": false, "contexts": 2, "raw": 601}
{"event": "bank_belief_stage_complete", "lifecycle": 50, "stage": "A3", "context": 0, "created": false, "contexts": 2, "raw": 1006}
{"event": "bank_belief_stage_complete", "lifecycle": 52, "stage": "A1", "context": 0, "created": true, "contexts": 1, "raw": 131676}
{"event": "bank_belief_stage_complete", "lifecycle": 55, "stage": "A1", "context": 0, "created": true, "contexts": 1, "raw": 132223}
{"event": "bank_belief_stage_complete", "lifecycle": 53, "stage": "A1", "context": 0, "created": true, "contexts": 1, "raw": 131580}
{"event": "bank_belief_stage_complete", "lifecycle": 54, "stage": "A1", "context": 0, "created": true, "contexts": 1, "raw": 131686}
{"event": "bank_belief_stage_complete", "lifecycle": 52, "stage": "B1", "context": 1, "created": true, "contexts": 2, "raw": 131407}
{"event": "bank_belief_stage_complete", "lifecycle": 55, "stage": "B1", "context": 1, "created": true, "contexts": 2, "raw": 131462}
{"event": "bank_belief_stage_complete", "lifecycle": 52, "stage": "A2", "context": 0, "created": false, "contexts": 2, "raw": 1047}
{"event": "bank_belief_stage_complete", "lifecycle": 53, "stage": "B1", "context": 1, "created": true, "contexts": 2, "raw": 131511}
{"event": "bank_belief_stage_complete", "lifecycle": 54, "stage": "B1", "context": 1, "created": true, "contexts": 2, "raw": 131660}
{"event": "bank_belief_stage_complete", "lifecycle": 55, "stage": "A2", "context": 0, "created": false, "contexts": 2, "raw": 937}
{"event": "bank_belief_stage_complete", "lifecycle": 52, "stage": "B2", "context": 1, "created": false, "contexts": 2, "raw": 359}
{"event": "bank_belief_stage_complete", "lifecycle": 53, "stage": "A2", "context": 0, "created": false, "contexts": 2, "raw": 717}
{"event": "bank_belief_stage_complete", "lifecycle": 54, "stage": "A2", "context": 0, "created": false, "contexts": 2, "raw": 964}
{"event": "bank_belief_stage_complete", "lifecycle": 55, "stage": "B2", "context": 1, "created": false, "contexts": 2, "raw": 376}
{"event": "bank_belief_stage_complete", "lifecycle": 52, "stage": "A3", "context": 0, "created": false, "contexts": 2, "raw": 1016}
{"event": "bank_belief_stage_complete", "lifecycle": 53, "stage": "B2", "context": 1, "created": false, "contexts": 2, "raw": 547}
{"event": "bank_belief_stage_complete", "lifecycle": 54, "stage": "B2", "context": 1, "created": false, "contexts": 2, "raw": 866}
{"event": "bank_belief_stage_complete", "lifecycle": 55, "stage": "A3", "context": 0, "created": false, "contexts": 2, "raw": 951}
{"event": "bank_belief_stage_complete", "lifecycle": 53, "stage": "A3", "context": 0, "created": false, "contexts": 2, "raw": 1005}
{"event": "bank_belief_stage_complete", "lifecycle": 54, "stage": "A3", "context": 0, "created": false, "contexts": 2, "raw": 888}
{"event": "bank_belief_stage_complete", "lifecycle": 56, "stage": "A1", "context": 0, "created": true, "contexts": 1, "raw": 132363}
{"event": "bank_belief_stage_complete", "lifecycle": 59, "stage": "A1", "context": 0, "created": true, "contexts": 1, "raw": 131636}
{"event": "bank_belief_stage_complete", "lifecycle": 57, "stage": "A1", "context": 0, "created": true, "contexts": 1, "raw": 131693}
{"event": "bank_belief_stage_complete", "lifecycle": 58, "stage": "A1", "context": 0, "created": true, "contexts": 1, "raw": 131977}
{"event": "bank_belief_stage_complete", "lifecycle": 56, "stage": "B1", "context": 1, "created": true, "contexts": 2, "raw": 131883}
{"event": "bank_belief_stage_complete", "lifecycle": 59, "stage": "B1", "context": 1, "created": true, "contexts": 2, "raw": 131707}
{"event": "bank_belief_stage_complete", "lifecycle": 56, "stage": "A2", "context": 0, "created": false, "contexts": 2, "raw": 594}
{"event": "bank_belief_stage_complete", "lifecycle": 57, "stage": "B1", "context": 1, "created": true, "contexts": 2, "raw": 131603}
{"event": "bank_belief_stage_complete", "lifecycle": 58, "stage": "B1", "context": 1, "created": true, "contexts": 2, "raw": 131795}
{"event": "bank_belief_stage_complete", "lifecycle": 59, "stage": "A2", "context": 0, "created": false, "contexts": 2, "raw": 757}
{"event": "bank_belief_stage_complete", "lifecycle": 56, "stage": "B2", "context": 1, "created": false, "contexts": 2, "raw": 728}
{"event": "bank_belief_stage_complete", "lifecycle": 58, "stage": "A2", "context": 0, "created": false, "contexts": 2, "raw": 1045}
{"event": "bank_belief_stage_complete", "lifecycle": 57, "stage": "A2", "context": 0, "created": false, "contexts": 2, "raw": 877}
{"event": "bank_belief_stage_complete", "lifecycle": 59, "stage": "B2", "context": 1, "created": false, "contexts": 2, "raw": 263}
{"event": "bank_belief_stage_complete", "lifecycle": 56, "stage": "A3", "context": 0, "created": false, "contexts": 2, "raw": 944}
{"event": "bank_belief_stage_complete", "lifecycle": 58, "stage": "B2", "context": 1, "created": false, "contexts": 2, "raw": 480}
{"event": "bank_belief_stage_complete", "lifecycle": 57, "stage": "B2", "context": 1, "created": false, "contexts": 2, "raw": 453}
{"event": "bank_belief_stage_complete", "lifecycle": 59, "stage": "A3", "context": 0, "created": false, "contexts": 2, "raw": 878}
{"event": "bank_belief_stage_complete", "lifecycle": 58, "stage": "A3", "context": 0, "created": false, "contexts": 2, "raw": 976}
{"event": "bank_belief_stage_complete", "lifecycle": 57, "stage": "A3", "context": 0, "created": false, "contexts": 2, "raw": 1035}
{"event": "bank_belief_stage_complete", "lifecycle": 60, "stage": "A1", "context": 0, "created": true, "contexts": 1, "raw": 131902}
{"event": "bank_belief_stage_complete", "lifecycle": 63, "stage": "A1", "context": 0, "created": true, "contexts": 1, "raw": 131798}
{"event": "bank_belief_stage_complete", "lifecycle": 62, "stage": "A1", "context": 0, "created": true, "contexts": 1, "raw": 131850}
{"event": "bank_belief_stage_complete", "lifecycle": 61, "stage": "A1", "context": 0, "created": true, "contexts": 1, "raw": 131628}
{"event": "bank_belief_stage_complete", "lifecycle": 60, "stage": "B1", "context": 1, "created": true, "contexts": 2, "raw": 131800}
{"event": "bank_belief_stage_complete", "lifecycle": 63, "stage": "B1", "context": 1, "created": true, "contexts": 2, "raw": 131638}
{"event": "bank_belief_stage_complete", "lifecycle": 60, "stage": "A2", "context": 0, "created": false, "contexts": 2, "raw": 737}
{"event": "bank_belief_stage_complete", "lifecycle": 62, "stage": "B1", "context": 1, "created": true, "contexts": 2, "raw": 131839}
{"event": "bank_belief_stage_complete", "lifecycle": 61, "stage": "B1", "context": 1, "created": true, "contexts": 2, "raw": 131462}
{"event": "bank_belief_stage_complete", "lifecycle": 63, "stage": "A2", "context": 0, "created": false, "contexts": 2, "raw": 712}
{"event": "bank_belief_stage_complete", "lifecycle": 60, "stage": "B2", "context": 1, "created": false, "contexts": 2, "raw": 600}
{"event": "bank_belief_stage_complete", "lifecycle": 62, "stage": "A2", "context": 0, "created": false, "contexts": 2, "raw": 559}
{"event": "bank_belief_stage_complete", "lifecycle": 61, "stage": "A2", "context": 0, "created": false, "contexts": 2, "raw": 802}
{"event": "bank_belief_stage_complete", "lifecycle": 63, "stage": "B2", "context": 1, "created": false, "contexts": 2, "raw": 653}
{"event": "bank_belief_stage_complete", "lifecycle": 60, "stage": "A3", "context": 0, "created": false, "contexts": 2, "raw": 870}
{"event": "bank_belief_stage_complete", "lifecycle": 62, "stage": "B2", "context": 1, "created": false, "contexts": 2, "raw": 835}
{"event": "bank_belief_stage_complete", "lifecycle": 61, "stage": "B2", "context": 1, "created": false, "contexts": 2, "raw": 546}
{"event": "bank_belief_stage_complete", "lifecycle": 63, "stage": "A3", "context": 0, "created": false, "contexts": 2, "raw": 651}
{"event": "bank_belief_stage_complete", "lifecycle": 62, "stage": "A3", "context": 0, "created": false, "contexts": 2, "raw": 1012}
{"event": "bank_belief_stage_complete", "lifecycle": 61, "stage": "A3", "context": 0, "created": false, "contexts": 2, "raw": 547}
{"event": "bank_belief_complete", "primary": {"mean": 1.0334086418151855, "ci95": [0.7570743799209595, 1.3078300952911375], "lifecycle_deltas": {"0": 1.182647705078125, "1": 1.9202880859375, "2": 1.701019287109375, "3": 0.9234619140625, "4": 2.668975830078125, "5": -0.394317626953125, "6": 0.10101318359375, "7": 2.8282470703125, "8": -0.0203857421875, "9": 1.462158203125, "10": 1.237060546875, "11": 0.003265380859375, "12": -0.075927734375, "13": 1.134918212890625, "14": 0.72650146484375, "15": 1.428924560546875, "16": 2.823638916015625, "17": -0.02337646484375, "18": 1.4307861328125, "19": -0.03826904296875, "20": -0.215789794921875, "21": 2.005859375, "22": 0.524200439453125, "23": 2.439361572265625, "24": 0.54217529296875, "25": 1.153717041015625, "26": 1.1837158203125, "27": -0.28009033203125, "28": 3.459991455078125, "29": 3.253997802734375, "30": -1.225677490234375, "31": 0.215362548828125, "32": 1.592315673828125, "33": 3.005126953125, "34": 0.500091552734375, "35": 0.80145263671875, "36": -2.99346923828125, "37": 1.60650634765625, "38": 1.494873046875, "39": 0.677490234375, "40": 0.8592529296875, "41": 1.58709716796875, "42": -0.129974365234375, "43": 1.24261474609375, "44": 0.993438720703125, "45": 1.74658203125, "46": 0.69451904296875, "47": 0.235992431640625, "48": 1.175567626953125, "49": 0.531494140625, "50": 1.2655029296875, "51": 1.776885986328125, "52": 1.725372314453125, "53": 2.2069091796875, "54": 0.689239501953125, "55": 1.315185546875, "56": 0.772613525390625, "57": 1.35455322265625, "58": 1.6514892578125, "59": 0.22412109375, "60": -1.368255615234375, "61": -0.490203857421875, "62": 2.4224853515625, "63": 2.893829345703125}, "improved_equal_worse": [52, 0, 12], "adverse_lifecycles": [5, 8, 12, 17, 19, 20, 27, 30, 36, 42, 60, 61], "parent_mean_deltas": {"0": 0.8201351165771484, "1": 1.3788318634033203, "2": 0.8916778564453125, "3": 1.042989730834961}, "interval_scope": "CONDITIONAL_ON_FOUR_FROZEN_PARENTS"}, "net_gain": true, "retention": {"A_after_B1": "SUPPORTED_NONDECREASE", "A_return_A2": "SUPPORTED_NONDECREASE", "A_after_B2": "SUPPORTED_NONDECREASE", "A_final_vs_A1": "SUPPORTED_NONDECREASE", "B_after_A2": "SUPPORTED_NONDECREASE", "B_return_B2": "SUPPORTED_NONDECREASE", "B_final_vs_B1": "SUPPORTED_NONDECREASE"}}
