{"event": "policy_data_acquisition_complete", "lifecycle": 0, "actor": "SOURCE_DATA", "raw": 131072, "complete_games": 133}
{"event": "policy_data_acquisition_complete", "lifecycle": 1, "actor": "SOURCE_DATA", "raw": 131072, "complete_games": 135}
{"event": "policy_data_acquisition_complete", "lifecycle": 3, "actor": "SOURCE_DATA", "raw": 131072, "complete_games": 135}
{"event": "policy_data_acquisition_complete", "lifecycle": 2, "actor": "SOURCE_DATA", "raw": 131072, "complete_games": 132}
{"event": "policy_data_acquisition_complete", "lifecycle": 0, "actor": "CURRENT_DATA", "raw": 131072, "complete_games": 130}
{"event": "policy_data_acquisition_complete", "lifecycle": 1, "actor": "CURRENT_DATA", "raw": 131072, "complete_games": 129}
{"event": "policy_data_acquisition_complete", "lifecycle": 3, "actor": "CURRENT_DATA", "raw": 131072, "complete_games": 133}
{"event": "policy_data_acquisition_complete", "lifecycle": 2, "actor": "CURRENT_DATA", "raw": 131072, "complete_games": 128}
{"event": "policy_data_arm_complete", "lifecycle": 0, "arm": "SOURCE", "updates": 0, "utility": 9.18292236328125}
{"event": "policy_data_arm_complete", "lifecycle": 1, "arm": "SOURCE", "updates": 0, "utility": 10.481689453125}
{"event": "policy_data_arm_complete", "lifecycle": 3, "arm": "SOURCE", "updates": 0, "utility": 7.86358642578125}
{"event": "policy_data_arm_complete", "lifecycle": 2, "arm": "SOURCE", "updates": 0, "utility": 8.7037353515625}
{"event": "policy_data_arm_complete", "lifecycle": 0, "arm": "A1_FROZEN", "updates": 103775, "utility": 9.64398193359375}
{"event": "policy_data_arm_complete", "lifecycle": 1, "arm": "A1_FROZEN", "updates": 103608, "utility": 11.31298828125}
{"event": "policy_data_arm_complete", "lifecycle": 3, "arm": "A1_FROZEN", "updates": 103866, "utility": 10.68927001953125}
{"event": "policy_data_arm_complete", "lifecycle": 2, "arm": "A1_FROZEN", "updates": 104363, "utility": 11.617431640625}
{"event": "policy_data_arm_complete", "lifecycle": 0, "arm": "SOURCE_DATA", "updates": 207413, "utility": 10.06597900390625}
{"event": "policy_data_arm_complete", "lifecycle": 3, "arm": "SOURCE_DATA", "updates": 208332, "utility": 10.0594482421875}
{"event": "policy_data_arm_complete", "lifecycle": 1, "arm": "SOURCE_DATA", "updates": 207991, "utility": 10.9190673828125}
{"event": "policy_data_arm_complete", "lifecycle": 2, "arm": "SOURCE_DATA", "updates": 208575, "utility": 10.89556884765625}
{"event": "policy_data_arm_complete", "lifecycle": 0, "arm": "CURRENT_DATA", "updates": 209032, "utility": 10.4620361328125}
{"event": "policy_data_arm_complete", "lifecycle": 3, "arm": "CURRENT_DATA", "updates": 207072, "utility": 10.8314208984375}
{"event": "policy_data_arm_complete", "lifecycle": 2, "arm": "CURRENT_DATA", "updates": 207639, "utility": 9.90478515625}
{"event": "policy_data_arm_complete", "lifecycle": 1, "arm": "CURRENT_DATA", "updates": 207732, "utility": 11.06146240234375}
{"event": "policy_data_acquisition_complete", "lifecycle": 4, "actor": "SOURCE_DATA", "raw": 131072, "complete_games": 135}
{"event": "policy_data_acquisition_complete", "lifecycle": 7, "actor": "SOURCE_DATA", "raw": 131072, "complete_games": 137}
{"event": "policy_data_acquisition_complete", "lifecycle": 6, "actor": "SOURCE_DATA", "raw": 131072, "complete_games": 133}
{"event": "policy_data_acquisition_complete", "lifecycle": 5, "actor": "SOURCE_DATA", "raw": 131072, "complete_games": 136}
{"event": "policy_data_acquisition_complete", "lifecycle": 4, "actor": "CURRENT_DATA", "raw": 131072, "complete_games": 129}
{"event": "policy_data_acquisition_complete", "lifecycle": 7, "actor": "CURRENT_DATA", "raw": 131072, "complete_games": 126}
{"event": "policy_data_acquisition_complete", "lifecycle": 6, "actor": "CURRENT_DATA", "raw": 131072, "complete_games": 128}
{"event": "policy_data_acquisition_complete", "lifecycle": 5, "actor": "CURRENT_DATA", "raw": 131072, "complete_games": 133}
{"event": "policy_data_arm_complete", "lifecycle": 4, "arm": "SOURCE", "updates": 0, "utility": 8.58343505859375}
{"event": "policy_data_arm_complete", "lifecycle": 7, "arm": "SOURCE", "updates": 0, "utility": 8.60394287109375}
{"event": "policy_data_arm_complete", "lifecycle": 6, "arm": "SOURCE", "updates": 0, "utility": 9.40478515625}
{"event": "policy_data_arm_complete", "lifecycle": 5, "arm": "SOURCE", "updates": 0, "utility": 8.73358154296875}
{"event": "policy_data_arm_complete", "lifecycle": 4, "arm": "A1_FROZEN", "updates": 105204, "utility": 10.79974365234375}
{"event": "policy_data_arm_complete", "lifecycle": 7, "arm": "A1_FROZEN", "updates": 104980, "utility": 10.5731201171875}
{"event": "policy_data_arm_complete", "lifecycle": 6, "arm": "A1_FROZEN", "updates": 104023, "utility": 11.93115234375}
{"event": "policy_data_arm_complete", "lifecycle": 5, "arm": "A1_FROZEN", "updates": 103205, "utility": 9.07684326171875}
{"event": "policy_data_arm_complete", "lifecycle": 4, "arm": "SOURCE_DATA", "updates": 208083, "utility": 11.26324462890625}
{"event": "policy_data_arm_complete", "lifecycle": 7, "arm": "SOURCE_DATA", "updates": 208335, "utility": 10.54766845703125}
{"event": "policy_data_arm_complete", "lifecycle": 6, "arm": "SOURCE_DATA", "updates": 207631, "utility": 10.29541015625}
{"event": "policy_data_arm_complete", "lifecycle": 5, "arm": "SOURCE_DATA", "updates": 205857, "utility": 10.55987548828125}
{"event": "policy_data_arm_complete", "lifecycle": 4, "arm": "CURRENT_DATA", "updates": 209221, "utility": 8.6475830078125}
{"event": "policy_data_arm_complete", "lifecycle": 7, "arm": "CURRENT_DATA", "updates": 207886, "utility": 9.5750732421875}
{"event": "policy_data_arm_complete", "lifecycle": 6, "arm": "CURRENT_DATA", "updates": 207737, "utility": 10.9261474609375}
{"event": "policy_data_arm_complete", "lifecycle": 5, "arm": "CURRENT_DATA", "updates": 207375, "utility": 9.05078125}
{"event": "policy_data_acquisition_complete", "lifecycle": 8, "actor": "SOURCE_DATA", "raw": 131072, "complete_games": 136}
{"event": "policy_data_acquisition_complete", "lifecycle": 11, "actor": "SOURCE_DATA", "raw": 131072, "complete_games": 133}
{"event": "policy_data_acquisition_complete", "lifecycle": 10, "actor": "SOURCE_DATA", "raw": 131072, "complete_games": 134}
{"event": "policy_data_acquisition_complete", "lifecycle": 9, "actor": "SOURCE_DATA", "raw": 131072, "complete_games": 134}
{"event": "policy_data_acquisition_complete", "lifecycle": 8, "actor": "CURRENT_DATA", "raw": 131072, "complete_games": 130}
{"event": "policy_data_acquisition_complete", "lifecycle": 11, "actor": "CURRENT_DATA", "raw": 131072, "complete_games": 131}
{"event": "policy_data_acquisition_complete", "lifecycle": 10, "actor": "CURRENT_DATA", "raw": 131072, "complete_games": 134}
{"event": "policy_data_acquisition_complete", "lifecycle": 9, "actor": "CURRENT_DATA", "raw": 131072, "complete_games": 128}
{"event": "policy_data_arm_complete", "lifecycle": 8, "arm": "SOURCE", "updates": 0, "utility": 8.373291015625}
{"event": "policy_data_arm_complete", "lifecycle": 11, "arm": "SOURCE", "updates": 0, "utility": 8.9500732421875}
{"event": "policy_data_arm_complete", "lifecycle": 10, "arm": "SOURCE", "updates": 0, "utility": 7.28399658203125}
{"event": "policy_data_arm_complete", "lifecycle": 9, "arm": "SOURCE", "updates": 0, "utility": 10.3502197265625}
{"event": "policy_data_arm_complete", "lifecycle": 8, "arm": "A1_FROZEN", "updates": 103842, "utility": 11.07275390625}
{"event": "policy_data_arm_complete", "lifecycle": 11, "arm": "A1_FROZEN", "updates": 103073, "utility": 9.2264404296875}
{"event": "policy_data_arm_complete", "lifecycle": 10, "arm": "A1_FROZEN", "updates": 103527, "utility": 10.06402587890625}
{"event": "policy_data_arm_complete", "lifecycle": 9, "arm": "A1_FROZEN", "updates": 104269, "utility": 8.6005859375}
{"event": "policy_data_arm_complete", "lifecycle": 8, "arm": "SOURCE_DATA", "updates": 206349, "utility": 10.05810546875}
{"event": "policy_data_arm_complete", "lifecycle": 11, "arm": "SOURCE_DATA", "updates": 206628, "utility": 8.321533203125}
{"event": "policy_data_arm_complete", "lifecycle": 10, "arm": "SOURCE_DATA", "updates": 206821, "utility": 9.4534912109375}
{"event": "policy_data_arm_complete", "lifecycle": 9, "arm": "SOURCE_DATA", "updates": 208405, "utility": 11.1143798828125}
{"event": "policy_data_arm_complete", "lifecycle": 8, "arm": "CURRENT_DATA", "updates": 209089, "utility": 9.9541015625}
{"event": "policy_data_arm_complete", "lifecycle": 11, "arm": "CURRENT_DATA", "updates": 206501, "utility": 10.52923583984375}
{"event": "policy_data_arm_complete", "lifecycle": 10, "arm": "CURRENT_DATA", "updates": 206562, "utility": 9.969970703125}
{"event": "policy_data_arm_complete", "lifecycle": 9, "arm": "CURRENT_DATA", "updates": 208097, "utility": 11.76513671875}
{"event": "policy_data_acquisition_complete", "lifecycle": 12, "actor": "SOURCE_DATA", "raw": 131072, "complete_games": 135}
{"event": "policy_data_acquisition_complete", "lifecycle": 14, "actor": "SOURCE_DATA", "raw": 131072, "complete_games": 133}
{"event": "policy_data_acquisition_complete", "lifecycle": 15, "actor": "SOURCE_DATA", "raw": 131072, "complete_games": 134}
{"event": "policy_data_acquisition_complete", "lifecycle": 13, "actor": "SOURCE_DATA", "raw": 131072, "complete_games": 135}
{"event": "policy_data_acquisition_complete", "lifecycle": 14, "actor": "CURRENT_DATA", "raw": 131072, "complete_games": 127}
{"event": "policy_data_acquisition_complete", "lifecycle": 12, "actor": "CURRENT_DATA", "raw": 131072, "complete_games": 133}
{"event": "policy_data_acquisition_complete", "lifecycle": 13, "actor": "CURRENT_DATA", "raw": 131072, "complete_games": 130}
{"event": "policy_data_acquisition_complete", "lifecycle": 15, "actor": "CURRENT_DATA", "raw": 131072, "complete_games": 129}
{"event": "policy_data_arm_complete", "lifecycle": 14, "arm": "SOURCE", "updates": 0, "utility": 9.17449951171875}
{"event": "policy_data_arm_complete", "lifecycle": 12, "arm": "SOURCE", "updates": 0, "utility": 7.76971435546875}
{"event": "policy_data_arm_complete", "lifecycle": 13, "arm": "SOURCE", "updates": 0, "utility": 7.1414794921875}
{"event": "policy_data_arm_complete", "lifecycle": 15, "arm": "SOURCE", "updates": 0, "utility": 8.75518798828125}
{"event": "policy_data_arm_complete", "lifecycle": 14, "arm": "A1_FROZEN", "updates": 104700, "utility": 11.3914794921875}
{"event": "policy_data_arm_complete", "lifecycle": 12, "arm": "A1_FROZEN", "updates": 103632, "utility": 10.21099853515625}
{"event": "policy_data_arm_complete", "lifecycle": 13, "arm": "A1_FROZEN", "updates": 103121, "utility": 10.15606689453125}
{"event": "policy_data_arm_complete", "lifecycle": 15, "arm": "A1_FROZEN", "updates": 105648, "utility": 11.407470703125}
{"event": "policy_data_arm_complete", "lifecycle": 14, "arm": "SOURCE_DATA", "updates": 207827, "utility": 8.80523681640625}
{"event": "policy_data_arm_complete", "lifecycle": 12, "arm": "SOURCE_DATA", "updates": 207424, "utility": 9.4967041015625}
{"event": "policy_data_arm_complete", "lifecycle": 13, "arm": "SOURCE_DATA", "updates": 207582, "utility": 9.92291259765625}
{"event": "policy_data_arm_complete", "lifecycle": 15, "arm": "SOURCE_DATA", "updates": 210493, "utility": 9.62548828125}
{"event": "policy_data_arm_complete", "lifecycle": 14, "arm": "CURRENT_DATA", "updates": 208334, "utility": 11.8455810546875}
{"event": "policy_data_arm_complete", "lifecycle": 12, "arm": "CURRENT_DATA", "updates": 207367, "utility": 10.28076171875}
{"event": "policy_data_arm_complete", "lifecycle": 13, "arm": "CURRENT_DATA", "updates": 207564, "utility": 11.441162109375}
{"event": "policy_data_arm_complete", "lifecycle": 15, "arm": "CURRENT_DATA", "updates": 209114, "utility": 10.0137939453125}
{"event": "policy_data_acquisition_complete", "lifecycle": 18, "actor": "SOURCE_DATA", "raw": 131072, "complete_games": 135}
{"event": "policy_data_acquisition_complete", "lifecycle": 16, "actor": "SOURCE_DATA", "raw": 131072, "complete_games": 136}
{"event": "policy_data_acquisition_complete", "lifecycle": 17, "actor": "SOURCE_DATA", "raw": 131072, "complete_games": 135}
{"event": "policy_data_acquisition_complete", "lifecycle": 19, "actor": "SOURCE_DATA", "raw": 131072, "complete_games": 135}
{"event": "policy_data_acquisition_complete", "lifecycle": 18, "actor": "CURRENT_DATA", "raw": 131072, "complete_games": 127}
{"event": "policy_data_arm_complete", "lifecycle": 18, "arm": "SOURCE", "updates": 0, "utility": 9.70147705078125}
{"event": "policy_data_acquisition_complete", "lifecycle": 16, "actor": "CURRENT_DATA", "raw": 131072, "complete_games": 130}
{"event": "policy_data_acquisition_complete", "lifecycle": 19, "actor": "CURRENT_DATA", "raw": 131072, "complete_games": 130}
{"event": "policy_data_acquisition_complete", "lifecycle": 17, "actor": "CURRENT_DATA", "raw": 131072, "complete_games": 126}
{"event": "policy_data_arm_complete", "lifecycle": 18, "arm": "A1_FROZEN", "updates": 104073, "utility": 11.715576171875}
{"event": "policy_data_arm_complete", "lifecycle": 16, "arm": "SOURCE", "updates": 0, "utility": 8.784423828125}
{"event": "policy_data_arm_complete", "lifecycle": 19, "arm": "SOURCE", "updates": 0, "utility": 7.31414794921875}
{"event": "policy_data_arm_complete", "lifecycle": 17, "arm": "SOURCE", "updates": 0, "utility": 8.416748046875}
{"event": "policy_data_arm_complete", "lifecycle": 17, "arm": "A1_FROZEN", "updates": 103143, "utility": 9.70343017578125}
{"event": "policy_data_arm_complete", "lifecycle": 16, "arm": "A1_FROZEN", "updates": 104276, "utility": 10.72357177734375}
{"event": "policy_data_arm_complete", "lifecycle": 19, "arm": "A1_FROZEN", "updates": 105109, "utility": 10.70123291015625}
{"event": "policy_data_arm_complete", "lifecycle": 18, "arm": "SOURCE_DATA", "updates": 208070, "utility": 10.17059326171875}
{"event": "policy_data_arm_complete", "lifecycle": 16, "arm": "SOURCE_DATA", "updates": 207478, "utility": 8.2601318359375}
{"event": "policy_data_arm_complete", "lifecycle": 17, "arm": "SOURCE_DATA", "updates": 207212, "utility": 10.1654052734375}
{"event": "policy_data_arm_complete", "lifecycle": 19, "arm": "SOURCE_DATA", "updates": 208336, "utility": 10.12127685546875}
{"event": "policy_data_arm_complete", "lifecycle": 18, "arm": "CURRENT_DATA", "updates": 209491, "utility": 10.49774169921875}
{"event": "policy_data_arm_complete", "lifecycle": 16, "arm": "CURRENT_DATA", "updates": 208704, "utility": 9.9232177734375}
{"event": "policy_data_arm_complete", "lifecycle": 17, "arm": "CURRENT_DATA", "updates": 206797, "utility": 11.95196533203125}
{"event": "policy_data_arm_complete", "lifecycle": 19, "arm": "CURRENT_DATA", "updates": 208880, "utility": 11.66290283203125}
{"event": "policy_data_acquisition_complete", "lifecycle": 22, "actor": "SOURCE_DATA", "raw": 131072, "complete_games": 135}
{"event": "policy_data_acquisition_complete", "lifecycle": 20, "actor": "SOURCE_DATA", "raw": 131072, "complete_games": 135}
{"event": "policy_data_acquisition_complete", "lifecycle": 21, "actor": "SOURCE_DATA", "raw": 131072, "complete_games": 132}
{"event": "policy_data_acquisition_complete", "lifecycle": 23, "actor": "SOURCE_DATA", "raw": 131072, "complete_games": 137}
{"event": "policy_data_acquisition_complete", "lifecycle": 22, "actor": "CURRENT_DATA", "raw": 131072, "complete_games": 129}
{"event": "policy_data_acquisition_complete", "lifecycle": 20, "actor": "CURRENT_DATA", "raw": 131072, "complete_games": 130}
{"event": "policy_data_acquisition_complete", "lifecycle": 21, "actor": "CURRENT_DATA", "raw": 131072, "complete_games": 132}
{"event": "policy_data_arm_complete", "lifecycle": 22, "arm": "SOURCE", "updates": 0, "utility": 8.9100341796875}
{"event": "policy_data_acquisition_complete", "lifecycle": 23, "actor": "CURRENT_DATA", "raw": 131072, "complete_games": 132}
{"event": "policy_data_arm_complete", "lifecycle": 20, "arm": "SOURCE", "updates": 0, "utility": 9.98052978515625}
{"event": "policy_data_arm_complete", "lifecycle": 21, "arm": "SOURCE", "updates": 0, "utility": 7.8397216796875}
{"event": "policy_data_arm_complete", "lifecycle": 22, "arm": "A1_FROZEN", "updates": 103102, "utility": 9.9962158203125}
{"event": "policy_data_arm_complete", "lifecycle": 23, "arm": "SOURCE", "updates": 0, "utility": 10.447265625}
{"event": "policy_data_arm_complete", "lifecycle": 20, "arm": "A1_FROZEN", "updates": 104235, "utility": 10.97979736328125}
{"event": "policy_data_arm_complete", "lifecycle": 21, "arm": "A1_FROZEN", "updates": 103938, "utility": 10.50579833984375}
{"event": "policy_data_arm_complete", "lifecycle": 23, "arm": "A1_FROZEN", "updates": 103709, "utility": 9.30877685546875}
{"event": "policy_data_arm_complete", "lifecycle": 22, "arm": "SOURCE_DATA", "updates": 206971, "utility": 9.8258056640625}
{"event": "policy_data_arm_complete", "lifecycle": 20, "arm": "SOURCE_DATA", "updates": 208733, "utility": 10.939208984375}
{"event": "policy_data_arm_complete", "lifecycle": 21, "arm": "SOURCE_DATA", "updates": 207178, "utility": 10.8673095703125}
{"event": "policy_data_arm_complete", "lifecycle": 23, "arm": "SOURCE_DATA", "updates": 207467, "utility": 10.09930419921875}
{"event": "policy_data_arm_complete", "lifecycle": 22, "arm": "CURRENT_DATA", "updates": 207251, "utility": 11.06939697265625}
{"event": "policy_data_arm_complete", "lifecycle": 20, "arm": "CURRENT_DATA", "updates": 207753, "utility": 11.28912353515625}
{"event": "policy_data_arm_complete", "lifecycle": 21, "arm": "CURRENT_DATA", "updates": 207216, "utility": 10.40557861328125}
{"event": "policy_data_arm_complete", "lifecycle": 23, "arm": "CURRENT_DATA", "updates": 207284, "utility": 10.840087890625}
{"event": "policy_data_acquisition_complete", "lifecycle": 26, "actor": "SOURCE_DATA", "raw": 131072, "complete_games": 132}
{"event": "policy_data_acquisition_complete", "lifecycle": 24, "actor": "SOURCE_DATA", "raw": 131072, "complete_games": 137}
{"event": "policy_data_acquisition_complete", "lifecycle": 25, "actor": "SOURCE_DATA", "raw": 131072, "complete_games": 134}
{"event": "policy_data_acquisition_complete", "lifecycle": 27, "actor": "SOURCE_DATA", "raw": 131072, "complete_games": 138}
{"event": "policy_data_acquisition_complete", "lifecycle": 26, "actor": "CURRENT_DATA", "raw": 131072, "complete_games": 131}
{"event": "policy_data_acquisition_complete", "lifecycle": 24, "actor": "CURRENT_DATA", "raw": 131072, "complete_games": 132}
{"event": "policy_data_arm_complete", "lifecycle": 26, "arm": "SOURCE", "updates": 0, "utility": 9.10650634765625}
{"event": "policy_data_acquisition_complete", "lifecycle": 27, "actor": "CURRENT_DATA", "raw": 131072, "complete_games": 129}
{"event": "policy_data_acquisition_complete", "lifecycle": 25, "actor": "CURRENT_DATA", "raw": 131072, "complete_games": 126}
{"event": "policy_data_arm_complete", "lifecycle": 24, "arm": "SOURCE", "updates": 0, "utility": 9.86273193359375}
{"event": "policy_data_arm_complete", "lifecycle": 26, "arm": "A1_FROZEN", "updates": 103692, "utility": 10.98822021484375}
{"event": "policy_data_arm_complete", "lifecycle": 27, "arm": "SOURCE", "updates": 0, "utility": 8.63330078125}
{"event": "policy_data_arm_complete", "lifecycle": 24, "arm": "A1_FROZEN", "updates": 103335, "utility": 9.11151123046875}
{"event": "policy_data_arm_complete", "lifecycle": 25, "arm": "SOURCE", "updates": 0, "utility": 10.86993408203125}
{"event": "policy_data_arm_complete", "lifecycle": 26, "arm": "SOURCE_DATA", "updates": 206587, "utility": 9.4949951171875}
{"event": "policy_data_arm_complete", "lifecycle": 27, "arm": "A1_FROZEN", "updates": 102825, "utility": 10.82958984375}
{"event": "policy_data_arm_complete", "lifecycle": 25, "arm": "A1_FROZEN", "updates": 103672, "utility": 9.240234375}
{"event": "policy_data_arm_complete", "lifecycle": 24, "arm": "SOURCE_DATA", "updates": 206732, "utility": 9.63861083984375}
{"event": "policy_data_arm_complete", "lifecycle": 26, "arm": "CURRENT_DATA", "updates": 207484, "utility": 9.7645263671875}
{"event": "policy_data_arm_complete", "lifecycle": 27, "arm": "SOURCE_DATA", "updates": 206417, "utility": 10.06744384765625}
{"event": "policy_data_arm_complete", "lifecycle": 25, "arm": "SOURCE_DATA", "updates": 207472, "utility": 10.969970703125}
{"event": "policy_data_arm_complete", "lifecycle": 24, "arm": "CURRENT_DATA", "updates": 206706, "utility": 11.48089599609375}
{"event": "policy_data_arm_complete", "lifecycle": 27, "arm": "CURRENT_DATA", "updates": 206587, "utility": 11.188232421875}
{"event": "policy_data_arm_complete", "lifecycle": 25, "arm": "CURRENT_DATA", "updates": 207382, "utility": 11.0919189453125}
{"event": "policy_data_acquisition_complete", "lifecycle": 30, "actor": "SOURCE_DATA", "raw": 131072, "complete_games": 137}
{"event": "policy_data_acquisition_complete", "lifecycle": 28, "actor": "SOURCE_DATA", "raw": 131072, "complete_games": 132}
{"event": "policy_data_acquisition_complete", "lifecycle": 31, "actor": "SOURCE_DATA", "raw": 131072, "complete_games": 135}
{"event": "policy_data_acquisition_complete", "lifecycle": 29, "actor": "SOURCE_DATA", "raw": 131072, "complete_games": 136}
{"event": "policy_data_acquisition_complete", "lifecycle": 30, "actor": "CURRENT_DATA", "raw": 131072, "complete_games": 130}
{"event": "policy_data_acquisition_complete", "lifecycle": 28, "actor": "CURRENT_DATA", "raw": 131072, "complete_games": 131}
{"event": "policy_data_arm_complete", "lifecycle": 30, "arm": "SOURCE", "updates": 0, "utility": 8.64105224609375}
{"event": "policy_data_acquisition_complete", "lifecycle": 31, "actor": "CURRENT_DATA", "raw": 131072, "complete_games": 130}
{"event": "policy_data_arm_complete", "lifecycle": 28, "arm": "SOURCE", "updates": 0, "utility": 8.05340576171875}
{"event": "policy_data_arm_complete", "lifecycle": 30, "arm": "A1_FROZEN", "updates": 102750, "utility": 9.6768798828125}
{"event": "policy_data_acquisition_complete", "lifecycle": 29, "actor": "CURRENT_DATA", "raw": 131072, "complete_games": 129}
{"event": "policy_data_arm_complete", "lifecycle": 31, "arm": "SOURCE", "updates": 0, "utility": 8.1571044921875}
{"event": "policy_data_arm_complete", "lifecycle": 28, "arm": "A1_FROZEN", "updates": 102346, "utility": 9.61090087890625}
{"event": "policy_data_arm_complete", "lifecycle": 29, "arm": "SOURCE", "updates": 0, "utility": 9.10736083984375}
{"event": "policy_data_arm_complete", "lifecycle": 30, "arm": "SOURCE_DATA", "updates": 206139, "utility": 9.61383056640625}
{"event": "policy_data_arm_complete", "lifecycle": 31, "arm": "A1_FROZEN", "updates": 104525, "utility": 11.655517578125}
{"event": "policy_data_arm_complete", "lifecycle": 29, "arm": "A1_FROZEN", "updates": 104678, "utility": 10.20147705078125}
{"event": "policy_data_arm_complete", "lifecycle": 28, "arm": "SOURCE_DATA", "updates": 206029, "utility": 10.40936279296875}
{"event": "policy_data_arm_complete", "lifecycle": 30, "arm": "CURRENT_DATA", "updates": 206612, "utility": 10.5316162109375}
{"event": "policy_data_arm_complete", "lifecycle": 31, "arm": "SOURCE_DATA", "updates": 208117, "utility": 8.5528564453125}
{"event": "policy_data_arm_complete", "lifecycle": 28, "arm": "CURRENT_DATA", "updates": 205793, "utility": 10.31585693359375}
{"event": "policy_data_arm_complete", "lifecycle": 29, "arm": "SOURCE_DATA", "updates": 208488, "utility": 11.1044921875}
{"event": "policy_data_arm_complete", "lifecycle": 31, "arm": "CURRENT_DATA", "updates": 208261, "utility": 9.079833984375}
{"event": "policy_data_arm_complete", "lifecycle": 29, "arm": "CURRENT_DATA", "updates": 207701, "utility": 9.6336669921875}
{"event": "policy_data_acquisition_complete", "lifecycle": 34, "actor": "SOURCE_DATA", "raw": 131072, "complete_games": 135}
{"event": "policy_data_acquisition_complete", "lifecycle": 32, "actor": "SOURCE_DATA", "raw": 131072, "complete_games": 137}
{"event": "policy_data_acquisition_complete", "lifecycle": 35, "actor": "SOURCE_DATA", "raw": 131072, "complete_games": 133}
{"event": "policy_data_acquisition_complete", "lifecycle": 33, "actor": "SOURCE_DATA", "raw": 131072, "complete_games": 133}
{"event": "policy_data_acquisition_complete", "lifecycle": 34, "actor": "CURRENT_DATA", "raw": 131072, "complete_games": 127}
{"event": "policy_data_acquisition_complete", "lifecycle": 32, "actor": "CURRENT_DATA", "raw": 131072, "complete_games": 132}
{"event": "policy_data_arm_complete", "lifecycle": 34, "arm": "SOURCE", "updates": 0, "utility": 9.052001953125}
{"event": "policy_data_acquisition_complete", "lifecycle": 35, "actor": "CURRENT_DATA", "raw": 131072, "complete_games": 127}
{"event": "policy_data_arm_complete", "lifecycle": 32, "arm": "SOURCE", "updates": 0, "utility": 7.62847900390625}
{"event": "policy_data_arm_complete", "lifecycle": 34, "arm": "A1_FROZEN", "updates": 104041, "utility": 10.43780517578125}
{"event": "policy_data_acquisition_complete", "lifecycle": 33, "actor": "CURRENT_DATA", "raw": 131072, "complete_games": 126}
{"event": "policy_data_arm_complete", "lifecycle": 35, "arm": "SOURCE", "updates": 0, "utility": 9.88775634765625}
{"event": "policy_data_arm_complete", "lifecycle": 32, "arm": "A1_FROZEN", "updates": 103775, "utility": 11.7974853515625}
{"event": "policy_data_arm_complete", "lifecycle": 33, "arm": "SOURCE", "updates": 0, "utility": 8.84051513671875}
{"event": "policy_data_arm_complete", "lifecycle": 34, "arm": "SOURCE_DATA", "updates": 209108, "utility": 10.40484619140625}
{"event": "policy_data_arm_complete", "lifecycle": 35, "arm": "A1_FROZEN", "updates": 103513, "utility": 11.3826904296875}
{"event": "policy_data_arm_complete", "lifecycle": 32, "arm": "SOURCE_DATA", "updates": 207440, "utility": 9.7119140625}
{"event": "policy_data_arm_complete", "lifecycle": 33, "arm": "A1_FROZEN", "updates": 103847, "utility": 10.23187255859375}
{"event": "policy_data_arm_complete", "lifecycle": 34, "arm": "CURRENT_DATA", "updates": 207779, "utility": 10.610107421875}
{"event": "policy_data_arm_complete", "lifecycle": 35, "arm": "SOURCE_DATA", "updates": 206991, "utility": 11.25750732421875}
{"event": "policy_data_arm_complete", "lifecycle": 32, "arm": "CURRENT_DATA", "updates": 207960, "utility": 10.6365966796875}
{"event": "policy_data_arm_complete", "lifecycle": 33, "arm": "SOURCE_DATA", "updates": 207446, "utility": 11.72943115234375}
{"event": "policy_data_arm_complete", "lifecycle": 35, "arm": "CURRENT_DATA", "updates": 207052, "utility": 11.7467041015625}
{"event": "policy_data_arm_complete", "lifecycle": 33, "arm": "CURRENT_DATA", "updates": 206674, "utility": 10.026123046875}
{"event": "policy_data_acquisition_complete", "lifecycle": 38, "actor": "SOURCE_DATA", "raw": 131072, "complete_games": 133}
{"event": "policy_data_acquisition_complete", "lifecycle": 36, "actor": "SOURCE_DATA", "raw": 131072, "complete_games": 135}
{"event": "policy_data_acquisition_complete", "lifecycle": 39, "actor": "SOURCE_DATA", "raw": 131072, "complete_games": 135}
{"event": "policy_data_acquisition_complete", "lifecycle": 37, "actor": "SOURCE_DATA", "raw": 131072, "complete_games": 133}
{"event": "policy_data_acquisition_complete", "lifecycle": 38, "actor": "CURRENT_DATA", "raw": 131072, "complete_games": 125}
{"event": "policy_data_acquisition_complete", "lifecycle": 36, "actor": "CURRENT_DATA", "raw": 131072, "complete_games": 130}
{"event": "policy_data_arm_complete", "lifecycle": 38, "arm": "SOURCE", "updates": 0, "utility": 8.4686279296875}
{"event": "policy_data_acquisition_complete", "lifecycle": 39, "actor": "CURRENT_DATA", "raw": 131072, "complete_games": 131}
{"event": "policy_data_arm_complete", "lifecycle": 36, "arm": "SOURCE", "updates": 0, "utility": 9.83123779296875}
{"event": "policy_data_arm_complete", "lifecycle": 38, "arm": "A1_FROZEN", "updates": 103420, "utility": 9.45965576171875}
{"event": "policy_data_acquisition_complete", "lifecycle": 37, "actor": "CURRENT_DATA", "raw": 131072, "complete_games": 128}
{"event": "policy_data_arm_complete", "lifecycle": 39, "arm": "SOURCE", "updates": 0, "utility": 9.3717041015625}
{"event": "policy_data_arm_complete", "lifecycle": 36, "arm": "A1_FROZEN", "updates": 104030, "utility": 9.93695068359375}
{"event": "policy_data_arm_complete", "lifecycle": 37, "arm": "SOURCE", "updates": 0, "utility": 10.0606689453125}
{"event": "policy_data_arm_complete", "lifecycle": 38, "arm": "SOURCE_DATA", "updates": 207200, "utility": 10.8118896484375}
{"event": "policy_data_arm_complete", "lifecycle": 39, "arm": "A1_FROZEN", "updates": 103493, "utility": 9.04730224609375}
{"event": "policy_data_arm_complete", "lifecycle": 36, "arm": "SOURCE_DATA", "updates": 208345, "utility": 10.13043212890625}
{"event": "policy_data_arm_complete", "lifecycle": 37, "arm": "A1_FROZEN", "updates": 103218, "utility": 9.82244873046875}
{"event": "policy_data_arm_complete", "lifecycle": 38, "arm": "CURRENT_DATA", "updates": 207075, "utility": 11.43548583984375}
{"event": "policy_data_arm_complete", "lifecycle": 39, "arm": "SOURCE_DATA", "updates": 207772, "utility": 9.279052734375}
{"event": "policy_data_arm_complete", "lifecycle": 36, "arm": "CURRENT_DATA", "updates": 207342, "utility": 11.10284423828125}
{"event": "policy_data_arm_complete", "lifecycle": 37, "arm": "SOURCE_DATA", "updates": 206461, "utility": 9.53497314453125}
{"event": "policy_data_arm_complete", "lifecycle": 39, "arm": "CURRENT_DATA", "updates": 206798, "utility": 10.9378662109375}
{"event": "policy_data_arm_complete", "lifecycle": 37, "arm": "CURRENT_DATA", "updates": 207272, "utility": 12.18048095703125}
{"event": "policy_data_acquisition_complete", "lifecycle": 42, "actor": "SOURCE_DATA", "raw": 131072, "complete_games": 135}
{"event": "policy_data_acquisition_complete", "lifecycle": 40, "actor": "SOURCE_DATA", "raw": 131072, "complete_games": 134}
{"event": "policy_data_acquisition_complete", "lifecycle": 43, "actor": "SOURCE_DATA", "raw": 131072, "complete_games": 134}
{"event": "policy_data_acquisition_complete", "lifecycle": 41, "actor": "SOURCE_DATA", "raw": 131072, "complete_games": 133}
{"event": "policy_data_acquisition_complete", "lifecycle": 42, "actor": "CURRENT_DATA", "raw": 131072, "complete_games": 134}
{"event": "policy_data_acquisition_complete", "lifecycle": 40, "actor": "CURRENT_DATA", "raw": 131072, "complete_games": 131}
{"event": "policy_data_acquisition_complete", "lifecycle": 43, "actor": "CURRENT_DATA", "raw": 131072, "complete_games": 128}
{"event": "policy_data_arm_complete", "lifecycle": 42, "arm": "SOURCE", "updates": 0, "utility": 9.40374755859375}
{"event": "policy_data_arm_complete", "lifecycle": 40, "arm": "SOURCE", "updates": 0, "utility": 9.90423583984375}
{"event": "policy_data_acquisition_complete", "lifecycle": 41, "actor": "CURRENT_DATA", "raw": 131072, "complete_games": 129}
{"event": "policy_data_arm_complete", "lifecycle": 43, "arm": "SOURCE", "updates": 0, "utility": 9.70947265625}
{"event": "policy_data_arm_complete", "lifecycle": 42, "arm": "A1_FROZEN", "updates": 103168, "utility": 10.3082275390625}
{"event": "policy_data_arm_complete", "lifecycle": 40, "arm": "A1_FROZEN", "updates": 104786, "utility": 8.97906494140625}
{"event": "policy_data_arm_complete", "lifecycle": 41, "arm": "SOURCE", "updates": 0, "utility": 10.32049560546875}
{"event": "policy_data_arm_complete", "lifecycle": 43, "arm": "A1_FROZEN", "updates": 104166, "utility": 10.72039794921875}
{"event": "policy_data_arm_complete", "lifecycle": 42, "arm": "SOURCE_DATA", "updates": 207074, "utility": 11.20635986328125}
{"event": "policy_data_arm_complete", "lifecycle": 40, "arm": "SOURCE_DATA", "updates": 209717, "utility": 9.06439208984375}
{"event": "policy_data_arm_complete", "lifecycle": 41, "arm": "A1_FROZEN", "updates": 103777, "utility": 9.14361572265625}
{"event": "policy_data_arm_complete", "lifecycle": 43, "arm": "SOURCE_DATA", "updates": 207393, "utility": 11.726318359375}
{"event": "policy_data_arm_complete", "lifecycle": 42, "arm": "CURRENT_DATA", "updates": 206689, "utility": 9.56536865234375}
{"event": "policy_data_arm_complete", "lifecycle": 40, "arm": "CURRENT_DATA", "updates": 208843, "utility": 11.709228515625}
{"event": "policy_data_arm_complete", "lifecycle": 41, "arm": "SOURCE_DATA", "updates": 206218, "utility": 11.18768310546875}
{"event": "policy_data_arm_complete", "lifecycle": 43, "arm": "CURRENT_DATA", "updates": 207008, "utility": 10.745361328125}
{"event": "policy_data_arm_complete", "lifecycle": 41, "arm": "CURRENT_DATA", "updates": 207801, "utility": 10.5684814453125}
{"event": "policy_data_acquisition_complete", "lifecycle": 46, "actor": "SOURCE_DATA", "raw": 131072, "complete_games": 134}
{"event": "policy_data_acquisition_complete", "lifecycle": 44, "actor": "SOURCE_DATA", "raw": 131072, "complete_games": 136}
{"event": "policy_data_acquisition_complete", "lifecycle": 47, "actor": "SOURCE_DATA", "raw": 131072, "complete_games": 134}
{"event": "policy_data_acquisition_complete", "lifecycle": 45, "actor": "SOURCE_DATA", "raw": 131072, "complete_games": 134}
{"event": "policy_data_acquisition_complete", "lifecycle": 46, "actor": "CURRENT_DATA", "raw": 131072, "complete_games": 131}
{"event": "policy_data_acquisition_complete", "lifecycle": 44, "actor": "CURRENT_DATA", "raw": 131072, "complete_games": 135}
{"event": "policy_data_arm_complete", "lifecycle": 46, "arm": "SOURCE", "updates": 0, "utility": 9.0548095703125}
{"event": "policy_data_acquisition_complete", "lifecycle": 47, "actor": "CURRENT_DATA", "raw": 131072, "complete_games": 131}
{"event": "policy_data_arm_complete", "lifecycle": 44, "arm": "SOURCE", "updates": 0, "utility": 8.5186767578125}
{"event": "policy_data_arm_complete", "lifecycle": 46, "arm": "A1_FROZEN", "updates": 103900, "utility": 9.76129150390625}
{"event": "policy_data_arm_complete", "lifecycle": 47, "arm": "SOURCE", "updates": 0, "utility": 8.50494384765625}
{"event": "policy_data_acquisition_complete", "lifecycle": 45, "actor": "CURRENT_DATA", "raw": 131072, "complete_games": 128}
{"event": "policy_data_arm_complete", "lifecycle": 44, "arm": "A1_FROZEN", "updates": 104337, "utility": 10.1539306640625}
{"event": "policy_data_arm_complete", "lifecycle": 47, "arm": "A1_FROZEN", "updates": 103673, "utility": 10.2252197265625}
{"event": "policy_data_arm_complete", "lifecycle": 45, "arm": "SOURCE", "updates": 0, "utility": 8.7359619140625}
{"event": "policy_data_arm_complete", "lifecycle": 46, "arm": "SOURCE_DATA", "updates": 206925, "utility": 10.2373046875}
{"event": "policy_data_arm_complete", "lifecycle": 44, "arm": "SOURCE_DATA", "updates": 208259, "utility": 10.25128173828125}
{"event": "policy_data_arm_complete", "lifecycle": 47, "arm": "SOURCE_DATA", "updates": 206760, "utility": 11.1051025390625}
{"event": "policy_data_arm_complete", "lifecycle": 45, "arm": "A1_FROZEN", "updates": 105242, "utility": 10.2508544921875}
{"event": "policy_data_arm_complete", "lifecycle": 46, "arm": "CURRENT_DATA", "updates": 207358, "utility": 10.61163330078125}
{"event": "policy_data_arm_complete", "lifecycle": 44, "arm": "CURRENT_DATA", "updates": 209108, "utility": 10.03045654296875}
{"event": "policy_data_arm_complete", "lifecycle": 47, "arm": "CURRENT_DATA", "updates": 206874, "utility": 10.38824462890625}
{"event": "policy_data_arm_complete", "lifecycle": 45, "arm": "SOURCE_DATA", "updates": 209224, "utility": 10.806640625}
{"event": "policy_data_arm_complete", "lifecycle": 45, "arm": "CURRENT_DATA", "updates": 208980, "utility": 9.9453125}
{"event": "policy_data_acquisition_complete", "lifecycle": 50, "actor": "SOURCE_DATA", "raw": 131072, "complete_games": 134}
{"event": "policy_data_acquisition_complete", "lifecycle": 48, "actor": "SOURCE_DATA", "raw": 131072, "complete_games": 137}
{"event": "policy_data_acquisition_complete", "lifecycle": 51, "actor": "SOURCE_DATA", "raw": 131072, "complete_games": 133}
{"event": "policy_data_acquisition_complete", "lifecycle": 49, "actor": "SOURCE_DATA", "raw": 131072, "complete_games": 134}
{"event": "policy_data_acquisition_complete", "lifecycle": 50, "actor": "CURRENT_DATA", "raw": 131072, "complete_games": 127}
{"event": "policy_data_arm_complete", "lifecycle": 50, "arm": "SOURCE", "updates": 0, "utility": 7.42974853515625}
{"event": "policy_data_acquisition_complete", "lifecycle": 51, "actor": "CURRENT_DATA", "raw": 131072, "complete_games": 129}
{"event": "policy_data_acquisition_complete", "lifecycle": 48, "actor": "CURRENT_DATA", "raw": 131072, "complete_games": 129}
{"event": "policy_data_arm_complete", "lifecycle": 51, "arm": "SOURCE", "updates": 0, "utility": 9.59674072265625}
{"event": "policy_data_arm_complete", "lifecycle": 50, "arm": "A1_FROZEN", "updates": 103140, "utility": 9.1429443359375}
{"event": "policy_data_arm_complete", "lifecycle": 48, "arm": "SOURCE", "updates": 0, "utility": 11.58404541015625}
{"event": "policy_data_acquisition_complete", "lifecycle": 49, "actor": "CURRENT_DATA", "raw": 131072, "complete_games": 128}
{"event": "policy_data_arm_complete", "lifecycle": 51, "arm": "A1_FROZEN", "updates": 104786, "utility": 8.41229248046875}
{"event": "policy_data_arm_complete", "lifecycle": 48, "arm": "A1_FROZEN", "updates": 104338, "utility": 9.74346923828125}
{"event": "policy_data_arm_complete", "lifecycle": 50, "arm": "SOURCE_DATA", "updates": 207163, "utility": 10.6195068359375}
{"event": "policy_data_arm_complete", "lifecycle": 49, "arm": "SOURCE", "updates": 0, "utility": 8.955078125}
{"event": "policy_data_arm_complete", "lifecycle": 51, "arm": "SOURCE_DATA", "updates": 207475, "utility": 11.28485107421875}
{"event": "policy_data_arm_complete", "lifecycle": 48, "arm": "SOURCE_DATA", "updates": 209194, "utility": 11.48321533203125}
{"event": "policy_data_arm_complete", "lifecycle": 50, "arm": "CURRENT_DATA", "updates": 206382, "utility": 11.04168701171875}
{"event": "policy_data_arm_complete", "lifecycle": 49, "arm": "A1_FROZEN", "updates": 103478, "utility": 10.080322265625}
{"event": "policy_data_arm_complete", "lifecycle": 51, "arm": "CURRENT_DATA", "updates": 207112, "utility": 10.319580078125}
{"event": "policy_data_arm_complete", "lifecycle": 48, "arm": "CURRENT_DATA", "updates": 207254, "utility": 10.89227294921875}
{"event": "policy_data_arm_complete", "lifecycle": 49, "arm": "SOURCE_DATA", "updates": 208763, "utility": 10.98846435546875}
{"event": "policy_data_arm_complete", "lifecycle": 49, "arm": "CURRENT_DATA", "updates": 207582, "utility": 10.95452880859375}
{"event": "policy_data_acquisition_complete", "lifecycle": 54, "actor": "SOURCE_DATA", "raw": 131072, "complete_games": 134}
{"event": "policy_data_acquisition_complete", "lifecycle": 55, "actor": "SOURCE_DATA", "raw": 131072, "complete_games": 134}
{"event": "policy_data_acquisition_complete", "lifecycle": 52, "actor": "SOURCE_DATA", "raw": 131072, "complete_games": 136}
{"event": "policy_data_acquisition_complete", "lifecycle": 53, "actor": "SOURCE_DATA", "raw": 131072, "complete_games": 136}
{"event": "policy_data_acquisition_complete", "lifecycle": 54, "actor": "CURRENT_DATA", "raw": 131072, "complete_games": 130}
{"event": "policy_data_arm_complete", "lifecycle": 54, "arm": "SOURCE", "updates": 0, "utility": 9.33795166015625}
{"event": "policy_data_acquisition_complete", "lifecycle": 55, "actor": "CURRENT_DATA", "raw": 131072, "complete_games": 130}
{"event": "policy_data_acquisition_complete", "lifecycle": 52, "actor": "CURRENT_DATA", "raw": 131072, "complete_games": 128}
{"event": "policy_data_arm_complete", "lifecycle": 55, "arm": "SOURCE", "updates": 0, "utility": 10.400390625}
{"event": "policy_data_arm_complete", "lifecycle": 54, "arm": "A1_FROZEN", "updates": 103281, "utility": 11.98223876953125}
{"event": "policy_data_arm_complete", "lifecycle": 52, "arm": "SOURCE", "updates": 0, "utility": 8.43865966796875}
{"event": "policy_data_acquisition_complete", "lifecycle": 53, "actor": "CURRENT_DATA", "raw": 131072, "complete_games": 128}
{"event": "policy_data_arm_complete", "lifecycle": 55, "arm": "A1_FROZEN", "updates": 103721, "utility": 10.49530029296875}
{"event": "policy_data_arm_complete", "lifecycle": 54, "arm": "SOURCE_DATA", "updates": 206551, "utility": 10.55963134765625}
{"event": "policy_data_arm_complete", "lifecycle": 52, "arm": "A1_FROZEN", "updates": 104338, "utility": 10.6025390625}
{"event": "policy_data_arm_complete", "lifecycle": 53, "arm": "SOURCE", "updates": 0, "utility": 9.57861328125}
{"event": "policy_data_arm_complete", "lifecycle": 55, "arm": "SOURCE_DATA", "updates": 207649, "utility": 12.32470703125}
{"event": "policy_data_arm_complete", "lifecycle": 54, "arm": "CURRENT_DATA", "updates": 208610, "utility": 10.76605224609375}
{"event": "policy_data_arm_complete", "lifecycle": 53, "arm": "A1_FROZEN", "updates": 103201, "utility": 11.93597412109375}
{"event": "policy_data_arm_complete", "lifecycle": 52, "arm": "SOURCE_DATA", "updates": 206704, "utility": 9.88116455078125}
{"event": "policy_data_arm_complete", "lifecycle": 55, "arm": "CURRENT_DATA", "updates": 207517, "utility": 11.93084716796875}
{"event": "policy_data_arm_complete", "lifecycle": 53, "arm": "SOURCE_DATA", "updates": 206882, "utility": 11.6878662109375}
{"event": "policy_data_arm_complete", "lifecycle": 52, "arm": "CURRENT_DATA", "updates": 208349, "utility": 10.20098876953125}
{"event": "policy_data_arm_complete", "lifecycle": 53, "arm": "CURRENT_DATA", "updates": 206837, "utility": 9.19781494140625}
{"event": "policy_data_acquisition_complete", "lifecycle": 58, "actor": "SOURCE_DATA", "raw": 131072, "complete_games": 138}
{"event": "policy_data_acquisition_complete", "lifecycle": 59, "actor": "SOURCE_DATA", "raw": 131072, "complete_games": 134}
{"event": "policy_data_acquisition_complete", "lifecycle": 56, "actor": "SOURCE_DATA", "raw": 131072, "complete_games": 137}
{"event": "policy_data_acquisition_complete", "lifecycle": 57, "actor": "SOURCE_DATA", "raw": 131072, "complete_games": 135}
{"event": "policy_data_acquisition_complete", "lifecycle": 58, "actor": "CURRENT_DATA", "raw": 131072, "complete_games": 131}
{"event": "policy_data_acquisition_complete", "lifecycle": 59, "actor": "CURRENT_DATA", "raw": 131072, "complete_games": 131}
{"event": "policy_data_arm_complete", "lifecycle": 58, "arm": "SOURCE", "updates": 0, "utility": 9.3702392578125}
{"event": "policy_data_acquisition_complete", "lifecycle": 56, "actor": "CURRENT_DATA", "raw": 131072, "complete_games": 132}
{"event": "policy_data_arm_complete", "lifecycle": 59, "arm": "SOURCE", "updates": 0, "utility": 11.072265625}
{"event": "policy_data_arm_complete", "lifecycle": 58, "arm": "A1_FROZEN", "updates": 103172, "utility": 10.4517822265625}
{"event": "policy_data_arm_complete", "lifecycle": 56, "arm": "SOURCE", "updates": 0, "utility": 8.66015625}
{"event": "policy_data_acquisition_complete", "lifecycle": 57, "actor": "CURRENT_DATA", "raw": 131072, "complete_games": 129}
{"event": "policy_data_arm_complete", "lifecycle": 59, "arm": "A1_FROZEN", "updates": 104746, "utility": 10.4539794921875}
{"event": "policy_data_arm_complete", "lifecycle": 58, "arm": "SOURCE_DATA", "updates": 207588, "utility": 10.224365234375}
{"event": "policy_data_arm_complete", "lifecycle": 56, "arm": "A1_FROZEN", "updates": 103610, "utility": 9.5902099609375}
{"event": "policy_data_arm_complete", "lifecycle": 57, "arm": "SOURCE", "updates": 0, "utility": 9.77154541015625}
{"event": "policy_data_arm_complete", "lifecycle": 59, "arm": "SOURCE_DATA", "updates": 208419, "utility": 9.50177001953125}
{"event": "policy_data_arm_complete", "lifecycle": 58, "arm": "CURRENT_DATA", "updates": 206858, "utility": 12.15277099609375}
{"event": "policy_data_arm_complete", "lifecycle": 56, "arm": "SOURCE_DATA", "updates": 207266, "utility": 9.43170166015625}
{"event": "policy_data_arm_complete", "lifecycle": 57, "arm": "A1_FROZEN", "updates": 104474, "utility": 10.03955078125}
{"event": "policy_data_arm_complete", "lifecycle": 59, "arm": "CURRENT_DATA", "updates": 208752, "utility": 11.23443603515625}
{"event": "policy_data_arm_complete", "lifecycle": 56, "arm": "CURRENT_DATA", "updates": 206946, "utility": 8.41839599609375}
{"event": "policy_data_arm_complete", "lifecycle": 57, "arm": "SOURCE_DATA", "updates": 208731, "utility": 11.523193359375}
{"event": "policy_data_arm_complete", "lifecycle": 57, "arm": "CURRENT_DATA", "updates": 209105, "utility": 12.756103515625}
{"event": "policy_data_acquisition_complete", "lifecycle": 62, "actor": "SOURCE_DATA", "raw": 131072, "complete_games": 132}
{"event": "policy_data_acquisition_complete", "lifecycle": 63, "actor": "SOURCE_DATA", "raw": 131072, "complete_games": 132}
{"event": "policy_data_acquisition_complete", "lifecycle": 60, "actor": "SOURCE_DATA", "raw": 131072, "complete_games": 135}
{"event": "policy_data_acquisition_complete", "lifecycle": 61, "actor": "SOURCE_DATA", "raw": 131072, "complete_games": 136}
{"event": "policy_data_acquisition_complete", "lifecycle": 62, "actor": "CURRENT_DATA", "raw": 131072, "complete_games": 127}
{"event": "policy_data_acquisition_complete", "lifecycle": 63, "actor": "CURRENT_DATA", "raw": 131072, "complete_games": 132}
{"event": "policy_data_arm_complete", "lifecycle": 62, "arm": "SOURCE", "updates": 0, "utility": 7.75830078125}
{"event": "policy_data_acquisition_complete", "lifecycle": 60, "actor": "CURRENT_DATA", "raw": 131072, "complete_games": 138}
{"event": "policy_data_arm_complete", "lifecycle": 63, "arm": "SOURCE", "updates": 0, "utility": 7.7601318359375}
{"event": "policy_data_arm_complete", "lifecycle": 62, "arm": "A1_FROZEN", "updates": 104013, "utility": 10.58184814453125}
{"event": "policy_data_arm_complete", "lifecycle": 60, "arm": "SOURCE", "updates": 0, "utility": 9.747314453125}
{"event": "policy_data_arm_complete", "lifecycle": 63, "arm": "A1_FROZEN", "updates": 103912, "utility": 10.8616943359375}
{"event": "policy_data_acquisition_complete", "lifecycle": 61, "actor": "CURRENT_DATA", "raw": 131072, "complete_games": 128}
{"event": "policy_data_arm_complete", "lifecycle": 62, "arm": "SOURCE_DATA", "updates": 208341, "utility": 11.18902587890625}
{"event": "policy_data_arm_complete", "lifecycle": 60, "arm": "A1_FROZEN", "updates": 103851, "utility": 8.1451416015625}
{"event": "policy_data_arm_complete", "lifecycle": 61, "arm": "SOURCE", "updates": 0, "utility": 9.32855224609375}
{"event": "policy_data_arm_complete", "lifecycle": 63, "arm": "SOURCE_DATA", "updates": 208040, "utility": 10.76995849609375}
{"event": "policy_data_arm_complete", "lifecycle": 62, "arm": "CURRENT_DATA", "updates": 208099, "utility": 10.552001953125}
{"event": "policy_data_arm_complete", "lifecycle": 60, "arm": "SOURCE_DATA", "updates": 207856, "utility": 8.8968505859375}
{"event": "policy_data_arm_complete", "lifecycle": 61, "arm": "A1_FROZEN", "updates": 102989, "utility": 9.50726318359375}
{"event": "policy_data_arm_complete", "lifecycle": 63, "arm": "CURRENT_DATA", "updates": 207587, "utility": 7.60870361328125}
{"event": "policy_data_arm_complete", "lifecycle": 60, "arm": "CURRENT_DATA", "updates": 208514, "utility": 9.8447265625}
{"event": "policy_data_arm_complete", "lifecycle": 61, "arm": "SOURCE_DATA", "updates": 206382, "utility": 8.132080078125}
{"event": "policy_data_arm_complete", "lifecycle": 61, "arm": "CURRENT_DATA", "updates": 206681, "utility": 9.23760986328125}
{"event": "policy_data_complete", "primary": {"mean": 0.27634716033935547, "ci95": [-0.03184802532196044, 0.5786227464675897], "lifecycle_deltas": {"0": 0.39605712890625, "1": 0.14239501953125, "2": -0.99078369140625, "3": 0.77197265625, "4": -2.61566162109375, "5": -1.50909423828125, "6": 0.6307373046875, "7": -0.97259521484375, "8": -0.10400390625, "9": 0.6507568359375, "10": 0.5164794921875, "11": 2.20770263671875, "12": 0.7840576171875, "13": 1.51824951171875, "14": 3.04034423828125, "15": 0.3883056640625, "16": 1.6630859375, "17": 1.78656005859375, "18": 0.3271484375, "19": 1.5416259765625, "20": 0.34991455078125, "21": -0.46173095703125, "22": 1.24359130859375, "23": 0.74078369140625, "24": 1.84228515625, "25": 0.1219482421875, "26": 0.26953125, "27": 1.12078857421875, "28": -0.093505859375, "29": -1.4708251953125, "30": 0.91778564453125, "31": 0.5269775390625, "32": 0.9246826171875, "33": -1.70330810546875, "34": 0.20526123046875, "35": 0.48919677734375, "36": 0.972412109375, "37": 2.6455078125, "38": 0.62359619140625, "39": 1.6588134765625, "40": 2.64483642578125, "41": -0.61920166015625, "42": -1.6409912109375, "43": -0.98095703125, "44": -0.2208251953125, "45": -0.861328125, "46": 0.37432861328125, "47": -0.71685791015625, "48": -0.5909423828125, "49": -0.033935546875, "50": 0.42218017578125, "51": -0.96527099609375, "52": 0.31982421875, "53": -2.49005126953125, "54": 0.2064208984375, "55": -0.39385986328125, "56": -1.0133056640625, "57": 1.23291015625, "58": 1.92840576171875, "59": 1.732666015625, "60": 0.9478759765625, "61": 1.10552978515625, "62": -0.63702392578125, "63": -3.1612548828125}, "improved_equal_worse": [41, 0, 23], "adverse_lifecycles": [2, 4, 5, 7, 8, 21, 28, 29, 33, 41, 42, 43, 44, 45, 47, 48, 49, 51, 53, 55, 56, 62, 63], "parent_mean_deltas": {"0": 0.3879241943359375, "1": 0.003398895263671875, "2": 0.464813232421875, "3": 0.2492523193359375}, "interval_scope": "CONDITIONAL_ON_FOUR_FROZEN_PARENTS_AND_RETAINED_V303_A1_HISTORIES"}, "retention": "UNRESOLVED"}
